yarn run v1.22.22
$ turbo run build
turbo 2.6.0

‚Ä¢ Packages in scope: @ddays-app/tsconfig, @ddays-app/types, admin, admin-old, api, app, eslint-config-ddays, sponsor, web
‚Ä¢ Running build in 9 packages
‚Ä¢ Remote caching disabled
@ddays-app/types:build: cache hit, replaying logs 11cad9e374d3db4b
@ddays-app/types:build: 
@ddays-app/types:build: [2K[1G[1myarn run v1.22.22[22m
@ddays-app/types:build: [2K[1G[33mwarning[39m package.json: No license field
@ddays-app/types:build: [2K[1G[2m$ tsup src/index.ts --format esm,cjs --dts --external node[22m
@ddays-app/types:build: [34mCLI[39m Building entry: src/index.ts
@ddays-app/types:build: [34mCLI[39m Using tsconfig: tsconfig.json
@ddays-app/types:build: [34mCLI[39m tsup v6.7.0
@ddays-app/types:build: [34mCLI[39m Using tsup config: /home/lukazuljevic/DUMP/ddays-app/packages/types/tsup.config.ts
@ddays-app/types:build: [34mCLI[39m Target: node14
@ddays-app/types:build: [34mESM[39m Build start
@ddays-app/types:build: [34mCJS[39m Build start
@ddays-app/types:build: [32mCJS[39m [1mdist/index.js [22m[32m35.16 KB[39m
@ddays-app/types:build: [32mCJS[39m ‚ö°Ô∏è Build success in 40ms
@ddays-app/types:build: [32mESM[39m [1mdist/index.mjs [22m[32m31.05 KB[39m
@ddays-app/types:build: [32mESM[39m ‚ö°Ô∏è Build success in 40ms
@ddays-app/types:build: [34mDTS[39m Build start
@ddays-app/types:build: [32mDTS[39m ‚ö°Ô∏è Build success in 495ms
@ddays-app/types:build: [32mDTS[39m [1mdist/index.d.ts [22m[32m21.75 KB[39m
@ddays-app/types:build: [2K[1GDone in 0.94s.
sponsor:build: cache miss, executing c670a4e5efb1d000
api:build: cache miss, executing 4989bb1182994353
admin-old:build: cache hit, replaying logs adf11483dcec1655
admin-old:build: 
admin-old:build: [2K[1G[1myarn run v1.22.22[22m
admin-old:build: [2K[1G[2m$ tsc && vite build[22m
admin-old:build: [36mvite v5.4.21 [32mbuilding for production...[36m[39m
admin-old:build: [2K[1Gtransforming (1) [2mindex.html[22m[2K[1Gtransforming (9) [2m../../node_modules/react-query/es/core/index.js[22m[2K[1Gtransforming (46) [2m vite/preload-helper.js[22m[33m[1mDeprecation Warning[0m [[34mlegacy-js-api[0m]: The legacy JS API is deprecated and will be removed in Dart Sass 2.0.0.
admin-old:build: 
admin-old:build: More info: https://sass-lang.com/d/legacy-js-api
admin-old:build: 
admin-old:build: [2K[1Gtransforming (50) [2m../../node_modules/react/cjs/react-jsx-runtime.production.min.js[22m[2K[1G[2K[1Gtransforming (167) [2m../../node_modules/wouter/use-location.js[22m[33m[1mDeprecation Warning[0m [[34mlegacy-js-api[0m]: The legacy JS API is deprecated and will be removed in Dart Sass 2.0.0.
admin-old:build: 
admin-old:build: More info: https://sass-lang.com/d/legacy-js-api
admin-old:build: 
admin-old:build: [2K[1Gtransforming (213) [2m../../node_modules/@yudiel/react-qr-scanner/dist/index.esm.mjs[22m[2K[1Gtransforming (215) [2m../../node_modules/wouter/paths.js[22m[2K[1Gtransforming (274) [2mnode_modules/@azure/msal-browser/dist/naa/BridgeStatusCode.mjs[22m[33m[1mDeprecation Warning[0m [[34mlegacy-js-api[0m]: The legacy JS API is deprecated and will be removed in Dart Sass 2.0.0.
admin-old:build: 
admin-old:build: More info: https://sass-lang.com/d/legacy-js-api
admin-old:build: 
admin-old:build: [2K[1Gtransforming (332) [2m../../node_modules/react-dom/cjs/react-dom.production.min.js[22m[2K[1Gtransforming (335) [2mnode_modules/@azure/msal-browser/dist/crypto/PkceGenerator.mjs[22m[2K[1Gtransforming (355) [2m../../node_modules/barcode-detector/dist/es/polyfill.js[22m[2K[1G[2K[1G[2K[1G[2K[1G[33m[1mDeprecation Warning[0m [[34mlegacy-js-api[0m]: The legacy JS API is deprecated and will be removed in Dart Sass 2.0.0.
admin-old:build: 
admin-old:build: More info: https://sass-lang.com/d/legacy-js-api
admin-old:build: 
admin-old:build: [33m[1mDeprecation Warning[0m [[34mlegacy-js-api[0m]: The legacy JS API is deprecated and will be removed in Dart Sass 2.0.0.
admin-old:build: 
admin-old:build: More info: https://sass-lang.com/d/legacy-js-api
admin-old:build: 
admin-old:build: [33m[1mDeprecation Warning[0m [[34mlegacy-js-api[0m]: The legacy JS API is deprecated and will be removed in Dart Sass 2.0.0.
admin-old:build: 
admin-old:build: More info: https://sass-lang.com/d/legacy-js-api
admin-old:build: 
admin-old:build: [33m[1mDeprecation Warning[0m [[34mlegacy-js-api[0m]: The legacy JS API is deprecated and will be removed in Dart Sass 2.0.0.
admin-old:build: 
admin-old:build: More info: https://sass-lang.com/d/legacy-js-api
admin-old:build: 
admin-old:build: [33m[1mDeprecation Warning[0m [[34mlegacy-js-api[0m]: The legacy JS API is deprecated and will be removed in Dart Sass 2.0.0.
admin-old:build: 
admin-old:build: More info: https://sass-lang.com/d/legacy-js-api
admin-old:build: 
admin-old:build: [2K[1Gtransforming (382) [2m../../node_modules/use-sync-external-store/shim/index.js[22m[2K[1G[2K[1G[2K[1Gtransforming (515) [2m../../node_modules/class-transformer/esm5/decorators/index.js[22m[2K[1G[2K[1G[33m[1mDeprecation Warning[0m [[34mlegacy-js-api[0m]: The legacy JS API is deprecated and will be removed in Dart Sass 2.0.0.
admin-old:build: 
admin-old:build: More info: https://sass-lang.com/d/legacy-js-api
admin-old:build: 
admin-old:build: [2K[1Gtransforming (542) [2m../../node_modules/webrtc-adapter/src/js/firefox/getusermedia.js[22m[2K[1G[2K[1G[2K[1Gtransforming (701) [2m../../node_modules/validator/lib/isVariableWidth.js[22m[33m[1mDeprecation Warning[0m [[34mlegacy-js-api[0m]: The legacy JS API is deprecated and will be removed in Dart Sass 2.0.0.
admin-old:build: 
admin-old:build: More info: https://sass-lang.com/d/legacy-js-api
admin-old:build: 
admin-old:build: [2K[1Gtransforming (793) [2m../../node_modules/validator/lib/util/nullUndefinedCheck.js[22m[33m[1mDeprecation Warning[0m [[34mlegacy-js-api[0m]: The legacy JS API is deprecated and will be removed in Dart Sass 2.0.0.
admin-old:build: 
admin-old:build: More info: https://sass-lang.com/d/legacy-js-api
admin-old:build: 
admin-old:build: [33m[1mDeprecation Warning[0m [[34mlegacy-js-api[0m]: The legacy JS API is deprecated and will be removed in Dart Sass 2.0.0.
admin-old:build: 
admin-old:build: More info: https://sass-lang.com/d/legacy-js-api
admin-old:build: 
admin-old:build: [33m[1mDeprecation Warning[0m [[34mlegacy-js-api[0m]: The legacy JS API is deprecated and will be removed in Dart Sass 2.0.0.
admin-old:build: 
admin-old:build: More info: https://sass-lang.com/d/legacy-js-api
admin-old:build: 
admin-old:build: [2K[1Gtransforming (866) [2m../../node_modules/class-transformer/esm5/MetadataStorage.js[22m[2K[1G[32m‚úì[39m 919 modules transformed.
admin-old:build: [2K[1Grendering chunks (1)...[2K[1G[2K[1Gcomputing gzip size (0)...[2K[1Gcomputing gzip size (1)...[2K[1Gcomputing gzip size (2)...[2K[1Gcomputing gzip size (3)...[2K[1G[2mdist/[22m[32mindex.html                 [39m[1m[2m  0.50 kB[22m[1m[22m[2m ‚îÇ gzip:   0.33 kB[22m
admin-old:build: [2mdist/[22m[2massets/[22m[35mindex-De9aWo-K.css  [39m[1m[2m  9.02 kB[22m[1m[22m[2m ‚îÇ gzip:   2.31 kB[22m
admin-old:build: [2mdist/[22m[2massets/[22m[36mindex-DsXHz3iS.js   [39m[1m[33m894.28 kB[39m[22m[2m ‚îÇ gzip: 270.12 kB[22m
admin-old:build: [33m
admin-old:build: (!) Some chunks are larger than 500 kB after minification. Consider:
admin-old:build: - Using dynamic import() to code-split the application
admin-old:build: - Use build.rollupOptions.output.manualChunks to improve chunking: https://rollupjs.org/configuration-options/#output-manualchunks
admin-old:build: - Adjust chunk size limit for this warning via build.chunkSizeWarningLimit.[39m
admin-old:build: [32m‚úì built in 5.69s[39m
admin-old:build: [2K[1GDone in 12.27s.
web:build: cache hit, replaying logs 748b49a30a69883c
web:build: 
web:build: [2K[1G[1myarn run v1.22.22[22m
web:build: [2K[1G[2m$ tsc && vite build[22m
web:build: [36mvite v5.4.21 [32mbuilding for production...[36m[39m
web:build: [2K[1Gtransforming (1) [2mindex.html[22m[33m[1mWarning[0m: mixed-decls deprecation is obsolete. If you were previously silencing it, your code may now behave in unexpected ways.
web:build: 
web:build: [2K[1Gtransforming (12) [2m../../node_modules/react-query/es/react/index.js[22m[2K[1G[2K[1Gtransforming (47) [2m../../node_modules/react-query/es/react/setBatchUpdatesFn.js[22m[2K[1Gtransforming (75) [2msrc/App.scss[22m[2K[1Gtransforming (91) [2m../../node_modules/react-dom/index.js[22m[33m[1mWarning[0m: mixed-decls deprecation is obsolete. If you were previously silencing it, your code may now behave in unexpected ways.
web:build: 
web:build: [33m[1mWarning[0m: mixed-decls deprecation is obsolete. If you were previously silencing it, your code may now behave in unexpected ways.
web:build: 
web:build: [33m[1mWarning[0m: mixed-decls deprecation is obsolete. If you were previously silencing it, your code may now behave in unexpected ways.
web:build: 
web:build: [2K[1Gtransforming (118) [2msrc/assets/images/facebook.webp[22m[33m[1mWarning[0m: mixed-decls deprecation is obsolete. If you were previously silencing it, your code may now behave in unexpected ways.
web:build: 
web:build: [33m[1mWarning[0m: mixed-decls deprecation is obsolete. If you were previously silencing it, your code may now behave in unexpected ways.
web:build: 
web:build: [2K[1Gtransforming (124) [2m../../node_modules/use-sync-external-store/cjs/use-sync-external-store-shim/with-selector.production.js[22m[2K[1G[2K[1G[2K[1G[2K[1G[2K[1Gtransforming (147) [2msrc/components/MobileMenu/MobileMenu.module.scss[22m[33m[1mWarning[0m: mixed-decls deprecation is obsolete. If you were previously silencing it, your code may now behave in unexpected ways.
web:build: 
web:build: [33m[1mWarning[0m: mixed-decls deprecation is obsolete. If you were previously silencing it, your code may now behave in unexpected ways.
web:build: 
web:build: [2K[1Gtransforming (188) [2m../../node_modules/class-validator/esm5/decorator/string/Contains.js[22m[2K[1G[2K[1G[2K[1Gtransforming (271) [2m../../node_modules/class-validator/esm5/utils/get-global.util.js[22m[2K[1Gtransforming (276) [2m../../node_modules/validator/lib/util/assertString.js[22m[2K[1Gtransforming (466) [2m../../node_modules/validator/lib/util/nullUndefinedCheck.js[22m[2K[1Gtransforming (515) [2m../../node_modules/libphonenumber-js/es6/AsYouTypeState.js[22m[2K[1G[32m‚úì[39m 552 modules transformed.
web:build: [2K[1Grendering chunks (1)...[2K[1G[2K[1Gcomputing gzip size (0)...[2K[1Gcomputing gzip size (1)...[2K[1Gcomputing gzip size (2)...[2K[1Gcomputing gzip size (3)...[2K[1G[2mdist/[22m[32mindex.html                                       [39m[1m[2m  0.41 kB[22m[1m[22m[2m ‚îÇ gzip:  0.28 kB[22m
web:build: [2mdist/[22m[2massets/[22m[32myoutube-DcgX7i8U.webp                     [39m[1m[2m 17.21 kB[22m[1m[22m
web:build: [2mdist/[22m[2massets/[22m[32mfacebook-GJScOHW3.webp                    [39m[1m[2m 17.56 kB[22m[1m[22m
web:build: [2mdist/[22m[2massets/[22m[32mlinkedin-BVUUG65L.webp                    [39m[1m[2m 18.31 kB[22m[1m[22m
web:build: [2mdist/[22m[2massets/[22m[32minstagram-Cuo368dC.webp                   [39m[1m[2m 18.58 kB[22m[1m[22m
web:build: [2mdist/[22m[2massets/[22m[32mfooter-background-CbTuS0vG.webp           [39m[1m[2m 19.98 kB[22m[1m[22m
web:build: [2mdist/[22m[2massets/[22m[32mdigitalac-CPLyJz41.webp                   [39m[1m[2m 29.06 kB[22m[1m[22m
web:build: [2mdist/[22m[2massets/[22m[32mmarketingas-JDIvacC0.webp                 [39m[1m[2m 33.11 kB[22m[1m[22m
web:build: [2mdist/[22m[2massets/[22m[32mprogramer-xRZJxfDw.webp                   [39m[1m[2m 34.22 kB[22m[1m[22m
web:build: [2mdist/[22m[2massets/[22m[32mpoduzetnik-eN7McmzB.webp                  [39m[1m[2m 36.06 kB[22m[1m[22m
web:build: [2mdist/[22m[2massets/[22m[32mdizajner-Dc1Z8kb3.webp                    [39m[1m[2m 45.20 kB[22m[1m[22m
web:build: [2mdist/[22m[2massets/[22m[32mPPNeueMachina-PlainMedium-BQW-WYnX.woff2  [39m[1m[2m 50.19 kB[22m[1m[22m
web:build: [2mdist/[22m[2massets/[22m[32mPPNeueMontrealMono-Medium-FDf26RJi.woff2  [39m[1m[2m 72.52 kB[22m[1m[22m
web:build: [2mdist/[22m[2massets/[22m[32mfooter-background-mobile-EzrQvxh_.webp    [39m[1m[2m 78.63 kB[22m[1m[22m
web:build: [2mdist/[22m[2massets/[22m[32mnoise-D8uySVj6.webp                       [39m[1m[2m 95.90 kB[22m[1m[22m
web:build: [2mdist/[22m[2massets/[22m[32mhero-background-BXwzZARi.webp             [39m[1m[2m122.87 kB[22m[1m[22m
web:build: [2mdist/[22m[2massets/[22m[35mindex-CxpGH5pA.css                        [39m[1m[2m 14.22 kB[22m[1m[22m[2m ‚îÇ gzip:  3.06 kB[22m
web:build: [2mdist/[22m[2massets/[22m[36mindex-Bf3W3lDO.js                         [39m[1m[2m281.64 kB[22m[1m[22m[2m ‚îÇ gzip: 87.02 kB[22m
web:build: [32m‚úì built in 3.96s[39m
web:build: [2K[1GDone in 9.88s.
admin:build: cache hit, replaying logs 0b57dc5d7bff0a6f
admin:build: 
admin:build: [2K[1G[1myarn run v1.22.22[22m
admin:build: [2K[1G[2m$ tsc -b && vite build[22m
admin:build: [36mvite v5.4.21 [32mbuilding for production...[36m[39m
admin:build: [2K[1Gtransforming (1) [2mindex.html[22m[2K[1G[2K[1Gtransforming (9) [2m../../node_modules/@azure/msal-react/dist/MsalContext.js[22m[2K[1Gtransforming (24) [2m../../node_modules/@azure/msal-browser/dist/index.mjs[22m[2K[1Gtransforming (67) [2m../../node_modules/@azure/msal-browser/dist/config/Configuration.mjs[22m[2K[1Gtransforming (102) [2msrc/router/routes.ts[22m[2K[1Gtransforming (196) [2m../../node_modules/@babel/runtime/helpers/esm/setPrototypeOf.js[22m[2K[1G[2K[1G[2K[1Gtransforming (230) [2msrc/router/Layout/Layout.tsx[22m[2K[1Gtransforming (251) [2msrc/index.css[22m[33m[1mDeprecation Warning[0m [[34mlegacy-js-api[0m]: The legacy JS API is deprecated and will be removed in Dart Sass 2.0.0.
admin:build: 
admin:build: More info: https://sass-lang.com/d/legacy-js-api
admin:build: 
admin:build: [33m[1mDeprecation Warning[0m [[34mimport[0m]: Sass @import rules are deprecated and will be removed in Dart Sass 3.0.0.
admin:build: 
admin:build: More info and automated migrator: https://sass-lang.com/d/import
admin:build: 
admin:build: [34m  ‚ï∑[0m
admin:build: [34m2 ‚îÇ[0m           @import [31m"/src/styles/fonts.scss"[0m;
admin:build: [34m  ‚îÇ[0m [31m                  ^^^^^^^^^^^^^^^^^^^^^^^^[0m
admin:build: [34m  ‚ïµ[0m
admin:build:     src/pages/AdministratorsPage/AdministratorsPage.module.scss 2:19  root stylesheet
admin:build: 
admin:build: [33m[1mDeprecation Warning[0m [[34mimport[0m]: Sass @import rules are deprecated and will be removed in Dart Sass 3.0.0.
admin:build: 
admin:build: More info and automated migrator: https://sass-lang.com/d/import
admin:build: 
admin:build: [34m  ‚ï∑[0m
admin:build: [34m3 ‚îÇ[0m           @import [31m"/src/styles/colors.scss"[0m;
admin:build: [34m  ‚îÇ[0m [31m                  ^^^^^^^^^^^^^^^^^^^^^^^^^[0m
admin:build: [34m  ‚ïµ[0m
admin:build:     src/pages/AdministratorsPage/AdministratorsPage.module.scss 3:19  root stylesheet
admin:build: 
admin:build: [33m[1mDeprecation Warning[0m [[34mlegacy-js-api[0m]: The legacy JS API is deprecated and will be removed in Dart Sass 2.0.0.
admin:build: 
admin:build: More info: https://sass-lang.com/d/legacy-js-api
admin:build: 
admin:build: [33m[1mDeprecation Warning[0m [[34mimport[0m]: Sass @import rules are deprecated and will be removed in Dart Sass 3.0.0.
admin:build: 
admin:build: More info and automated migrator: https://sass-lang.com/d/import
admin:build: 
admin:build: [34m  ‚ï∑[0m
admin:build: [34m2 ‚îÇ[0m           @import [31m"/src/styles/fonts.scss"[0m;
admin:build: [34m  ‚îÇ[0m [31m                  ^^^^^^^^^^^^^^^^^^^^^^^^[0m
admin:build: [34m  ‚ïµ[0m
admin:build:     src/router/Layout/Layout.module.scss 2:19  root stylesheet
admin:build: 
admin:build: [33m[1mDeprecation Warning[0m [[34mimport[0m]: Sass @import rules are deprecated and will be removed in Dart Sass 3.0.0.
admin:build: 
admin:build: More info and automated migrator: https://sass-lang.com/d/import
admin:build: 
admin:build: [34m  ‚ï∑[0m
admin:build: [34m3 ‚îÇ[0m           @import [31m"/src/styles/colors.scss"[0m;
admin:build: [34m  ‚îÇ[0m [31m                  ^^^^^^^^^^^^^^^^^^^^^^^^^[0m
admin:build: [34m  ‚ïµ[0m
admin:build:     src/router/Layout/Layout.module.scss 3:19  root stylesheet
admin:build: 
admin:build: [33m[1mDeprecation Warning[0m [[34mlegacy-js-api[0m]: The legacy JS API is deprecated and will be removed in Dart Sass 2.0.0.
admin:build: 
admin:build: More info: https://sass-lang.com/d/legacy-js-api
admin:build: 
admin:build: [33m[1mDeprecation Warning[0m [[34mimport[0m]: Sass @import rules are deprecated and will be removed in Dart Sass 3.0.0.
admin:build: 
admin:build: More info and automated migrator: https://sass-lang.com/d/import
admin:build: 
admin:build: [34m  ‚ï∑[0m
admin:build: [34m2 ‚îÇ[0m           @import [31m"/src/styles/fonts.scss"[0m;
admin:build: [34m  ‚îÇ[0m [31m                  ^^^^^^^^^^^^^^^^^^^^^^^^[0m
admin:build: [34m  ‚ïµ[0m
admin:build:     src/pages/PotentialSponsorsPage/PotentialSponsorsPage.module.scss 2:19  root stylesheet
admin:build: 
admin:build: [33m[1mDeprecation Warning[0m [[34mimport[0m]: Sass @import rules are deprecated and will be removed in Dart Sass 3.0.0.
admin:build: 
admin:build: More info and automated migrator: https://sass-lang.com/d/import
admin:build: 
admin:build: [34m  ‚ï∑[0m
admin:build: [34m3 ‚îÇ[0m           @import [31m"/src/styles/colors.scss"[0m;
admin:build: [34m  ‚îÇ[0m [31m                  ^^^^^^^^^^^^^^^^^^^^^^^^^[0m
admin:build: [34m  ‚ïµ[0m
admin:build:     src/pages/PotentialSponsorsPage/PotentialSponsorsPage.module.scss 3:19  root stylesheet
admin:build: 
admin:build: [33m[1mDeprecation Warning[0m [[34mlegacy-js-api[0m]: The legacy JS API is deprecated and will be removed in Dart Sass 2.0.0.
admin:build: 
admin:build: More info: https://sass-lang.com/d/legacy-js-api
admin:build: 
admin:build: [33m[1mDeprecation Warning[0m [[34mimport[0m]: Sass @import rules are deprecated and will be removed in Dart Sass 3.0.0.
admin:build: 
admin:build: More info and automated migrator: https://sass-lang.com/d/import
admin:build: 
admin:build: [34m  ‚ï∑[0m
admin:build: [34m2 ‚îÇ[0m           @import [31m"/src/styles/fonts.scss"[0m;
admin:build: [34m  ‚îÇ[0m [31m                  ^^^^^^^^^^^^^^^^^^^^^^^^[0m
admin:build: [34m  ‚ïµ[0m
admin:build:     src/pages/TransactionScanPage/TransactionScanPage.module.scss 2:19  root stylesheet
admin:build: 
admin:build: [33m[1mDeprecation Warning[0m [[34mimport[0m]: Sass @import rules are deprecated and will be removed in Dart Sass 3.0.0.
admin:build: 
admin:build: More info and automated migrator: https://sass-lang.com/d/import
admin:build: 
admin:build: [34m  ‚ï∑[0m
admin:build: [34m3 ‚îÇ[0m           @import [31m"/src/styles/colors.scss"[0m;
admin:build: [34m  ‚îÇ[0m [31m                  ^^^^^^^^^^^^^^^^^^^^^^^^^[0m
admin:build: [34m  ‚ïµ[0m
admin:build:     src/pages/TransactionScanPage/TransactionScanPage.module.scss 3:19  root stylesheet
admin:build: 
admin:build: [33m[1mDeprecation Warning[0m [[34mlegacy-js-api[0m]: The legacy JS API is deprecated and will be removed in Dart Sass 2.0.0.
admin:build: 
admin:build: More info: https://sass-lang.com/d/legacy-js-api
admin:build: 
admin:build: [33m[1mDeprecation Warning[0m [[34mimport[0m]: Sass @import rules are deprecated and will be removed in Dart Sass 3.0.0.
admin:build: 
admin:build: More info and automated migrator: https://sass-lang.com/d/import
admin:build: 
admin:build: [34m  ‚ï∑[0m
admin:build: [34m2 ‚îÇ[0m           @import [31m"/src/styles/fonts.scss"[0m;
admin:build: [34m  ‚îÇ[0m [31m                  ^^^^^^^^^^^^^^^^^^^^^^^^[0m
admin:build: [34m  ‚ïµ[0m
admin:build:     src/pages/DatabasePage/DatabasePage.module.scss 2:19  root stylesheet
admin:build: 
admin:build: [33m[1mDeprecation Warning[0m [[34mimport[0m]: Sass @import rules are deprecated and will be removed in Dart Sass 3.0.0.
admin:build: 
admin:build: More info and automated migrator: https://sass-lang.com/d/import
admin:build: 
admin:build: [34m  ‚ï∑[0m
admin:build: [34m3 ‚îÇ[0m           @import [31m"/src/styles/colors.scss"[0m;
admin:build: [34m  ‚îÇ[0m [31m                  ^^^^^^^^^^^^^^^^^^^^^^^^^[0m
admin:build: [34m  ‚ïµ[0m
admin:build:     src/pages/DatabasePage/DatabasePage.module.scss 3:19  root stylesheet
admin:build: 
admin:build: [33m[1mDeprecation Warning[0m [[34mlegacy-js-api[0m]: The legacy JS API is deprecated and will be removed in Dart Sass 2.0.0.
admin:build: 
admin:build: More info: https://sass-lang.com/d/legacy-js-api
admin:build: 
admin:build: [33m[1mDeprecation Warning[0m [[34mimport[0m]: Sass @import rules are deprecated and will be removed in Dart Sass 3.0.0.
admin:build: 
admin:build: More info and automated migrator: https://sass-lang.com/d/import
admin:build: 
admin:build: [34m  ‚ï∑[0m
admin:build: [34m2 ‚îÇ[0m           @import [31m"/src/styles/fonts.scss"[0m;
admin:build: [34m  ‚îÇ[0m [31m                  ^^^^^^^^^^^^^^^^^^^^^^^^[0m
admin:build: [34m  ‚ïµ[0m
admin:build:     src/pages/AccreditationPrintPage/AccreditationPrintPage.module.scss 2:19  root stylesheet
admin:build: 
admin:build: [33m[1mDeprecation Warning[0m [[34mimport[0m]: Sass @import rules are deprecated and will be removed in Dart Sass 3.0.0.
admin:build: 
admin:build: More info and automated migrator: https://sass-lang.com/d/import
admin:build: 
admin:build: [34m  ‚ï∑[0m
admin:build: [34m3 ‚îÇ[0m           @import [31m"/src/styles/colors.scss"[0m;
admin:build: [34m  ‚îÇ[0m [31m                  ^^^^^^^^^^^^^^^^^^^^^^^^^[0m
admin:build: [34m  ‚ïµ[0m
admin:build:     src/pages/AccreditationPrintPage/AccreditationPrintPage.module.scss 3:19  root stylesheet
admin:build: 
admin:build: [33m[1mDeprecation Warning[0m [[34mlegacy-js-api[0m]: The legacy JS API is deprecated and will be removed in Dart Sass 2.0.0.
admin:build: 
admin:build: More info: https://sass-lang.com/d/legacy-js-api
admin:build: 
admin:build: [33m[1mDeprecation Warning[0m [[34mimport[0m]: Sass @import rules are deprecated and will be removed in Dart Sass 3.0.0.
admin:build: 
admin:build: More info and automated migrator: https://sass-lang.com/d/import
admin:build: 
admin:build: [34m  ‚ï∑[0m
admin:build: [34m2 ‚îÇ[0m           @import [31m"/src/styles/fonts.scss"[0m;
admin:build: [34m  ‚îÇ[0m [31m                  ^^^^^^^^^^^^^^^^^^^^^^^^[0m
admin:build: [34m  ‚ïµ[0m
admin:build:     src/pages/AccreditationScanPage/AccreditationScanPage.module.scss 2:19  root stylesheet
admin:build: 
admin:build: [33m[1mDeprecation Warning[0m [[34mimport[0m]: Sass @import rules are deprecated and will be removed in Dart Sass 3.0.0.
admin:build: 
admin:build: More info and automated migrator: https://sass-lang.com/d/import
admin:build: 
admin:build: [34m  ‚ï∑[0m
admin:build: [34m3 ‚îÇ[0m           @import [31m"/src/styles/colors.scss"[0m;
admin:build: [34m  ‚îÇ[0m [31m                  ^^^^^^^^^^^^^^^^^^^^^^^^^[0m
admin:build: [34m  ‚ïµ[0m
admin:build:     src/pages/AccreditationScanPage/AccreditationScanPage.module.scss 3:19  root stylesheet
admin:build: 
admin:build: [2K[1Gtransforming (278) [2m../../node_modules/clsx/dist/clsx.mjs[22m[33m[1mDeprecation Warning[0m [[34mlegacy-js-api[0m]: The legacy JS API is deprecated and will be removed in Dart Sass 2.0.0.
admin:build: 
admin:build: More info: https://sass-lang.com/d/legacy-js-api
admin:build: 
admin:build: [33m[1mDeprecation Warning[0m [[34mimport[0m]: Sass @import rules are deprecated and will be removed in Dart Sass 3.0.0.
admin:build: 
admin:build: More info and automated migrator: https://sass-lang.com/d/import
admin:build: 
admin:build: [34m  ‚ï∑[0m
admin:build: [34m2 ‚îÇ[0m           @import [31m"/src/styles/fonts.scss"[0m;
admin:build: [34m  ‚îÇ[0m [31m                  ^^^^^^^^^^^^^^^^^^^^^^^^[0m
admin:build: [34m  ‚ïµ[0m
admin:build:     src/pages/HomePage/HomePage.module.scss 2:19  root stylesheet
admin:build: 
admin:build: [33m[1mDeprecation Warning[0m [[34mimport[0m]: Sass @import rules are deprecated and will be removed in Dart Sass 3.0.0.
admin:build: 
admin:build: More info and automated migrator: https://sass-lang.com/d/import
admin:build: 
admin:build: [34m  ‚ï∑[0m
admin:build: [34m3 ‚îÇ[0m           @import [31m"/src/styles/colors.scss"[0m;
admin:build: [34m  ‚îÇ[0m [31m                  ^^^^^^^^^^^^^^^^^^^^^^^^^[0m
admin:build: [34m  ‚ïµ[0m
admin:build:     src/pages/HomePage/HomePage.module.scss 3:19  root stylesheet
admin:build: 
admin:build: [2K[1Gtransforming (299) [2msrc/components/TableDashboard/TableSearch/index.ts[22m[2K[1Gtransforming (342) [2m../../node_modules/barcode-detector/dist/es/index.js[22m[33m[1mDeprecation Warning[0m [[34mlegacy-js-api[0m]: The legacy JS API is deprecated and will be removed in Dart Sass 2.0.0.
admin:build: 
admin:build: More info: https://sass-lang.com/d/legacy-js-api
admin:build: 
admin:build: [33m[1mDeprecation Warning[0m [[34mimport[0m]: Sass @import rules are deprecated and will be removed in Dart Sass 3.0.0.
admin:build: 
admin:build: More info and automated migrator: https://sass-lang.com/d/import
admin:build: 
admin:build: [34m  ‚ï∑[0m
admin:build: [34m2 ‚îÇ[0m           @import [31m"/src/styles/fonts.scss"[0m;
admin:build: [34m  ‚îÇ[0m [31m                  ^^^^^^^^^^^^^^^^^^^^^^^^[0m
admin:build: [34m  ‚ïµ[0m
admin:build:     src/forms/Form.module.scss 2:19  root stylesheet
admin:build: 
admin:build: [33m[1mDeprecation Warning[0m [[34mimport[0m]: Sass @import rules are deprecated and will be removed in Dart Sass 3.0.0.
admin:build: 
admin:build: More info and automated migrator: https://sass-lang.com/d/import
admin:build: 
admin:build: [34m  ‚ï∑[0m
admin:build: [34m3 ‚îÇ[0m           @import [31m"/src/styles/colors.scss"[0m;
admin:build: [34m  ‚îÇ[0m [31m                  ^^^^^^^^^^^^^^^^^^^^^^^^^[0m
admin:build: [34m  ‚ïµ[0m
admin:build:     src/forms/Form.module.scss 3:19  root stylesheet
admin:build: 
admin:build: [33m[1mDeprecation Warning[0m [[34mlegacy-js-api[0m]: The legacy JS API is deprecated and will be removed in Dart Sass 2.0.0.
admin:build: 
admin:build: More info: https://sass-lang.com/d/legacy-js-api
admin:build: 
admin:build: [33m[1mDeprecation Warning[0m [[34mimport[0m]: Sass @import rules are deprecated and will be removed in Dart Sass 3.0.0.
admin:build: 
admin:build: More info and automated migrator: https://sass-lang.com/d/import
admin:build: 
admin:build: [34m  ‚ï∑[0m
admin:build: [34m2 ‚îÇ[0m           @import [31m"/src/styles/fonts.scss"[0m;
admin:build: [34m  ‚îÇ[0m [31m                  ^^^^^^^^^^^^^^^^^^^^^^^^[0m
admin:build: [34m  ‚ïµ[0m
admin:build:     src/components/PotentialSponsorsTable/PotentialSponsorsTable.module.scss 2:19  root stylesheet
admin:build: 
admin:build: [33m[1mDeprecation Warning[0m [[34mimport[0m]: Sass @import rules are deprecated and will be removed in Dart Sass 3.0.0.
admin:build: 
admin:build: More info and automated migrator: https://sass-lang.com/d/import
admin:build: 
admin:build: [34m  ‚ï∑[0m
admin:build: [34m3 ‚îÇ[0m           @import [31m"/src/styles/colors.scss"[0m;
admin:build: [34m  ‚îÇ[0m [31m                  ^^^^^^^^^^^^^^^^^^^^^^^^^[0m
admin:build: [34m  ‚ïµ[0m
admin:build:     src/components/PotentialSponsorsTable/PotentialSponsorsTable.module.scss 3:19  root stylesheet
admin:build: 
admin:build: [2K[1Gtransforming (402) [2m../../node_modules/barcode-detector/dist/es/polyfill.js[22m[2K[1G[2K[1G[2K[1G[2K[1G[33m[1mDeprecation Warning[0m [[34mlegacy-js-api[0m]: The legacy JS API is deprecated and will be removed in Dart Sass 2.0.0.
admin:build: 
admin:build: More info: https://sass-lang.com/d/legacy-js-api
admin:build: 
admin:build: [33m[1mDeprecation Warning[0m [[34mimport[0m]: Sass @import rules are deprecated and will be removed in Dart Sass 3.0.0.
admin:build: 
admin:build: More info and automated migrator: https://sass-lang.com/d/import
admin:build: 
admin:build: [34m  ‚ï∑[0m
admin:build: [34m2 ‚îÇ[0m           @import [31m"/src/styles/fonts.scss"[0m;
admin:build: [34m  ‚îÇ[0m [31m                  ^^^^^^^^^^^^^^^^^^^^^^^^[0m
admin:build: [34m  ‚ïµ[0m
admin:build:     src/components/SelectInput/SelectInput.module.scss 2:19  root stylesheet
admin:build: 
admin:build: [33m[1mDeprecation Warning[0m [[34mimport[0m]: Sass @import rules are deprecated and will be removed in Dart Sass 3.0.0.
admin:build: 
admin:build: More info and automated migrator: https://sass-lang.com/d/import
admin:build: 
admin:build: [34m  ‚ï∑[0m
admin:build: [34m3 ‚îÇ[0m           @import [31m"/src/styles/colors.scss"[0m;
admin:build: [34m  ‚îÇ[0m [31m                  ^^^^^^^^^^^^^^^^^^^^^^^^^[0m
admin:build: [34m  ‚ïµ[0m
admin:build:     src/components/SelectInput/SelectInput.module.scss 3:19  root stylesheet
admin:build: 
admin:build: [33m[1mDeprecation Warning[0m [[34mlegacy-js-api[0m]: The legacy JS API is deprecated and will be removed in Dart Sass 2.0.0.
admin:build: 
admin:build: More info: https://sass-lang.com/d/legacy-js-api
admin:build: 
admin:build: [33m[1mDeprecation Warning[0m [[34mimport[0m]: Sass @import rules are deprecated and will be removed in Dart Sass 3.0.0.
admin:build: 
admin:build: More info and automated migrator: https://sass-lang.com/d/import
admin:build: 
admin:build: [34m  ‚ï∑[0m
admin:build: [34m2 ‚îÇ[0m           @import [31m"/src/styles/fonts.scss"[0m;
admin:build: [34m  ‚îÇ[0m [31m                  ^^^^^^^^^^^^^^^^^^^^^^^^[0m
admin:build: [34m  ‚ïµ[0m
admin:build:     src/components/Button/Button.module.scss 2:19  root stylesheet
admin:build: 
admin:build: [33m[1mDeprecation Warning[0m [[34mimport[0m]: Sass @import rules are deprecated and will be removed in Dart Sass 3.0.0.
admin:build: 
admin:build: More info and automated migrator: https://sass-lang.com/d/import
admin:build: 
admin:build: [34m  ‚ï∑[0m
admin:build: [34m3 ‚îÇ[0m           @import [31m"/src/styles/colors.scss"[0m;
admin:build: [34m  ‚îÇ[0m [31m                  ^^^^^^^^^^^^^^^^^^^^^^^^^[0m
admin:build: [34m  ‚ïµ[0m
admin:build:     src/components/Button/Button.module.scss 3:19  root stylesheet
admin:build: 
admin:build: [33m[1mDeprecation Warning[0m [[34mlegacy-js-api[0m]: The legacy JS API is deprecated and will be removed in Dart Sass 2.0.0.
admin:build: 
admin:build: More info: https://sass-lang.com/d/legacy-js-api
admin:build: 
admin:build: [33m[1mDeprecation Warning[0m [[34mimport[0m]: Sass @import rules are deprecated and will be removed in Dart Sass 3.0.0.
admin:build: 
admin:build: More info and automated migrator: https://sass-lang.com/d/import
admin:build: 
admin:build: [34m  ‚ï∑[0m
admin:build: [34m2 ‚îÇ[0m           @import [31m"/src/styles/fonts.scss"[0m;
admin:build: [34m  ‚îÇ[0m [31m                  ^^^^^^^^^^^^^^^^^^^^^^^^[0m
admin:build: [34m  ‚ïµ[0m
admin:build:     src/components/TableDashboard/TableSearch/TableSearch.module.scss 2:19  root stylesheet
admin:build: 
admin:build: [33m[1mDeprecation Warning[0m [[34mimport[0m]: Sass @import rules are deprecated and will be removed in Dart Sass 3.0.0.
admin:build: 
admin:build: More info and automated migrator: https://sass-lang.com/d/import
admin:build: 
admin:build: [34m  ‚ï∑[0m
admin:build: [34m3 ‚îÇ[0m           @import [31m"/src/styles/colors.scss"[0m;
admin:build: [34m  ‚îÇ[0m [31m                  ^^^^^^^^^^^^^^^^^^^^^^^^^[0m
admin:build: [34m  ‚ïµ[0m
admin:build:     src/components/TableDashboard/TableSearch/TableSearch.module.scss 3:19  root stylesheet
admin:build: 
admin:build: [33m[1mDeprecation Warning[0m [[34mlegacy-js-api[0m]: The legacy JS API is deprecated and will be removed in Dart Sass 2.0.0.
admin:build: 
admin:build: More info: https://sass-lang.com/d/legacy-js-api
admin:build: 
admin:build: [33m[1mDeprecation Warning[0m [[34mimport[0m]: Sass @import rules are deprecated and will be removed in Dart Sass 3.0.0.
admin:build: 
admin:build: More info and automated migrator: https://sass-lang.com/d/import
admin:build: 
admin:build: [34m  ‚ï∑[0m
admin:build: [34m2 ‚îÇ[0m           @import [31m"/src/styles/fonts.scss"[0m;
admin:build: [34m  ‚îÇ[0m [31m                  ^^^^^^^^^^^^^^^^^^^^^^^^[0m
admin:build: [34m  ‚ïµ[0m
admin:build:     src/components/NavigationItem/NavigationItem.module.scss 2:19  root stylesheet
admin:build: 
admin:build: [33m[1mDeprecation Warning[0m [[34mimport[0m]: Sass @import rules are deprecated and will be removed in Dart Sass 3.0.0.
admin:build: 
admin:build: More info and automated migrator: https://sass-lang.com/d/import
admin:build: 
admin:build: [34m  ‚ï∑[0m
admin:build: [34m3 ‚îÇ[0m           @import [31m"/src/styles/colors.scss"[0m;
admin:build: [34m  ‚îÇ[0m [31m                  ^^^^^^^^^^^^^^^^^^^^^^^^^[0m
admin:build: [34m  ‚ïµ[0m
admin:build:     src/components/NavigationItem/NavigationItem.module.scss 3:19  root stylesheet
admin:build: 
admin:build: [33m[1mDeprecation Warning[0m [[34mlegacy-js-api[0m]: The legacy JS API is deprecated and will be removed in Dart Sass 2.0.0.
admin:build: 
admin:build: More info: https://sass-lang.com/d/legacy-js-api
admin:build: 
admin:build: [33m[1mDeprecation Warning[0m [[34mimport[0m]: Sass @import rules are deprecated and will be removed in Dart Sass 3.0.0.
admin:build: 
admin:build: More info and automated migrator: https://sass-lang.com/d/import
admin:build: 
admin:build: [34m  ‚ï∑[0m
admin:build: [34m2 ‚îÇ[0m           @import [31m"/src/styles/fonts.scss"[0m;
admin:build: [34m  ‚îÇ[0m [31m                  ^^^^^^^^^^^^^^^^^^^^^^^^[0m
admin:build: [34m  ‚ïµ[0m
admin:build:     src/components/Modal/Modal.module.scss 2:19  root stylesheet
admin:build: 
admin:build: [33m[1mDeprecation Warning[0m [[34mimport[0m]: Sass @import rules are deprecated and will be removed in Dart Sass 3.0.0.
admin:build: 
admin:build: More info and automated migrator: https://sass-lang.com/d/import
admin:build: 
admin:build: [34m  ‚ï∑[0m
admin:build: [34m3 ‚îÇ[0m           @import [31m"/src/styles/colors.scss"[0m;
admin:build: [34m  ‚îÇ[0m [31m                  ^^^^^^^^^^^^^^^^^^^^^^^^^[0m
admin:build: [34m  ‚ïµ[0m
admin:build:     src/components/Modal/Modal.module.scss 3:19  root stylesheet
admin:build: 
admin:build: [2K[1Gtransforming (419) [2m../../node_modules/axios/index.js[22m[33m[1mDeprecation Warning[0m [[34mlegacy-js-api[0m]: The legacy JS API is deprecated and will be removed in Dart Sass 2.0.0.
admin:build: 
admin:build: More info: https://sass-lang.com/d/legacy-js-api
admin:build: 
admin:build: [33m[1mDeprecation Warning[0m [[34mimport[0m]: Sass @import rules are deprecated and will be removed in Dart Sass 3.0.0.
admin:build: 
admin:build: More info and automated migrator: https://sass-lang.com/d/import
admin:build: 
admin:build: [34m  ‚ï∑[0m
admin:build: [34m2 ‚îÇ[0m           @import [31m"/src/styles/fonts.scss"[0m;
admin:build: [34m  ‚îÇ[0m [31m                  ^^^^^^^^^^^^^^^^^^^^^^^^[0m
admin:build: [34m  ‚ïµ[0m
admin:build:     src/components/TableDashboard/TableDashboard.module.scss 2:19  root stylesheet
admin:build: 
admin:build: [33m[1mDeprecation Warning[0m [[34mimport[0m]: Sass @import rules are deprecated and will be removed in Dart Sass 3.0.0.
admin:build: 
admin:build: More info and automated migrator: https://sass-lang.com/d/import
admin:build: 
admin:build: [34m  ‚ï∑[0m
admin:build: [34m3 ‚îÇ[0m           @import [31m"/src/styles/colors.scss"[0m;
admin:build: [34m  ‚îÇ[0m [31m                  ^^^^^^^^^^^^^^^^^^^^^^^^^[0m
admin:build: [34m  ‚ïµ[0m
admin:build:     src/components/TableDashboard/TableDashboard.module.scss 3:19  root stylesheet
admin:build: 
admin:build: [2K[1G[2K[1G[2K[1G[2K[1G[2K[1Gtransforming (552) [2m../../node_modules/axios/lib/axios.js[22m[33m[1mDeprecation Warning[0m [[34mlegacy-js-api[0m]: The legacy JS API is deprecated and will be removed in Dart Sass 2.0.0.
admin:build: 
admin:build: More info: https://sass-lang.com/d/legacy-js-api
admin:build: 
admin:build: [33m[1mDeprecation Warning[0m [[34mimport[0m]: Sass @import rules are deprecated and will be removed in Dart Sass 3.0.0.
admin:build: 
admin:build: More info and automated migrator: https://sass-lang.com/d/import
admin:build: 
admin:build: [34m  ‚ï∑[0m
admin:build: [34m2 ‚îÇ[0m           @import [31m"/src/styles/fonts.scss"[0m;
admin:build: [34m  ‚îÇ[0m [31m                  ^^^^^^^^^^^^^^^^^^^^^^^^[0m
admin:build: [34m  ‚ïµ[0m
admin:build:     src/components/InputHandler/InputHandler.module.scss 2:19  root stylesheet
admin:build: 
admin:build: [33m[1mDeprecation Warning[0m [[34mimport[0m]: Sass @import rules are deprecated and will be removed in Dart Sass 3.0.0.
admin:build: 
admin:build: More info and automated migrator: https://sass-lang.com/d/import
admin:build: 
admin:build: [34m  ‚ï∑[0m
admin:build: [34m3 ‚îÇ[0m           @import [31m"/src/styles/colors.scss"[0m;
admin:build: [34m  ‚îÇ[0m [31m                  ^^^^^^^^^^^^^^^^^^^^^^^^^[0m
admin:build: [34m  ‚ïµ[0m
admin:build:     src/components/InputHandler/InputHandler.module.scss 3:19  root stylesheet
admin:build: 
admin:build: [33m[1mDeprecation Warning[0m [[34mlegacy-js-api[0m]: The legacy JS API is deprecated and will be removed in Dart Sass 2.0.0.
admin:build: 
admin:build: More info: https://sass-lang.com/d/legacy-js-api
admin:build: 
admin:build: [33m[1mDeprecation Warning[0m [[34mimport[0m]: Sass @import rules are deprecated and will be removed in Dart Sass 3.0.0.
admin:build: 
admin:build: More info and automated migrator: https://sass-lang.com/d/import
admin:build: 
admin:build: [34m  ‚ï∑[0m
admin:build: [34m2 ‚îÇ[0m           @import [31m"/src/styles/fonts.scss"[0m;
admin:build: [34m  ‚îÇ[0m [31m                  ^^^^^^^^^^^^^^^^^^^^^^^^[0m
admin:build: [34m  ‚ïµ[0m
admin:build:     src/components/FileUpload/FileUpload.module.scss 2:19  root stylesheet
admin:build: 
admin:build: [33m[1mDeprecation Warning[0m [[34mimport[0m]: Sass @import rules are deprecated and will be removed in Dart Sass 3.0.0.
admin:build: 
admin:build: More info and automated migrator: https://sass-lang.com/d/import
admin:build: 
admin:build: [34m  ‚ï∑[0m
admin:build: [34m3 ‚îÇ[0m           @import [31m"/src/styles/colors.scss"[0m;
admin:build: [34m  ‚îÇ[0m [31m                  ^^^^^^^^^^^^^^^^^^^^^^^^^[0m
admin:build: [34m  ‚ïµ[0m
admin:build:     src/components/FileUpload/FileUpload.module.scss 3:19  root stylesheet
admin:build: 
admin:build: [2K[1G[2K[1G[2K[1Gtransforming (588) [2msrc/components/TableDashboard/TableActions/TableActions.tsx[22m[2K[1Gtransforming (683) [2m../../node_modules/libphonenumber-js/min/exports/isValidPhoneNumber.js[22m[33m[1mDeprecation Warning[0m [[34mlegacy-js-api[0m]: The legacy JS API is deprecated and will be removed in Dart Sass 2.0.0.
admin:build: 
admin:build: More info: https://sass-lang.com/d/legacy-js-api
admin:build: 
admin:build: [33m[1mDeprecation Warning[0m [[34mimport[0m]: Sass @import rules are deprecated and will be removed in Dart Sass 3.0.0.
admin:build: 
admin:build: More info and automated migrator: https://sass-lang.com/d/import
admin:build: 
admin:build: [34m  ‚ï∑[0m
admin:build: [34m2 ‚îÇ[0m           @import [31m"/src/styles/fonts.scss"[0m;
admin:build: [34m  ‚îÇ[0m [31m                  ^^^^^^^^^^^^^^^^^^^^^^^^[0m
admin:build: [34m  ‚ïµ[0m
admin:build:     src/components/TableDashboard/TableActions/TableActions.module.scss 2:19  root stylesheet
admin:build: 
admin:build: [33m[1mDeprecation Warning[0m [[34mimport[0m]: Sass @import rules are deprecated and will be removed in Dart Sass 3.0.0.
admin:build: 
admin:build: More info and automated migrator: https://sass-lang.com/d/import
admin:build: 
admin:build: [34m  ‚ï∑[0m
admin:build: [34m3 ‚îÇ[0m           @import [31m"/src/styles/colors.scss"[0m;
admin:build: [34m  ‚îÇ[0m [31m                  ^^^^^^^^^^^^^^^^^^^^^^^^^[0m
admin:build: [34m  ‚ïµ[0m
admin:build:     src/components/TableDashboard/TableActions/TableActions.module.scss 3:19  root stylesheet
admin:build: 
admin:build: [33m[1mDeprecation Warning[0m [[34mlegacy-js-api[0m]: The legacy JS API is deprecated and will be removed in Dart Sass 2.0.0.
admin:build: 
admin:build: More info: https://sass-lang.com/d/legacy-js-api
admin:build: 
admin:build: [33m[1mDeprecation Warning[0m [[34mimport[0m]: Sass @import rules are deprecated and will be removed in Dart Sass 3.0.0.
admin:build: 
admin:build: More info and automated migrator: https://sass-lang.com/d/import
admin:build: 
admin:build: [34m  ‚ï∑[0m
admin:build: [34m2 ‚îÇ[0m           @import [31m"/src/styles/fonts.scss"[0m;
admin:build: [34m  ‚îÇ[0m [31m                  ^^^^^^^^^^^^^^^^^^^^^^^^[0m
admin:build: [34m  ‚ïµ[0m
admin:build:     src/components/TableDashboard/Table/Table.module.scss 2:19  root stylesheet
admin:build: 
admin:build: [33m[1mDeprecation Warning[0m [[34mimport[0m]: Sass @import rules are deprecated and will be removed in Dart Sass 3.0.0.
admin:build: 
admin:build: More info and automated migrator: https://sass-lang.com/d/import
admin:build: 
admin:build: [34m  ‚ï∑[0m
admin:build: [34m3 ‚îÇ[0m           @import [31m"/src/styles/colors.scss"[0m;
admin:build: [34m  ‚îÇ[0m [31m                  ^^^^^^^^^^^^^^^^^^^^^^^^^[0m
admin:build: [34m  ‚ïµ[0m
admin:build:     src/components/TableDashboard/Table/Table.module.scss 3:19  root stylesheet
admin:build: 
admin:build: [2K[1Gtransforming (819) [2m../../node_modules/axios/lib/helpers/buildURL.js[22m[2K[1Gtransforming (900) [2m../../node_modules/axios/lib/helpers/AxiosURLSearchParams.js[22m[33m[1mDeprecation Warning[0m [[34mlegacy-js-api[0m]: The legacy JS API is deprecated and will be removed in Dart Sass 2.0.0.
admin:build: 
admin:build: More info: https://sass-lang.com/d/legacy-js-api
admin:build: 
admin:build: [33m[1mDeprecation Warning[0m [[34mimport[0m]: Sass @import rules are deprecated and will be removed in Dart Sass 3.0.0.
admin:build: 
admin:build: More info and automated migrator: https://sass-lang.com/d/import
admin:build: 
admin:build: [34m  ‚ï∑[0m
admin:build: [34m2 ‚îÇ[0m           @import [31m"/src/styles/fonts.scss"[0m;
admin:build: [34m  ‚îÇ[0m [31m                  ^^^^^^^^^^^^^^^^^^^^^^^^[0m
admin:build: [34m  ‚ïµ[0m
admin:build:     src/components/TextArea/Textarea.module.scss 2:19  root stylesheet
admin:build: 
admin:build: [33m[1mDeprecation Warning[0m [[34mimport[0m]: Sass @import rules are deprecated and will be removed in Dart Sass 3.0.0.
admin:build: 
admin:build: More info and automated migrator: https://sass-lang.com/d/import
admin:build: 
admin:build: [34m  ‚ï∑[0m
admin:build: [34m3 ‚îÇ[0m           @import [31m"/src/styles/colors.scss"[0m;
admin:build: [34m  ‚îÇ[0m [31m                  ^^^^^^^^^^^^^^^^^^^^^^^^^[0m
admin:build: [34m  ‚ïµ[0m
admin:build:     src/components/TextArea/Textarea.module.scss 3:19  root stylesheet
admin:build: 
admin:build: [33m[1mDeprecation Warning[0m [[34mlegacy-js-api[0m]: The legacy JS API is deprecated and will be removed in Dart Sass 2.0.0.
admin:build: 
admin:build: More info: https://sass-lang.com/d/legacy-js-api
admin:build: 
admin:build: [33m[1mDeprecation Warning[0m [[34mimport[0m]: Sass @import rules are deprecated and will be removed in Dart Sass 3.0.0.
admin:build: 
admin:build: More info and automated migrator: https://sass-lang.com/d/import
admin:build: 
admin:build: [34m  ‚ï∑[0m
admin:build: [34m2 ‚îÇ[0m           @import [31m"/src/styles/fonts.scss"[0m;
admin:build: [34m  ‚îÇ[0m [31m                  ^^^^^^^^^^^^^^^^^^^^^^^^[0m
admin:build: [34m  ‚ïµ[0m
admin:build:     src/components/Input/Input.module.scss 2:19  root stylesheet
admin:build: 
admin:build: [33m[1mDeprecation Warning[0m [[34mimport[0m]: Sass @import rules are deprecated and will be removed in Dart Sass 3.0.0.
admin:build: 
admin:build: More info and automated migrator: https://sass-lang.com/d/import
admin:build: 
admin:build: [34m  ‚ï∑[0m
admin:build: [34m3 ‚îÇ[0m           @import [31m"/src/styles/colors.scss"[0m;
admin:build: [34m  ‚îÇ[0m [31m                  ^^^^^^^^^^^^^^^^^^^^^^^^^[0m
admin:build: [34m  ‚ïµ[0m
admin:build:     src/components/Input/Input.module.scss 3:19  root stylesheet
admin:build: 
admin:build: [33m[1mDeprecation Warning[0m [[34mlegacy-js-api[0m]: The legacy JS API is deprecated and will be removed in Dart Sass 2.0.0.
admin:build: 
admin:build: More info: https://sass-lang.com/d/legacy-js-api
admin:build: 
admin:build: [33m[1mDeprecation Warning[0m [[34mimport[0m]: Sass @import rules are deprecated and will be removed in Dart Sass 3.0.0.
admin:build: 
admin:build: More info and automated migrator: https://sass-lang.com/d/import
admin:build: 
admin:build: [34m  ‚ï∑[0m
admin:build: [34m2 ‚îÇ[0m           @import [31m"/src/styles/fonts.scss"[0m;
admin:build: [34m  ‚îÇ[0m [31m                  ^^^^^^^^^^^^^^^^^^^^^^^^[0m
admin:build: [34m  ‚ïµ[0m
admin:build:     src/components/MultipleSelectInput/MultipleSelectInput.module.scss 2:19  root stylesheet
admin:build: 
admin:build: [33m[1mDeprecation Warning[0m [[34mimport[0m]: Sass @import rules are deprecated and will be removed in Dart Sass 3.0.0.
admin:build: 
admin:build: More info and automated migrator: https://sass-lang.com/d/import
admin:build: 
admin:build: [34m  ‚ï∑[0m
admin:build: [34m3 ‚îÇ[0m           @import [31m"/src/styles/colors.scss"[0m;
admin:build: [34m  ‚îÇ[0m [31m                  ^^^^^^^^^^^^^^^^^^^^^^^^^[0m
admin:build: [34m  ‚ïµ[0m
admin:build:     src/components/MultipleSelectInput/MultipleSelectInput.module.scss 3:19  root stylesheet
admin:build: 
admin:build: [2K[1Gtransforming (949) [2m../../node_modules/axios/lib/platform/browser/classes/FormData.js[22m[2K[1G[32m‚úì[39m 977 modules transformed.
admin:build: [2K[1Grendering chunks (1)...[2K[1G[2K[1Gcomputing gzip size (0)...[2K[1Gcomputing gzip size (1)...[2K[1Gcomputing gzip size (2)...[2K[1Gcomputing gzip size (3)...[2K[1G[2mdist/[22m[32mindex.html                                       [39m[1m[2m    0.48 kB[22m[1m[22m[2m ‚îÇ gzip:   0.30 kB[22m
admin:build: [2mdist/[22m[2massets/[22m[32mprofile-picture-placeholder-CGBXM_wi.jpg  [39m[1m[2m   17.08 kB[22m[1m[22m
admin:build: [2mdist/[22m[2massets/[22m[32mSF-pro-display-DSttQARu.OTF               [39m[1m[2m  335.51 kB[22m[1m[22m
admin:build: [2mdist/[22m[2massets/[22m[32mcascadia-mono-CznB6NUq.ttf                [39m[1m[2m  631.79 kB[22m[1m[22m
admin:build: [2mdist/[22m[2massets/[22m[32minter-variable-c8O0ljhh.ttf               [39m[1m[2m  874.71 kB[22m[1m[22m
admin:build: [2mdist/[22m[2massets/[22m[35mindex-DWhG1Lw_.css                        [39m[1m[2m   29.76 kB[22m[1m[22m[2m ‚îÇ gzip:   4.96 kB[22m
admin:build: [2mdist/[22m[2massets/[22m[36mindex-DL6e1Eeq.js                         [39m[1m[33m1,012.47 kB[39m[22m[2m ‚îÇ gzip: 310.28 kB[22m
admin:build: [33m
admin:build: (!) Some chunks are larger than 500 kB after minification. Consider:
admin:build: - Using dynamic import() to code-split the application
admin:build: - Use build.rollupOptions.output.manualChunks to improve chunking: https://rollupjs.org/configuration-options/#output-manualchunks
admin:build: - Adjust chunk size limit for this warning via build.chunkSizeWarningLimit.[39m
admin:build: [32m‚úì built in 5.93s[39m
admin:build: [2K[1GDone in 14.14s.
api:build: yarn run v1.22.22
sponsor:build: yarn run v1.22.22
sponsor:build: $ tsc && vite build
api:build: $ dotenv -c -- nest build
app:build: cache hit, replaying logs aa9a38a5590ee5a4
app:build: 
app:build: [2K[1G[1myarn run v1.22.22[22m
app:build: [2K[1G[2m$ tsc -b && vite build[22m
app:build: [36mvite v5.4.21 [32mbuilding for production...[36m[39m
app:build: [2K[1Gtransforming (1) [2mindex.html[22m[33m[1mDeprecation Warning[0m [[34mlegacy-js-api[0m]: The legacy JS API is deprecated and will be removed in Dart Sass 2.0.0.
app:build: 
app:build: More info: https://sass-lang.com/d/legacy-js-api
app:build: 
app:build: [33m[1mDeprecation Warning[0m [[34mimport[0m]: Sass @import rules are deprecated and will be removed in Dart Sass 3.0.0.
app:build: 
app:build: More info and automated migrator: https://sass-lang.com/d/import
app:build: 
app:build: [34m  ‚ï∑[0m
app:build: [34m2 ‚îÇ[0m           @import [31m"@/styles/colors.scss"[0m;
app:build: [34m  ‚îÇ[0m [31m                  ^^^^^^^^^^^^^^^^^^^^^^[0m
app:build: [34m  ‚ïµ[0m
app:build:     src/App.scss 2:19  root stylesheet
app:build: 
app:build: [33m[1mDeprecation Warning[0m [[34mimport[0m]: Sass @import rules are deprecated and will be removed in Dart Sass 3.0.0.
app:build: 
app:build: More info and automated migrator: https://sass-lang.com/d/import
app:build: 
app:build: [34m  ‚ï∑[0m
app:build: [34m3 ‚îÇ[0m           @import [31m"@/styles/fonts.scss"[0m;
app:build: [34m  ‚îÇ[0m [31m                  ^^^^^^^^^^^^^^^^^^^^^[0m
app:build: [34m  ‚ïµ[0m
app:build:     src/App.scss 3:19  root stylesheet
app:build: 
app:build: [33m[1mDeprecation Warning[0m [[34mimport[0m]: Sass @import rules are deprecated and will be removed in Dart Sass 3.0.0.
app:build: 
app:build: More info and automated migrator: https://sass-lang.com/d/import
app:build: 
app:build: [34m  ‚ï∑[0m
app:build: [34m4 ‚îÇ[0m           @import [31m"@/styles/breakpoints.scss"[0m;
app:build: [34m  ‚îÇ[0m [31m                  ^^^^^^^^^^^^^^^^^^^^^^^^^^^[0m
app:build: [34m  ‚ïµ[0m
app:build:     src/App.scss 4:19  root stylesheet
app:build: 
app:build: [33m[1mDeprecation Warning[0m [[34mimport[0m]: Sass @import rules are deprecated and will be removed in Dart Sass 3.0.0.
app:build: 
app:build: More info and automated migrator: https://sass-lang.com/d/import
app:build: 
app:build: [34m  ‚ï∑[0m
app:build: [34m5 ‚îÇ[0m           @import [31m"@/styles/mixins.scss"[0m;
app:build: [34m  ‚îÇ[0m [31m                  ^^^^^^^^^^^^^^^^^^^^^^[0m
app:build: [34m  ‚ïµ[0m
app:build:     src/App.scss 5:19  root stylesheet
app:build: 
app:build: [33m[1mDeprecation Warning[0m [[34mimport[0m]: Sass @import rules are deprecated and will be removed in Dart Sass 3.0.0.
app:build: 
app:build: More info and automated migrator: https://sass-lang.com/d/import
app:build: 
app:build: [34m  ‚ï∑[0m
app:build: [34m6 ‚îÇ[0m           @import [31m"@/styles/consts.scss"[0m;
app:build: [34m  ‚îÇ[0m [31m                  ^^^^^^^^^^^^^^^^^^^^^^[0m
app:build: [34m  ‚ïµ[0m
app:build:     src/App.scss 6:19  root stylesheet
app:build: 
app:build: [2K[1Gtransforming (4) [2msrc/App.tsx[22m[2K[1G[2K[1Gtransforming (22) [2m../../node_modules/react-query/es/core/index.js[22m[2K[1Gtransforming (71) [2msrc/pages/AvatarsPage/index.ts[22m[33m[1mDeprecation Warning[0m [[34mlegacy-js-api[0m]: The legacy JS API is deprecated and will be removed in Dart Sass 2.0.0.
app:build: 
app:build: More info: https://sass-lang.com/d/legacy-js-api
app:build: 
app:build: [33m[1mDeprecation Warning[0m [[34mimport[0m]: Sass @import rules are deprecated and will be removed in Dart Sass 3.0.0.
app:build: 
app:build: More info and automated migrator: https://sass-lang.com/d/import
app:build: 
app:build: [34m  ‚ï∑[0m
app:build: [34m2 ‚îÇ[0m           @import [31m"@/styles/colors.scss"[0m;
app:build: [34m  ‚îÇ[0m [31m                  ^^^^^^^^^^^^^^^^^^^^^^[0m
app:build: [34m  ‚ïµ[0m
app:build:     src/components/MessageToast/MessageToast.module.scss 2:19  root stylesheet
app:build: 
app:build: [33m[1mDeprecation Warning[0m [[34mimport[0m]: Sass @import rules are deprecated and will be removed in Dart Sass 3.0.0.
app:build: 
app:build: More info and automated migrator: https://sass-lang.com/d/import
app:build: 
app:build: [34m  ‚ï∑[0m
app:build: [34m3 ‚îÇ[0m           @import [31m"@/styles/fonts.scss"[0m;
app:build: [34m  ‚îÇ[0m [31m                  ^^^^^^^^^^^^^^^^^^^^^[0m
app:build: [34m  ‚ïµ[0m
app:build:     src/components/MessageToast/MessageToast.module.scss 3:19  root stylesheet
app:build: 
app:build: [33m[1mDeprecation Warning[0m [[34mimport[0m]: Sass @import rules are deprecated and will be removed in Dart Sass 3.0.0.
app:build: 
app:build: More info and automated migrator: https://sass-lang.com/d/import
app:build: 
app:build: [34m  ‚ï∑[0m
app:build: [34m4 ‚îÇ[0m           @import [31m"@/styles/breakpoints.scss"[0m;
app:build: [34m  ‚îÇ[0m [31m                  ^^^^^^^^^^^^^^^^^^^^^^^^^^^[0m
app:build: [34m  ‚ïµ[0m
app:build:     src/components/MessageToast/MessageToast.module.scss 4:19  root stylesheet
app:build: 
app:build: [33m[1mDeprecation Warning[0m [[34mimport[0m]: Sass @import rules are deprecated and will be removed in Dart Sass 3.0.0.
app:build: 
app:build: More info and automated migrator: https://sass-lang.com/d/import
app:build: 
app:build: [34m  ‚ï∑[0m
app:build: [34m5 ‚îÇ[0m           @import [31m"@/styles/mixins.scss"[0m;
app:build: [34m  ‚îÇ[0m [31m                  ^^^^^^^^^^^^^^^^^^^^^^[0m
app:build: [34m  ‚ïµ[0m
app:build:     src/components/MessageToast/MessageToast.module.scss 5:19  root stylesheet
app:build: 
app:build: [33m[1mDeprecation Warning[0m [[34mimport[0m]: Sass @import rules are deprecated and will be removed in Dart Sass 3.0.0.
app:build: 
app:build: More info and automated migrator: https://sass-lang.com/d/import
app:build: 
app:build: [34m  ‚ï∑[0m
app:build: [34m6 ‚îÇ[0m           @import [31m"@/styles/consts.scss"[0m;
app:build: [34m  ‚îÇ[0m [31m                  ^^^^^^^^^^^^^^^^^^^^^^[0m
app:build: [34m  ‚ïµ[0m
app:build:     src/components/MessageToast/MessageToast.module.scss 6:19  root stylesheet
app:build: 
app:build: [2K[1Gtransforming (88) [2m../../node_modules/@babel/runtime/helpers/esm/inheritsLoose.js[22m[2K[1G[33m[1mDeprecation Warning[0m [[34mlegacy-js-api[0m]: The legacy JS API is deprecated and will be removed in Dart Sass 2.0.0.
app:build: 
app:build: More info: https://sass-lang.com/d/legacy-js-api
app:build: 
app:build: [33m[1mDeprecation Warning[0m [[34mimport[0m]: Sass @import rules are deprecated and will be removed in Dart Sass 3.0.0.
app:build: 
app:build: More info and automated migrator: https://sass-lang.com/d/import
app:build: 
app:build: [34m  ‚ï∑[0m
app:build: [34m2 ‚îÇ[0m           @import [31m"@/styles/colors.scss"[0m;
app:build: [34m  ‚îÇ[0m [31m                  ^^^^^^^^^^^^^^^^^^^^^^[0m
app:build: [34m  ‚ïµ[0m
app:build:     src/pages/ConfirmEmailPage/ConfirmEmailPage.module.scss 2:19  root stylesheet
app:build: 
app:build: [33m[1mDeprecation Warning[0m [[34mimport[0m]: Sass @import rules are deprecated and will be removed in Dart Sass 3.0.0.
app:build: 
app:build: More info and automated migrator: https://sass-lang.com/d/import
app:build: 
app:build: [34m  ‚ï∑[0m
app:build: [34m3 ‚îÇ[0m           @import [31m"@/styles/fonts.scss"[0m;
app:build: [34m  ‚îÇ[0m [31m                  ^^^^^^^^^^^^^^^^^^^^^[0m
app:build: [34m  ‚ïµ[0m
app:build:     src/pages/ConfirmEmailPage/ConfirmEmailPage.module.scss 3:19  root stylesheet
app:build: 
app:build: [33m[1mDeprecation Warning[0m [[34mimport[0m]: Sass @import rules are deprecated and will be removed in Dart Sass 3.0.0.
app:build: 
app:build: More info and automated migrator: https://sass-lang.com/d/import
app:build: 
app:build: [34m  ‚ï∑[0m
app:build: [34m4 ‚îÇ[0m           @import [31m"@/styles/breakpoints.scss"[0m;
app:build: [34m  ‚îÇ[0m [31m                  ^^^^^^^^^^^^^^^^^^^^^^^^^^^[0m
app:build: [34m  ‚ïµ[0m
app:build:     src/pages/ConfirmEmailPage/ConfirmEmailPage.module.scss 4:19  root stylesheet
app:build: 
app:build: [33m[1mDeprecation Warning[0m [[34mimport[0m]: Sass @import rules are deprecated and will be removed in Dart Sass 3.0.0.
app:build: 
app:build: More info and automated migrator: https://sass-lang.com/d/import
app:build: 
app:build: [34m  ‚ï∑[0m
app:build: [34m5 ‚îÇ[0m           @import [31m"@/styles/mixins.scss"[0m;
app:build: [34m  ‚îÇ[0m [31m                  ^^^^^^^^^^^^^^^^^^^^^^[0m
app:build: [34m  ‚ïµ[0m
app:build:     src/pages/ConfirmEmailPage/ConfirmEmailPage.module.scss 5:19  root stylesheet
app:build: 
app:build: [33m[1mDeprecation Warning[0m [[34mimport[0m]: Sass @import rules are deprecated and will be removed in Dart Sass 3.0.0.
app:build: 
app:build: More info and automated migrator: https://sass-lang.com/d/import
app:build: 
app:build: [34m  ‚ï∑[0m
app:build: [34m6 ‚îÇ[0m           @import [31m"@/styles/consts.scss"[0m;
app:build: [34m  ‚îÇ[0m [31m                  ^^^^^^^^^^^^^^^^^^^^^^[0m
app:build: [34m  ‚ïµ[0m
app:build:     src/pages/ConfirmEmailPage/ConfirmEmailPage.module.scss 6:19  root stylesheet
app:build: 
app:build: [2K[1Gtransforming (129) [2msrc/assets/icons/arrow-left-white.svg[22m[33m[1mDeprecation Warning[0m [[34mlegacy-js-api[0m]: The legacy JS API is deprecated and will be removed in Dart Sass 2.0.0.
app:build: 
app:build: More info: https://sass-lang.com/d/legacy-js-api
app:build: 
app:build: [33m[1mDeprecation Warning[0m [[34mimport[0m]: Sass @import rules are deprecated and will be removed in Dart Sass 3.0.0.
app:build: 
app:build: More info and automated migrator: https://sass-lang.com/d/import
app:build: 
app:build: [34m  ‚ï∑[0m
app:build: [34m2 ‚îÇ[0m           @import [31m"@/styles/colors.scss"[0m;
app:build: [34m  ‚îÇ[0m [31m                  ^^^^^^^^^^^^^^^^^^^^^^[0m
app:build: [34m  ‚ïµ[0m
app:build:     src/pages/ScannerPage/ScannerPage.module.scss 2:19  root stylesheet
app:build: 
app:build: [33m[1mDeprecation Warning[0m [[34mimport[0m]: Sass @import rules are deprecated and will be removed in Dart Sass 3.0.0.
app:build: 
app:build: More info and automated migrator: https://sass-lang.com/d/import
app:build: 
app:build: [34m  ‚ï∑[0m
app:build: [34m3 ‚îÇ[0m           @import [31m"@/styles/fonts.scss"[0m;
app:build: [34m  ‚îÇ[0m [31m                  ^^^^^^^^^^^^^^^^^^^^^[0m
app:build: [34m  ‚ïµ[0m
app:build:     src/pages/ScannerPage/ScannerPage.module.scss 3:19  root stylesheet
app:build: 
app:build: [33m[1mDeprecation Warning[0m [[34mimport[0m]: Sass @import rules are deprecated and will be removed in Dart Sass 3.0.0.
app:build: 
app:build: More info and automated migrator: https://sass-lang.com/d/import
app:build: 
app:build: [34m  ‚ï∑[0m
app:build: [34m4 ‚îÇ[0m           @import [31m"@/styles/breakpoints.scss"[0m;
app:build: [34m  ‚îÇ[0m [31m                  ^^^^^^^^^^^^^^^^^^^^^^^^^^^[0m
app:build: [34m  ‚ïµ[0m
app:build:     src/pages/ScannerPage/ScannerPage.module.scss 4:19  root stylesheet
app:build: 
app:build: [33m[1mDeprecation Warning[0m [[34mimport[0m]: Sass @import rules are deprecated and will be removed in Dart Sass 3.0.0.
app:build: 
app:build: More info and automated migrator: https://sass-lang.com/d/import
app:build: 
app:build: [34m  ‚ï∑[0m
app:build: [34m5 ‚îÇ[0m           @import [31m"@/styles/mixins.scss"[0m;
app:build: [34m  ‚îÇ[0m [31m                  ^^^^^^^^^^^^^^^^^^^^^^[0m
app:build: [34m  ‚ïµ[0m
app:build:     src/pages/ScannerPage/ScannerPage.module.scss 5:19  root stylesheet
app:build: 
app:build: [33m[1mDeprecation Warning[0m [[34mimport[0m]: Sass @import rules are deprecated and will be removed in Dart Sass 3.0.0.
app:build: 
app:build: More info and automated migrator: https://sass-lang.com/d/import
app:build: 
app:build: [34m  ‚ï∑[0m
app:build: [34m6 ‚îÇ[0m           @import [31m"@/styles/consts.scss"[0m;
app:build: [34m  ‚îÇ[0m [31m                  ^^^^^^^^^^^^^^^^^^^^^^[0m
app:build: [34m  ‚ïµ[0m
app:build:     src/pages/ScannerPage/ScannerPage.module.scss 6:19  root stylesheet
app:build: 
app:build: [33m[1mDeprecation Warning[0m [[34mlegacy-js-api[0m]: The legacy JS API is deprecated and will be removed in Dart Sass 2.0.0.
app:build: 
app:build: More info: https://sass-lang.com/d/legacy-js-api
app:build: 
app:build: [33m[1mDeprecation Warning[0m [[34mimport[0m]: Sass @import rules are deprecated and will be removed in Dart Sass 3.0.0.
app:build: 
app:build: More info and automated migrator: https://sass-lang.com/d/import
app:build: 
app:build: [34m  ‚ï∑[0m
app:build: [34m2 ‚îÇ[0m           @import [31m"@/styles/colors.scss"[0m;
app:build: [34m  ‚îÇ[0m [31m                  ^^^^^^^^^^^^^^^^^^^^^^[0m
app:build: [34m  ‚ïµ[0m
app:build:     src/pages/FloorPlanPage/FloorPlanPage.module.scss 2:19  root stylesheet
app:build: 
app:build: [33m[1mDeprecation Warning[0m [[34mimport[0m]: Sass @import rules are deprecated and will be removed in Dart Sass 3.0.0.
app:build: 
app:build: More info and automated migrator: https://sass-lang.com/d/import
app:build: 
app:build: [34m  ‚ï∑[0m
app:build: [34m3 ‚îÇ[0m           @import [31m"@/styles/fonts.scss"[0m;
app:build: [34m  ‚îÇ[0m [31m                  ^^^^^^^^^^^^^^^^^^^^^[0m
app:build: [34m  ‚ïµ[0m
app:build:     src/pages/FloorPlanPage/FloorPlanPage.module.scss 3:19  root stylesheet
app:build: 
app:build: [33m[1mDeprecation Warning[0m [[34mimport[0m]: Sass @import rules are deprecated and will be removed in Dart Sass 3.0.0.
app:build: 
app:build: More info and automated migrator: https://sass-lang.com/d/import
app:build: 
app:build: [34m  ‚ï∑[0m
app:build: [34m4 ‚îÇ[0m           @import [31m"@/styles/breakpoints.scss"[0m;
app:build: [34m  ‚îÇ[0m [31m                  ^^^^^^^^^^^^^^^^^^^^^^^^^^^[0m
app:build: [34m  ‚ïµ[0m
app:build:     src/pages/FloorPlanPage/FloorPlanPage.module.scss 4:19  root stylesheet
app:build: 
app:build: [33m[1mDeprecation Warning[0m [[34mimport[0m]: Sass @import rules are deprecated and will be removed in Dart Sass 3.0.0.
app:build: 
app:build: More info and automated migrator: https://sass-lang.com/d/import
app:build: 
app:build: [34m  ‚ï∑[0m
app:build: [34m5 ‚îÇ[0m           @import [31m"@/styles/mixins.scss"[0m;
app:build: [34m  ‚îÇ[0m [31m                  ^^^^^^^^^^^^^^^^^^^^^^[0m
app:build: [34m  ‚ïµ[0m
app:build:     src/pages/FloorPlanPage/FloorPlanPage.module.scss 5:19  root stylesheet
app:build: 
app:build: [33m[1mDeprecation Warning[0m [[34mimport[0m]: Sass @import rules are deprecated and will be removed in Dart Sass 3.0.0.
app:build: 
app:build: More info and automated migrator: https://sass-lang.com/d/import
app:build: 
app:build: [34m  ‚ï∑[0m
app:build: [34m6 ‚îÇ[0m           @import [31m"@/styles/consts.scss"[0m;
app:build: [34m  ‚îÇ[0m [31m                  ^^^^^^^^^^^^^^^^^^^^^^[0m
app:build: [34m  ‚ïµ[0m
app:build:     src/pages/FloorPlanPage/FloorPlanPage.module.scss 6:19  root stylesheet
app:build: 
app:build: [2K[1Gtransforming (156) [2m../../node_modules/@babel/runtime/helpers/esm/setPrototypeOf.js[22m[33m[1mDeprecation Warning[0m [[34mlegacy-js-api[0m]: The legacy JS API is deprecated and will be removed in Dart Sass 2.0.0.
app:build: 
app:build: More info: https://sass-lang.com/d/legacy-js-api
app:build: 
app:build: [33m[1mDeprecation Warning[0m [[34mimport[0m]: Sass @import rules are deprecated and will be removed in Dart Sass 3.0.0.
app:build: 
app:build: More info and automated migrator: https://sass-lang.com/d/import
app:build: 
app:build: [34m  ‚ï∑[0m
app:build: [34m2 ‚îÇ[0m           @import [31m"@/styles/colors.scss"[0m;
app:build: [34m  ‚îÇ[0m [31m                  ^^^^^^^^^^^^^^^^^^^^^^[0m
app:build: [34m  ‚ïµ[0m
app:build:     src/layout/NavigationLayout.module.scss 2:19  root stylesheet
app:build: 
app:build: [33m[1mDeprecation Warning[0m [[34mimport[0m]: Sass @import rules are deprecated and will be removed in Dart Sass 3.0.0.
app:build: 
app:build: More info and automated migrator: https://sass-lang.com/d/import
app:build: 
app:build: [34m  ‚ï∑[0m
app:build: [34m3 ‚îÇ[0m           @import [31m"@/styles/fonts.scss"[0m;
app:build: [34m  ‚îÇ[0m [31m                  ^^^^^^^^^^^^^^^^^^^^^[0m
app:build: [34m  ‚ïµ[0m
app:build:     src/layout/NavigationLayout.module.scss 3:19  root stylesheet
app:build: 
app:build: [33m[1mDeprecation Warning[0m [[34mimport[0m]: Sass @import rules are deprecated and will be removed in Dart Sass 3.0.0.
app:build: 
app:build: More info and automated migrator: https://sass-lang.com/d/import
app:build: 
app:build: [34m  ‚ï∑[0m
app:build: [34m4 ‚îÇ[0m           @import [31m"@/styles/breakpoints.scss"[0m;
app:build: [34m  ‚îÇ[0m [31m                  ^^^^^^^^^^^^^^^^^^^^^^^^^^^[0m
app:build: [34m  ‚ïµ[0m
app:build:     src/layout/NavigationLayout.module.scss 4:19  root stylesheet
app:build: 
app:build: [33m[1mDeprecation Warning[0m [[34mimport[0m]: Sass @import rules are deprecated and will be removed in Dart Sass 3.0.0.
app:build: 
app:build: More info and automated migrator: https://sass-lang.com/d/import
app:build: 
app:build: [34m  ‚ï∑[0m
app:build: [34m5 ‚îÇ[0m           @import [31m"@/styles/mixins.scss"[0m;
app:build: [34m  ‚îÇ[0m [31m                  ^^^^^^^^^^^^^^^^^^^^^^[0m
app:build: [34m  ‚ïµ[0m
app:build:     src/layout/NavigationLayout.module.scss 5:19  root stylesheet
app:build: 
app:build: [33m[1mDeprecation Warning[0m [[34mimport[0m]: Sass @import rules are deprecated and will be removed in Dart Sass 3.0.0.
app:build: 
app:build: More info and automated migrator: https://sass-lang.com/d/import
app:build: 
app:build: [34m  ‚ï∑[0m
app:build: [34m6 ‚îÇ[0m           @import [31m"@/styles/consts.scss"[0m;
app:build: [34m  ‚îÇ[0m [31m                  ^^^^^^^^^^^^^^^^^^^^^^[0m
app:build: [34m  ‚ïµ[0m
app:build:     src/layout/NavigationLayout.module.scss 6:19  root stylesheet
app:build: 
app:build: [33m[1mDeprecation Warning[0m [[34mlegacy-js-api[0m]: The legacy JS API is deprecated and will be removed in Dart Sass 2.0.0.
app:build: 
app:build: More info: https://sass-lang.com/d/legacy-js-api
app:build: 
app:build: [33m[1mDeprecation Warning[0m [[34mimport[0m]: Sass @import rules are deprecated and will be removed in Dart Sass 3.0.0.
app:build: 
app:build: More info and automated migrator: https://sass-lang.com/d/import
app:build: 
app:build: [34m  ‚ï∑[0m
app:build: [34m2 ‚îÇ[0m           @import [31m"@/styles/colors.scss"[0m;
app:build: [34m  ‚îÇ[0m [31m                  ^^^^^^^^^^^^^^^^^^^^^^[0m
app:build: [34m  ‚ïµ[0m
app:build:     src/pages/CompaniesPage/CompaniesPage.module.scss 2:19  root stylesheet
app:build: 
app:build: [33m[1mDeprecation Warning[0m [[34mimport[0m]: Sass @import rules are deprecated and will be removed in Dart Sass 3.0.0.
app:build: 
app:build: More info and automated migrator: https://sass-lang.com/d/import
app:build: 
app:build: [34m  ‚ï∑[0m
app:build: [34m3 ‚îÇ[0m           @import [31m"@/styles/fonts.scss"[0m;
app:build: [34m  ‚îÇ[0m [31m                  ^^^^^^^^^^^^^^^^^^^^^[0m
app:build: [34m  ‚ïµ[0m
app:build:     src/pages/CompaniesPage/CompaniesPage.module.scss 3:19  root stylesheet
app:build: 
app:build: [33m[1mDeprecation Warning[0m [[34mimport[0m]: Sass @import rules are deprecated and will be removed in Dart Sass 3.0.0.
app:build: 
app:build: More info and automated migrator: https://sass-lang.com/d/import
app:build: 
app:build: [34m  ‚ï∑[0m
app:build: [34m4 ‚îÇ[0m           @import [31m"@/styles/breakpoints.scss"[0m;
app:build: [34m  ‚îÇ[0m [31m                  ^^^^^^^^^^^^^^^^^^^^^^^^^^^[0m
app:build: [34m  ‚ïµ[0m
app:build:     src/pages/CompaniesPage/CompaniesPage.module.scss 4:19  root stylesheet
app:build: 
app:build: [33m[1mDeprecation Warning[0m [[34mimport[0m]: Sass @import rules are deprecated and will be removed in Dart Sass 3.0.0.
app:build: 
app:build: More info and automated migrator: https://sass-lang.com/d/import
app:build: 
app:build: [34m  ‚ï∑[0m
app:build: [34m5 ‚îÇ[0m           @import [31m"@/styles/mixins.scss"[0m;
app:build: [34m  ‚îÇ[0m [31m                  ^^^^^^^^^^^^^^^^^^^^^^[0m
app:build: [34m  ‚ïµ[0m
app:build:     src/pages/CompaniesPage/CompaniesPage.module.scss 5:19  root stylesheet
app:build: 
app:build: [33m[1mDeprecation Warning[0m [[34mimport[0m]: Sass @import rules are deprecated and will be removed in Dart Sass 3.0.0.
app:build: 
app:build: More info and automated migrator: https://sass-lang.com/d/import
app:build: 
app:build: [34m  ‚ï∑[0m
app:build: [34m6 ‚îÇ[0m           @import [31m"@/styles/consts.scss"[0m;
app:build: [34m  ‚îÇ[0m [31m                  ^^^^^^^^^^^^^^^^^^^^^^[0m
app:build: [34m  ‚ïµ[0m
app:build:     src/pages/CompaniesPage/CompaniesPage.module.scss 6:19  root stylesheet
app:build: 
app:build: [33m[1mDeprecation Warning[0m [[34mlegacy-js-api[0m]: The legacy JS API is deprecated and will be removed in Dart Sass 2.0.0.
app:build: 
app:build: More info: https://sass-lang.com/d/legacy-js-api
app:build: 
app:build: [33m[1mDeprecation Warning[0m [[34mimport[0m]: Sass @import rules are deprecated and will be removed in Dart Sass 3.0.0.
app:build: 
app:build: More info and automated migrator: https://sass-lang.com/d/import
app:build: 
app:build: [34m  ‚ï∑[0m
app:build: [34m2 ‚îÇ[0m           @import [31m"@/styles/colors.scss"[0m;
app:build: [34m  ‚îÇ[0m [31m                  ^^^^^^^^^^^^^^^^^^^^^^[0m
app:build: [34m  ‚ïµ[0m
app:build:     src/pages/Home/Home.module.scss 2:19  root stylesheet
app:build: 
app:build: [33m[1mDeprecation Warning[0m [[34mimport[0m]: Sass @import rules are deprecated and will be removed in Dart Sass 3.0.0.
app:build: 
app:build: More info and automated migrator: https://sass-lang.com/d/import
app:build: 
app:build: [34m  ‚ï∑[0m
app:build: [34m3 ‚îÇ[0m           @import [31m"@/styles/fonts.scss"[0m;
app:build: [34m  ‚îÇ[0m [31m                  ^^^^^^^^^^^^^^^^^^^^^[0m
app:build: [34m  ‚ïµ[0m
app:build:     src/pages/Home/Home.module.scss 3:19  root stylesheet
app:build: 
app:build: [33m[1mDeprecation Warning[0m [[34mimport[0m]: Sass @import rules are deprecated and will be removed in Dart Sass 3.0.0.
app:build: 
app:build: More info and automated migrator: https://sass-lang.com/d/import
app:build: 
app:build: [34m  ‚ï∑[0m
app:build: [34m4 ‚îÇ[0m           @import [31m"@/styles/breakpoints.scss"[0m;
app:build: [34m  ‚îÇ[0m [31m                  ^^^^^^^^^^^^^^^^^^^^^^^^^^^[0m
app:build: [34m  ‚ïµ[0m
app:build:     src/pages/Home/Home.module.scss 4:19  root stylesheet
app:build: 
app:build: [33m[1mDeprecation Warning[0m [[34mimport[0m]: Sass @import rules are deprecated and will be removed in Dart Sass 3.0.0.
app:build: 
app:build: More info and automated migrator: https://sass-lang.com/d/import
app:build: 
app:build: [34m  ‚ï∑[0m
app:build: [34m5 ‚îÇ[0m           @import [31m"@/styles/mixins.scss"[0m;
app:build: [34m  ‚îÇ[0m [31m                  ^^^^^^^^^^^^^^^^^^^^^^[0m
app:build: [34m  ‚ïµ[0m
app:build:     src/pages/Home/Home.module.scss 5:19  root stylesheet
app:build: 
app:build: [33m[1mDeprecation Warning[0m [[34mimport[0m]: Sass @import rules are deprecated and will be removed in Dart Sass 3.0.0.
app:build: 
app:build: More info and automated migrator: https://sass-lang.com/d/import
app:build: 
app:build: [34m  ‚ï∑[0m
app:build: [34m6 ‚îÇ[0m           @import [31m"@/styles/consts.scss"[0m;
app:build: [34m  ‚îÇ[0m [31m                  ^^^^^^^^^^^^^^^^^^^^^^[0m
app:build: [34m  ‚ïµ[0m
app:build:     src/pages/Home/Home.module.scss 6:19  root stylesheet
app:build: 
app:build: [33m[1mDeprecation Warning[0m [[34mlegacy-js-api[0m]: The legacy JS API is deprecated and will be removed in Dart Sass 2.0.0.
app:build: 
app:build: More info: https://sass-lang.com/d/legacy-js-api
app:build: 
app:build: [33m[1mDeprecation Warning[0m [[34mimport[0m]: Sass @import rules are deprecated and will be removed in Dart Sass 3.0.0.
app:build: 
app:build: More info and automated migrator: https://sass-lang.com/d/import
app:build: 
app:build: [34m  ‚ï∑[0m
app:build: [34m2 ‚îÇ[0m           @import [31m"@/styles/colors.scss"[0m;
app:build: [34m  ‚îÇ[0m [31m                  ^^^^^^^^^^^^^^^^^^^^^^[0m
app:build: [34m  ‚ïµ[0m
app:build:     src/pages/NotFoundPage/NotFoundPage.module.scss 2:19  root stylesheet
app:build: 
app:build: [33m[1mDeprecation Warning[0m [[34mimport[0m]: Sass @import rules are deprecated and will be removed in Dart Sass 3.0.0.
app:build: 
app:build: More info and automated migrator: https://sass-lang.com/d/import
app:build: 
app:build: [34m  ‚ï∑[0m
app:build: [34m3 ‚îÇ[0m           @import [31m"@/styles/fonts.scss"[0m;
app:build: [34m  ‚îÇ[0m [31m                  ^^^^^^^^^^^^^^^^^^^^^[0m
app:build: [34m  ‚ïµ[0m
app:build:     src/pages/NotFoundPage/NotFoundPage.module.scss 3:19  root stylesheet
app:build: 
app:build: [33m[1mDeprecation Warning[0m [[34mimport[0m]: Sass @import rules are deprecated and will be removed in Dart Sass 3.0.0.
app:build: 
app:build: More info and automated migrator: https://sass-lang.com/d/import
app:build: 
app:build: [34m  ‚ï∑[0m
app:build: [34m4 ‚îÇ[0m           @import [31m"@/styles/breakpoints.scss"[0m;
app:build: [34m  ‚îÇ[0m [31m                  ^^^^^^^^^^^^^^^^^^^^^^^^^^^[0m
app:build: [34m  ‚ïµ[0m
app:build:     src/pages/NotFoundPage/NotFoundPage.module.scss 4:19  root stylesheet
app:build: 
app:build: [33m[1mDeprecation Warning[0m [[34mimport[0m]: Sass @import rules are deprecated and will be removed in Dart Sass 3.0.0.
app:build: 
app:build: More info and automated migrator: https://sass-lang.com/d/import
app:build: 
app:build: [34m  ‚ï∑[0m
app:build: [34m5 ‚îÇ[0m           @import [31m"@/styles/mixins.scss"[0m;
app:build: [34m  ‚îÇ[0m [31m                  ^^^^^^^^^^^^^^^^^^^^^^[0m
app:build: [34m  ‚ïµ[0m
app:build:     src/pages/NotFoundPage/NotFoundPage.module.scss 5:19  root stylesheet
app:build: 
app:build: [33m[1mDeprecation Warning[0m [[34mimport[0m]: Sass @import rules are deprecated and will be removed in Dart Sass 3.0.0.
app:build: 
app:build: More info and automated migrator: https://sass-lang.com/d/import
app:build: 
app:build: [34m  ‚ï∑[0m
app:build: [34m6 ‚îÇ[0m           @import [31m"@/styles/consts.scss"[0m;
app:build: [34m  ‚îÇ[0m [31m                  ^^^^^^^^^^^^^^^^^^^^^^[0m
app:build: [34m  ‚ïµ[0m
app:build:     src/pages/NotFoundPage/NotFoundPage.module.scss 6:19  root stylesheet
app:build: 
app:build: [33m[1mDeprecation Warning[0m [[34mlegacy-js-api[0m]: The legacy JS API is deprecated and will be removed in Dart Sass 2.0.0.
app:build: 
app:build: More info: https://sass-lang.com/d/legacy-js-api
app:build: 
app:build: [33m[1mDeprecation Warning[0m [[34mimport[0m]: Sass @import rules are deprecated and will be removed in Dart Sass 3.0.0.
app:build: 
app:build: More info and automated migrator: https://sass-lang.com/d/import
app:build: 
app:build: [34m  ‚ï∑[0m
app:build: [34m2 ‚îÇ[0m           @import [31m"@/styles/colors.scss"[0m;
app:build: [34m  ‚îÇ[0m [31m                  ^^^^^^^^^^^^^^^^^^^^^^[0m
app:build: [34m  ‚ïµ[0m
app:build:     src/pages/RegisterPage/RegisterPage.module.scss 2:19  root stylesheet
app:build: 
app:build: [33m[1mDeprecation Warning[0m [[34mimport[0m]: Sass @import rules are deprecated and will be removed in Dart Sass 3.0.0.
app:build: 
app:build: More info and automated migrator: https://sass-lang.com/d/import
app:build: 
app:build: [34m  ‚ï∑[0m
app:build: [34m3 ‚îÇ[0m           @import [31m"@/styles/fonts.scss"[0m;
app:build: [34m  ‚îÇ[0m [31m                  ^^^^^^^^^^^^^^^^^^^^^[0m
app:build: [34m  ‚ïµ[0m
app:build:     src/pages/RegisterPage/RegisterPage.module.scss 3:19  root stylesheet
app:build: 
app:build: [33m[1mDeprecation Warning[0m [[34mimport[0m]: Sass @import rules are deprecated and will be removed in Dart Sass 3.0.0.
app:build: 
app:build: More info and automated migrator: https://sass-lang.com/d/import
app:build: 
app:build: [34m  ‚ï∑[0m
app:build: [34m4 ‚îÇ[0m           @import [31m"@/styles/breakpoints.scss"[0m;
app:build: [34m  ‚îÇ[0m [31m                  ^^^^^^^^^^^^^^^^^^^^^^^^^^^[0m
app:build: [34m  ‚ïµ[0m
app:build:     src/pages/RegisterPage/RegisterPage.module.scss 4:19  root stylesheet
app:build: 
app:build: [33m[1mDeprecation Warning[0m [[34mimport[0m]: Sass @import rules are deprecated and will be removed in Dart Sass 3.0.0.
app:build: 
app:build: More info and automated migrator: https://sass-lang.com/d/import
app:build: 
app:build: [34m  ‚ï∑[0m
app:build: [34m5 ‚îÇ[0m           @import [31m"@/styles/mixins.scss"[0m;
app:build: [34m  ‚îÇ[0m [31m                  ^^^^^^^^^^^^^^^^^^^^^^[0m
app:build: [34m  ‚ïµ[0m
app:build:     src/pages/RegisterPage/RegisterPage.module.scss 5:19  root stylesheet
app:build: 
app:build: [33m[1mDeprecation Warning[0m [[34mimport[0m]: Sass @import rules are deprecated and will be removed in Dart Sass 3.0.0.
app:build: 
app:build: More info and automated migrator: https://sass-lang.com/d/import
app:build: 
app:build: [34m  ‚ï∑[0m
app:build: [34m6 ‚îÇ[0m           @import [31m"@/styles/consts.scss"[0m;
app:build: [34m  ‚îÇ[0m [31m                  ^^^^^^^^^^^^^^^^^^^^^^[0m
app:build: [34m  ‚ïµ[0m
app:build:     src/pages/RegisterPage/RegisterPage.module.scss 6:19  root stylesheet
app:build: 
app:build: [33m[1mDeprecation Warning[0m [[34mlegacy-js-api[0m]: The legacy JS API is deprecated and will be removed in Dart Sass 2.0.0.
app:build: 
app:build: More info: https://sass-lang.com/d/legacy-js-api
app:build: 
app:build: [33m[1mDeprecation Warning[0m [[34mimport[0m]: Sass @import rules are deprecated and will be removed in Dart Sass 3.0.0.
app:build: 
app:build: More info and automated migrator: https://sass-lang.com/d/import
app:build: 
app:build: [34m  ‚ï∑[0m
app:build: [34m2 ‚îÇ[0m           @import [31m"@/styles/colors.scss"[0m;
app:build: [34m  ‚îÇ[0m [31m                  ^^^^^^^^^^^^^^^^^^^^^^[0m
app:build: [34m  ‚ïµ[0m
app:build:     src/pages/ProfilePage/ProfilePage.module.scss 2:19  root stylesheet
app:build: 
app:build: [33m[1mDeprecation Warning[0m [[34mimport[0m]: Sass @import rules are deprecated and will be removed in Dart Sass 3.0.0.
app:build: 
app:build: More info and automated migrator: https://sass-lang.com/d/import
app:build: 
app:build: [34m  ‚ï∑[0m
app:build: [34m3 ‚îÇ[0m           @import [31m"@/styles/fonts.scss"[0m;
app:build: [34m  ‚îÇ[0m [31m                  ^^^^^^^^^^^^^^^^^^^^^[0m
app:build: [34m  ‚ïµ[0m
app:build:     src/pages/ProfilePage/ProfilePage.module.scss 3:19  root stylesheet
app:build: 
app:build: [33m[1mDeprecation Warning[0m [[34mimport[0m]: Sass @import rules are deprecated and will be removed in Dart Sass 3.0.0.
app:build: 
app:build: More info and automated migrator: https://sass-lang.com/d/import
app:build: 
app:build: [34m  ‚ï∑[0m
app:build: [34m4 ‚îÇ[0m           @import [31m"@/styles/breakpoints.scss"[0m;
app:build: [34m  ‚îÇ[0m [31m                  ^^^^^^^^^^^^^^^^^^^^^^^^^^^[0m
app:build: [34m  ‚ïµ[0m
app:build:     src/pages/ProfilePage/ProfilePage.module.scss 4:19  root stylesheet
app:build: 
app:build: [33m[1mDeprecation Warning[0m [[34mimport[0m]: Sass @import rules are deprecated and will be removed in Dart Sass 3.0.0.
app:build: 
app:build: More info and automated migrator: https://sass-lang.com/d/import
app:build: 
app:build: [34m  ‚ï∑[0m
app:build: [34m5 ‚îÇ[0m           @import [31m"@/styles/mixins.scss"[0m;
app:build: [34m  ‚îÇ[0m [31m                  ^^^^^^^^^^^^^^^^^^^^^^[0m
app:build: [34m  ‚ïµ[0m
app:build:     src/pages/ProfilePage/ProfilePage.module.scss 5:19  root stylesheet
app:build: 
app:build: [33m[1mDeprecation Warning[0m [[34mimport[0m]: Sass @import rules are deprecated and will be removed in Dart Sass 3.0.0.
app:build: 
app:build: More info and automated migrator: https://sass-lang.com/d/import
app:build: 
app:build: [34m  ‚ï∑[0m
app:build: [34m6 ‚îÇ[0m           @import [31m"@/styles/consts.scss"[0m;
app:build: [34m  ‚îÇ[0m [31m                  ^^^^^^^^^^^^^^^^^^^^^^[0m
app:build: [34m  ‚ïµ[0m
app:build:     src/pages/ProfilePage/ProfilePage.module.scss 6:19  root stylesheet
app:build: 
app:build: [33m[1mDeprecation Warning[0m [[34mlegacy-js-api[0m]: The legacy JS API is deprecated and will be removed in Dart Sass 2.0.0.
app:build: 
app:build: More info: https://sass-lang.com/d/legacy-js-api
app:build: 
app:build: [33m[1mDeprecation Warning[0m [[34mimport[0m]: Sass @import rules are deprecated and will be removed in Dart Sass 3.0.0.
app:build: 
app:build: More info and automated migrator: https://sass-lang.com/d/import
app:build: 
app:build: [34m  ‚ï∑[0m
app:build: [34m2 ‚îÇ[0m           @import [31m"@/styles/colors.scss"[0m;
app:build: [34m  ‚îÇ[0m [31m                  ^^^^^^^^^^^^^^^^^^^^^^[0m
app:build: [34m  ‚ïµ[0m
app:build:     src/pages/PasswordResetPage/PasswordResetPage.module.scss 2:19  root stylesheet
app:build: 
app:build: [33m[1mDeprecation Warning[0m [[34mimport[0m]: Sass @import rules are deprecated and will be removed in Dart Sass 3.0.0.
app:build: 
app:build: More info and automated migrator: https://sass-lang.com/d/import
app:build: 
app:build: [34m  ‚ï∑[0m
app:build: [34m3 ‚îÇ[0m           @import [31m"@/styles/fonts.scss"[0m;
app:build: [34m  ‚îÇ[0m [31m                  ^^^^^^^^^^^^^^^^^^^^^[0m
app:build: [34m  ‚ïµ[0m
app:build:     src/pages/PasswordResetPage/PasswordResetPage.module.scss 3:19  root stylesheet
app:build: 
app:build: [33m[1mDeprecation Warning[0m [[34mimport[0m]: Sass @import rules are deprecated and will be removed in Dart Sass 3.0.0.
app:build: 
app:build: More info and automated migrator: https://sass-lang.com/d/import
app:build: 
app:build: [34m  ‚ï∑[0m
app:build: [34m4 ‚îÇ[0m           @import [31m"@/styles/breakpoints.scss"[0m;
app:build: [34m  ‚îÇ[0m [31m                  ^^^^^^^^^^^^^^^^^^^^^^^^^^^[0m
app:build: [34m  ‚ïµ[0m
app:build:     src/pages/PasswordResetPage/PasswordResetPage.module.scss 4:19  root stylesheet
app:build: 
app:build: [33m[1mDeprecation Warning[0m [[34mimport[0m]: Sass @import rules are deprecated and will be removed in Dart Sass 3.0.0.
app:build: 
app:build: More info and automated migrator: https://sass-lang.com/d/import
app:build: 
app:build: [34m  ‚ï∑[0m
app:build: [34m5 ‚îÇ[0m           @import [31m"@/styles/mixins.scss"[0m;
app:build: [34m  ‚îÇ[0m [31m                  ^^^^^^^^^^^^^^^^^^^^^^[0m
app:build: [34m  ‚ïµ[0m
app:build:     src/pages/PasswordResetPage/PasswordResetPage.module.scss 5:19  root stylesheet
app:build: 
app:build: [33m[1mDeprecation Warning[0m [[34mimport[0m]: Sass @import rules are deprecated and will be removed in Dart Sass 3.0.0.
app:build: 
app:build: More info and automated migrator: https://sass-lang.com/d/import
app:build: 
app:build: [34m  ‚ï∑[0m
app:build: [34m6 ‚îÇ[0m           @import [31m"@/styles/consts.scss"[0m;
app:build: [34m  ‚îÇ[0m [31m                  ^^^^^^^^^^^^^^^^^^^^^^[0m
app:build: [34m  ‚ïµ[0m
app:build:     src/pages/PasswordResetPage/PasswordResetPage.module.scss 6:19  root stylesheet
app:build: 
app:build: [33m[1mDeprecation Warning[0m [[34mlegacy-js-api[0m]: The legacy JS API is deprecated and will be removed in Dart Sass 2.0.0.
app:build: 
app:build: More info: https://sass-lang.com/d/legacy-js-api
app:build: 
app:build: [33m[1mDeprecation Warning[0m [[34mimport[0m]: Sass @import rules are deprecated and will be removed in Dart Sass 3.0.0.
app:build: 
app:build: More info and automated migrator: https://sass-lang.com/d/import
app:build: 
app:build: [34m  ‚ï∑[0m
app:build: [34m2 ‚îÇ[0m           @import [31m"@/styles/colors.scss"[0m;
app:build: [34m  ‚îÇ[0m [31m                  ^^^^^^^^^^^^^^^^^^^^^^[0m
app:build: [34m  ‚ïµ[0m
app:build:     src/pages/LoginPage/LoginPage.module.scss 2:19  root stylesheet
app:build: 
app:build: [33m[1mDeprecation Warning[0m [[34mimport[0m]: Sass @import rules are deprecated and will be removed in Dart Sass 3.0.0.
app:build: 
app:build: More info and automated migrator: https://sass-lang.com/d/import
app:build: 
app:build: [34m  ‚ï∑[0m
app:build: [34m3 ‚îÇ[0m           @import [31m"@/styles/fonts.scss"[0m;
app:build: [34m  ‚îÇ[0m [31m                  ^^^^^^^^^^^^^^^^^^^^^[0m
app:build: [34m  ‚ïµ[0m
app:build:     src/pages/LoginPage/LoginPage.module.scss 3:19  root stylesheet
app:build: 
app:build: [33m[1mDeprecation Warning[0m [[34mimport[0m]: Sass @import rules are deprecated and will be removed in Dart Sass 3.0.0.
app:build: 
app:build: More info and automated migrator: https://sass-lang.com/d/import
app:build: 
app:build: [34m  ‚ï∑[0m
app:build: [34m4 ‚îÇ[0m           @import [31m"@/styles/breakpoints.scss"[0m;
app:build: [34m  ‚îÇ[0m [31m                  ^^^^^^^^^^^^^^^^^^^^^^^^^^^[0m
app:build: [34m  ‚ïµ[0m
app:build:     src/pages/LoginPage/LoginPage.module.scss 4:19  root stylesheet
app:build: 
app:build: [33m[1mDeprecation Warning[0m [[34mimport[0m]: Sass @import rules are deprecated and will be removed in Dart Sass 3.0.0.
app:build: 
app:build: More info and automated migrator: https://sass-lang.com/d/import
app:build: 
app:build: [34m  ‚ï∑[0m
app:build: [34m5 ‚îÇ[0m           @import [31m"@/styles/mixins.scss"[0m;
app:build: [34m  ‚îÇ[0m [31m                  ^^^^^^^^^^^^^^^^^^^^^^[0m
app:build: [34m  ‚ïµ[0m
app:build:     src/pages/LoginPage/LoginPage.module.scss 5:19  root stylesheet
app:build: 
app:build: [33m[1mDeprecation Warning[0m [[34mimport[0m]: Sass @import rules are deprecated and will be removed in Dart Sass 3.0.0.
app:build: 
app:build: More info and automated migrator: https://sass-lang.com/d/import
app:build: 
app:build: [34m  ‚ï∑[0m
app:build: [34m6 ‚îÇ[0m           @import [31m"@/styles/consts.scss"[0m;
app:build: [34m  ‚îÇ[0m [31m                  ^^^^^^^^^^^^^^^^^^^^^^[0m
app:build: [34m  ‚ïµ[0m
app:build:     src/pages/LoginPage/LoginPage.module.scss 6:19  root stylesheet
app:build: 
app:build: [33m[1mDeprecation Warning[0m [[34mlegacy-js-api[0m]: The legacy JS API is deprecated and will be removed in Dart Sass 2.0.0.
app:build: 
app:build: More info: https://sass-lang.com/d/legacy-js-api
app:build: 
app:build: [33m[1mDeprecation Warning[0m [[34mimport[0m]: Sass @import rules are deprecated and will be removed in Dart Sass 3.0.0.
app:build: 
app:build: More info and automated migrator: https://sass-lang.com/d/import
app:build: 
app:build: [34m  ‚ï∑[0m
app:build: [34m2 ‚îÇ[0m           @import [31m"@/styles/colors.scss"[0m;
app:build: [34m  ‚îÇ[0m [31m                  ^^^^^^^^^^^^^^^^^^^^^^[0m
app:build: [34m  ‚ïµ[0m
app:build:     src/pages/ProfileAchievementsPage/ProfileAchievementsPage.module.scss 2:19  root stylesheet
app:build: 
app:build: [33m[1mDeprecation Warning[0m [[34mimport[0m]: Sass @import rules are deprecated and will be removed in Dart Sass 3.0.0.
app:build: 
app:build: More info and automated migrator: https://sass-lang.com/d/import
app:build: 
app:build: [34m  ‚ï∑[0m
app:build: [34m3 ‚îÇ[0m           @import [31m"@/styles/fonts.scss"[0m;
app:build: [34m  ‚îÇ[0m [31m                  ^^^^^^^^^^^^^^^^^^^^^[0m
app:build: [34m  ‚ïµ[0m
app:build:     src/pages/ProfileAchievementsPage/ProfileAchievementsPage.module.scss 3:19  root stylesheet
app:build: 
app:build: [33m[1mDeprecation Warning[0m [[34mimport[0m]: Sass @import rules are deprecated and will be removed in Dart Sass 3.0.0.
app:build: 
app:build: More info and automated migrator: https://sass-lang.com/d/import
app:build: 
app:build: [34m  ‚ï∑[0m
app:build: [34m4 ‚îÇ[0m           @import [31m"@/styles/breakpoints.scss"[0m;
app:build: [34m  ‚îÇ[0m [31m                  ^^^^^^^^^^^^^^^^^^^^^^^^^^^[0m
app:build: [34m  ‚ïµ[0m
app:build:     src/pages/ProfileAchievementsPage/ProfileAchievementsPage.module.scss 4:19  root stylesheet
app:build: 
app:build: [33m[1mDeprecation Warning[0m [[34mimport[0m]: Sass @import rules are deprecated and will be removed in Dart Sass 3.0.0.
app:build: 
app:build: More info and automated migrator: https://sass-lang.com/d/import
app:build: 
app:build: [34m  ‚ï∑[0m
app:build: [34m5 ‚îÇ[0m           @import [31m"@/styles/mixins.scss"[0m;
app:build: [34m  ‚îÇ[0m [31m                  ^^^^^^^^^^^^^^^^^^^^^^[0m
app:build: [34m  ‚ïµ[0m
app:build:     src/pages/ProfileAchievementsPage/ProfileAchievementsPage.module.scss 5:19  root stylesheet
app:build: 
app:build: [33m[1mDeprecation Warning[0m [[34mimport[0m]: Sass @import rules are deprecated and will be removed in Dart Sass 3.0.0.
app:build: 
app:build: More info and automated migrator: https://sass-lang.com/d/import
app:build: 
app:build: [34m  ‚ï∑[0m
app:build: [34m6 ‚îÇ[0m           @import [31m"@/styles/consts.scss"[0m;
app:build: [34m  ‚îÇ[0m [31m                  ^^^^^^^^^^^^^^^^^^^^^^[0m
app:build: [34m  ‚ïµ[0m
app:build:     src/pages/ProfileAchievementsPage/ProfileAchievementsPage.module.scss 6:19  root stylesheet
app:build: 
app:build: [33m[1mDeprecation Warning[0m [[34mlegacy-js-api[0m]: The legacy JS API is deprecated and will be removed in Dart Sass 2.0.0.
app:build: 
app:build: More info: https://sass-lang.com/d/legacy-js-api
app:build: 
app:build: [33m[1mDeprecation Warning[0m [[34mimport[0m]: Sass @import rules are deprecated and will be removed in Dart Sass 3.0.0.
app:build: 
app:build: More info and automated migrator: https://sass-lang.com/d/import
app:build: 
app:build: [34m  ‚ï∑[0m
app:build: [34m2 ‚îÇ[0m           @import [31m"@/styles/colors.scss"[0m;
app:build: [34m  ‚îÇ[0m [31m                  ^^^^^^^^^^^^^^^^^^^^^^[0m
app:build: [34m  ‚ïµ[0m
app:build:     src/pages/ShoppingPage/ShoppingPage.module.scss 2:19  root stylesheet
app:build: 
app:build: [33m[1mDeprecation Warning[0m [[34mimport[0m]: Sass @import rules are deprecated and will be removed in Dart Sass 3.0.0.
app:build: 
app:build: More info and automated migrator: https://sass-lang.com/d/import
app:build: 
app:build: [34m  ‚ï∑[0m
app:build: [34m3 ‚îÇ[0m           @import [31m"@/styles/fonts.scss"[0m;
app:build: [34m  ‚îÇ[0m [31m                  ^^^^^^^^^^^^^^^^^^^^^[0m
app:build: [34m  ‚ïµ[0m
app:build:     src/pages/ShoppingPage/ShoppingPage.module.scss 3:19  root stylesheet
app:build: 
app:build: [33m[1mDeprecation Warning[0m [[34mimport[0m]: Sass @import rules are deprecated and will be removed in Dart Sass 3.0.0.
app:build: 
app:build: More info and automated migrator: https://sass-lang.com/d/import
app:build: 
app:build: [34m  ‚ï∑[0m
app:build: [34m4 ‚îÇ[0m           @import [31m"@/styles/breakpoints.scss"[0m;
app:build: [34m  ‚îÇ[0m [31m                  ^^^^^^^^^^^^^^^^^^^^^^^^^^^[0m
app:build: [34m  ‚ïµ[0m
app:build:     src/pages/ShoppingPage/ShoppingPage.module.scss 4:19  root stylesheet
app:build: 
app:build: [33m[1mDeprecation Warning[0m [[34mimport[0m]: Sass @import rules are deprecated and will be removed in Dart Sass 3.0.0.
app:build: 
app:build: More info and automated migrator: https://sass-lang.com/d/import
app:build: 
app:build: [34m  ‚ï∑[0m
app:build: [34m5 ‚îÇ[0m           @import [31m"@/styles/mixins.scss"[0m;
app:build: [34m  ‚îÇ[0m [31m                  ^^^^^^^^^^^^^^^^^^^^^^[0m
app:build: [34m  ‚ïµ[0m
app:build:     src/pages/ShoppingPage/ShoppingPage.module.scss 5:19  root stylesheet
app:build: 
app:build: [33m[1mDeprecation Warning[0m [[34mimport[0m]: Sass @import rules are deprecated and will be removed in Dart Sass 3.0.0.
app:build: 
app:build: More info and automated migrator: https://sass-lang.com/d/import
app:build: 
app:build: [34m  ‚ï∑[0m
app:build: [34m6 ‚îÇ[0m           @import [31m"@/styles/consts.scss"[0m;
app:build: [34m  ‚îÇ[0m [31m                  ^^^^^^^^^^^^^^^^^^^^^^[0m
app:build: [34m  ‚ïµ[0m
app:build:     src/pages/ShoppingPage/ShoppingPage.module.scss 6:19  root stylesheet
app:build: 
app:build: [33m[1mDeprecation Warning[0m [[34mlegacy-js-api[0m]: The legacy JS API is deprecated and will be removed in Dart Sass 2.0.0.
app:build: 
app:build: More info: https://sass-lang.com/d/legacy-js-api
app:build: 
app:build: [33m[1mDeprecation Warning[0m [[34mimport[0m]: Sass @import rules are deprecated and will be removed in Dart Sass 3.0.0.
app:build: 
app:build: More info and automated migrator: https://sass-lang.com/d/import
app:build: 
app:build: [34m  ‚ï∑[0m
app:build: [34m2 ‚îÇ[0m           @import [31m"@/styles/colors.scss"[0m;
app:build: [34m  ‚îÇ[0m [31m                  ^^^^^^^^^^^^^^^^^^^^^^[0m
app:build: [34m  ‚ïµ[0m
app:build:     src/pages/ProfileInterestsPage/ProfileInterestsPage.module.scss 2:19  root stylesheet
app:build: 
app:build: [33m[1mDeprecation Warning[0m [[34mimport[0m]: Sass @import rules are deprecated and will be removed in Dart Sass 3.0.0.
app:build: 
app:build: More info and automated migrator: https://sass-lang.com/d/import
app:build: 
app:build: [34m  ‚ï∑[0m
app:build: [34m3 ‚îÇ[0m           @import [31m"@/styles/fonts.scss"[0m;
app:build: [34m  ‚îÇ[0m [31m                  ^^^^^^^^^^^^^^^^^^^^^[0m
app:build: [34m  ‚ïµ[0m
app:build:     src/pages/ProfileInterestsPage/ProfileInterestsPage.module.scss 3:19  root stylesheet
app:build: 
app:build: [33m[1mDeprecation Warning[0m [[34mimport[0m]: Sass @import rules are deprecated and will be removed in Dart Sass 3.0.0.
app:build: 
app:build: More info and automated migrator: https://sass-lang.com/d/import
app:build: 
app:build: [34m  ‚ï∑[0m
app:build: [34m4 ‚îÇ[0m           @import [31m"@/styles/breakpoints.scss"[0m;
app:build: [34m  ‚îÇ[0m [31m                  ^^^^^^^^^^^^^^^^^^^^^^^^^^^[0m
app:build: [34m  ‚ïµ[0m
app:build:     src/pages/ProfileInterestsPage/ProfileInterestsPage.module.scss 4:19  root stylesheet
app:build: 
app:build: [33m[1mDeprecation Warning[0m [[34mimport[0m]: Sass @import rules are deprecated and will be removed in Dart Sass 3.0.0.
app:build: 
app:build: More info and automated migrator: https://sass-lang.com/d/import
app:build: 
app:build: [34m  ‚ï∑[0m
app:build: [34m5 ‚îÇ[0m           @import [31m"@/styles/mixins.scss"[0m;
app:build: [34m  ‚îÇ[0m [31m                  ^^^^^^^^^^^^^^^^^^^^^^[0m
app:build: [34m  ‚ïµ[0m
app:build:     src/pages/ProfileInterestsPage/ProfileInterestsPage.module.scss 5:19  root stylesheet
app:build: 
app:build: [33m[1mDeprecation Warning[0m [[34mimport[0m]: Sass @import rules are deprecated and will be removed in Dart Sass 3.0.0.
app:build: 
app:build: More info and automated migrator: https://sass-lang.com/d/import
app:build: 
app:build: [34m  ‚ï∑[0m
app:build: [34m6 ‚îÇ[0m           @import [31m"@/styles/consts.scss"[0m;
app:build: [34m  ‚îÇ[0m [31m                  ^^^^^^^^^^^^^^^^^^^^^^[0m
app:build: [34m  ‚ïµ[0m
app:build:     src/pages/ProfileInterestsPage/ProfileInterestsPage.module.scss 6:19  root stylesheet
app:build: 
app:build: [33m[1mDeprecation Warning[0m [[34mlegacy-js-api[0m]: The legacy JS API is deprecated and will be removed in Dart Sass 2.0.0.
app:build: 
app:build: More info: https://sass-lang.com/d/legacy-js-api
app:build: 
app:build: [33m[1mDeprecation Warning[0m [[34mimport[0m]: Sass @import rules are deprecated and will be removed in Dart Sass 3.0.0.
app:build: 
app:build: More info and automated migrator: https://sass-lang.com/d/import
app:build: 
app:build: [34m  ‚ï∑[0m
app:build: [34m2 ‚îÇ[0m           @import [31m"@/styles/colors.scss"[0m;
app:build: [34m  ‚îÇ[0m [31m                  ^^^^^^^^^^^^^^^^^^^^^^[0m
app:build: [34m  ‚ïµ[0m
app:build:     src/pages/RateCompanyPage/RateCompanyPage.module.scss 2:19  root stylesheet
app:build: 
app:build: [33m[1mDeprecation Warning[0m [[34mimport[0m]: Sass @import rules are deprecated and will be removed in Dart Sass 3.0.0.
app:build: 
app:build: More info and automated migrator: https://sass-lang.com/d/import
app:build: 
app:build: [34m  ‚ï∑[0m
app:build: [34m3 ‚îÇ[0m           @import [31m"@/styles/fonts.scss"[0m;
app:build: [34m  ‚îÇ[0m [31m                  ^^^^^^^^^^^^^^^^^^^^^[0m
app:build: [34m  ‚ïµ[0m
app:build:     src/pages/RateCompanyPage/RateCompanyPage.module.scss 3:19  root stylesheet
app:build: 
app:build: [33m[1mDeprecation Warning[0m [[34mimport[0m]: Sass @import rules are deprecated and will be removed in Dart Sass 3.0.0.
app:build: 
app:build: More info and automated migrator: https://sass-lang.com/d/import
app:build: 
app:build: [34m  ‚ï∑[0m
app:build: [34m4 ‚îÇ[0m           @import [31m"@/styles/breakpoints.scss"[0m;
app:build: [34m  ‚îÇ[0m [31m                  ^^^^^^^^^^^^^^^^^^^^^^^^^^^[0m
app:build: [34m  ‚ïµ[0m
app:build:     src/pages/RateCompanyPage/RateCompanyPage.module.scss 4:19  root stylesheet
app:build: 
app:build: [33m[1mDeprecation Warning[0m [[34mimport[0m]: Sass @import rules are deprecated and will be removed in Dart Sass 3.0.0.
app:build: 
app:build: More info and automated migrator: https://sass-lang.com/d/import
app:build: 
app:build: [34m  ‚ï∑[0m
app:build: [34m5 ‚îÇ[0m           @import [31m"@/styles/mixins.scss"[0m;
app:build: [34m  ‚îÇ[0m [31m                  ^^^^^^^^^^^^^^^^^^^^^^[0m
app:build: [34m  ‚ïµ[0m
app:build:     src/pages/RateCompanyPage/RateCompanyPage.module.scss 5:19  root stylesheet
app:build: 
app:build: [33m[1mDeprecation Warning[0m [[34mimport[0m]: Sass @import rules are deprecated and will be removed in Dart Sass 3.0.0.
app:build: 
app:build: More info and automated migrator: https://sass-lang.com/d/import
app:build: 
app:build: [34m  ‚ï∑[0m
app:build: [34m6 ‚îÇ[0m           @import [31m"@/styles/consts.scss"[0m;
app:build: [34m  ‚îÇ[0m [31m                  ^^^^^^^^^^^^^^^^^^^^^^[0m
app:build: [34m  ‚ïµ[0m
app:build:     src/pages/RateCompanyPage/RateCompanyPage.module.scss 6:19  root stylesheet
app:build: 
app:build: [33m[1mDeprecation Warning[0m [[34mlegacy-js-api[0m]: The legacy JS API is deprecated and will be removed in Dart Sass 2.0.0.
app:build: 
app:build: More info: https://sass-lang.com/d/legacy-js-api
app:build: 
app:build: [33m[1mDeprecation Warning[0m [[34mimport[0m]: Sass @import rules are deprecated and will be removed in Dart Sass 3.0.0.
app:build: 
app:build: More info and automated migrator: https://sass-lang.com/d/import
app:build: 
app:build: [34m  ‚ï∑[0m
app:build: [34m2 ‚îÇ[0m           @import [31m"@/styles/colors.scss"[0m;
app:build: [34m  ‚îÇ[0m [31m                  ^^^^^^^^^^^^^^^^^^^^^^[0m
app:build: [34m  ‚ïµ[0m
app:build:     src/pages/ProfileLeaderboardPage/ProfileLeaderboardPage.module.scss 2:19  root stylesheet
app:build: 
app:build: [33m[1mDeprecation Warning[0m [[34mimport[0m]: Sass @import rules are deprecated and will be removed in Dart Sass 3.0.0.
app:build: 
app:build: More info and automated migrator: https://sass-lang.com/d/import
app:build: 
app:build: [34m  ‚ï∑[0m
app:build: [34m3 ‚îÇ[0m           @import [31m"@/styles/fonts.scss"[0m;
app:build: [34m  ‚îÇ[0m [31m                  ^^^^^^^^^^^^^^^^^^^^^[0m
app:build: [34m  ‚ïµ[0m
app:build:     src/pages/ProfileLeaderboardPage/ProfileLeaderboardPage.module.scss 3:19  root stylesheet
app:build: 
app:build: [33m[1mDeprecation Warning[0m [[34mimport[0m]: Sass @import rules are deprecated and will be removed in Dart Sass 3.0.0.
app:build: 
app:build: More info and automated migrator: https://sass-lang.com/d/import
app:build: 
app:build: [34m  ‚ï∑[0m
app:build: [34m4 ‚îÇ[0m           @import [31m"@/styles/breakpoints.scss"[0m;
app:build: [34m  ‚îÇ[0m [31m                  ^^^^^^^^^^^^^^^^^^^^^^^^^^^[0m
app:build: [34m  ‚ïµ[0m
app:build:     src/pages/ProfileLeaderboardPage/ProfileLeaderboardPage.module.scss 4:19  root stylesheet
app:build: 
app:build: [33m[1mDeprecation Warning[0m [[34mimport[0m]: Sass @import rules are deprecated and will be removed in Dart Sass 3.0.0.
app:build: 
app:build: More info and automated migrator: https://sass-lang.com/d/import
app:build: 
app:build: [34m  ‚ï∑[0m
app:build: [34m5 ‚îÇ[0m           @import [31m"@/styles/mixins.scss"[0m;
app:build: [34m  ‚îÇ[0m [31m                  ^^^^^^^^^^^^^^^^^^^^^^[0m
app:build: [34m  ‚ïµ[0m
app:build:     src/pages/ProfileLeaderboardPage/ProfileLeaderboardPage.module.scss 5:19  root stylesheet
app:build: 
app:build: [33m[1mDeprecation Warning[0m [[34mimport[0m]: Sass @import rules are deprecated and will be removed in Dart Sass 3.0.0.
app:build: 
app:build: More info and automated migrator: https://sass-lang.com/d/import
app:build: 
app:build: [34m  ‚ï∑[0m
app:build: [34m6 ‚îÇ[0m           @import [31m"@/styles/consts.scss"[0m;
app:build: [34m  ‚îÇ[0m [31m                  ^^^^^^^^^^^^^^^^^^^^^^[0m
app:build: [34m  ‚ïµ[0m
app:build:     src/pages/ProfileLeaderboardPage/ProfileLeaderboardPage.module.scss 6:19  root stylesheet
app:build: 
app:build: [33m[1mDeprecation Warning[0m [[34mlegacy-js-api[0m]: The legacy JS API is deprecated and will be removed in Dart Sass 2.0.0.
app:build: 
app:build: More info: https://sass-lang.com/d/legacy-js-api
app:build: 
app:build: [33m[1mDeprecation Warning[0m [[34mimport[0m]: Sass @import rules are deprecated and will be removed in Dart Sass 3.0.0.
app:build: 
app:build: More info and automated migrator: https://sass-lang.com/d/import
app:build: 
app:build: [34m  ‚ï∑[0m
app:build: [34m2 ‚îÇ[0m           @import [31m"@/styles/colors.scss"[0m;
app:build: [34m  ‚îÇ[0m [31m                  ^^^^^^^^^^^^^^^^^^^^^^[0m
app:build: [34m  ‚ïµ[0m
app:build:     src/pages/TermsAndConditionsPage/TermsAndConditionsPage.module.scss 2:19  root stylesheet
app:build: 
app:build: [33m[1mDeprecation Warning[0m [[34mimport[0m]: Sass @import rules are deprecated and will be removed in Dart Sass 3.0.0.
app:build: 
app:build: More info and automated migrator: https://sass-lang.com/d/import
app:build: 
app:build: [34m  ‚ï∑[0m
app:build: [34m3 ‚îÇ[0m           @import [31m"@/styles/fonts.scss"[0m;
app:build: [34m  ‚îÇ[0m [31m                  ^^^^^^^^^^^^^^^^^^^^^[0m
app:build: [34m  ‚ïµ[0m
app:build:     src/pages/TermsAndConditionsPage/TermsAndConditionsPage.module.scss 3:19  root stylesheet
app:build: 
app:build: [33m[1mDeprecation Warning[0m [[34mimport[0m]: Sass @import rules are deprecated and will be removed in Dart Sass 3.0.0.
app:build: 
app:build: More info and automated migrator: https://sass-lang.com/d/import
app:build: 
app:build: [34m  ‚ï∑[0m
app:build: [34m4 ‚îÇ[0m           @import [31m"@/styles/breakpoints.scss"[0m;
app:build: [34m  ‚îÇ[0m [31m                  ^^^^^^^^^^^^^^^^^^^^^^^^^^^[0m
app:build: [34m  ‚ïµ[0m
app:build:     src/pages/TermsAndConditionsPage/TermsAndConditionsPage.module.scss 4:19  root stylesheet
app:build: 
app:build: [33m[1mDeprecation Warning[0m [[34mimport[0m]: Sass @import rules are deprecated and will be removed in Dart Sass 3.0.0.
app:build: 
app:build: More info and automated migrator: https://sass-lang.com/d/import
app:build: 
app:build: [34m  ‚ï∑[0m
app:build: [34m5 ‚îÇ[0m           @import [31m"@/styles/mixins.scss"[0m;
app:build: [34m  ‚îÇ[0m [31m                  ^^^^^^^^^^^^^^^^^^^^^^[0m
app:build: [34m  ‚ïµ[0m
app:build:     src/pages/TermsAndConditionsPage/TermsAndConditionsPage.module.scss 5:19  root stylesheet
app:build: 
app:build: [33m[1mDeprecation Warning[0m [[34mimport[0m]: Sass @import rules are deprecated and will be removed in Dart Sass 3.0.0.
app:build: 
app:build: More info and automated migrator: https://sass-lang.com/d/import
app:build: 
app:build: [34m  ‚ï∑[0m
app:build: [34m6 ‚îÇ[0m           @import [31m"@/styles/consts.scss"[0m;
app:build: [34m  ‚îÇ[0m [31m                  ^^^^^^^^^^^^^^^^^^^^^^[0m
app:build: [34m  ‚ïµ[0m
app:build:     src/pages/TermsAndConditionsPage/TermsAndConditionsPage.module.scss 6:19  root stylesheet
app:build: 
app:build: [33m[1mDeprecation Warning[0m [[34mlegacy-js-api[0m]: The legacy JS API is deprecated and will be removed in Dart Sass 2.0.0.
app:build: 
app:build: More info: https://sass-lang.com/d/legacy-js-api
app:build: 
app:build: [33m[1mDeprecation Warning[0m [[34mimport[0m]: Sass @import rules are deprecated and will be removed in Dart Sass 3.0.0.
app:build: 
app:build: More info and automated migrator: https://sass-lang.com/d/import
app:build: 
app:build: [34m  ‚ï∑[0m
app:build: [34m2 ‚îÇ[0m           @import [31m"@/styles/colors.scss"[0m;
app:build: [34m  ‚îÇ[0m [31m                  ^^^^^^^^^^^^^^^^^^^^^^[0m
app:build: [34m  ‚ïµ[0m
app:build:     src/pages/RateLecturePage/RateLecturePage.module.scss 2:19  root stylesheet
app:build: 
app:build: [33m[1mDeprecation Warning[0m [[34mimport[0m]: Sass @import rules are deprecated and will be removed in Dart Sass 3.0.0.
app:build: 
app:build: More info and automated migrator: https://sass-lang.com/d/import
app:build: 
app:build: [34m  ‚ï∑[0m
app:build: [34m3 ‚îÇ[0m           @import [31m"@/styles/fonts.scss"[0m;
app:build: [34m  ‚îÇ[0m [31m                  ^^^^^^^^^^^^^^^^^^^^^[0m
app:build: [34m  ‚ïµ[0m
app:build:     src/pages/RateLecturePage/RateLecturePage.module.scss 3:19  root stylesheet
app:build: 
app:build: [33m[1mDeprecation Warning[0m [[34mimport[0m]: Sass @import rules are deprecated and will be removed in Dart Sass 3.0.0.
app:build: 
app:build: More info and automated migrator: https://sass-lang.com/d/import
app:build: 
app:build: [34m  ‚ï∑[0m
app:build: [34m4 ‚îÇ[0m           @import [31m"@/styles/breakpoints.scss"[0m;
app:build: [34m  ‚îÇ[0m [31m                  ^^^^^^^^^^^^^^^^^^^^^^^^^^^[0m
app:build: [34m  ‚ïµ[0m
app:build:     src/pages/RateLecturePage/RateLecturePage.module.scss 4:19  root stylesheet
app:build: 
app:build: [33m[1mDeprecation Warning[0m [[34mimport[0m]: Sass @import rules are deprecated and will be removed in Dart Sass 3.0.0.
app:build: 
app:build: More info and automated migrator: https://sass-lang.com/d/import
app:build: 
app:build: [34m  ‚ï∑[0m
app:build: [34m5 ‚îÇ[0m           @import [31m"@/styles/mixins.scss"[0m;
app:build: [34m  ‚îÇ[0m [31m                  ^^^^^^^^^^^^^^^^^^^^^^[0m
app:build: [34m  ‚ïµ[0m
app:build:     src/pages/RateLecturePage/RateLecturePage.module.scss 5:19  root stylesheet
app:build: 
app:build: [33m[1mDeprecation Warning[0m [[34mimport[0m]: Sass @import rules are deprecated and will be removed in Dart Sass 3.0.0.
app:build: 
app:build: More info and automated migrator: https://sass-lang.com/d/import
app:build: 
app:build: [34m  ‚ï∑[0m
app:build: [34m6 ‚îÇ[0m           @import [31m"@/styles/consts.scss"[0m;
app:build: [34m  ‚îÇ[0m [31m                  ^^^^^^^^^^^^^^^^^^^^^^[0m
app:build: [34m  ‚ïµ[0m
app:build:     src/pages/RateLecturePage/RateLecturePage.module.scss 6:19  root stylesheet
app:build: 
app:build: [33m[1mDeprecation Warning[0m [[34mlegacy-js-api[0m]: The legacy JS API is deprecated and will be removed in Dart Sass 2.0.0.
app:build: 
app:build: More info: https://sass-lang.com/d/legacy-js-api
app:build: 
app:build: [33m[1mDeprecation Warning[0m [[34mimport[0m]: Sass @import rules are deprecated and will be removed in Dart Sass 3.0.0.
app:build: 
app:build: More info and automated migrator: https://sass-lang.com/d/import
app:build: 
app:build: [34m  ‚ï∑[0m
app:build: [34m2 ‚îÇ[0m           @import [31m"@/styles/colors.scss"[0m;
app:build: [34m  ‚îÇ[0m [31m                  ^^^^^^^^^^^^^^^^^^^^^^[0m
app:build: [34m  ‚ïµ[0m
app:build:     src/pages/RewardsPage/RewardsPage.module.scss 2:19  root stylesheet
app:build: 
app:build: [33m[1mDeprecation Warning[0m [[34mimport[0m]: Sass @import rules are deprecated and will be removed in Dart Sass 3.0.0.
app:build: 
app:build: More info and automated migrator: https://sass-lang.com/d/import
app:build: 
app:build: [34m  ‚ï∑[0m
app:build: [34m3 ‚îÇ[0m           @import [31m"@/styles/fonts.scss"[0m;
app:build: [34m  ‚îÇ[0m [31m                  ^^^^^^^^^^^^^^^^^^^^^[0m
app:build: [34m  ‚ïµ[0m
app:build:     src/pages/RewardsPage/RewardsPage.module.scss 3:19  root stylesheet
app:build: 
app:build: [33m[1mDeprecation Warning[0m [[34mimport[0m]: Sass @import rules are deprecated and will be removed in Dart Sass 3.0.0.
app:build: 
app:build: More info and automated migrator: https://sass-lang.com/d/import
app:build: 
app:build: [34m  ‚ï∑[0m
app:build: [34m4 ‚îÇ[0m           @import [31m"@/styles/breakpoints.scss"[0m;
app:build: [34m  ‚îÇ[0m [31m                  ^^^^^^^^^^^^^^^^^^^^^^^^^^^[0m
app:build: [34m  ‚ïµ[0m
app:build:     src/pages/RewardsPage/RewardsPage.module.scss 4:19  root stylesheet
app:build: 
app:build: [33m[1mDeprecation Warning[0m [[34mimport[0m]: Sass @import rules are deprecated and will be removed in Dart Sass 3.0.0.
app:build: 
app:build: More info and automated migrator: https://sass-lang.com/d/import
app:build: 
app:build: [34m  ‚ï∑[0m
app:build: [34m5 ‚îÇ[0m           @import [31m"@/styles/mixins.scss"[0m;
app:build: [34m  ‚îÇ[0m [31m                  ^^^^^^^^^^^^^^^^^^^^^^[0m
app:build: [34m  ‚ïµ[0m
app:build:     src/pages/RewardsPage/RewardsPage.module.scss 5:19  root stylesheet
app:build: 
app:build: [33m[1mDeprecation Warning[0m [[34mimport[0m]: Sass @import rules are deprecated and will be removed in Dart Sass 3.0.0.
app:build: 
app:build: More info and automated migrator: https://sass-lang.com/d/import
app:build: 
app:build: [34m  ‚ï∑[0m
app:build: [34m6 ‚îÇ[0m           @import [31m"@/styles/consts.scss"[0m;
app:build: [34m  ‚îÇ[0m [31m                  ^^^^^^^^^^^^^^^^^^^^^^[0m
app:build: [34m  ‚ïµ[0m
app:build:     src/pages/RewardsPage/RewardsPage.module.scss 6:19  root stylesheet
app:build: 
app:build: [33m[1mDeprecation Warning[0m [[34mlegacy-js-api[0m]: The legacy JS API is deprecated and will be removed in Dart Sass 2.0.0.
app:build: 
app:build: More info: https://sass-lang.com/d/legacy-js-api
app:build: 
app:build: [33m[1mDeprecation Warning[0m [[34mimport[0m]: Sass @import rules are deprecated and will be removed in Dart Sass 3.0.0.
app:build: 
app:build: More info and automated migrator: https://sass-lang.com/d/import
app:build: 
app:build: [34m  ‚ï∑[0m
app:build: [34m2 ‚îÇ[0m           @import [31m"@/styles/colors.scss"[0m;
app:build: [34m  ‚îÇ[0m [31m                  ^^^^^^^^^^^^^^^^^^^^^^[0m
app:build: [34m  ‚ïµ[0m
app:build:     src/pages/AvatarsPage/AvatarsPage.module.scss 2:19  root stylesheet
app:build: 
app:build: [33m[1mDeprecation Warning[0m [[34mimport[0m]: Sass @import rules are deprecated and will be removed in Dart Sass 3.0.0.
app:build: 
app:build: More info and automated migrator: https://sass-lang.com/d/import
app:build: 
app:build: [34m  ‚ï∑[0m
app:build: [34m3 ‚îÇ[0m           @import [31m"@/styles/fonts.scss"[0m;
app:build: [34m  ‚îÇ[0m [31m                  ^^^^^^^^^^^^^^^^^^^^^[0m
app:build: [34m  ‚ïµ[0m
app:build:     src/pages/AvatarsPage/AvatarsPage.module.scss 3:19  root stylesheet
app:build: 
app:build: [33m[1mDeprecation Warning[0m [[34mimport[0m]: Sass @import rules are deprecated and will be removed in Dart Sass 3.0.0.
app:build: 
app:build: More info and automated migrator: https://sass-lang.com/d/import
app:build: 
app:build: [34m  ‚ï∑[0m
app:build: [34m4 ‚îÇ[0m           @import [31m"@/styles/breakpoints.scss"[0m;
app:build: [34m  ‚îÇ[0m [31m                  ^^^^^^^^^^^^^^^^^^^^^^^^^^^[0m
app:build: [34m  ‚ïµ[0m
app:build:     src/pages/AvatarsPage/AvatarsPage.module.scss 4:19  root stylesheet
app:build: 
app:build: [33m[1mDeprecation Warning[0m [[34mimport[0m]: Sass @import rules are deprecated and will be removed in Dart Sass 3.0.0.
app:build: 
app:build: More info and automated migrator: https://sass-lang.com/d/import
app:build: 
app:build: [34m  ‚ï∑[0m
app:build: [34m5 ‚îÇ[0m           @import [31m"@/styles/mixins.scss"[0m;
app:build: [34m  ‚îÇ[0m [31m                  ^^^^^^^^^^^^^^^^^^^^^^[0m
app:build: [34m  ‚ïµ[0m
app:build:     src/pages/AvatarsPage/AvatarsPage.module.scss 5:19  root stylesheet
app:build: 
app:build: [33m[1mDeprecation Warning[0m [[34mimport[0m]: Sass @import rules are deprecated and will be removed in Dart Sass 3.0.0.
app:build: 
app:build: More info and automated migrator: https://sass-lang.com/d/import
app:build: 
app:build: [34m  ‚ï∑[0m
app:build: [34m6 ‚îÇ[0m           @import [31m"@/styles/consts.scss"[0m;
app:build: [34m  ‚îÇ[0m [31m                  ^^^^^^^^^^^^^^^^^^^^^^[0m
app:build: [34m  ‚ïµ[0m
app:build:     src/pages/AvatarsPage/AvatarsPage.module.scss 6:19  root stylesheet
app:build: 
app:build: [33m[1mDeprecation Warning[0m [[34mlegacy-js-api[0m]: The legacy JS API is deprecated and will be removed in Dart Sass 2.0.0.
app:build: 
app:build: More info: https://sass-lang.com/d/legacy-js-api
app:build: 
app:build: [33m[1mDeprecation Warning[0m [[34mimport[0m]: Sass @import rules are deprecated and will be removed in Dart Sass 3.0.0.
app:build: 
app:build: More info and automated migrator: https://sass-lang.com/d/import
app:build: 
app:build: [34m  ‚ï∑[0m
app:build: [34m2 ‚îÇ[0m           @import [31m"@/styles/colors.scss"[0m;
app:build: [34m  ‚îÇ[0m [31m                  ^^^^^^^^^^^^^^^^^^^^^^[0m
app:build: [34m  ‚ïµ[0m
app:build:     src/pages/SettingsPage/SettingsPage.module.scss 2:19  root stylesheet
app:build: 
app:build: [33m[1mDeprecation Warning[0m [[34mimport[0m]: Sass @import rules are deprecated and will be removed in Dart Sass 3.0.0.
app:build: 
app:build: More info and automated migrator: https://sass-lang.com/d/import
app:build: 
app:build: [34m  ‚ï∑[0m
app:build: [34m3 ‚îÇ[0m           @import [31m"@/styles/fonts.scss"[0m;
app:build: [34m  ‚îÇ[0m [31m                  ^^^^^^^^^^^^^^^^^^^^^[0m
app:build: [34m  ‚ïµ[0m
app:build:     src/pages/SettingsPage/SettingsPage.module.scss 3:19  root stylesheet
app:build: 
app:build: [33m[1mDeprecation Warning[0m [[34mimport[0m]: Sass @import rules are deprecated and will be removed in Dart Sass 3.0.0.
app:build: 
app:build: More info and automated migrator: https://sass-lang.com/d/import
app:build: 
app:build: [34m  ‚ï∑[0m
app:build: [34m4 ‚îÇ[0m           @import [31m"@/styles/breakpoints.scss"[0m;
app:build: [34m  ‚îÇ[0m [31m                  ^^^^^^^^^^^^^^^^^^^^^^^^^^^[0m
app:build: [34m  ‚ïµ[0m
app:build:     src/pages/SettingsPage/SettingsPage.module.scss 4:19  root stylesheet
app:build: 
app:build: [33m[1mDeprecation Warning[0m [[34mimport[0m]: Sass @import rules are deprecated and will be removed in Dart Sass 3.0.0.
app:build: 
app:build: More info and automated migrator: https://sass-lang.com/d/import
app:build: 
app:build: [34m  ‚ï∑[0m
app:build: [34m5 ‚îÇ[0m           @import [31m"@/styles/mixins.scss"[0m;
app:build: [34m  ‚îÇ[0m [31m                  ^^^^^^^^^^^^^^^^^^^^^^[0m
app:build: [34m  ‚ïµ[0m
app:build:     src/pages/SettingsPage/SettingsPage.module.scss 5:19  root stylesheet
app:build: 
app:build: [33m[1mDeprecation Warning[0m [[34mimport[0m]: Sass @import rules are deprecated and will be removed in Dart Sass 3.0.0.
app:build: 
app:build: More info and automated migrator: https://sass-lang.com/d/import
app:build: 
app:build: [34m  ‚ï∑[0m
app:build: [34m6 ‚îÇ[0m           @import [31m"@/styles/consts.scss"[0m;
app:build: [34m  ‚îÇ[0m [31m                  ^^^^^^^^^^^^^^^^^^^^^^[0m
app:build: [34m  ‚ïµ[0m
app:build:     src/pages/SettingsPage/SettingsPage.module.scss 6:19  root stylesheet
app:build: 
app:build: [33m[1mDeprecation Warning[0m [[34mlegacy-js-api[0m]: The legacy JS API is deprecated and will be removed in Dart Sass 2.0.0.
app:build: 
app:build: More info: https://sass-lang.com/d/legacy-js-api
app:build: 
app:build: [33m[1mDeprecation Warning[0m [[34mimport[0m]: Sass @import rules are deprecated and will be removed in Dart Sass 3.0.0.
app:build: 
app:build: More info and automated migrator: https://sass-lang.com/d/import
app:build: 
app:build: [34m  ‚ï∑[0m
app:build: [34m2 ‚îÇ[0m           @import [31m"@/styles/colors.scss"[0m;
app:build: [34m  ‚îÇ[0m [31m                  ^^^^^^^^^^^^^^^^^^^^^^[0m
app:build: [34m  ‚ïµ[0m
app:build:     src/pages/NotificationsPage/NotificationsPage.module.scss 2:19  root stylesheet
app:build: 
app:build: [33m[1mDeprecation Warning[0m [[34mimport[0m]: Sass @import rules are deprecated and will be removed in Dart Sass 3.0.0.
app:build: 
app:build: More info and automated migrator: https://sass-lang.com/d/import
app:build: 
app:build: [34m  ‚ï∑[0m
app:build: [34m3 ‚îÇ[0m           @import [31m"@/styles/fonts.scss"[0m;
app:build: [34m  ‚îÇ[0m [31m                  ^^^^^^^^^^^^^^^^^^^^^[0m
app:build: [34m  ‚ïµ[0m
app:build:     src/pages/NotificationsPage/NotificationsPage.module.scss 3:19  root stylesheet
app:build: 
app:build: [33m[1mDeprecation Warning[0m [[34mimport[0m]: Sass @import rules are deprecated and will be removed in Dart Sass 3.0.0.
app:build: 
app:build: More info and automated migrator: https://sass-lang.com/d/import
app:build: 
app:build: [34m  ‚ï∑[0m
app:build: [34m4 ‚îÇ[0m           @import [31m"@/styles/breakpoints.scss"[0m;
app:build: [34m  ‚îÇ[0m [31m                  ^^^^^^^^^^^^^^^^^^^^^^^^^^^[0m
app:build: [34m  ‚ïµ[0m
app:build:     src/pages/NotificationsPage/NotificationsPage.module.scss 4:19  root stylesheet
app:build: 
app:build: [33m[1mDeprecation Warning[0m [[34mimport[0m]: Sass @import rules are deprecated and will be removed in Dart Sass 3.0.0.
app:build: 
app:build: More info and automated migrator: https://sass-lang.com/d/import
app:build: 
app:build: [34m  ‚ï∑[0m
app:build: [34m5 ‚îÇ[0m           @import [31m"@/styles/mixins.scss"[0m;
app:build: [34m  ‚îÇ[0m [31m                  ^^^^^^^^^^^^^^^^^^^^^^[0m
app:build: [34m  ‚ïµ[0m
app:build:     src/pages/NotificationsPage/NotificationsPage.module.scss 5:19  root stylesheet
app:build: 
app:build: [33m[1mDeprecation Warning[0m [[34mimport[0m]: Sass @import rules are deprecated and will be removed in Dart Sass 3.0.0.
app:build: 
app:build: More info and automated migrator: https://sass-lang.com/d/import
app:build: 
app:build: [34m  ‚ï∑[0m
app:build: [34m6 ‚îÇ[0m           @import [31m"@/styles/consts.scss"[0m;
app:build: [34m  ‚îÇ[0m [31m                  ^^^^^^^^^^^^^^^^^^^^^^[0m
app:build: [34m  ‚ïµ[0m
app:build:     src/pages/NotificationsPage/NotificationsPage.module.scss 6:19  root stylesheet
app:build: 
app:build: [33m[1mDeprecation Warning[0m [[34mlegacy-js-api[0m]: The legacy JS API is deprecated and will be removed in Dart Sass 2.0.0.
app:build: 
app:build: More info: https://sass-lang.com/d/legacy-js-api
app:build: 
app:build: [33m[1mDeprecation Warning[0m [[34mimport[0m]: Sass @import rules are deprecated and will be removed in Dart Sass 3.0.0.
app:build: 
app:build: More info and automated migrator: https://sass-lang.com/d/import
app:build: 
app:build: [34m  ‚ï∑[0m
app:build: [34m2 ‚îÇ[0m           @import [31m"@/styles/colors.scss"[0m;
app:build: [34m  ‚îÇ[0m [31m                  ^^^^^^^^^^^^^^^^^^^^^^[0m
app:build: [34m  ‚ïµ[0m
app:build:     src/pages/FlyTalksApplyPage/FlyTalksApplyPage.module.scss 2:19  root stylesheet
app:build: 
app:build: [33m[1mDeprecation Warning[0m [[34mimport[0m]: Sass @import rules are deprecated and will be removed in Dart Sass 3.0.0.
app:build: 
app:build: More info and automated migrator: https://sass-lang.com/d/import
app:build: 
app:build: [34m  ‚ï∑[0m
app:build: [34m3 ‚îÇ[0m           @import [31m"@/styles/fonts.scss"[0m;
app:build: [34m  ‚îÇ[0m [31m                  ^^^^^^^^^^^^^^^^^^^^^[0m
app:build: [34m  ‚ïµ[0m
app:build:     src/pages/FlyTalksApplyPage/FlyTalksApplyPage.module.scss 3:19  root stylesheet
app:build: 
app:build: [33m[1mDeprecation Warning[0m [[34mimport[0m]: Sass @import rules are deprecated and will be removed in Dart Sass 3.0.0.
app:build: 
app:build: More info and automated migrator: https://sass-lang.com/d/import
app:build: 
app:build: [34m  ‚ï∑[0m
app:build: [34m4 ‚îÇ[0m           @import [31m"@/styles/breakpoints.scss"[0m;
app:build: [34m  ‚îÇ[0m [31m                  ^^^^^^^^^^^^^^^^^^^^^^^^^^^[0m
app:build: [34m  ‚ïµ[0m
app:build:     src/pages/FlyTalksApplyPage/FlyTalksApplyPage.module.scss 4:19  root stylesheet
app:build: 
app:build: [33m[1mDeprecation Warning[0m [[34mimport[0m]: Sass @import rules are deprecated and will be removed in Dart Sass 3.0.0.
app:build: 
app:build: More info and automated migrator: https://sass-lang.com/d/import
app:build: 
app:build: [34m  ‚ï∑[0m
app:build: [34m5 ‚îÇ[0m           @import [31m"@/styles/mixins.scss"[0m;
app:build: [34m  ‚îÇ[0m [31m                  ^^^^^^^^^^^^^^^^^^^^^^[0m
app:build: [34m  ‚ïµ[0m
app:build:     src/pages/FlyTalksApplyPage/FlyTalksApplyPage.module.scss 5:19  root stylesheet
app:build: 
app:build: [33m[1mDeprecation Warning[0m [[34mimport[0m]: Sass @import rules are deprecated and will be removed in Dart Sass 3.0.0.
app:build: 
app:build: More info and automated migrator: https://sass-lang.com/d/import
app:build: 
app:build: [34m  ‚ï∑[0m
app:build: [34m6 ‚îÇ[0m           @import [31m"@/styles/consts.scss"[0m;
app:build: [34m  ‚îÇ[0m [31m                  ^^^^^^^^^^^^^^^^^^^^^^[0m
app:build: [34m  ‚ïµ[0m
app:build:     src/pages/FlyTalksApplyPage/FlyTalksApplyPage.module.scss 6:19  root stylesheet
app:build: 
app:build: [33m[1mDeprecation Warning[0m [[34mlegacy-js-api[0m]: The legacy JS API is deprecated and will be removed in Dart Sass 2.0.0.
app:build: 
app:build: More info: https://sass-lang.com/d/legacy-js-api
app:build: 
app:build: [33m[1mDeprecation Warning[0m [[34mimport[0m]: Sass @import rules are deprecated and will be removed in Dart Sass 3.0.0.
app:build: 
app:build: More info and automated migrator: https://sass-lang.com/d/import
app:build: 
app:build: [34m  ‚ï∑[0m
app:build: [34m2 ‚îÇ[0m           @import [31m"@/styles/colors.scss"[0m;
app:build: [34m  ‚îÇ[0m [31m                  ^^^^^^^^^^^^^^^^^^^^^^[0m
app:build: [34m  ‚ïµ[0m
app:build:     src/pages/ProfileRecommendationsPage/ProfileRecommendationsPage.module.scss 2:19  root stylesheet
app:build: 
app:build: [33m[1mDeprecation Warning[0m [[34mimport[0m]: Sass @import rules are deprecated and will be removed in Dart Sass 3.0.0.
app:build: 
app:build: More info and automated migrator: https://sass-lang.com/d/import
app:build: 
app:build: [34m  ‚ï∑[0m
app:build: [34m3 ‚îÇ[0m           @import [31m"@/styles/fonts.scss"[0m;
app:build: [34m  ‚îÇ[0m [31m                  ^^^^^^^^^^^^^^^^^^^^^[0m
app:build: [34m  ‚ïµ[0m
app:build:     src/pages/ProfileRecommendationsPage/ProfileRecommendationsPage.module.scss 3:19  root stylesheet
app:build: 
app:build: [33m[1mDeprecation Warning[0m [[34mimport[0m]: Sass @import rules are deprecated and will be removed in Dart Sass 3.0.0.
app:build: 
app:build: More info and automated migrator: https://sass-lang.com/d/import
app:build: 
app:build: [34m  ‚ï∑[0m
app:build: [34m4 ‚îÇ[0m           @import [31m"@/styles/breakpoints.scss"[0m;
app:build: [34m  ‚îÇ[0m [31m                  ^^^^^^^^^^^^^^^^^^^^^^^^^^^[0m
app:build: [34m  ‚ïµ[0m
app:build:     src/pages/ProfileRecommendationsPage/ProfileRecommendationsPage.module.scss 4:19  root stylesheet
app:build: 
app:build: [33m[1mDeprecation Warning[0m [[34mimport[0m]: Sass @import rules are deprecated and will be removed in Dart Sass 3.0.0.
app:build: 
app:build: More info and automated migrator: https://sass-lang.com/d/import
app:build: 
app:build: [34m  ‚ï∑[0m
app:build: [34m5 ‚îÇ[0m           @import [31m"@/styles/mixins.scss"[0m;
app:build: [34m  ‚îÇ[0m [31m                  ^^^^^^^^^^^^^^^^^^^^^^[0m
app:build: [34m  ‚ïµ[0m
app:build:     src/pages/ProfileRecommendationsPage/ProfileRecommendationsPage.module.scss 5:19  root stylesheet
app:build: 
app:build: [33m[1mDeprecation Warning[0m [[34mimport[0m]: Sass @import rules are deprecated and will be removed in Dart Sass 3.0.0.
app:build: 
app:build: More info and automated migrator: https://sass-lang.com/d/import
app:build: 
app:build: [34m  ‚ï∑[0m
app:build: [34m6 ‚îÇ[0m           @import [31m"@/styles/consts.scss"[0m;
app:build: [34m  ‚îÇ[0m [31m                  ^^^^^^^^^^^^^^^^^^^^^^[0m
app:build: [34m  ‚ïµ[0m
app:build:     src/pages/ProfileRecommendationsPage/ProfileRecommendationsPage.module.scss 6:19  root stylesheet
app:build: 
app:build: [33m[1mDeprecation Warning[0m [[34mlegacy-js-api[0m]: The legacy JS API is deprecated and will be removed in Dart Sass 2.0.0.
app:build: 
app:build: More info: https://sass-lang.com/d/legacy-js-api
app:build: 
app:build: [33m[1mDeprecation Warning[0m [[34mimport[0m]: Sass @import rules are deprecated and will be removed in Dart Sass 3.0.0.
app:build: 
app:build: More info and automated migrator: https://sass-lang.com/d/import
app:build: 
app:build: [34m  ‚ï∑[0m
app:build: [34m2 ‚îÇ[0m           @import [31m"@/styles/colors.scss"[0m;
app:build: [34m  ‚îÇ[0m [31m                  ^^^^^^^^^^^^^^^^^^^^^^[0m
app:build: [34m  ‚ïµ[0m
app:build:     src/pages/SchedulePage/SchedulePage.module.scss 2:19  root stylesheet
app:build: 
app:build: [33m[1mDeprecation Warning[0m [[34mimport[0m]: Sass @import rules are deprecated and will be removed in Dart Sass 3.0.0.
app:build: 
app:build: More info and automated migrator: https://sass-lang.com/d/import
app:build: 
app:build: [34m  ‚ï∑[0m
app:build: [34m3 ‚îÇ[0m           @import [31m"@/styles/fonts.scss"[0m;
app:build: [34m  ‚îÇ[0m [31m                  ^^^^^^^^^^^^^^^^^^^^^[0m
app:build: [34m  ‚ïµ[0m
app:build:     src/pages/SchedulePage/SchedulePage.module.scss 3:19  root stylesheet
app:build: 
app:build: [33m[1mDeprecation Warning[0m [[34mimport[0m]: Sass @import rules are deprecated and will be removed in Dart Sass 3.0.0.
app:build: 
app:build: More info and automated migrator: https://sass-lang.com/d/import
app:build: 
app:build: [34m  ‚ï∑[0m
app:build: [34m4 ‚îÇ[0m           @import [31m"@/styles/breakpoints.scss"[0m;
app:build: [34m  ‚îÇ[0m [31m                  ^^^^^^^^^^^^^^^^^^^^^^^^^^^[0m
app:build: [34m  ‚ïµ[0m
app:build:     src/pages/SchedulePage/SchedulePage.module.scss 4:19  root stylesheet
app:build: 
app:build: [33m[1mDeprecation Warning[0m [[34mimport[0m]: Sass @import rules are deprecated and will be removed in Dart Sass 3.0.0.
app:build: 
app:build: More info and automated migrator: https://sass-lang.com/d/import
app:build: 
app:build: [34m  ‚ï∑[0m
app:build: [34m5 ‚îÇ[0m           @import [31m"@/styles/mixins.scss"[0m;
app:build: [34m  ‚îÇ[0m [31m                  ^^^^^^^^^^^^^^^^^^^^^^[0m
app:build: [34m  ‚ïµ[0m
app:build:     src/pages/SchedulePage/SchedulePage.module.scss 5:19  root stylesheet
app:build: 
app:build: [33m[1mDeprecation Warning[0m [[34mimport[0m]: Sass @import rules are deprecated and will be removed in Dart Sass 3.0.0.
app:build: 
app:build: More info and automated migrator: https://sass-lang.com/d/import
app:build: 
app:build: [34m  ‚ï∑[0m
app:build: [34m6 ‚îÇ[0m           @import [31m"@/styles/consts.scss"[0m;
app:build: [34m  ‚îÇ[0m [31m                  ^^^^^^^^^^^^^^^^^^^^^^[0m
app:build: [34m  ‚ïµ[0m
app:build:     src/pages/SchedulePage/SchedulePage.module.scss 6:19  root stylesheet
app:build: 
app:build: [2K[1Gtransforming (172) [2m../../node_modules/clsx/dist/clsx.mjs[22m[33m[1mDeprecation Warning[0m [[34mlegacy-js-api[0m]: The legacy JS API is deprecated and will be removed in Dart Sass 2.0.0.
app:build: 
app:build: More info: https://sass-lang.com/d/legacy-js-api
app:build: 
app:build: [33m[1mDeprecation Warning[0m [[34mimport[0m]: Sass @import rules are deprecated and will be removed in Dart Sass 3.0.0.
app:build: 
app:build: More info and automated migrator: https://sass-lang.com/d/import
app:build: 
app:build: [34m  ‚ï∑[0m
app:build: [34m2 ‚îÇ[0m           @import [31m"@/styles/colors.scss"[0m;
app:build: [34m  ‚îÇ[0m [31m                  ^^^^^^^^^^^^^^^^^^^^^^[0m
app:build: [34m  ‚ïµ[0m
app:build:     src/pages/FloorPlanPage/BoothPopup/BoothPopup.module.scss 2:19  root stylesheet
app:build: 
app:build: [33m[1mDeprecation Warning[0m [[34mimport[0m]: Sass @import rules are deprecated and will be removed in Dart Sass 3.0.0.
app:build: 
app:build: More info and automated migrator: https://sass-lang.com/d/import
app:build: 
app:build: [34m  ‚ï∑[0m
app:build: [34m3 ‚îÇ[0m           @import [31m"@/styles/fonts.scss"[0m;
app:build: [34m  ‚îÇ[0m [31m                  ^^^^^^^^^^^^^^^^^^^^^[0m
app:build: [34m  ‚ïµ[0m
app:build:     src/pages/FloorPlanPage/BoothPopup/BoothPopup.module.scss 3:19  root stylesheet
app:build: 
app:build: [33m[1mDeprecation Warning[0m [[34mimport[0m]: Sass @import rules are deprecated and will be removed in Dart Sass 3.0.0.
app:build: 
app:build: More info and automated migrator: https://sass-lang.com/d/import
app:build: 
app:build: [34m  ‚ï∑[0m
app:build: [34m4 ‚îÇ[0m           @import [31m"@/styles/breakpoints.scss"[0m;
app:build: [34m  ‚îÇ[0m [31m                  ^^^^^^^^^^^^^^^^^^^^^^^^^^^[0m
app:build: [34m  ‚ïµ[0m
app:build:     src/pages/FloorPlanPage/BoothPopup/BoothPopup.module.scss 4:19  root stylesheet
app:build: 
app:build: [33m[1mDeprecation Warning[0m [[34mimport[0m]: Sass @import rules are deprecated and will be removed in Dart Sass 3.0.0.
app:build: 
app:build: More info and automated migrator: https://sass-lang.com/d/import
app:build: 
app:build: [34m  ‚ï∑[0m
app:build: [34m5 ‚îÇ[0m           @import [31m"@/styles/mixins.scss"[0m;
app:build: [34m  ‚îÇ[0m [31m                  ^^^^^^^^^^^^^^^^^^^^^^[0m
app:build: [34m  ‚ïµ[0m
app:build:     src/pages/FloorPlanPage/BoothPopup/BoothPopup.module.scss 5:19  root stylesheet
app:build: 
app:build: [33m[1mDeprecation Warning[0m [[34mimport[0m]: Sass @import rules are deprecated and will be removed in Dart Sass 3.0.0.
app:build: 
app:build: More info and automated migrator: https://sass-lang.com/d/import
app:build: 
app:build: [34m  ‚ï∑[0m
app:build: [34m6 ‚îÇ[0m           @import [31m"@/styles/consts.scss"[0m;
app:build: [34m  ‚îÇ[0m [31m                  ^^^^^^^^^^^^^^^^^^^^^^[0m
app:build: [34m  ‚ïµ[0m
app:build:     src/pages/FloorPlanPage/BoothPopup/BoothPopup.module.scss 6:19  root stylesheet
app:build: 
app:build: [2K[1Gtransforming (253) [2msrc/components/ClickableTagGroup/index.ts[22m[33m[1mDeprecation Warning[0m [[34mlegacy-js-api[0m]: The legacy JS API is deprecated and will be removed in Dart Sass 2.0.0.
app:build: 
app:build: More info: https://sass-lang.com/d/legacy-js-api
app:build: 
app:build: [33m[1mDeprecation Warning[0m [[34mimport[0m]: Sass @import rules are deprecated and will be removed in Dart Sass 3.0.0.
app:build: 
app:build: More info and automated migrator: https://sass-lang.com/d/import
app:build: 
app:build: [34m  ‚ï∑[0m
app:build: [34m2 ‚îÇ[0m           @import [31m"@/styles/colors.scss"[0m;
app:build: [34m  ‚îÇ[0m [31m                  ^^^^^^^^^^^^^^^^^^^^^^[0m
app:build: [34m  ‚ïµ[0m
app:build:     src/components/AvatarPointsCircle/AvatarPointsCircle.module.scss 2:19  root stylesheet
app:build: 
app:build: [33m[1mDeprecation Warning[0m [[34mimport[0m]: Sass @import rules are deprecated and will be removed in Dart Sass 3.0.0.
app:build: 
app:build: More info and automated migrator: https://sass-lang.com/d/import
app:build: 
app:build: [34m  ‚ï∑[0m
app:build: [34m3 ‚îÇ[0m           @import [31m"@/styles/fonts.scss"[0m;
app:build: [34m  ‚îÇ[0m [31m                  ^^^^^^^^^^^^^^^^^^^^^[0m
app:build: [34m  ‚ïµ[0m
app:build:     src/components/AvatarPointsCircle/AvatarPointsCircle.module.scss 3:19  root stylesheet
app:build: 
app:build: [33m[1mDeprecation Warning[0m [[34mimport[0m]: Sass @import rules are deprecated and will be removed in Dart Sass 3.0.0.
app:build: 
app:build: More info and automated migrator: https://sass-lang.com/d/import
app:build: 
app:build: [34m  ‚ï∑[0m
app:build: [34m4 ‚îÇ[0m           @import [31m"@/styles/breakpoints.scss"[0m;
app:build: [34m  ‚îÇ[0m [31m                  ^^^^^^^^^^^^^^^^^^^^^^^^^^^[0m
app:build: [34m  ‚ïµ[0m
app:build:     src/components/AvatarPointsCircle/AvatarPointsCircle.module.scss 4:19  root stylesheet
app:build: 
app:build: [33m[1mDeprecation Warning[0m [[34mimport[0m]: Sass @import rules are deprecated and will be removed in Dart Sass 3.0.0.
app:build: 
app:build: More info and automated migrator: https://sass-lang.com/d/import
app:build: 
app:build: [34m  ‚ï∑[0m
app:build: [34m5 ‚îÇ[0m           @import [31m"@/styles/mixins.scss"[0m;
app:build: [34m  ‚îÇ[0m [31m                  ^^^^^^^^^^^^^^^^^^^^^^[0m
app:build: [34m  ‚ïµ[0m
app:build:     src/components/AvatarPointsCircle/AvatarPointsCircle.module.scss 5:19  root stylesheet
app:build: 
app:build: [33m[1mDeprecation Warning[0m [[34mimport[0m]: Sass @import rules are deprecated and will be removed in Dart Sass 3.0.0.
app:build: 
app:build: More info and automated migrator: https://sass-lang.com/d/import
app:build: 
app:build: [34m  ‚ï∑[0m
app:build: [34m6 ‚îÇ[0m           @import [31m"@/styles/consts.scss"[0m;
app:build: [34m  ‚îÇ[0m [31m                  ^^^^^^^^^^^^^^^^^^^^^^[0m
app:build: [34m  ‚ïµ[0m
app:build:     src/components/AvatarPointsCircle/AvatarPointsCircle.module.scss 6:19  root stylesheet
app:build: 
app:build: [33m[1mDeprecation Warning[0m [[34mlegacy-js-api[0m]: The legacy JS API is deprecated and will be removed in Dart Sass 2.0.0.
app:build: 
app:build: More info: https://sass-lang.com/d/legacy-js-api
app:build: 
app:build: [33m[1mDeprecation Warning[0m [[34mimport[0m]: Sass @import rules are deprecated and will be removed in Dart Sass 3.0.0.
app:build: 
app:build: More info and automated migrator: https://sass-lang.com/d/import
app:build: 
app:build: [34m  ‚ï∑[0m
app:build: [34m2 ‚îÇ[0m           @import [31m"@/styles/colors.scss"[0m;
app:build: [34m  ‚îÇ[0m [31m                  ^^^^^^^^^^^^^^^^^^^^^^[0m
app:build: [34m  ‚ïµ[0m
app:build:     src/components/InterestCardsSection/InterestCardsSection.module.scss 2:19  root stylesheet
app:build: 
app:build: [33m[1mDeprecation Warning[0m [[34mimport[0m]: Sass @import rules are deprecated and will be removed in Dart Sass 3.0.0.
app:build: 
app:build: More info and automated migrator: https://sass-lang.com/d/import
app:build: 
app:build: [34m  ‚ï∑[0m
app:build: [34m3 ‚îÇ[0m           @import [31m"@/styles/fonts.scss"[0m;
app:build: [34m  ‚îÇ[0m [31m                  ^^^^^^^^^^^^^^^^^^^^^[0m
app:build: [34m  ‚ïµ[0m
app:build:     src/components/InterestCardsSection/InterestCardsSection.module.scss 3:19  root stylesheet
app:build: 
app:build: [33m[1mDeprecation Warning[0m [[34mimport[0m]: Sass @import rules are deprecated and will be removed in Dart Sass 3.0.0.
app:build: 
app:build: More info and automated migrator: https://sass-lang.com/d/import
app:build: 
app:build: [34m  ‚ï∑[0m
app:build: [34m4 ‚îÇ[0m           @import [31m"@/styles/breakpoints.scss"[0m;
app:build: [34m  ‚îÇ[0m [31m                  ^^^^^^^^^^^^^^^^^^^^^^^^^^^[0m
app:build: [34m  ‚ïµ[0m
app:build:     src/components/InterestCardsSection/InterestCardsSection.module.scss 4:19  root stylesheet
app:build: 
app:build: [33m[1mDeprecation Warning[0m [[34mimport[0m]: Sass @import rules are deprecated and will be removed in Dart Sass 3.0.0.
app:build: 
app:build: More info and automated migrator: https://sass-lang.com/d/import
app:build: 
app:build: [34m  ‚ï∑[0m
app:build: [34m5 ‚îÇ[0m           @import [31m"@/styles/mixins.scss"[0m;
app:build: [34m  ‚îÇ[0m [31m                  ^^^^^^^^^^^^^^^^^^^^^^[0m
app:build: [34m  ‚ïµ[0m
app:build:     src/components/InterestCardsSection/InterestCardsSection.module.scss 5:19  root stylesheet
app:build: 
app:build: [33m[1mDeprecation Warning[0m [[34mimport[0m]: Sass @import rules are deprecated and will be removed in Dart Sass 3.0.0.
app:build: 
app:build: More info and automated migrator: https://sass-lang.com/d/import
app:build: 
app:build: [34m  ‚ï∑[0m
app:build: [34m6 ‚îÇ[0m           @import [31m"@/styles/consts.scss"[0m;
app:build: [34m  ‚îÇ[0m [31m                  ^^^^^^^^^^^^^^^^^^^^^^[0m
app:build: [34m  ‚ïµ[0m
app:build:     src/components/InterestCardsSection/InterestCardsSection.module.scss 6:19  root stylesheet
app:build: 
app:build: [33m[1mDeprecation Warning[0m [[34mlegacy-js-api[0m]: The legacy JS API is deprecated and will be removed in Dart Sass 2.0.0.
app:build: 
app:build: More info: https://sass-lang.com/d/legacy-js-api
app:build: 
app:build: [33m[1mDeprecation Warning[0m [[34mimport[0m]: Sass @import rules are deprecated and will be removed in Dart Sass 3.0.0.
app:build: 
app:build: More info and automated migrator: https://sass-lang.com/d/import
app:build: 
app:build: [34m  ‚ï∑[0m
app:build: [34m2 ‚îÇ[0m           @import [31m"@/styles/colors.scss"[0m;
app:build: [34m  ‚îÇ[0m [31m                  ^^^^^^^^^^^^^^^^^^^^^^[0m
app:build: [34m  ‚ïµ[0m
app:build:     src/components/RegistrationForms/GeneralRegistrationForm/GeneralRegistrationForm.module.scss 2:19  root stylesheet
app:build: 
app:build: [33m[1mDeprecation Warning[0m [[34mimport[0m]: Sass @import rules are deprecated and will be removed in Dart Sass 3.0.0.
app:build: 
app:build: More info and automated migrator: https://sass-lang.com/d/import
app:build: 
app:build: [34m  ‚ï∑[0m
app:build: [34m3 ‚îÇ[0m           @import [31m"@/styles/fonts.scss"[0m;
app:build: [34m  ‚îÇ[0m [31m                  ^^^^^^^^^^^^^^^^^^^^^[0m
app:build: [34m  ‚ïµ[0m
app:build:     src/components/RegistrationForms/GeneralRegistrationForm/GeneralRegistrationForm.module.scss 3:19  root stylesheet
app:build: 
app:build: [33m[1mDeprecation Warning[0m [[34mimport[0m]: Sass @import rules are deprecated and will be removed in Dart Sass 3.0.0.
app:build: 
app:build: More info and automated migrator: https://sass-lang.com/d/import
app:build: 
app:build: [34m  ‚ï∑[0m
app:build: [34m4 ‚îÇ[0m           @import [31m"@/styles/breakpoints.scss"[0m;
app:build: [34m  ‚îÇ[0m [31m                  ^^^^^^^^^^^^^^^^^^^^^^^^^^^[0m
app:build: [34m  ‚ïµ[0m
app:build:     src/components/RegistrationForms/GeneralRegistrationForm/GeneralRegistrationForm.module.scss 4:19  root stylesheet
app:build: 
app:build: [33m[1mDeprecation Warning[0m [[34mimport[0m]: Sass @import rules are deprecated and will be removed in Dart Sass 3.0.0.
app:build: 
app:build: More info and automated migrator: https://sass-lang.com/d/import
app:build: 
app:build: [34m  ‚ï∑[0m
app:build: [34m5 ‚îÇ[0m           @import [31m"@/styles/mixins.scss"[0m;
app:build: [34m  ‚îÇ[0m [31m                  ^^^^^^^^^^^^^^^^^^^^^^[0m
app:build: [34m  ‚ïµ[0m
app:build:     src/components/RegistrationForms/GeneralRegistrationForm/GeneralRegistrationForm.module.scss 5:19  root stylesheet
app:build: 
app:build: [33m[1mDeprecation Warning[0m [[34mimport[0m]: Sass @import rules are deprecated and will be removed in Dart Sass 3.0.0.
app:build: 
app:build: More info and automated migrator: https://sass-lang.com/d/import
app:build: 
app:build: [34m  ‚ï∑[0m
app:build: [34m6 ‚îÇ[0m           @import [31m"@/styles/consts.scss"[0m;
app:build: [34m  ‚îÇ[0m [31m                  ^^^^^^^^^^^^^^^^^^^^^^[0m
app:build: [34m  ‚ïµ[0m
app:build:     src/components/RegistrationForms/GeneralRegistrationForm/GeneralRegistrationForm.module.scss 6:19  root stylesheet
app:build: 
app:build: [33m[1mDeprecation Warning[0m [[34mlegacy-js-api[0m]: The legacy JS API is deprecated and will be removed in Dart Sass 2.0.0.
app:build: 
app:build: More info: https://sass-lang.com/d/legacy-js-api
app:build: 
app:build: [33m[1mDeprecation Warning[0m [[34mimport[0m]: Sass @import rules are deprecated and will be removed in Dart Sass 3.0.0.
app:build: 
app:build: More info and automated migrator: https://sass-lang.com/d/import
app:build: 
app:build: [34m  ‚ï∑[0m
app:build: [34m2 ‚îÇ[0m           @import [31m"@/styles/colors.scss"[0m;
app:build: [34m  ‚îÇ[0m [31m                  ^^^^^^^^^^^^^^^^^^^^^^[0m
app:build: [34m  ‚ïµ[0m
app:build:     src/pages/ProfileInterestsPage/popups/InterestsForUpdatePopup.module.scss 2:19  root stylesheet
app:build: 
app:build: [33m[1mDeprecation Warning[0m [[34mimport[0m]: Sass @import rules are deprecated and will be removed in Dart Sass 3.0.0.
app:build: 
app:build: More info and automated migrator: https://sass-lang.com/d/import
app:build: 
app:build: [34m  ‚ï∑[0m
app:build: [34m3 ‚îÇ[0m           @import [31m"@/styles/fonts.scss"[0m;
app:build: [34m  ‚îÇ[0m [31m                  ^^^^^^^^^^^^^^^^^^^^^[0m
app:build: [34m  ‚ïµ[0m
app:build:     src/pages/ProfileInterestsPage/popups/InterestsForUpdatePopup.module.scss 3:19  root stylesheet
app:build: 
app:build: [33m[1mDeprecation Warning[0m [[34mimport[0m]: Sass @import rules are deprecated and will be removed in Dart Sass 3.0.0.
app:build: 
app:build: More info and automated migrator: https://sass-lang.com/d/import
app:build: 
app:build: [34m  ‚ï∑[0m
app:build: [34m4 ‚îÇ[0m           @import [31m"@/styles/breakpoints.scss"[0m;
app:build: [34m  ‚îÇ[0m [31m                  ^^^^^^^^^^^^^^^^^^^^^^^^^^^[0m
app:build: [34m  ‚ïµ[0m
app:build:     src/pages/ProfileInterestsPage/popups/InterestsForUpdatePopup.module.scss 4:19  root stylesheet
app:build: 
app:build: [33m[1mDeprecation Warning[0m [[34mimport[0m]: Sass @import rules are deprecated and will be removed in Dart Sass 3.0.0.
app:build: 
app:build: More info and automated migrator: https://sass-lang.com/d/import
app:build: 
app:build: [34m  ‚ï∑[0m
app:build: [34m5 ‚îÇ[0m           @import [31m"@/styles/mixins.scss"[0m;
app:build: [34m  ‚îÇ[0m [31m                  ^^^^^^^^^^^^^^^^^^^^^^[0m
app:build: [34m  ‚ïµ[0m
app:build:     src/pages/ProfileInterestsPage/popups/InterestsForUpdatePopup.module.scss 5:19  root stylesheet
app:build: 
app:build: [33m[1mDeprecation Warning[0m [[34mimport[0m]: Sass @import rules are deprecated and will be removed in Dart Sass 3.0.0.
app:build: 
app:build: More info and automated migrator: https://sass-lang.com/d/import
app:build: 
app:build: [34m  ‚ï∑[0m
app:build: [34m6 ‚îÇ[0m           @import [31m"@/styles/consts.scss"[0m;
app:build: [34m  ‚îÇ[0m [31m                  ^^^^^^^^^^^^^^^^^^^^^^[0m
app:build: [34m  ‚ïµ[0m
app:build:     src/pages/ProfileInterestsPage/popups/InterestsForUpdatePopup.module.scss 6:19  root stylesheet
app:build: 
app:build: [33m[1mDeprecation Warning[0m [[34mlegacy-js-api[0m]: The legacy JS API is deprecated and will be removed in Dart Sass 2.0.0.
app:build: 
app:build: More info: https://sass-lang.com/d/legacy-js-api
app:build: 
app:build: [33m[1mDeprecation Warning[0m [[34mimport[0m]: Sass @import rules are deprecated and will be removed in Dart Sass 3.0.0.
app:build: 
app:build: More info and automated migrator: https://sass-lang.com/d/import
app:build: 
app:build: [34m  ‚ï∑[0m
app:build: [34m2 ‚îÇ[0m           @import [31m"@/styles/colors.scss"[0m;
app:build: [34m  ‚îÇ[0m [31m                  ^^^^^^^^^^^^^^^^^^^^^^[0m
app:build: [34m  ‚ïµ[0m
app:build:     src/components/LectureRatingCard/LectureRatingCard.module.scss 2:19  root stylesheet
app:build: 
app:build: [33m[1mDeprecation Warning[0m [[34mimport[0m]: Sass @import rules are deprecated and will be removed in Dart Sass 3.0.0.
app:build: 
app:build: More info and automated migrator: https://sass-lang.com/d/import
app:build: 
app:build: [34m  ‚ï∑[0m
app:build: [34m3 ‚îÇ[0m           @import [31m"@/styles/fonts.scss"[0m;
app:build: [34m  ‚îÇ[0m [31m                  ^^^^^^^^^^^^^^^^^^^^^[0m
app:build: [34m  ‚ïµ[0m
app:build:     src/components/LectureRatingCard/LectureRatingCard.module.scss 3:19  root stylesheet
app:build: 
app:build: [33m[1mDeprecation Warning[0m [[34mimport[0m]: Sass @import rules are deprecated and will be removed in Dart Sass 3.0.0.
app:build: 
app:build: More info and automated migrator: https://sass-lang.com/d/import
app:build: 
app:build: [34m  ‚ï∑[0m
app:build: [34m4 ‚îÇ[0m           @import [31m"@/styles/breakpoints.scss"[0m;
app:build: [34m  ‚îÇ[0m [31m                  ^^^^^^^^^^^^^^^^^^^^^^^^^^^[0m
app:build: [34m  ‚ïµ[0m
app:build:     src/components/LectureRatingCard/LectureRatingCard.module.scss 4:19  root stylesheet
app:build: 
app:build: [33m[1mDeprecation Warning[0m [[34mimport[0m]: Sass @import rules are deprecated and will be removed in Dart Sass 3.0.0.
app:build: 
app:build: More info and automated migrator: https://sass-lang.com/d/import
app:build: 
app:build: [34m  ‚ï∑[0m
app:build: [34m5 ‚îÇ[0m           @import [31m"@/styles/mixins.scss"[0m;
app:build: [34m  ‚îÇ[0m [31m                  ^^^^^^^^^^^^^^^^^^^^^^[0m
app:build: [34m  ‚ïµ[0m
app:build:     src/components/LectureRatingCard/LectureRatingCard.module.scss 5:19  root stylesheet
app:build: 
app:build: [33m[1mDeprecation Warning[0m [[34mimport[0m]: Sass @import rules are deprecated and will be removed in Dart Sass 3.0.0.
app:build: 
app:build: More info and automated migrator: https://sass-lang.com/d/import
app:build: 
app:build: [34m  ‚ï∑[0m
app:build: [34m6 ‚îÇ[0m           @import [31m"@/styles/consts.scss"[0m;
app:build: [34m  ‚îÇ[0m [31m                  ^^^^^^^^^^^^^^^^^^^^^^[0m
app:build: [34m  ‚ïµ[0m
app:build:     src/components/LectureRatingCard/LectureRatingCard.module.scss 6:19  root stylesheet
app:build: 
app:build: [2K[1Gtransforming (285) [2msrc/assets/icons/icon-bell.svg[22m[33m[1mDeprecation Warning[0m [[34mlegacy-js-api[0m]: The legacy JS API is deprecated and will be removed in Dart Sass 2.0.0.
app:build: 
app:build: More info: https://sass-lang.com/d/legacy-js-api
app:build: 
app:build: [33m[1mDeprecation Warning[0m [[34mimport[0m]: Sass @import rules are deprecated and will be removed in Dart Sass 3.0.0.
app:build: 
app:build: More info and automated migrator: https://sass-lang.com/d/import
app:build: 
app:build: [34m  ‚ï∑[0m
app:build: [34m2 ‚îÇ[0m           @import [31m"@/styles/colors.scss"[0m;
app:build: [34m  ‚îÇ[0m [31m                  ^^^^^^^^^^^^^^^^^^^^^^[0m
app:build: [34m  ‚ïµ[0m
app:build:     src/components/NotificationsSection/NotificationsSection.module.scss 2:19  root stylesheet
app:build: 
app:build: [33m[1mDeprecation Warning[0m [[34mimport[0m]: Sass @import rules are deprecated and will be removed in Dart Sass 3.0.0.
app:build: 
app:build: More info and automated migrator: https://sass-lang.com/d/import
app:build: 
app:build: [34m  ‚ï∑[0m
app:build: [34m3 ‚îÇ[0m           @import [31m"@/styles/fonts.scss"[0m;
app:build: [34m  ‚îÇ[0m [31m                  ^^^^^^^^^^^^^^^^^^^^^[0m
app:build: [34m  ‚ïµ[0m
app:build:     src/components/NotificationsSection/NotificationsSection.module.scss 3:19  root stylesheet
app:build: 
app:build: [33m[1mDeprecation Warning[0m [[34mimport[0m]: Sass @import rules are deprecated and will be removed in Dart Sass 3.0.0.
app:build: 
app:build: More info and automated migrator: https://sass-lang.com/d/import
app:build: 
app:build: [34m  ‚ï∑[0m
app:build: [34m4 ‚îÇ[0m           @import [31m"@/styles/breakpoints.scss"[0m;
app:build: [34m  ‚îÇ[0m [31m                  ^^^^^^^^^^^^^^^^^^^^^^^^^^^[0m
app:build: [34m  ‚ïµ[0m
app:build:     src/components/NotificationsSection/NotificationsSection.module.scss 4:19  root stylesheet
app:build: 
app:build: [33m[1mDeprecation Warning[0m [[34mimport[0m]: Sass @import rules are deprecated and will be removed in Dart Sass 3.0.0.
app:build: 
app:build: More info and automated migrator: https://sass-lang.com/d/import
app:build: 
app:build: [34m  ‚ï∑[0m
app:build: [34m5 ‚îÇ[0m           @import [31m"@/styles/mixins.scss"[0m;
app:build: [34m  ‚îÇ[0m [31m                  ^^^^^^^^^^^^^^^^^^^^^^[0m
app:build: [34m  ‚ïµ[0m
app:build:     src/components/NotificationsSection/NotificationsSection.module.scss 5:19  root stylesheet
app:build: 
app:build: [33m[1mDeprecation Warning[0m [[34mimport[0m]: Sass @import rules are deprecated and will be removed in Dart Sass 3.0.0.
app:build: 
app:build: More info and automated migrator: https://sass-lang.com/d/import
app:build: 
app:build: [34m  ‚ï∑[0m
app:build: [34m6 ‚îÇ[0m           @import [31m"@/styles/consts.scss"[0m;
app:build: [34m  ‚îÇ[0m [31m                  ^^^^^^^^^^^^^^^^^^^^^^[0m
app:build: [34m  ‚ïµ[0m
app:build:     src/components/NotificationsSection/NotificationsSection.module.scss 6:19  root stylesheet
app:build: 
app:build: [33m[1mDeprecation Warning[0m [[34mlegacy-js-api[0m]: The legacy JS API is deprecated and will be removed in Dart Sass 2.0.0.
app:build: 
app:build: More info: https://sass-lang.com/d/legacy-js-api
app:build: 
app:build: [33m[1mDeprecation Warning[0m [[34mimport[0m]: Sass @import rules are deprecated and will be removed in Dart Sass 3.0.0.
app:build: 
app:build: More info and automated migrator: https://sass-lang.com/d/import
app:build: 
app:build: [34m  ‚ï∑[0m
app:build: [34m2 ‚îÇ[0m           @import [31m"@/styles/colors.scss"[0m;
app:build: [34m  ‚îÇ[0m [31m                  ^^^^^^^^^^^^^^^^^^^^^^[0m
app:build: [34m  ‚ïµ[0m
app:build:     src/pages/Home/popups/CodePopup/CodePopup.module.scss 2:19  root stylesheet
app:build: 
app:build: [33m[1mDeprecation Warning[0m [[34mimport[0m]: Sass @import rules are deprecated and will be removed in Dart Sass 3.0.0.
app:build: 
app:build: More info and automated migrator: https://sass-lang.com/d/import
app:build: 
app:build: [34m  ‚ï∑[0m
app:build: [34m3 ‚îÇ[0m           @import [31m"@/styles/fonts.scss"[0m;
app:build: [34m  ‚îÇ[0m [31m                  ^^^^^^^^^^^^^^^^^^^^^[0m
app:build: [34m  ‚ïµ[0m
app:build:     src/pages/Home/popups/CodePopup/CodePopup.module.scss 3:19  root stylesheet
app:build: 
app:build: [33m[1mDeprecation Warning[0m [[34mimport[0m]: Sass @import rules are deprecated and will be removed in Dart Sass 3.0.0.
app:build: 
app:build: More info and automated migrator: https://sass-lang.com/d/import
app:build: 
app:build: [34m  ‚ï∑[0m
app:build: [34m4 ‚îÇ[0m           @import [31m"@/styles/breakpoints.scss"[0m;
app:build: [34m  ‚îÇ[0m [31m                  ^^^^^^^^^^^^^^^^^^^^^^^^^^^[0m
app:build: [34m  ‚ïµ[0m
app:build:     src/pages/Home/popups/CodePopup/CodePopup.module.scss 4:19  root stylesheet
app:build: 
app:build: [33m[1mDeprecation Warning[0m [[34mimport[0m]: Sass @import rules are deprecated and will be removed in Dart Sass 3.0.0.
app:build: 
app:build: More info and automated migrator: https://sass-lang.com/d/import
app:build: 
app:build: [34m  ‚ï∑[0m
app:build: [34m5 ‚îÇ[0m           @import [31m"@/styles/mixins.scss"[0m;
app:build: [34m  ‚îÇ[0m [31m                  ^^^^^^^^^^^^^^^^^^^^^^[0m
app:build: [34m  ‚ïµ[0m
app:build:     src/pages/Home/popups/CodePopup/CodePopup.module.scss 5:19  root stylesheet
app:build: 
app:build: [33m[1mDeprecation Warning[0m [[34mimport[0m]: Sass @import rules are deprecated and will be removed in Dart Sass 3.0.0.
app:build: 
app:build: More info and automated migrator: https://sass-lang.com/d/import
app:build: 
app:build: [34m  ‚ï∑[0m
app:build: [34m6 ‚îÇ[0m           @import [31m"@/styles/consts.scss"[0m;
app:build: [34m  ‚îÇ[0m [31m                  ^^^^^^^^^^^^^^^^^^^^^^[0m
app:build: [34m  ‚ïµ[0m
app:build:     src/pages/Home/popups/CodePopup/CodePopup.module.scss 6:19  root stylesheet
app:build: 
app:build: [33m[1mDeprecation Warning[0m [[34mlegacy-js-api[0m]: The legacy JS API is deprecated and will be removed in Dart Sass 2.0.0.
app:build: 
app:build: More info: https://sass-lang.com/d/legacy-js-api
app:build: 
app:build: [33m[1mDeprecation Warning[0m [[34mimport[0m]: Sass @import rules are deprecated and will be removed in Dart Sass 3.0.0.
app:build: 
app:build: More info and automated migrator: https://sass-lang.com/d/import
app:build: 
app:build: [34m  ‚ï∑[0m
app:build: [34m2 ‚îÇ[0m           @import [31m"@/styles/colors.scss"[0m;
app:build: [34m  ‚îÇ[0m [31m                  ^^^^^^^^^^^^^^^^^^^^^^[0m
app:build: [34m  ‚ïµ[0m
app:build:     src/components/FloorPlan/FloorPlan.module.scss 2:19  root stylesheet
app:build: 
app:build: [33m[1mDeprecation Warning[0m [[34mimport[0m]: Sass @import rules are deprecated and will be removed in Dart Sass 3.0.0.
app:build: 
app:build: More info and automated migrator: https://sass-lang.com/d/import
app:build: 
app:build: [34m  ‚ï∑[0m
app:build: [34m3 ‚îÇ[0m           @import [31m"@/styles/fonts.scss"[0m;
app:build: [34m  ‚îÇ[0m [31m                  ^^^^^^^^^^^^^^^^^^^^^[0m
app:build: [34m  ‚ïµ[0m
app:build:     src/components/FloorPlan/FloorPlan.module.scss 3:19  root stylesheet
app:build: 
app:build: [33m[1mDeprecation Warning[0m [[34mimport[0m]: Sass @import rules are deprecated and will be removed in Dart Sass 3.0.0.
app:build: 
app:build: More info and automated migrator: https://sass-lang.com/d/import
app:build: 
app:build: [34m  ‚ï∑[0m
app:build: [34m4 ‚îÇ[0m           @import [31m"@/styles/breakpoints.scss"[0m;
app:build: [34m  ‚îÇ[0m [31m                  ^^^^^^^^^^^^^^^^^^^^^^^^^^^[0m
app:build: [34m  ‚ïµ[0m
app:build:     src/components/FloorPlan/FloorPlan.module.scss 4:19  root stylesheet
app:build: 
app:build: [33m[1mDeprecation Warning[0m [[34mimport[0m]: Sass @import rules are deprecated and will be removed in Dart Sass 3.0.0.
app:build: 
app:build: More info and automated migrator: https://sass-lang.com/d/import
app:build: 
app:build: [34m  ‚ï∑[0m
app:build: [34m5 ‚îÇ[0m           @import [31m"@/styles/mixins.scss"[0m;
app:build: [34m  ‚îÇ[0m [31m                  ^^^^^^^^^^^^^^^^^^^^^^[0m
app:build: [34m  ‚ïµ[0m
app:build:     src/components/FloorPlan/FloorPlan.module.scss 5:19  root stylesheet
app:build: 
app:build: [33m[1mDeprecation Warning[0m [[34mimport[0m]: Sass @import rules are deprecated and will be removed in Dart Sass 3.0.0.
app:build: 
app:build: More info and automated migrator: https://sass-lang.com/d/import
app:build: 
app:build: [34m  ‚ï∑[0m
app:build: [34m6 ‚îÇ[0m           @import [31m"@/styles/consts.scss"[0m;
app:build: [34m  ‚îÇ[0m [31m                  ^^^^^^^^^^^^^^^^^^^^^^[0m
app:build: [34m  ‚ïµ[0m
app:build:     src/components/FloorPlan/FloorPlan.module.scss 6:19  root stylesheet
app:build: 
app:build: [33m[1mDeprecation Warning[0m [[34mlegacy-js-api[0m]: The legacy JS API is deprecated and will be removed in Dart Sass 2.0.0.
app:build: 
app:build: More info: https://sass-lang.com/d/legacy-js-api
app:build: 
app:build: [33m[1mDeprecation Warning[0m [[34mimport[0m]: Sass @import rules are deprecated and will be removed in Dart Sass 3.0.0.
app:build: 
app:build: More info and automated migrator: https://sass-lang.com/d/import
app:build: 
app:build: [34m  ‚ï∑[0m
app:build: [34m2 ‚îÇ[0m           @import [31m"@/styles/colors.scss"[0m;
app:build: [34m  ‚îÇ[0m [31m                  ^^^^^^^^^^^^^^^^^^^^^^[0m
app:build: [34m  ‚ïµ[0m
app:build:     src/components/RegistrationForms/SlavicaHeader/SlavicaHeader.module.scss 2:19  root stylesheet
app:build: 
app:build: [33m[1mDeprecation Warning[0m [[34mimport[0m]: Sass @import rules are deprecated and will be removed in Dart Sass 3.0.0.
app:build: 
app:build: More info and automated migrator: https://sass-lang.com/d/import
app:build: 
app:build: [34m  ‚ï∑[0m
app:build: [34m3 ‚îÇ[0m           @import [31m"@/styles/fonts.scss"[0m;
app:build: [34m  ‚îÇ[0m [31m                  ^^^^^^^^^^^^^^^^^^^^^[0m
app:build: [34m  ‚ïµ[0m
app:build:     src/components/RegistrationForms/SlavicaHeader/SlavicaHeader.module.scss 3:19  root stylesheet
app:build: 
app:build: [33m[1mDeprecation Warning[0m [[34mimport[0m]: Sass @import rules are deprecated and will be removed in Dart Sass 3.0.0.
app:build: 
app:build: More info and automated migrator: https://sass-lang.com/d/import
app:build: 
app:build: [34m  ‚ï∑[0m
app:build: [34m4 ‚îÇ[0m           @import [31m"@/styles/breakpoints.scss"[0m;
app:build: [34m  ‚îÇ[0m [31m                  ^^^^^^^^^^^^^^^^^^^^^^^^^^^[0m
app:build: [34m  ‚ïµ[0m
app:build:     src/components/RegistrationForms/SlavicaHeader/SlavicaHeader.module.scss 4:19  root stylesheet
app:build: 
app:build: [33m[1mDeprecation Warning[0m [[34mimport[0m]: Sass @import rules are deprecated and will be removed in Dart Sass 3.0.0.
app:build: 
app:build: More info and automated migrator: https://sass-lang.com/d/import
app:build: 
app:build: [34m  ‚ï∑[0m
app:build: [34m5 ‚îÇ[0m           @import [31m"@/styles/mixins.scss"[0m;
app:build: [34m  ‚îÇ[0m [31m                  ^^^^^^^^^^^^^^^^^^^^^^[0m
app:build: [34m  ‚ïµ[0m
app:build:     src/components/RegistrationForms/SlavicaHeader/SlavicaHeader.module.scss 5:19  root stylesheet
app:build: 
app:build: [33m[1mDeprecation Warning[0m [[34mimport[0m]: Sass @import rules are deprecated and will be removed in Dart Sass 3.0.0.
app:build: 
app:build: More info and automated migrator: https://sass-lang.com/d/import
app:build: 
app:build: [34m  ‚ï∑[0m
app:build: [34m6 ‚îÇ[0m           @import [31m"@/styles/consts.scss"[0m;
app:build: [34m  ‚îÇ[0m [31m                  ^^^^^^^^^^^^^^^^^^^^^^[0m
app:build: [34m  ‚ïµ[0m
app:build:     src/components/RegistrationForms/SlavicaHeader/SlavicaHeader.module.scss 6:19  root stylesheet
app:build: 
app:build: [33m[1mDeprecation Warning[0m [[34mlegacy-js-api[0m]: The legacy JS API is deprecated and will be removed in Dart Sass 2.0.0.
app:build: 
app:build: More info: https://sass-lang.com/d/legacy-js-api
app:build: 
app:build: [33m[1mDeprecation Warning[0m [[34mimport[0m]: Sass @import rules are deprecated and will be removed in Dart Sass 3.0.0.
app:build: 
app:build: More info and automated migrator: https://sass-lang.com/d/import
app:build: 
app:build: [34m  ‚ï∑[0m
app:build: [34m2 ‚îÇ[0m           @import [31m"@/styles/colors.scss"[0m;
app:build: [34m  ‚îÇ[0m [31m                  ^^^^^^^^^^^^^^^^^^^^^^[0m
app:build: [34m  ‚ïµ[0m
app:build:     src/pages/ScannerPage/popups/ScannedAchievementPopup/ScannedAchievementPopup.module.scss 2:19  root stylesheet
app:build: 
app:build: [33m[1mDeprecation Warning[0m [[34mimport[0m]: Sass @import rules are deprecated and will be removed in Dart Sass 3.0.0.
app:build: 
app:build: More info and automated migrator: https://sass-lang.com/d/import
app:build: 
app:build: [34m  ‚ï∑[0m
app:build: [34m3 ‚îÇ[0m           @import [31m"@/styles/fonts.scss"[0m;
app:build: [34m  ‚îÇ[0m [31m                  ^^^^^^^^^^^^^^^^^^^^^[0m
app:build: [34m  ‚ïµ[0m
app:build:     src/pages/ScannerPage/popups/ScannedAchievementPopup/ScannedAchievementPopup.module.scss 3:19  root stylesheet
app:build: 
app:build: [33m[1mDeprecation Warning[0m [[34mimport[0m]: Sass @import rules are deprecated and will be removed in Dart Sass 3.0.0.
app:build: 
app:build: More info and automated migrator: https://sass-lang.com/d/import
app:build: 
app:build: [34m  ‚ï∑[0m
app:build: [34m4 ‚îÇ[0m           @import [31m"@/styles/breakpoints.scss"[0m;
app:build: [34m  ‚îÇ[0m [31m                  ^^^^^^^^^^^^^^^^^^^^^^^^^^^[0m
app:build: [34m  ‚ïµ[0m
app:build:     src/pages/ScannerPage/popups/ScannedAchievementPopup/ScannedAchievementPopup.module.scss 4:19  root stylesheet
app:build: 
app:build: [33m[1mDeprecation Warning[0m [[34mimport[0m]: Sass @import rules are deprecated and will be removed in Dart Sass 3.0.0.
app:build: 
app:build: More info and automated migrator: https://sass-lang.com/d/import
app:build: 
app:build: [34m  ‚ï∑[0m
app:build: [34m5 ‚îÇ[0m           @import [31m"@/styles/mixins.scss"[0m;
app:build: [34m  ‚îÇ[0m [31m                  ^^^^^^^^^^^^^^^^^^^^^^[0m
app:build: [34m  ‚ïµ[0m
app:build:     src/pages/ScannerPage/popups/ScannedAchievementPopup/ScannedAchievementPopup.module.scss 5:19  root stylesheet
app:build: 
app:build: [33m[1mDeprecation Warning[0m [[34mimport[0m]: Sass @import rules are deprecated and will be removed in Dart Sass 3.0.0.
app:build: 
app:build: More info and automated migrator: https://sass-lang.com/d/import
app:build: 
app:build: [34m  ‚ï∑[0m
app:build: [34m6 ‚îÇ[0m           @import [31m"@/styles/consts.scss"[0m;
app:build: [34m  ‚îÇ[0m [31m                  ^^^^^^^^^^^^^^^^^^^^^^[0m
app:build: [34m  ‚ïµ[0m
app:build:     src/pages/ScannerPage/popups/ScannedAchievementPopup/ScannedAchievementPopup.module.scss 6:19  root stylesheet
app:build: 
app:build: [2K[1Gtransforming (336) [2msrc/assets/icons/remove-icon-black.svg[22m[33m[1mDeprecation Warning[0m [[34mlegacy-js-api[0m]: The legacy JS API is deprecated and will be removed in Dart Sass 2.0.0.
app:build: 
app:build: More info: https://sass-lang.com/d/legacy-js-api
app:build: 
app:build: [33m[1mDeprecation Warning[0m [[34mimport[0m]: Sass @import rules are deprecated and will be removed in Dart Sass 3.0.0.
app:build: 
app:build: More info and automated migrator: https://sass-lang.com/d/import
app:build: 
app:build: [34m  ‚ï∑[0m
app:build: [34m2 ‚îÇ[0m           @import [31m"@/styles/colors.scss"[0m;
app:build: [34m  ‚îÇ[0m [31m                  ^^^^^^^^^^^^^^^^^^^^^^[0m
app:build: [34m  ‚ïµ[0m
app:build:     src/components/RegistrationForms/ConfirmEmail/ConfirmEmail.module.scss 2:19  root stylesheet
app:build: 
app:build: [33m[1mDeprecation Warning[0m [[34mimport[0m]: Sass @import rules are deprecated and will be removed in Dart Sass 3.0.0.
app:build: 
app:build: More info and automated migrator: https://sass-lang.com/d/import
app:build: 
app:build: [34m  ‚ï∑[0m
app:build: [34m3 ‚îÇ[0m           @import [31m"@/styles/fonts.scss"[0m;
app:build: [34m  ‚îÇ[0m [31m                  ^^^^^^^^^^^^^^^^^^^^^[0m
app:build: [34m  ‚ïµ[0m
app:build:     src/components/RegistrationForms/ConfirmEmail/ConfirmEmail.module.scss 3:19  root stylesheet
app:build: 
app:build: [33m[1mDeprecation Warning[0m [[34mimport[0m]: Sass @import rules are deprecated and will be removed in Dart Sass 3.0.0.
app:build: 
app:build: More info and automated migrator: https://sass-lang.com/d/import
app:build: 
app:build: [34m  ‚ï∑[0m
app:build: [34m4 ‚îÇ[0m           @import [31m"@/styles/breakpoints.scss"[0m;
app:build: [34m  ‚îÇ[0m [31m                  ^^^^^^^^^^^^^^^^^^^^^^^^^^^[0m
app:build: [34m  ‚ïµ[0m
app:build:     src/components/RegistrationForms/ConfirmEmail/ConfirmEmail.module.scss 4:19  root stylesheet
app:build: 
app:build: [33m[1mDeprecation Warning[0m [[34mimport[0m]: Sass @import rules are deprecated and will be removed in Dart Sass 3.0.0.
app:build: 
app:build: More info and automated migrator: https://sass-lang.com/d/import
app:build: 
app:build: [34m  ‚ï∑[0m
app:build: [34m5 ‚îÇ[0m           @import [31m"@/styles/mixins.scss"[0m;
app:build: [34m  ‚îÇ[0m [31m                  ^^^^^^^^^^^^^^^^^^^^^^[0m
app:build: [34m  ‚ïµ[0m
app:build:     src/components/RegistrationForms/ConfirmEmail/ConfirmEmail.module.scss 5:19  root stylesheet
app:build: 
app:build: [33m[1mDeprecation Warning[0m [[34mimport[0m]: Sass @import rules are deprecated and will be removed in Dart Sass 3.0.0.
app:build: 
app:build: More info and automated migrator: https://sass-lang.com/d/import
app:build: 
app:build: [34m  ‚ï∑[0m
app:build: [34m6 ‚îÇ[0m           @import [31m"@/styles/consts.scss"[0m;
app:build: [34m  ‚îÇ[0m [31m                  ^^^^^^^^^^^^^^^^^^^^^^[0m
app:build: [34m  ‚ïµ[0m
app:build:     src/components/RegistrationForms/ConfirmEmail/ConfirmEmail.module.scss 6:19  root stylesheet
app:build: 
app:build: [33m[1mDeprecation Warning[0m [[34mlegacy-js-api[0m]: The legacy JS API is deprecated and will be removed in Dart Sass 2.0.0.
app:build: 
app:build: More info: https://sass-lang.com/d/legacy-js-api
app:build: 
app:build: [33m[1mDeprecation Warning[0m [[34mimport[0m]: Sass @import rules are deprecated and will be removed in Dart Sass 3.0.0.
app:build: 
app:build: More info and automated migrator: https://sass-lang.com/d/import
app:build: 
app:build: [34m  ‚ï∑[0m
app:build: [34m2 ‚îÇ[0m           @import [31m"@/styles/colors.scss"[0m;
app:build: [34m  ‚îÇ[0m [31m                  ^^^^^^^^^^^^^^^^^^^^^^[0m
app:build: [34m  ‚ïµ[0m
app:build:     src/pages/ScannerPage/popups/ScannedCodePopup/ScannedCodePopup.module.scss 2:19  root stylesheet
app:build: 
app:build: [33m[1mDeprecation Warning[0m [[34mimport[0m]: Sass @import rules are deprecated and will be removed in Dart Sass 3.0.0.
app:build: 
app:build: More info and automated migrator: https://sass-lang.com/d/import
app:build: 
app:build: [34m  ‚ï∑[0m
app:build: [34m3 ‚îÇ[0m           @import [31m"@/styles/fonts.scss"[0m;
app:build: [34m  ‚îÇ[0m [31m                  ^^^^^^^^^^^^^^^^^^^^^[0m
app:build: [34m  ‚ïµ[0m
app:build:     src/pages/ScannerPage/popups/ScannedCodePopup/ScannedCodePopup.module.scss 3:19  root stylesheet
app:build: 
app:build: [33m[1mDeprecation Warning[0m [[34mimport[0m]: Sass @import rules are deprecated and will be removed in Dart Sass 3.0.0.
app:build: 
app:build: More info and automated migrator: https://sass-lang.com/d/import
app:build: 
app:build: [34m  ‚ï∑[0m
app:build: [34m4 ‚îÇ[0m           @import [31m"@/styles/breakpoints.scss"[0m;
app:build: [34m  ‚îÇ[0m [31m                  ^^^^^^^^^^^^^^^^^^^^^^^^^^^[0m
app:build: [34m  ‚ïµ[0m
app:build:     src/pages/ScannerPage/popups/ScannedCodePopup/ScannedCodePopup.module.scss 4:19  root stylesheet
app:build: 
app:build: [33m[1mDeprecation Warning[0m [[34mimport[0m]: Sass @import rules are deprecated and will be removed in Dart Sass 3.0.0.
app:build: 
app:build: More info and automated migrator: https://sass-lang.com/d/import
app:build: 
app:build: [34m  ‚ï∑[0m
app:build: [34m5 ‚îÇ[0m           @import [31m"@/styles/mixins.scss"[0m;
app:build: [34m  ‚îÇ[0m [31m                  ^^^^^^^^^^^^^^^^^^^^^^[0m
app:build: [34m  ‚ïµ[0m
app:build:     src/pages/ScannerPage/popups/ScannedCodePopup/ScannedCodePopup.module.scss 5:19  root stylesheet
app:build: 
app:build: [33m[1mDeprecation Warning[0m [[34mimport[0m]: Sass @import rules are deprecated and will be removed in Dart Sass 3.0.0.
app:build: 
app:build: More info and automated migrator: https://sass-lang.com/d/import
app:build: 
app:build: [34m  ‚ï∑[0m
app:build: [34m6 ‚îÇ[0m           @import [31m"@/styles/consts.scss"[0m;
app:build: [34m  ‚îÇ[0m [31m                  ^^^^^^^^^^^^^^^^^^^^^^[0m
app:build: [34m  ‚ïµ[0m
app:build:     src/pages/ScannerPage/popups/ScannedCodePopup/ScannedCodePopup.module.scss 6:19  root stylesheet
app:build: 
app:build: [2K[1G[2K[1G[2K[1G[2K[1G[33m[1mDeprecation Warning[0m [[34mlegacy-js-api[0m]: The legacy JS API is deprecated and will be removed in Dart Sass 2.0.0.
app:build: 
app:build: More info: https://sass-lang.com/d/legacy-js-api
app:build: 
app:build: [33m[1mDeprecation Warning[0m [[34mimport[0m]: Sass @import rules are deprecated and will be removed in Dart Sass 3.0.0.
app:build: 
app:build: More info and automated migrator: https://sass-lang.com/d/import
app:build: 
app:build: [34m  ‚ï∑[0m
app:build: [34m2 ‚îÇ[0m           @import [31m"@/styles/colors.scss"[0m;
app:build: [34m  ‚îÇ[0m [31m                  ^^^^^^^^^^^^^^^^^^^^^^[0m
app:build: [34m  ‚ïµ[0m
app:build:     src/components/DesktopNavigation/DesktopNavigation.module.scss 2:19  root stylesheet
app:build: 
app:build: [33m[1mDeprecation Warning[0m [[34mimport[0m]: Sass @import rules are deprecated and will be removed in Dart Sass 3.0.0.
app:build: 
app:build: More info and automated migrator: https://sass-lang.com/d/import
app:build: 
app:build: [34m  ‚ï∑[0m
app:build: [34m3 ‚îÇ[0m           @import [31m"@/styles/fonts.scss"[0m;
app:build: [34m  ‚îÇ[0m [31m                  ^^^^^^^^^^^^^^^^^^^^^[0m
app:build: [34m  ‚ïµ[0m
app:build:     src/components/DesktopNavigation/DesktopNavigation.module.scss 3:19  root stylesheet
app:build: 
app:build: [33m[1mDeprecation Warning[0m [[34mimport[0m]: Sass @import rules are deprecated and will be removed in Dart Sass 3.0.0.
app:build: 
app:build: More info and automated migrator: https://sass-lang.com/d/import
app:build: 
app:build: [34m  ‚ï∑[0m
app:build: [34m4 ‚îÇ[0m           @import [31m"@/styles/breakpoints.scss"[0m;
app:build: [34m  ‚îÇ[0m [31m                  ^^^^^^^^^^^^^^^^^^^^^^^^^^^[0m
app:build: [34m  ‚ïµ[0m
app:build:     src/components/DesktopNavigation/DesktopNavigation.module.scss 4:19  root stylesheet
app:build: 
app:build: [33m[1mDeprecation Warning[0m [[34mimport[0m]: Sass @import rules are deprecated and will be removed in Dart Sass 3.0.0.
app:build: 
app:build: More info and automated migrator: https://sass-lang.com/d/import
app:build: 
app:build: [34m  ‚ï∑[0m
app:build: [34m5 ‚îÇ[0m           @import [31m"@/styles/mixins.scss"[0m;
app:build: [34m  ‚îÇ[0m [31m                  ^^^^^^^^^^^^^^^^^^^^^^[0m
app:build: [34m  ‚ïµ[0m
app:build:     src/components/DesktopNavigation/DesktopNavigation.module.scss 5:19  root stylesheet
app:build: 
app:build: [33m[1mDeprecation Warning[0m [[34mimport[0m]: Sass @import rules are deprecated and will be removed in Dart Sass 3.0.0.
app:build: 
app:build: More info and automated migrator: https://sass-lang.com/d/import
app:build: 
app:build: [34m  ‚ï∑[0m
app:build: [34m6 ‚îÇ[0m           @import [31m"@/styles/consts.scss"[0m;
app:build: [34m  ‚îÇ[0m [31m                  ^^^^^^^^^^^^^^^^^^^^^^[0m
app:build: [34m  ‚ïµ[0m
app:build:     src/components/DesktopNavigation/DesktopNavigation.module.scss 6:19  root stylesheet
app:build: 
app:build: [33m[1mDeprecation Warning[0m [[34mlegacy-js-api[0m]: The legacy JS API is deprecated and will be removed in Dart Sass 2.0.0.
app:build: 
app:build: More info: https://sass-lang.com/d/legacy-js-api
app:build: 
app:build: [33m[1mDeprecation Warning[0m [[34mimport[0m]: Sass @import rules are deprecated and will be removed in Dart Sass 3.0.0.
app:build: 
app:build: More info and automated migrator: https://sass-lang.com/d/import
app:build: 
app:build: [34m  ‚ï∑[0m
app:build: [34m2 ‚îÇ[0m           @import [31m"@/styles/colors.scss"[0m;
app:build: [34m  ‚îÇ[0m [31m                  ^^^^^^^^^^^^^^^^^^^^^^[0m
app:build: [34m  ‚ïµ[0m
app:build:     src/components/LogoutButton/LogoutButton.module.scss 2:19  root stylesheet
app:build: 
app:build: [33m[1mDeprecation Warning[0m [[34mimport[0m]: Sass @import rules are deprecated and will be removed in Dart Sass 3.0.0.
app:build: 
app:build: More info and automated migrator: https://sass-lang.com/d/import
app:build: 
app:build: [34m  ‚ï∑[0m
app:build: [34m3 ‚îÇ[0m           @import [31m"@/styles/fonts.scss"[0m;
app:build: [34m  ‚îÇ[0m [31m                  ^^^^^^^^^^^^^^^^^^^^^[0m
app:build: [34m  ‚ïµ[0m
app:build:     src/components/LogoutButton/LogoutButton.module.scss 3:19  root stylesheet
app:build: 
app:build: [33m[1mDeprecation Warning[0m [[34mimport[0m]: Sass @import rules are deprecated and will be removed in Dart Sass 3.0.0.
app:build: 
app:build: More info and automated migrator: https://sass-lang.com/d/import
app:build: 
app:build: [34m  ‚ï∑[0m
app:build: [34m4 ‚îÇ[0m           @import [31m"@/styles/breakpoints.scss"[0m;
app:build: [34m  ‚îÇ[0m [31m                  ^^^^^^^^^^^^^^^^^^^^^^^^^^^[0m
app:build: [34m  ‚ïµ[0m
app:build:     src/components/LogoutButton/LogoutButton.module.scss 4:19  root stylesheet
app:build: 
app:build: [33m[1mDeprecation Warning[0m [[34mimport[0m]: Sass @import rules are deprecated and will be removed in Dart Sass 3.0.0.
app:build: 
app:build: More info and automated migrator: https://sass-lang.com/d/import
app:build: 
app:build: [34m  ‚ï∑[0m
app:build: [34m5 ‚îÇ[0m           @import [31m"@/styles/mixins.scss"[0m;
app:build: [34m  ‚îÇ[0m [31m                  ^^^^^^^^^^^^^^^^^^^^^^[0m
app:build: [34m  ‚ïµ[0m
app:build:     src/components/LogoutButton/LogoutButton.module.scss 5:19  root stylesheet
app:build: 
app:build: [33m[1mDeprecation Warning[0m [[34mimport[0m]: Sass @import rules are deprecated and will be removed in Dart Sass 3.0.0.
app:build: 
app:build: More info and automated migrator: https://sass-lang.com/d/import
app:build: 
app:build: [34m  ‚ï∑[0m
app:build: [34m6 ‚îÇ[0m           @import [31m"@/styles/consts.scss"[0m;
app:build: [34m  ‚îÇ[0m [31m                  ^^^^^^^^^^^^^^^^^^^^^^[0m
app:build: [34m  ‚ïµ[0m
app:build:     src/components/LogoutButton/LogoutButton.module.scss 6:19  root stylesheet
app:build: 
app:build: [33m[1mDeprecation Warning[0m [[34mlegacy-js-api[0m]: The legacy JS API is deprecated and will be removed in Dart Sass 2.0.0.
app:build: 
app:build: More info: https://sass-lang.com/d/legacy-js-api
app:build: 
app:build: [33m[1mDeprecation Warning[0m [[34mimport[0m]: Sass @import rules are deprecated and will be removed in Dart Sass 3.0.0.
app:build: 
app:build: More info and automated migrator: https://sass-lang.com/d/import
app:build: 
app:build: [34m  ‚ï∑[0m
app:build: [34m2 ‚îÇ[0m           @import [31m"@/styles/colors.scss"[0m;
app:build: [34m  ‚îÇ[0m [31m                  ^^^^^^^^^^^^^^^^^^^^^^[0m
app:build: [34m  ‚ïµ[0m
app:build:     src/components/RecommendationsButton/RecommendationsButton.module.scss 2:19  root stylesheet
app:build: 
app:build: [33m[1mDeprecation Warning[0m [[34mimport[0m]: Sass @import rules are deprecated and will be removed in Dart Sass 3.0.0.
app:build: 
app:build: More info and automated migrator: https://sass-lang.com/d/import
app:build: 
app:build: [34m  ‚ï∑[0m
app:build: [34m3 ‚îÇ[0m           @import [31m"@/styles/fonts.scss"[0m;
app:build: [34m  ‚îÇ[0m [31m                  ^^^^^^^^^^^^^^^^^^^^^[0m
app:build: [34m  ‚ïµ[0m
app:build:     src/components/RecommendationsButton/RecommendationsButton.module.scss 3:19  root stylesheet
app:build: 
app:build: [33m[1mDeprecation Warning[0m [[34mimport[0m]: Sass @import rules are deprecated and will be removed in Dart Sass 3.0.0.
app:build: 
app:build: More info and automated migrator: https://sass-lang.com/d/import
app:build: 
app:build: [34m  ‚ï∑[0m
app:build: [34m4 ‚îÇ[0m           @import [31m"@/styles/breakpoints.scss"[0m;
app:build: [34m  ‚îÇ[0m [31m                  ^^^^^^^^^^^^^^^^^^^^^^^^^^^[0m
app:build: [34m  ‚ïµ[0m
app:build:     src/components/RecommendationsButton/RecommendationsButton.module.scss 4:19  root stylesheet
app:build: 
app:build: [33m[1mDeprecation Warning[0m [[34mimport[0m]: Sass @import rules are deprecated and will be removed in Dart Sass 3.0.0.
app:build: 
app:build: More info and automated migrator: https://sass-lang.com/d/import
app:build: 
app:build: [34m  ‚ï∑[0m
app:build: [34m5 ‚îÇ[0m           @import [31m"@/styles/mixins.scss"[0m;
app:build: [34m  ‚îÇ[0m [31m                  ^^^^^^^^^^^^^^^^^^^^^^[0m
app:build: [34m  ‚ïµ[0m
app:build:     src/components/RecommendationsButton/RecommendationsButton.module.scss 5:19  root stylesheet
app:build: 
app:build: [33m[1mDeprecation Warning[0m [[34mimport[0m]: Sass @import rules are deprecated and will be removed in Dart Sass 3.0.0.
app:build: 
app:build: More info and automated migrator: https://sass-lang.com/d/import
app:build: 
app:build: [34m  ‚ï∑[0m
app:build: [34m6 ‚îÇ[0m           @import [31m"@/styles/consts.scss"[0m;
app:build: [34m  ‚îÇ[0m [31m                  ^^^^^^^^^^^^^^^^^^^^^^[0m
app:build: [34m  ‚ïµ[0m
app:build:     src/components/RecommendationsButton/RecommendationsButton.module.scss 6:19  root stylesheet
app:build: 
app:build: [33m[1mDeprecation Warning[0m [[34mlegacy-js-api[0m]: The legacy JS API is deprecated and will be removed in Dart Sass 2.0.0.
app:build: 
app:build: More info: https://sass-lang.com/d/legacy-js-api
app:build: 
app:build: [33m[1mDeprecation Warning[0m [[34mimport[0m]: Sass @import rules are deprecated and will be removed in Dart Sass 3.0.0.
app:build: 
app:build: More info and automated migrator: https://sass-lang.com/d/import
app:build: 
app:build: [34m  ‚ï∑[0m
app:build: [34m2 ‚îÇ[0m           @import [31m"@/styles/colors.scss"[0m;
app:build: [34m  ‚îÇ[0m [31m                  ^^^^^^^^^^^^^^^^^^^^^^[0m
app:build: [34m  ‚ïµ[0m
app:build:     src/components/Button/Button.module.scss 2:19  root stylesheet
app:build: 
app:build: [33m[1mDeprecation Warning[0m [[34mimport[0m]: Sass @import rules are deprecated and will be removed in Dart Sass 3.0.0.
app:build: 
app:build: More info and automated migrator: https://sass-lang.com/d/import
app:build: 
app:build: [34m  ‚ï∑[0m
app:build: [34m3 ‚îÇ[0m           @import [31m"@/styles/fonts.scss"[0m;
app:build: [34m  ‚îÇ[0m [31m                  ^^^^^^^^^^^^^^^^^^^^^[0m
app:build: [34m  ‚ïµ[0m
app:build:     src/components/Button/Button.module.scss 3:19  root stylesheet
app:build: 
app:build: [33m[1mDeprecation Warning[0m [[34mimport[0m]: Sass @import rules are deprecated and will be removed in Dart Sass 3.0.0.
app:build: 
app:build: More info and automated migrator: https://sass-lang.com/d/import
app:build: 
app:build: [34m  ‚ï∑[0m
app:build: [34m4 ‚îÇ[0m           @import [31m"@/styles/breakpoints.scss"[0m;
app:build: [34m  ‚îÇ[0m [31m                  ^^^^^^^^^^^^^^^^^^^^^^^^^^^[0m
app:build: [34m  ‚ïµ[0m
app:build:     src/components/Button/Button.module.scss 4:19  root stylesheet
app:build: 
app:build: [33m[1mDeprecation Warning[0m [[34mimport[0m]: Sass @import rules are deprecated and will be removed in Dart Sass 3.0.0.
app:build: 
app:build: More info and automated migrator: https://sass-lang.com/d/import
app:build: 
app:build: [34m  ‚ï∑[0m
app:build: [34m5 ‚îÇ[0m           @import [31m"@/styles/mixins.scss"[0m;
app:build: [34m  ‚îÇ[0m [31m                  ^^^^^^^^^^^^^^^^^^^^^^[0m
app:build: [34m  ‚ïµ[0m
app:build:     src/components/Button/Button.module.scss 5:19  root stylesheet
app:build: 
app:build: [33m[1mDeprecation Warning[0m [[34mimport[0m]: Sass @import rules are deprecated and will be removed in Dart Sass 3.0.0.
app:build: 
app:build: More info and automated migrator: https://sass-lang.com/d/import
app:build: 
app:build: [34m  ‚ï∑[0m
app:build: [34m6 ‚îÇ[0m           @import [31m"@/styles/consts.scss"[0m;
app:build: [34m  ‚îÇ[0m [31m                  ^^^^^^^^^^^^^^^^^^^^^^[0m
app:build: [34m  ‚ïµ[0m
app:build:     src/components/Button/Button.module.scss 6:19  root stylesheet
app:build: 
app:build: [33m[1mDeprecation Warning[0m [[34mlegacy-js-api[0m]: The legacy JS API is deprecated and will be removed in Dart Sass 2.0.0.
app:build: 
app:build: More info: https://sass-lang.com/d/legacy-js-api
app:build: 
app:build: [33m[1mDeprecation Warning[0m [[34mimport[0m]: Sass @import rules are deprecated and will be removed in Dart Sass 3.0.0.
app:build: 
app:build: More info and automated migrator: https://sass-lang.com/d/import
app:build: 
app:build: [34m  ‚ï∑[0m
app:build: [34m2 ‚îÇ[0m           @import [31m"@/styles/colors.scss"[0m;
app:build: [34m  ‚îÇ[0m [31m                  ^^^^^^^^^^^^^^^^^^^^^^[0m
app:build: [34m  ‚ïµ[0m
app:build:     src/components/MobileNavigation/MobileNavigation.module.scss 2:19  root stylesheet
app:build: 
app:build: [33m[1mDeprecation Warning[0m [[34mimport[0m]: Sass @import rules are deprecated and will be removed in Dart Sass 3.0.0.
app:build: 
app:build: More info and automated migrator: https://sass-lang.com/d/import
app:build: 
app:build: [34m  ‚ï∑[0m
app:build: [34m3 ‚îÇ[0m           @import [31m"@/styles/fonts.scss"[0m;
app:build: [34m  ‚îÇ[0m [31m                  ^^^^^^^^^^^^^^^^^^^^^[0m
app:build: [34m  ‚ïµ[0m
app:build:     src/components/MobileNavigation/MobileNavigation.module.scss 3:19  root stylesheet
app:build: 
app:build: [33m[1mDeprecation Warning[0m [[34mimport[0m]: Sass @import rules are deprecated and will be removed in Dart Sass 3.0.0.
app:build: 
app:build: More info and automated migrator: https://sass-lang.com/d/import
app:build: 
app:build: [34m  ‚ï∑[0m
app:build: [34m4 ‚îÇ[0m           @import [31m"@/styles/breakpoints.scss"[0m;
app:build: [34m  ‚îÇ[0m [31m                  ^^^^^^^^^^^^^^^^^^^^^^^^^^^[0m
app:build: [34m  ‚ïµ[0m
app:build:     src/components/MobileNavigation/MobileNavigation.module.scss 4:19  root stylesheet
app:build: 
app:build: [33m[1mDeprecation Warning[0m [[34mimport[0m]: Sass @import rules are deprecated and will be removed in Dart Sass 3.0.0.
app:build: 
app:build: More info and automated migrator: https://sass-lang.com/d/import
app:build: 
app:build: [34m  ‚ï∑[0m
app:build: [34m5 ‚îÇ[0m           @import [31m"@/styles/mixins.scss"[0m;
app:build: [34m  ‚îÇ[0m [31m                  ^^^^^^^^^^^^^^^^^^^^^^[0m
app:build: [34m  ‚ïµ[0m
app:build:     src/components/MobileNavigation/MobileNavigation.module.scss 5:19  root stylesheet
app:build: 
app:build: [33m[1mDeprecation Warning[0m [[34mimport[0m]: Sass @import rules are deprecated and will be removed in Dart Sass 3.0.0.
app:build: 
app:build: More info and automated migrator: https://sass-lang.com/d/import
app:build: 
app:build: [34m  ‚ï∑[0m
app:build: [34m6 ‚îÇ[0m           @import [31m"@/styles/consts.scss"[0m;
app:build: [34m  ‚îÇ[0m [31m                  ^^^^^^^^^^^^^^^^^^^^^^[0m
app:build: [34m  ‚ïµ[0m
app:build:     src/components/MobileNavigation/MobileNavigation.module.scss 6:19  root stylesheet
app:build: 
app:build: [33m[1mDeprecation Warning[0m [[34mlegacy-js-api[0m]: The legacy JS API is deprecated and will be removed in Dart Sass 2.0.0.
app:build: 
app:build: More info: https://sass-lang.com/d/legacy-js-api
app:build: 
app:build: [33m[1mDeprecation Warning[0m [[34mimport[0m]: Sass @import rules are deprecated and will be removed in Dart Sass 3.0.0.
app:build: 
app:build: More info and automated migrator: https://sass-lang.com/d/import
app:build: 
app:build: [34m  ‚ï∑[0m
app:build: [34m2 ‚îÇ[0m           @import [31m"@/styles/colors.scss"[0m;
app:build: [34m  ‚îÇ[0m [31m                  ^^^^^^^^^^^^^^^^^^^^^^[0m
app:build: [34m  ‚ïµ[0m
app:build:     src/pages/CompaniesPage/JobOffersTab/JobOffersTab.module.scss 2:19  root stylesheet
app:build: 
app:build: [33m[1mDeprecation Warning[0m [[34mimport[0m]: Sass @import rules are deprecated and will be removed in Dart Sass 3.0.0.
app:build: 
app:build: More info and automated migrator: https://sass-lang.com/d/import
app:build: 
app:build: [34m  ‚ï∑[0m
app:build: [34m3 ‚îÇ[0m           @import [31m"@/styles/fonts.scss"[0m;
app:build: [34m  ‚îÇ[0m [31m                  ^^^^^^^^^^^^^^^^^^^^^[0m
app:build: [34m  ‚ïµ[0m
app:build:     src/pages/CompaniesPage/JobOffersTab/JobOffersTab.module.scss 3:19  root stylesheet
app:build: 
app:build: [33m[1mDeprecation Warning[0m [[34mimport[0m]: Sass @import rules are deprecated and will be removed in Dart Sass 3.0.0.
app:build: 
app:build: More info and automated migrator: https://sass-lang.com/d/import
app:build: 
app:build: [34m  ‚ï∑[0m
app:build: [34m4 ‚îÇ[0m           @import [31m"@/styles/breakpoints.scss"[0m;
app:build: [34m  ‚îÇ[0m [31m                  ^^^^^^^^^^^^^^^^^^^^^^^^^^^[0m
app:build: [34m  ‚ïµ[0m
app:build:     src/pages/CompaniesPage/JobOffersTab/JobOffersTab.module.scss 4:19  root stylesheet
app:build: 
app:build: [33m[1mDeprecation Warning[0m [[34mimport[0m]: Sass @import rules are deprecated and will be removed in Dart Sass 3.0.0.
app:build: 
app:build: More info and automated migrator: https://sass-lang.com/d/import
app:build: 
app:build: [34m  ‚ï∑[0m
app:build: [34m5 ‚îÇ[0m           @import [31m"@/styles/mixins.scss"[0m;
app:build: [34m  ‚îÇ[0m [31m                  ^^^^^^^^^^^^^^^^^^^^^^[0m
app:build: [34m  ‚ïµ[0m
app:build:     src/pages/CompaniesPage/JobOffersTab/JobOffersTab.module.scss 5:19  root stylesheet
app:build: 
app:build: [33m[1mDeprecation Warning[0m [[34mimport[0m]: Sass @import rules are deprecated and will be removed in Dart Sass 3.0.0.
app:build: 
app:build: More info and automated migrator: https://sass-lang.com/d/import
app:build: 
app:build: [34m  ‚ï∑[0m
app:build: [34m6 ‚îÇ[0m           @import [31m"@/styles/consts.scss"[0m;
app:build: [34m  ‚îÇ[0m [31m                  ^^^^^^^^^^^^^^^^^^^^^^[0m
app:build: [34m  ‚ïµ[0m
app:build:     src/pages/CompaniesPage/JobOffersTab/JobOffersTab.module.scss 6:19  root stylesheet
app:build: 
app:build: [33m[1mDeprecation Warning[0m [[34mlegacy-js-api[0m]: The legacy JS API is deprecated and will be removed in Dart Sass 2.0.0.
app:build: 
app:build: More info: https://sass-lang.com/d/legacy-js-api
app:build: 
app:build: [33m[1mDeprecation Warning[0m [[34mimport[0m]: Sass @import rules are deprecated and will be removed in Dart Sass 3.0.0.
app:build: 
app:build: More info and automated migrator: https://sass-lang.com/d/import
app:build: 
app:build: [34m  ‚ï∑[0m
app:build: [34m2 ‚îÇ[0m           @import [31m"@/styles/colors.scss"[0m;
app:build: [34m  ‚îÇ[0m [31m                  ^^^^^^^^^^^^^^^^^^^^^^[0m
app:build: [34m  ‚ïµ[0m
app:build:     src/components/Header/Header.module.scss 2:19  root stylesheet
app:build: 
app:build: [33m[1mDeprecation Warning[0m [[34mimport[0m]: Sass @import rules are deprecated and will be removed in Dart Sass 3.0.0.
app:build: 
app:build: More info and automated migrator: https://sass-lang.com/d/import
app:build: 
app:build: [34m  ‚ï∑[0m
app:build: [34m3 ‚îÇ[0m           @import [31m"@/styles/fonts.scss"[0m;
app:build: [34m  ‚îÇ[0m [31m                  ^^^^^^^^^^^^^^^^^^^^^[0m
app:build: [34m  ‚ïµ[0m
app:build:     src/components/Header/Header.module.scss 3:19  root stylesheet
app:build: 
app:build: [33m[1mDeprecation Warning[0m [[34mimport[0m]: Sass @import rules are deprecated and will be removed in Dart Sass 3.0.0.
app:build: 
app:build: More info and automated migrator: https://sass-lang.com/d/import
app:build: 
app:build: [34m  ‚ï∑[0m
app:build: [34m4 ‚îÇ[0m           @import [31m"@/styles/breakpoints.scss"[0m;
app:build: [34m  ‚îÇ[0m [31m                  ^^^^^^^^^^^^^^^^^^^^^^^^^^^[0m
app:build: [34m  ‚ïµ[0m
app:build:     src/components/Header/Header.module.scss 4:19  root stylesheet
app:build: 
app:build: [33m[1mDeprecation Warning[0m [[34mimport[0m]: Sass @import rules are deprecated and will be removed in Dart Sass 3.0.0.
app:build: 
app:build: More info and automated migrator: https://sass-lang.com/d/import
app:build: 
app:build: [34m  ‚ï∑[0m
app:build: [34m5 ‚îÇ[0m           @import [31m"@/styles/mixins.scss"[0m;
app:build: [34m  ‚îÇ[0m [31m                  ^^^^^^^^^^^^^^^^^^^^^^[0m
app:build: [34m  ‚ïµ[0m
app:build:     src/components/Header/Header.module.scss 5:19  root stylesheet
app:build: 
app:build: [33m[1mDeprecation Warning[0m [[34mimport[0m]: Sass @import rules are deprecated and will be removed in Dart Sass 3.0.0.
app:build: 
app:build: More info and automated migrator: https://sass-lang.com/d/import
app:build: 
app:build: [34m  ‚ï∑[0m
app:build: [34m6 ‚îÇ[0m           @import [31m"@/styles/consts.scss"[0m;
app:build: [34m  ‚îÇ[0m [31m                  ^^^^^^^^^^^^^^^^^^^^^^[0m
app:build: [34m  ‚ïµ[0m
app:build:     src/components/Header/Header.module.scss 6:19  root stylesheet
app:build: 
app:build: [33m[1mDeprecation Warning[0m [[34mlegacy-js-api[0m]: The legacy JS API is deprecated and will be removed in Dart Sass 2.0.0.
app:build: 
app:build: More info: https://sass-lang.com/d/legacy-js-api
app:build: 
app:build: [33m[1mDeprecation Warning[0m [[34mimport[0m]: Sass @import rules are deprecated and will be removed in Dart Sass 3.0.0.
app:build: 
app:build: More info and automated migrator: https://sass-lang.com/d/import
app:build: 
app:build: [34m  ‚ï∑[0m
app:build: [34m2 ‚îÇ[0m           @import [31m"@/styles/colors.scss"[0m;
app:build: [34m  ‚îÇ[0m [31m                  ^^^^^^^^^^^^^^^^^^^^^^[0m
app:build: [34m  ‚ïµ[0m
app:build:     src/components/ProfileNavigationButton/ProfileNavigationButton.module.scss 2:19  root stylesheet
app:build: 
app:build: [33m[1mDeprecation Warning[0m [[34mimport[0m]: Sass @import rules are deprecated and will be removed in Dart Sass 3.0.0.
app:build: 
app:build: More info and automated migrator: https://sass-lang.com/d/import
app:build: 
app:build: [34m  ‚ï∑[0m
app:build: [34m3 ‚îÇ[0m           @import [31m"@/styles/fonts.scss"[0m;
app:build: [34m  ‚îÇ[0m [31m                  ^^^^^^^^^^^^^^^^^^^^^[0m
app:build: [34m  ‚ïµ[0m
app:build:     src/components/ProfileNavigationButton/ProfileNavigationButton.module.scss 3:19  root stylesheet
app:build: 
app:build: [33m[1mDeprecation Warning[0m [[34mimport[0m]: Sass @import rules are deprecated and will be removed in Dart Sass 3.0.0.
app:build: 
app:build: More info and automated migrator: https://sass-lang.com/d/import
app:build: 
app:build: [34m  ‚ï∑[0m
app:build: [34m4 ‚îÇ[0m           @import [31m"@/styles/breakpoints.scss"[0m;
app:build: [34m  ‚îÇ[0m [31m                  ^^^^^^^^^^^^^^^^^^^^^^^^^^^[0m
app:build: [34m  ‚ïµ[0m
app:build:     src/components/ProfileNavigationButton/ProfileNavigationButton.module.scss 4:19  root stylesheet
app:build: 
app:build: [33m[1mDeprecation Warning[0m [[34mimport[0m]: Sass @import rules are deprecated and will be removed in Dart Sass 3.0.0.
app:build: 
app:build: More info and automated migrator: https://sass-lang.com/d/import
app:build: 
app:build: [34m  ‚ï∑[0m
app:build: [34m5 ‚îÇ[0m           @import [31m"@/styles/mixins.scss"[0m;
app:build: [34m  ‚îÇ[0m [31m                  ^^^^^^^^^^^^^^^^^^^^^^[0m
app:build: [34m  ‚ïµ[0m
app:build:     src/components/ProfileNavigationButton/ProfileNavigationButton.module.scss 5:19  root stylesheet
app:build: 
app:build: [33m[1mDeprecation Warning[0m [[34mimport[0m]: Sass @import rules are deprecated and will be removed in Dart Sass 3.0.0.
app:build: 
app:build: More info and automated migrator: https://sass-lang.com/d/import
app:build: 
app:build: [34m  ‚ï∑[0m
app:build: [34m6 ‚îÇ[0m           @import [31m"@/styles/consts.scss"[0m;
app:build: [34m  ‚îÇ[0m [31m                  ^^^^^^^^^^^^^^^^^^^^^^[0m
app:build: [34m  ‚ïµ[0m
app:build:     src/components/ProfileNavigationButton/ProfileNavigationButton.module.scss 6:19  root stylesheet
app:build: 
app:build: [33m[1mDeprecation Warning[0m [[34mlegacy-js-api[0m]: The legacy JS API is deprecated and will be removed in Dart Sass 2.0.0.
app:build: 
app:build: More info: https://sass-lang.com/d/legacy-js-api
app:build: 
app:build: [33m[1mDeprecation Warning[0m [[34mimport[0m]: Sass @import rules are deprecated and will be removed in Dart Sass 3.0.0.
app:build: 
app:build: More info and automated migrator: https://sass-lang.com/d/import
app:build: 
app:build: [34m  ‚ï∑[0m
app:build: [34m2 ‚îÇ[0m           @import [31m"@/styles/colors.scss"[0m;
app:build: [34m  ‚îÇ[0m [31m                  ^^^^^^^^^^^^^^^^^^^^^^[0m
app:build: [34m  ‚ïµ[0m
app:build:     src/components/TabGroup/TabGroup.module.scss 2:19  root stylesheet
app:build: 
app:build: [33m[1mDeprecation Warning[0m [[34mimport[0m]: Sass @import rules are deprecated and will be removed in Dart Sass 3.0.0.
app:build: 
app:build: More info and automated migrator: https://sass-lang.com/d/import
app:build: 
app:build: [34m  ‚ï∑[0m
app:build: [34m3 ‚îÇ[0m           @import [31m"@/styles/fonts.scss"[0m;
app:build: [34m  ‚îÇ[0m [31m                  ^^^^^^^^^^^^^^^^^^^^^[0m
app:build: [34m  ‚ïµ[0m
app:build:     src/components/TabGroup/TabGroup.module.scss 3:19  root stylesheet
app:build: 
app:build: [33m[1mDeprecation Warning[0m [[34mimport[0m]: Sass @import rules are deprecated and will be removed in Dart Sass 3.0.0.
app:build: 
app:build: More info and automated migrator: https://sass-lang.com/d/import
app:build: 
app:build: [34m  ‚ï∑[0m
app:build: [34m4 ‚îÇ[0m           @import [31m"@/styles/breakpoints.scss"[0m;
app:build: [34m  ‚îÇ[0m [31m                  ^^^^^^^^^^^^^^^^^^^^^^^^^^^[0m
app:build: [34m  ‚ïµ[0m
app:build:     src/components/TabGroup/TabGroup.module.scss 4:19  root stylesheet
app:build: 
app:build: [33m[1mDeprecation Warning[0m [[34mimport[0m]: Sass @import rules are deprecated and will be removed in Dart Sass 3.0.0.
app:build: 
app:build: More info and automated migrator: https://sass-lang.com/d/import
app:build: 
app:build: [34m  ‚ï∑[0m
app:build: [34m5 ‚îÇ[0m           @import [31m"@/styles/mixins.scss"[0m;
app:build: [34m  ‚îÇ[0m [31m                  ^^^^^^^^^^^^^^^^^^^^^^[0m
app:build: [34m  ‚ïµ[0m
app:build:     src/components/TabGroup/TabGroup.module.scss 5:19  root stylesheet
app:build: 
app:build: [33m[1mDeprecation Warning[0m [[34mimport[0m]: Sass @import rules are deprecated and will be removed in Dart Sass 3.0.0.
app:build: 
app:build: More info and automated migrator: https://sass-lang.com/d/import
app:build: 
app:build: [34m  ‚ï∑[0m
app:build: [34m6 ‚îÇ[0m           @import [31m"@/styles/consts.scss"[0m;
app:build: [34m  ‚îÇ[0m [31m                  ^^^^^^^^^^^^^^^^^^^^^^[0m
app:build: [34m  ‚ïµ[0m
app:build:     src/components/TabGroup/TabGroup.module.scss 6:19  root stylesheet
app:build: 
app:build: [33m[1mDeprecation Warning[0m [[34mlegacy-js-api[0m]: The legacy JS API is deprecated and will be removed in Dart Sass 2.0.0.
app:build: 
app:build: More info: https://sass-lang.com/d/legacy-js-api
app:build: 
app:build: [33m[1mDeprecation Warning[0m [[34mimport[0m]: Sass @import rules are deprecated and will be removed in Dart Sass 3.0.0.
app:build: 
app:build: More info and automated migrator: https://sass-lang.com/d/import
app:build: 
app:build: [34m  ‚ï∑[0m
app:build: [34m2 ‚îÇ[0m           @import [31m"@/styles/colors.scss"[0m;
app:build: [34m  ‚îÇ[0m [31m                  ^^^^^^^^^^^^^^^^^^^^^^[0m
app:build: [34m  ‚ïµ[0m
app:build:     src/components/ProfileStat/ProfileStat.module.scss 2:19  root stylesheet
app:build: 
app:build: [33m[1mDeprecation Warning[0m [[34mimport[0m]: Sass @import rules are deprecated and will be removed in Dart Sass 3.0.0.
app:build: 
app:build: More info and automated migrator: https://sass-lang.com/d/import
app:build: 
app:build: [34m  ‚ï∑[0m
app:build: [34m3 ‚îÇ[0m           @import [31m"@/styles/fonts.scss"[0m;
app:build: [34m  ‚îÇ[0m [31m                  ^^^^^^^^^^^^^^^^^^^^^[0m
app:build: [34m  ‚ïµ[0m
app:build:     src/components/ProfileStat/ProfileStat.module.scss 3:19  root stylesheet
app:build: 
app:build: [33m[1mDeprecation Warning[0m [[34mimport[0m]: Sass @import rules are deprecated and will be removed in Dart Sass 3.0.0.
app:build: 
app:build: More info and automated migrator: https://sass-lang.com/d/import
app:build: 
app:build: [34m  ‚ï∑[0m
app:build: [34m4 ‚îÇ[0m           @import [31m"@/styles/breakpoints.scss"[0m;
app:build: [34m  ‚îÇ[0m [31m                  ^^^^^^^^^^^^^^^^^^^^^^^^^^^[0m
app:build: [34m  ‚ïµ[0m
app:build:     src/components/ProfileStat/ProfileStat.module.scss 4:19  root stylesheet
app:build: 
app:build: [33m[1mDeprecation Warning[0m [[34mimport[0m]: Sass @import rules are deprecated and will be removed in Dart Sass 3.0.0.
app:build: 
app:build: More info and automated migrator: https://sass-lang.com/d/import
app:build: 
app:build: [34m  ‚ï∑[0m
app:build: [34m5 ‚îÇ[0m           @import [31m"@/styles/mixins.scss"[0m;
app:build: [34m  ‚îÇ[0m [31m                  ^^^^^^^^^^^^^^^^^^^^^^[0m
app:build: [34m  ‚ïµ[0m
app:build:     src/components/ProfileStat/ProfileStat.module.scss 5:19  root stylesheet
app:build: 
app:build: [33m[1mDeprecation Warning[0m [[34mimport[0m]: Sass @import rules are deprecated and will be removed in Dart Sass 3.0.0.
app:build: 
app:build: More info and automated migrator: https://sass-lang.com/d/import
app:build: 
app:build: [34m  ‚ï∑[0m
app:build: [34m6 ‚îÇ[0m           @import [31m"@/styles/consts.scss"[0m;
app:build: [34m  ‚îÇ[0m [31m                  ^^^^^^^^^^^^^^^^^^^^^^[0m
app:build: [34m  ‚ïµ[0m
app:build:     src/components/ProfileStat/ProfileStat.module.scss 6:19  root stylesheet
app:build: 
app:build: [33m[1mDeprecation Warning[0m [[34mlegacy-js-api[0m]: The legacy JS API is deprecated and will be removed in Dart Sass 2.0.0.
app:build: 
app:build: More info: https://sass-lang.com/d/legacy-js-api
app:build: 
app:build: [33m[1mDeprecation Warning[0m [[34mimport[0m]: Sass @import rules are deprecated and will be removed in Dart Sass 3.0.0.
app:build: 
app:build: More info and automated migrator: https://sass-lang.com/d/import
app:build: 
app:build: [34m  ‚ï∑[0m
app:build: [34m2 ‚îÇ[0m           @import [31m"@/styles/colors.scss"[0m;
app:build: [34m  ‚îÇ[0m [31m                  ^^^^^^^^^^^^^^^^^^^^^^[0m
app:build: [34m  ‚ïµ[0m
app:build:     src/components/TopCompaniesSection/TopCompaniesSection.module.scss 2:19  root stylesheet
app:build: 
app:build: [33m[1mDeprecation Warning[0m [[34mimport[0m]: Sass @import rules are deprecated and will be removed in Dart Sass 3.0.0.
app:build: 
app:build: More info and automated migrator: https://sass-lang.com/d/import
app:build: 
app:build: [34m  ‚ï∑[0m
app:build: [34m3 ‚îÇ[0m           @import [31m"@/styles/fonts.scss"[0m;
app:build: [34m  ‚îÇ[0m [31m                  ^^^^^^^^^^^^^^^^^^^^^[0m
app:build: [34m  ‚ïµ[0m
app:build:     src/components/TopCompaniesSection/TopCompaniesSection.module.scss 3:19  root stylesheet
app:build: 
app:build: [33m[1mDeprecation Warning[0m [[34mimport[0m]: Sass @import rules are deprecated and will be removed in Dart Sass 3.0.0.
app:build: 
app:build: More info and automated migrator: https://sass-lang.com/d/import
app:build: 
app:build: [34m  ‚ï∑[0m
app:build: [34m4 ‚îÇ[0m           @import [31m"@/styles/breakpoints.scss"[0m;
app:build: [34m  ‚îÇ[0m [31m                  ^^^^^^^^^^^^^^^^^^^^^^^^^^^[0m
app:build: [34m  ‚ïµ[0m
app:build:     src/components/TopCompaniesSection/TopCompaniesSection.module.scss 4:19  root stylesheet
app:build: 
app:build: [33m[1mDeprecation Warning[0m [[34mimport[0m]: Sass @import rules are deprecated and will be removed in Dart Sass 3.0.0.
app:build: 
app:build: More info and automated migrator: https://sass-lang.com/d/import
app:build: 
app:build: [34m  ‚ï∑[0m
app:build: [34m5 ‚îÇ[0m           @import [31m"@/styles/mixins.scss"[0m;
app:build: [34m  ‚îÇ[0m [31m                  ^^^^^^^^^^^^^^^^^^^^^^[0m
app:build: [34m  ‚ïµ[0m
app:build:     src/components/TopCompaniesSection/TopCompaniesSection.module.scss 5:19  root stylesheet
app:build: 
app:build: [33m[1mDeprecation Warning[0m [[34mimport[0m]: Sass @import rules are deprecated and will be removed in Dart Sass 3.0.0.
app:build: 
app:build: More info and automated migrator: https://sass-lang.com/d/import
app:build: 
app:build: [34m  ‚ï∑[0m
app:build: [34m6 ‚îÇ[0m           @import [31m"@/styles/consts.scss"[0m;
app:build: [34m  ‚îÇ[0m [31m                  ^^^^^^^^^^^^^^^^^^^^^^[0m
app:build: [34m  ‚ïµ[0m
app:build:     src/components/TopCompaniesSection/TopCompaniesSection.module.scss 6:19  root stylesheet
app:build: 
app:build: [33m[1mDeprecation Warning[0m [[34mlegacy-js-api[0m]: The legacy JS API is deprecated and will be removed in Dart Sass 2.0.0.
app:build: 
app:build: More info: https://sass-lang.com/d/legacy-js-api
app:build: 
app:build: [33m[1mDeprecation Warning[0m [[34mimport[0m]: Sass @import rules are deprecated and will be removed in Dart Sass 3.0.0.
app:build: 
app:build: More info and automated migrator: https://sass-lang.com/d/import
app:build: 
app:build: [34m  ‚ï∑[0m
app:build: [34m2 ‚îÇ[0m           @import [31m"@/styles/colors.scss"[0m;
app:build: [34m  ‚îÇ[0m [31m                  ^^^^^^^^^^^^^^^^^^^^^^[0m
app:build: [34m  ‚ïµ[0m
app:build:     src/components/Tab/Tab.module.scss 2:19  root stylesheet
app:build: 
app:build: [33m[1mDeprecation Warning[0m [[34mimport[0m]: Sass @import rules are deprecated and will be removed in Dart Sass 3.0.0.
app:build: 
app:build: More info and automated migrator: https://sass-lang.com/d/import
app:build: 
app:build: [34m  ‚ï∑[0m
app:build: [34m3 ‚îÇ[0m           @import [31m"@/styles/fonts.scss"[0m;
app:build: [34m  ‚îÇ[0m [31m                  ^^^^^^^^^^^^^^^^^^^^^[0m
app:build: [34m  ‚ïµ[0m
app:build:     src/components/Tab/Tab.module.scss 3:19  root stylesheet
app:build: 
app:build: [33m[1mDeprecation Warning[0m [[34mimport[0m]: Sass @import rules are deprecated and will be removed in Dart Sass 3.0.0.
app:build: 
app:build: More info and automated migrator: https://sass-lang.com/d/import
app:build: 
app:build: [34m  ‚ï∑[0m
app:build: [34m4 ‚îÇ[0m           @import [31m"@/styles/breakpoints.scss"[0m;
app:build: [34m  ‚îÇ[0m [31m                  ^^^^^^^^^^^^^^^^^^^^^^^^^^^[0m
app:build: [34m  ‚ïµ[0m
app:build:     src/components/Tab/Tab.module.scss 4:19  root stylesheet
app:build: 
app:build: [33m[1mDeprecation Warning[0m [[34mimport[0m]: Sass @import rules are deprecated and will be removed in Dart Sass 3.0.0.
app:build: 
app:build: More info and automated migrator: https://sass-lang.com/d/import
app:build: 
app:build: [34m  ‚ï∑[0m
app:build: [34m5 ‚îÇ[0m           @import [31m"@/styles/mixins.scss"[0m;
app:build: [34m  ‚îÇ[0m [31m                  ^^^^^^^^^^^^^^^^^^^^^^[0m
app:build: [34m  ‚ïµ[0m
app:build:     src/components/Tab/Tab.module.scss 5:19  root stylesheet
app:build: 
app:build: [33m[1mDeprecation Warning[0m [[34mimport[0m]: Sass @import rules are deprecated and will be removed in Dart Sass 3.0.0.
app:build: 
app:build: More info and automated migrator: https://sass-lang.com/d/import
app:build: 
app:build: [34m  ‚ï∑[0m
app:build: [34m6 ‚îÇ[0m           @import [31m"@/styles/consts.scss"[0m;
app:build: [34m  ‚îÇ[0m [31m                  ^^^^^^^^^^^^^^^^^^^^^^[0m
app:build: [34m  ‚ïµ[0m
app:build:     src/components/Tab/Tab.module.scss 6:19  root stylesheet
app:build: 
app:build: [33m[1mDeprecation Warning[0m [[34mlegacy-js-api[0m]: The legacy JS API is deprecated and will be removed in Dart Sass 2.0.0.
app:build: 
app:build: More info: https://sass-lang.com/d/legacy-js-api
app:build: 
app:build: [33m[1mDeprecation Warning[0m [[34mimport[0m]: Sass @import rules are deprecated and will be removed in Dart Sass 3.0.0.
app:build: 
app:build: More info and automated migrator: https://sass-lang.com/d/import
app:build: 
app:build: [34m  ‚ï∑[0m
app:build: [34m2 ‚îÇ[0m           @import [31m"@/styles/colors.scss"[0m;
app:build: [34m  ‚îÇ[0m [31m                  ^^^^^^^^^^^^^^^^^^^^^^[0m
app:build: [34m  ‚ïµ[0m
app:build:     src/components/RatingQuestion/RatingQuestion.module.scss 2:19  root stylesheet
app:build: 
app:build: [33m[1mDeprecation Warning[0m [[34mimport[0m]: Sass @import rules are deprecated and will be removed in Dart Sass 3.0.0.
app:build: 
app:build: More info and automated migrator: https://sass-lang.com/d/import
app:build: 
app:build: [34m  ‚ï∑[0m
app:build: [34m3 ‚îÇ[0m           @import [31m"@/styles/fonts.scss"[0m;
app:build: [34m  ‚îÇ[0m [31m                  ^^^^^^^^^^^^^^^^^^^^^[0m
app:build: [34m  ‚ïµ[0m
app:build:     src/components/RatingQuestion/RatingQuestion.module.scss 3:19  root stylesheet
app:build: 
app:build: [33m[1mDeprecation Warning[0m [[34mimport[0m]: Sass @import rules are deprecated and will be removed in Dart Sass 3.0.0.
app:build: 
app:build: More info and automated migrator: https://sass-lang.com/d/import
app:build: 
app:build: [34m  ‚ï∑[0m
app:build: [34m4 ‚îÇ[0m           @import [31m"@/styles/breakpoints.scss"[0m;
app:build: [34m  ‚îÇ[0m [31m                  ^^^^^^^^^^^^^^^^^^^^^^^^^^^[0m
app:build: [34m  ‚ïµ[0m
app:build:     src/components/RatingQuestion/RatingQuestion.module.scss 4:19  root stylesheet
app:build: 
app:build: [33m[1mDeprecation Warning[0m [[34mimport[0m]: Sass @import rules are deprecated and will be removed in Dart Sass 3.0.0.
app:build: 
app:build: More info and automated migrator: https://sass-lang.com/d/import
app:build: 
app:build: [34m  ‚ï∑[0m
app:build: [34m5 ‚îÇ[0m           @import [31m"@/styles/mixins.scss"[0m;
app:build: [34m  ‚îÇ[0m [31m                  ^^^^^^^^^^^^^^^^^^^^^^[0m
app:build: [34m  ‚ïµ[0m
app:build:     src/components/RatingQuestion/RatingQuestion.module.scss 5:19  root stylesheet
app:build: 
app:build: [33m[1mDeprecation Warning[0m [[34mimport[0m]: Sass @import rules are deprecated and will be removed in Dart Sass 3.0.0.
app:build: 
app:build: More info and automated migrator: https://sass-lang.com/d/import
app:build: 
app:build: [34m  ‚ï∑[0m
app:build: [34m6 ‚îÇ[0m           @import [31m"@/styles/consts.scss"[0m;
app:build: [34m  ‚îÇ[0m [31m                  ^^^^^^^^^^^^^^^^^^^^^^[0m
app:build: [34m  ‚ïµ[0m
app:build:     src/components/RatingQuestion/RatingQuestion.module.scss 6:19  root stylesheet
app:build: 
app:build: [33m[1mDeprecation Warning[0m [[34mlegacy-js-api[0m]: The legacy JS API is deprecated and will be removed in Dart Sass 2.0.0.
app:build: 
app:build: More info: https://sass-lang.com/d/legacy-js-api
app:build: 
app:build: [33m[1mDeprecation Warning[0m [[34mimport[0m]: Sass @import rules are deprecated and will be removed in Dart Sass 3.0.0.
app:build: 
app:build: More info and automated migrator: https://sass-lang.com/d/import
app:build: 
app:build: [34m  ‚ï∑[0m
app:build: [34m2 ‚îÇ[0m           @import [31m"@/styles/colors.scss"[0m;
app:build: [34m  ‚îÇ[0m [31m                  ^^^^^^^^^^^^^^^^^^^^^^[0m
app:build: [34m  ‚ïµ[0m
app:build:     src/components/LocationSection/LocationSection.module.scss 2:19  root stylesheet
app:build: 
app:build: [33m[1mDeprecation Warning[0m [[34mimport[0m]: Sass @import rules are deprecated and will be removed in Dart Sass 3.0.0.
app:build: 
app:build: More info and automated migrator: https://sass-lang.com/d/import
app:build: 
app:build: [34m  ‚ï∑[0m
app:build: [34m3 ‚îÇ[0m           @import [31m"@/styles/fonts.scss"[0m;
app:build: [34m  ‚îÇ[0m [31m                  ^^^^^^^^^^^^^^^^^^^^^[0m
app:build: [34m  ‚ïµ[0m
app:build:     src/components/LocationSection/LocationSection.module.scss 3:19  root stylesheet
app:build: 
app:build: [33m[1mDeprecation Warning[0m [[34mimport[0m]: Sass @import rules are deprecated and will be removed in Dart Sass 3.0.0.
app:build: 
app:build: More info and automated migrator: https://sass-lang.com/d/import
app:build: 
app:build: [34m  ‚ï∑[0m
app:build: [34m4 ‚îÇ[0m           @import [31m"@/styles/breakpoints.scss"[0m;
app:build: [34m  ‚îÇ[0m [31m                  ^^^^^^^^^^^^^^^^^^^^^^^^^^^[0m
app:build: [34m  ‚ïµ[0m
app:build:     src/components/LocationSection/LocationSection.module.scss 4:19  root stylesheet
app:build: 
app:build: [33m[1mDeprecation Warning[0m [[34mimport[0m]: Sass @import rules are deprecated and will be removed in Dart Sass 3.0.0.
app:build: 
app:build: More info and automated migrator: https://sass-lang.com/d/import
app:build: 
app:build: [34m  ‚ï∑[0m
app:build: [34m5 ‚îÇ[0m           @import [31m"@/styles/mixins.scss"[0m;
app:build: [34m  ‚îÇ[0m [31m                  ^^^^^^^^^^^^^^^^^^^^^^[0m
app:build: [34m  ‚ïµ[0m
app:build:     src/components/LocationSection/LocationSection.module.scss 5:19  root stylesheet
app:build: 
app:build: [33m[1mDeprecation Warning[0m [[34mimport[0m]: Sass @import rules are deprecated and will be removed in Dart Sass 3.0.0.
app:build: 
app:build: More info and automated migrator: https://sass-lang.com/d/import
app:build: 
app:build: [34m  ‚ï∑[0m
app:build: [34m6 ‚îÇ[0m           @import [31m"@/styles/consts.scss"[0m;
app:build: [34m  ‚îÇ[0m [31m                  ^^^^^^^^^^^^^^^^^^^^^^[0m
app:build: [34m  ‚ïµ[0m
app:build:     src/components/LocationSection/LocationSection.module.scss 6:19  root stylesheet
app:build: 
app:build: [33m[1mDeprecation Warning[0m [[34mlegacy-js-api[0m]: The legacy JS API is deprecated and will be removed in Dart Sass 2.0.0.
app:build: 
app:build: More info: https://sass-lang.com/d/legacy-js-api
app:build: 
app:build: [33m[1mDeprecation Warning[0m [[34mimport[0m]: Sass @import rules are deprecated and will be removed in Dart Sass 3.0.0.
app:build: 
app:build: More info and automated migrator: https://sass-lang.com/d/import
app:build: 
app:build: [34m  ‚ï∑[0m
app:build: [34m2 ‚îÇ[0m           @import [31m"@/styles/colors.scss"[0m;
app:build: [34m  ‚îÇ[0m [31m                  ^^^^^^^^^^^^^^^^^^^^^^[0m
app:build: [34m  ‚ïµ[0m
app:build:     src/components/ProfileHeader/ProfileHeader.module.scss 2:19  root stylesheet
app:build: 
app:build: [33m[1mDeprecation Warning[0m [[34mimport[0m]: Sass @import rules are deprecated and will be removed in Dart Sass 3.0.0.
app:build: 
app:build: More info and automated migrator: https://sass-lang.com/d/import
app:build: 
app:build: [34m  ‚ï∑[0m
app:build: [34m3 ‚îÇ[0m           @import [31m"@/styles/fonts.scss"[0m;
app:build: [34m  ‚îÇ[0m [31m                  ^^^^^^^^^^^^^^^^^^^^^[0m
app:build: [34m  ‚ïµ[0m
app:build:     src/components/ProfileHeader/ProfileHeader.module.scss 3:19  root stylesheet
app:build: 
app:build: [33m[1mDeprecation Warning[0m [[34mimport[0m]: Sass @import rules are deprecated and will be removed in Dart Sass 3.0.0.
app:build: 
app:build: More info and automated migrator: https://sass-lang.com/d/import
app:build: 
app:build: [34m  ‚ï∑[0m
app:build: [34m4 ‚îÇ[0m           @import [31m"@/styles/breakpoints.scss"[0m;
app:build: [34m  ‚îÇ[0m [31m                  ^^^^^^^^^^^^^^^^^^^^^^^^^^^[0m
app:build: [34m  ‚ïµ[0m
app:build:     src/components/ProfileHeader/ProfileHeader.module.scss 4:19  root stylesheet
app:build: 
app:build: [33m[1mDeprecation Warning[0m [[34mimport[0m]: Sass @import rules are deprecated and will be removed in Dart Sass 3.0.0.
app:build: 
app:build: More info and automated migrator: https://sass-lang.com/d/import
app:build: 
app:build: [34m  ‚ï∑[0m
app:build: [34m5 ‚îÇ[0m           @import [31m"@/styles/mixins.scss"[0m;
app:build: [34m  ‚îÇ[0m [31m                  ^^^^^^^^^^^^^^^^^^^^^^[0m
app:build: [34m  ‚ïµ[0m
app:build:     src/components/ProfileHeader/ProfileHeader.module.scss 5:19  root stylesheet
app:build: 
app:build: [33m[1mDeprecation Warning[0m [[34mimport[0m]: Sass @import rules are deprecated and will be removed in Dart Sass 3.0.0.
app:build: 
app:build: More info and automated migrator: https://sass-lang.com/d/import
app:build: 
app:build: [34m  ‚ï∑[0m
app:build: [34m6 ‚îÇ[0m           @import [31m"@/styles/consts.scss"[0m;
app:build: [34m  ‚îÇ[0m [31m                  ^^^^^^^^^^^^^^^^^^^^^^[0m
app:build: [34m  ‚ïµ[0m
app:build:     src/components/ProfileHeader/ProfileHeader.module.scss 6:19  root stylesheet
app:build: 
app:build: [33m[1mDeprecation Warning[0m [[34mlegacy-js-api[0m]: The legacy JS API is deprecated and will be removed in Dart Sass 2.0.0.
app:build: 
app:build: More info: https://sass-lang.com/d/legacy-js-api
app:build: 
app:build: [33m[1mDeprecation Warning[0m [[34mimport[0m]: Sass @import rules are deprecated and will be removed in Dart Sass 3.0.0.
app:build: 
app:build: More info and automated migrator: https://sass-lang.com/d/import
app:build: 
app:build: [34m  ‚ï∑[0m
app:build: [34m2 ‚îÇ[0m           @import [31m"@/styles/colors.scss"[0m;
app:build: [34m  ‚îÇ[0m [31m                  ^^^^^^^^^^^^^^^^^^^^^^[0m
app:build: [34m  ‚ïµ[0m
app:build:     src/components/AchievementCard/AchievementCard.module.scss 2:19  root stylesheet
app:build: 
app:build: [33m[1mDeprecation Warning[0m [[34mimport[0m]: Sass @import rules are deprecated and will be removed in Dart Sass 3.0.0.
app:build: 
app:build: More info and automated migrator: https://sass-lang.com/d/import
app:build: 
app:build: [34m  ‚ï∑[0m
app:build: [34m3 ‚îÇ[0m           @import [31m"@/styles/fonts.scss"[0m;
app:build: [34m  ‚îÇ[0m [31m                  ^^^^^^^^^^^^^^^^^^^^^[0m
app:build: [34m  ‚ïµ[0m
app:build:     src/components/AchievementCard/AchievementCard.module.scss 3:19  root stylesheet
app:build: 
app:build: [33m[1mDeprecation Warning[0m [[34mimport[0m]: Sass @import rules are deprecated and will be removed in Dart Sass 3.0.0.
app:build: 
app:build: More info and automated migrator: https://sass-lang.com/d/import
app:build: 
app:build: [34m  ‚ï∑[0m
app:build: [34m4 ‚îÇ[0m           @import [31m"@/styles/breakpoints.scss"[0m;
app:build: [34m  ‚îÇ[0m [31m                  ^^^^^^^^^^^^^^^^^^^^^^^^^^^[0m
app:build: [34m  ‚ïµ[0m
app:build:     src/components/AchievementCard/AchievementCard.module.scss 4:19  root stylesheet
app:build: 
app:build: [33m[1mDeprecation Warning[0m [[34mimport[0m]: Sass @import rules are deprecated and will be removed in Dart Sass 3.0.0.
app:build: 
app:build: More info and automated migrator: https://sass-lang.com/d/import
app:build: 
app:build: [34m  ‚ï∑[0m
app:build: [34m5 ‚îÇ[0m           @import [31m"@/styles/mixins.scss"[0m;
app:build: [34m  ‚îÇ[0m [31m                  ^^^^^^^^^^^^^^^^^^^^^^[0m
app:build: [34m  ‚ïµ[0m
app:build:     src/components/AchievementCard/AchievementCard.module.scss 5:19  root stylesheet
app:build: 
app:build: [33m[1mDeprecation Warning[0m [[34mimport[0m]: Sass @import rules are deprecated and will be removed in Dart Sass 3.0.0.
app:build: 
app:build: More info and automated migrator: https://sass-lang.com/d/import
app:build: 
app:build: [34m  ‚ï∑[0m
app:build: [34m6 ‚îÇ[0m           @import [31m"@/styles/consts.scss"[0m;
app:build: [34m  ‚îÇ[0m [31m                  ^^^^^^^^^^^^^^^^^^^^^^[0m
app:build: [34m  ‚ïµ[0m
app:build:     src/components/AchievementCard/AchievementCard.module.scss 6:19  root stylesheet
app:build: 
app:build: [33m[1mDeprecation Warning[0m [[34mlegacy-js-api[0m]: The legacy JS API is deprecated and will be removed in Dart Sass 2.0.0.
app:build: 
app:build: More info: https://sass-lang.com/d/legacy-js-api
app:build: 
app:build: [33m[1mDeprecation Warning[0m [[34mimport[0m]: Sass @import rules are deprecated and will be removed in Dart Sass 3.0.0.
app:build: 
app:build: More info and automated migrator: https://sass-lang.com/d/import
app:build: 
app:build: [34m  ‚ï∑[0m
app:build: [34m2 ‚îÇ[0m           @import [31m"@/styles/colors.scss"[0m;
app:build: [34m  ‚îÇ[0m [31m                  ^^^^^^^^^^^^^^^^^^^^^^[0m
app:build: [34m  ‚ïµ[0m
app:build:     src/pages/FlyTalksWelcome/FlyTalksWelcome.module.scss 2:19  root stylesheet
app:build: 
app:build: [33m[1mDeprecation Warning[0m [[34mimport[0m]: Sass @import rules are deprecated and will be removed in Dart Sass 3.0.0.
app:build: 
app:build: More info and automated migrator: https://sass-lang.com/d/import
app:build: 
app:build: [34m  ‚ï∑[0m
app:build: [34m3 ‚îÇ[0m           @import [31m"@/styles/fonts.scss"[0m;
app:build: [34m  ‚îÇ[0m [31m                  ^^^^^^^^^^^^^^^^^^^^^[0m
app:build: [34m  ‚ïµ[0m
app:build:     src/pages/FlyTalksWelcome/FlyTalksWelcome.module.scss 3:19  root stylesheet
app:build: 
app:build: [33m[1mDeprecation Warning[0m [[34mimport[0m]: Sass @import rules are deprecated and will be removed in Dart Sass 3.0.0.
app:build: 
app:build: More info and automated migrator: https://sass-lang.com/d/import
app:build: 
app:build: [34m  ‚ï∑[0m
app:build: [34m4 ‚îÇ[0m           @import [31m"@/styles/breakpoints.scss"[0m;
app:build: [34m  ‚îÇ[0m [31m                  ^^^^^^^^^^^^^^^^^^^^^^^^^^^[0m
app:build: [34m  ‚ïµ[0m
app:build:     src/pages/FlyTalksWelcome/FlyTalksWelcome.module.scss 4:19  root stylesheet
app:build: 
app:build: [33m[1mDeprecation Warning[0m [[34mimport[0m]: Sass @import rules are deprecated and will be removed in Dart Sass 3.0.0.
app:build: 
app:build: More info and automated migrator: https://sass-lang.com/d/import
app:build: 
app:build: [34m  ‚ï∑[0m
app:build: [34m5 ‚îÇ[0m           @import [31m"@/styles/mixins.scss"[0m;
app:build: [34m  ‚îÇ[0m [31m                  ^^^^^^^^^^^^^^^^^^^^^^[0m
app:build: [34m  ‚ïµ[0m
app:build:     src/pages/FlyTalksWelcome/FlyTalksWelcome.module.scss 5:19  root stylesheet
app:build: 
app:build: [33m[1mDeprecation Warning[0m [[34mimport[0m]: Sass @import rules are deprecated and will be removed in Dart Sass 3.0.0.
app:build: 
app:build: More info and automated migrator: https://sass-lang.com/d/import
app:build: 
app:build: [34m  ‚ï∑[0m
app:build: [34m6 ‚îÇ[0m           @import [31m"@/styles/consts.scss"[0m;
app:build: [34m  ‚îÇ[0m [31m                  ^^^^^^^^^^^^^^^^^^^^^^[0m
app:build: [34m  ‚ïµ[0m
app:build:     src/pages/FlyTalksWelcome/FlyTalksWelcome.module.scss 6:19  root stylesheet
app:build: 
app:build: [33m[1mDeprecation Warning[0m [[34mlegacy-js-api[0m]: The legacy JS API is deprecated and will be removed in Dart Sass 2.0.0.
app:build: 
app:build: More info: https://sass-lang.com/d/legacy-js-api
app:build: 
app:build: [33m[1mDeprecation Warning[0m [[34mimport[0m]: Sass @import rules are deprecated and will be removed in Dart Sass 3.0.0.
app:build: 
app:build: More info and automated migrator: https://sass-lang.com/d/import
app:build: 
app:build: [34m  ‚ï∑[0m
app:build: [34m2 ‚îÇ[0m           @import [31m"@/styles/colors.scss"[0m;
app:build: [34m  ‚îÇ[0m [31m                  ^^^^^^^^^^^^^^^^^^^^^^[0m
app:build: [34m  ‚ïµ[0m
app:build:     src/components/Input/Input.module.scss 2:19  root stylesheet
app:build: 
app:build: [33m[1mDeprecation Warning[0m [[34mimport[0m]: Sass @import rules are deprecated and will be removed in Dart Sass 3.0.0.
app:build: 
app:build: More info and automated migrator: https://sass-lang.com/d/import
app:build: 
app:build: [34m  ‚ï∑[0m
app:build: [34m3 ‚îÇ[0m           @import [31m"@/styles/fonts.scss"[0m;
app:build: [34m  ‚îÇ[0m [31m                  ^^^^^^^^^^^^^^^^^^^^^[0m
app:build: [34m  ‚ïµ[0m
app:build:     src/components/Input/Input.module.scss 3:19  root stylesheet
app:build: 
app:build: [33m[1mDeprecation Warning[0m [[34mimport[0m]: Sass @import rules are deprecated and will be removed in Dart Sass 3.0.0.
app:build: 
app:build: More info and automated migrator: https://sass-lang.com/d/import
app:build: 
app:build: [34m  ‚ï∑[0m
app:build: [34m4 ‚îÇ[0m           @import [31m"@/styles/breakpoints.scss"[0m;
app:build: [34m  ‚îÇ[0m [31m                  ^^^^^^^^^^^^^^^^^^^^^^^^^^^[0m
app:build: [34m  ‚ïµ[0m
app:build:     src/components/Input/Input.module.scss 4:19  root stylesheet
app:build: 
app:build: [33m[1mDeprecation Warning[0m [[34mimport[0m]: Sass @import rules are deprecated and will be removed in Dart Sass 3.0.0.
app:build: 
app:build: More info and automated migrator: https://sass-lang.com/d/import
app:build: 
app:build: [34m  ‚ï∑[0m
app:build: [34m5 ‚îÇ[0m           @import [31m"@/styles/mixins.scss"[0m;
app:build: [34m  ‚îÇ[0m [31m                  ^^^^^^^^^^^^^^^^^^^^^^[0m
app:build: [34m  ‚ïµ[0m
app:build:     src/components/Input/Input.module.scss 5:19  root stylesheet
app:build: 
app:build: [33m[1mDeprecation Warning[0m [[34mimport[0m]: Sass @import rules are deprecated and will be removed in Dart Sass 3.0.0.
app:build: 
app:build: More info and automated migrator: https://sass-lang.com/d/import
app:build: 
app:build: [34m  ‚ï∑[0m
app:build: [34m6 ‚îÇ[0m           @import [31m"@/styles/consts.scss"[0m;
app:build: [34m  ‚îÇ[0m [31m                  ^^^^^^^^^^^^^^^^^^^^^^[0m
app:build: [34m  ‚ïµ[0m
app:build:     src/components/Input/Input.module.scss 6:19  root stylesheet
app:build: 
app:build: [33m[1mDeprecation Warning[0m [[34mlegacy-js-api[0m]: The legacy JS API is deprecated and will be removed in Dart Sass 2.0.0.
app:build: 
app:build: More info: https://sass-lang.com/d/legacy-js-api
app:build: 
app:build: [33m[1mDeprecation Warning[0m [[34mimport[0m]: Sass @import rules are deprecated and will be removed in Dart Sass 3.0.0.
app:build: 
app:build: More info and automated migrator: https://sass-lang.com/d/import
app:build: 
app:build: [34m  ‚ï∑[0m
app:build: [34m2 ‚îÇ[0m           @import [31m"@/styles/colors.scss"[0m;
app:build: [34m  ‚îÇ[0m [31m                  ^^^^^^^^^^^^^^^^^^^^^^[0m
app:build: [34m  ‚ïµ[0m
app:build:     src/components/LoadingSpinner/LoadingSpinner.module.scss 2:19  root stylesheet
app:build: 
app:build: [33m[1mDeprecation Warning[0m [[34mimport[0m]: Sass @import rules are deprecated and will be removed in Dart Sass 3.0.0.
app:build: 
app:build: More info and automated migrator: https://sass-lang.com/d/import
app:build: 
app:build: [34m  ‚ï∑[0m
app:build: [34m3 ‚îÇ[0m           @import [31m"@/styles/fonts.scss"[0m;
app:build: [34m  ‚îÇ[0m [31m                  ^^^^^^^^^^^^^^^^^^^^^[0m
app:build: [34m  ‚ïµ[0m
app:build:     src/components/LoadingSpinner/LoadingSpinner.module.scss 3:19  root stylesheet
app:build: 
app:build: [33m[1mDeprecation Warning[0m [[34mimport[0m]: Sass @import rules are deprecated and will be removed in Dart Sass 3.0.0.
app:build: 
app:build: More info and automated migrator: https://sass-lang.com/d/import
app:build: 
app:build: [34m  ‚ï∑[0m
app:build: [34m4 ‚îÇ[0m           @import [31m"@/styles/breakpoints.scss"[0m;
app:build: [34m  ‚îÇ[0m [31m                  ^^^^^^^^^^^^^^^^^^^^^^^^^^^[0m
app:build: [34m  ‚ïµ[0m
app:build:     src/components/LoadingSpinner/LoadingSpinner.module.scss 4:19  root stylesheet
app:build: 
app:build: [33m[1mDeprecation Warning[0m [[34mimport[0m]: Sass @import rules are deprecated and will be removed in Dart Sass 3.0.0.
app:build: 
app:build: More info and automated migrator: https://sass-lang.com/d/import
app:build: 
app:build: [34m  ‚ï∑[0m
app:build: [34m5 ‚îÇ[0m           @import [31m"@/styles/mixins.scss"[0m;
app:build: [34m  ‚îÇ[0m [31m                  ^^^^^^^^^^^^^^^^^^^^^^[0m
app:build: [34m  ‚ïµ[0m
app:build:     src/components/LoadingSpinner/LoadingSpinner.module.scss 5:19  root stylesheet
app:build: 
app:build: [33m[1mDeprecation Warning[0m [[34mimport[0m]: Sass @import rules are deprecated and will be removed in Dart Sass 3.0.0.
app:build: 
app:build: More info and automated migrator: https://sass-lang.com/d/import
app:build: 
app:build: [34m  ‚ï∑[0m
app:build: [34m6 ‚îÇ[0m           @import [31m"@/styles/consts.scss"[0m;
app:build: [34m  ‚îÇ[0m [31m                  ^^^^^^^^^^^^^^^^^^^^^^[0m
app:build: [34m  ‚ïµ[0m
app:build:     src/components/LoadingSpinner/LoadingSpinner.module.scss 6:19  root stylesheet
app:build: 
app:build: [33m[1mDeprecation Warning[0m [[34mlegacy-js-api[0m]: The legacy JS API is deprecated and will be removed in Dart Sass 2.0.0.
app:build: 
app:build: More info: https://sass-lang.com/d/legacy-js-api
app:build: 
app:build: [33m[1mDeprecation Warning[0m [[34mimport[0m]: Sass @import rules are deprecated and will be removed in Dart Sass 3.0.0.
app:build: 
app:build: More info and automated migrator: https://sass-lang.com/d/import
app:build: 
app:build: [34m  ‚ï∑[0m
app:build: [34m2 ‚îÇ[0m           @import [31m"@/styles/colors.scss"[0m;
app:build: [34m  ‚îÇ[0m [31m                  ^^^^^^^^^^^^^^^^^^^^^^[0m
app:build: [34m  ‚ïµ[0m
app:build:     src/pages/FlyTalksList/FlyTalksList.module.scss 2:19  root stylesheet
app:build: 
app:build: [33m[1mDeprecation Warning[0m [[34mimport[0m]: Sass @import rules are deprecated and will be removed in Dart Sass 3.0.0.
app:build: 
app:build: More info and automated migrator: https://sass-lang.com/d/import
app:build: 
app:build: [34m  ‚ï∑[0m
app:build: [34m3 ‚îÇ[0m           @import [31m"@/styles/fonts.scss"[0m;
app:build: [34m  ‚îÇ[0m [31m                  ^^^^^^^^^^^^^^^^^^^^^[0m
app:build: [34m  ‚ïµ[0m
app:build:     src/pages/FlyTalksList/FlyTalksList.module.scss 3:19  root stylesheet
app:build: 
app:build: [33m[1mDeprecation Warning[0m [[34mimport[0m]: Sass @import rules are deprecated and will be removed in Dart Sass 3.0.0.
app:build: 
app:build: More info and automated migrator: https://sass-lang.com/d/import
app:build: 
app:build: [34m  ‚ï∑[0m
app:build: [34m4 ‚îÇ[0m           @import [31m"@/styles/breakpoints.scss"[0m;
app:build: [34m  ‚îÇ[0m [31m                  ^^^^^^^^^^^^^^^^^^^^^^^^^^^[0m
app:build: [34m  ‚ïµ[0m
app:build:     src/pages/FlyTalksList/FlyTalksList.module.scss 4:19  root stylesheet
app:build: 
app:build: [33m[1mDeprecation Warning[0m [[34mimport[0m]: Sass @import rules are deprecated and will be removed in Dart Sass 3.0.0.
app:build: 
app:build: More info and automated migrator: https://sass-lang.com/d/import
app:build: 
app:build: [34m  ‚ï∑[0m
app:build: [34m5 ‚îÇ[0m           @import [31m"@/styles/mixins.scss"[0m;
app:build: [34m  ‚îÇ[0m [31m                  ^^^^^^^^^^^^^^^^^^^^^^[0m
app:build: [34m  ‚ïµ[0m
app:build:     src/pages/FlyTalksList/FlyTalksList.module.scss 5:19  root stylesheet
app:build: 
app:build: [33m[1mDeprecation Warning[0m [[34mimport[0m]: Sass @import rules are deprecated and will be removed in Dart Sass 3.0.0.
app:build: 
app:build: More info and automated migrator: https://sass-lang.com/d/import
app:build: 
app:build: [34m  ‚ï∑[0m
app:build: [34m6 ‚îÇ[0m           @import [31m"@/styles/consts.scss"[0m;
app:build: [34m  ‚îÇ[0m [31m                  ^^^^^^^^^^^^^^^^^^^^^^[0m
app:build: [34m  ‚ïµ[0m
app:build:     src/pages/FlyTalksList/FlyTalksList.module.scss 6:19  root stylesheet
app:build: 
app:build: [33m[1mDeprecation Warning[0m [[34mlegacy-js-api[0m]: The legacy JS API is deprecated and will be removed in Dart Sass 2.0.0.
app:build: 
app:build: More info: https://sass-lang.com/d/legacy-js-api
app:build: 
app:build: [33m[1mDeprecation Warning[0m [[34mimport[0m]: Sass @import rules are deprecated and will be removed in Dart Sass 3.0.0.
app:build: 
app:build: More info and automated migrator: https://sass-lang.com/d/import
app:build: 
app:build: [34m  ‚ï∑[0m
app:build: [34m2 ‚îÇ[0m           @import [31m"@/styles/colors.scss"[0m;
app:build: [34m  ‚îÇ[0m [31m                  ^^^^^^^^^^^^^^^^^^^^^^[0m
app:build: [34m  ‚ïµ[0m
app:build:     src/components/Reward/Reward.module.scss 2:19  root stylesheet
app:build: 
app:build: [33m[1mDeprecation Warning[0m [[34mimport[0m]: Sass @import rules are deprecated and will be removed in Dart Sass 3.0.0.
app:build: 
app:build: More info and automated migrator: https://sass-lang.com/d/import
app:build: 
app:build: [34m  ‚ï∑[0m
app:build: [34m3 ‚îÇ[0m           @import [31m"@/styles/fonts.scss"[0m;
app:build: [34m  ‚îÇ[0m [31m                  ^^^^^^^^^^^^^^^^^^^^^[0m
app:build: [34m  ‚ïµ[0m
app:build:     src/components/Reward/Reward.module.scss 3:19  root stylesheet
app:build: 
app:build: [33m[1mDeprecation Warning[0m [[34mimport[0m]: Sass @import rules are deprecated and will be removed in Dart Sass 3.0.0.
app:build: 
app:build: More info and automated migrator: https://sass-lang.com/d/import
app:build: 
app:build: [34m  ‚ï∑[0m
app:build: [34m4 ‚îÇ[0m           @import [31m"@/styles/breakpoints.scss"[0m;
app:build: [34m  ‚îÇ[0m [31m                  ^^^^^^^^^^^^^^^^^^^^^^^^^^^[0m
app:build: [34m  ‚ïµ[0m
app:build:     src/components/Reward/Reward.module.scss 4:19  root stylesheet
app:build: 
app:build: [33m[1mDeprecation Warning[0m [[34mimport[0m]: Sass @import rules are deprecated and will be removed in Dart Sass 3.0.0.
app:build: 
app:build: More info and automated migrator: https://sass-lang.com/d/import
app:build: 
app:build: [34m  ‚ï∑[0m
app:build: [34m5 ‚îÇ[0m           @import [31m"@/styles/mixins.scss"[0m;
app:build: [34m  ‚îÇ[0m [31m                  ^^^^^^^^^^^^^^^^^^^^^^[0m
app:build: [34m  ‚ïµ[0m
app:build:     src/components/Reward/Reward.module.scss 5:19  root stylesheet
app:build: 
app:build: [33m[1mDeprecation Warning[0m [[34mimport[0m]: Sass @import rules are deprecated and will be removed in Dart Sass 3.0.0.
app:build: 
app:build: More info and automated migrator: https://sass-lang.com/d/import
app:build: 
app:build: [34m  ‚ï∑[0m
app:build: [34m6 ‚îÇ[0m           @import [31m"@/styles/consts.scss"[0m;
app:build: [34m  ‚îÇ[0m [31m                  ^^^^^^^^^^^^^^^^^^^^^^[0m
app:build: [34m  ‚ïµ[0m
app:build:     src/components/Reward/Reward.module.scss 6:19  root stylesheet
app:build: 
app:build: [33m[1mDeprecation Warning[0m [[34mlegacy-js-api[0m]: The legacy JS API is deprecated and will be removed in Dart Sass 2.0.0.
app:build: 
app:build: More info: https://sass-lang.com/d/legacy-js-api
app:build: 
app:build: [33m[1mDeprecation Warning[0m [[34mimport[0m]: Sass @import rules are deprecated and will be removed in Dart Sass 3.0.0.
app:build: 
app:build: More info and automated migrator: https://sass-lang.com/d/import
app:build: 
app:build: [34m  ‚ï∑[0m
app:build: [34m2 ‚îÇ[0m           @import [31m"@/styles/colors.scss"[0m;
app:build: [34m  ‚îÇ[0m [31m                  ^^^^^^^^^^^^^^^^^^^^^^[0m
app:build: [34m  ‚ïµ[0m
app:build:     src/components/AvatarNavigationBar/AvatarNavigationBar.module.scss 2:19  root stylesheet
app:build: 
app:build: [33m[1mDeprecation Warning[0m [[34mimport[0m]: Sass @import rules are deprecated and will be removed in Dart Sass 3.0.0.
app:build: 
app:build: More info and automated migrator: https://sass-lang.com/d/import
app:build: 
app:build: [34m  ‚ï∑[0m
app:build: [34m3 ‚îÇ[0m           @import [31m"@/styles/fonts.scss"[0m;
app:build: [34m  ‚îÇ[0m [31m                  ^^^^^^^^^^^^^^^^^^^^^[0m
app:build: [34m  ‚ïµ[0m
app:build:     src/components/AvatarNavigationBar/AvatarNavigationBar.module.scss 3:19  root stylesheet
app:build: 
app:build: [33m[1mDeprecation Warning[0m [[34mimport[0m]: Sass @import rules are deprecated and will be removed in Dart Sass 3.0.0.
app:build: 
app:build: More info and automated migrator: https://sass-lang.com/d/import
app:build: 
app:build: [34m  ‚ï∑[0m
app:build: [34m4 ‚îÇ[0m           @import [31m"@/styles/breakpoints.scss"[0m;
app:build: [34m  ‚îÇ[0m [31m                  ^^^^^^^^^^^^^^^^^^^^^^^^^^^[0m
app:build: [34m  ‚ïµ[0m
app:build:     src/components/AvatarNavigationBar/AvatarNavigationBar.module.scss 4:19  root stylesheet
app:build: 
app:build: [33m[1mDeprecation Warning[0m [[34mimport[0m]: Sass @import rules are deprecated and will be removed in Dart Sass 3.0.0.
app:build: 
app:build: More info and automated migrator: https://sass-lang.com/d/import
app:build: 
app:build: [34m  ‚ï∑[0m
app:build: [34m5 ‚îÇ[0m           @import [31m"@/styles/mixins.scss"[0m;
app:build: [34m  ‚îÇ[0m [31m                  ^^^^^^^^^^^^^^^^^^^^^^[0m
app:build: [34m  ‚ïµ[0m
app:build:     src/components/AvatarNavigationBar/AvatarNavigationBar.module.scss 5:19  root stylesheet
app:build: 
app:build: [33m[1mDeprecation Warning[0m [[34mimport[0m]: Sass @import rules are deprecated and will be removed in Dart Sass 3.0.0.
app:build: 
app:build: More info and automated migrator: https://sass-lang.com/d/import
app:build: 
app:build: [34m  ‚ï∑[0m
app:build: [34m6 ‚îÇ[0m           @import [31m"@/styles/consts.scss"[0m;
app:build: [34m  ‚îÇ[0m [31m                  ^^^^^^^^^^^^^^^^^^^^^^[0m
app:build: [34m  ‚ïµ[0m
app:build:     src/components/AvatarNavigationBar/AvatarNavigationBar.module.scss 6:19  root stylesheet
app:build: 
app:build: [33m[1mDeprecation Warning[0m [[34mlegacy-js-api[0m]: The legacy JS API is deprecated and will be removed in Dart Sass 2.0.0.
app:build: 
app:build: More info: https://sass-lang.com/d/legacy-js-api
app:build: 
app:build: [33m[1mDeprecation Warning[0m [[34mimport[0m]: Sass @import rules are deprecated and will be removed in Dart Sass 3.0.0.
app:build: 
app:build: More info and automated migrator: https://sass-lang.com/d/import
app:build: 
app:build: [34m  ‚ï∑[0m
app:build: [34m2 ‚îÇ[0m           @import [31m"@/styles/colors.scss"[0m;
app:build: [34m  ‚îÇ[0m [31m                  ^^^^^^^^^^^^^^^^^^^^^^[0m
app:build: [34m  ‚ïµ[0m
app:build:     src/pages/FlyTalksApplyPage/ConfirmationPopup/ConfirmationPopup.module.scss 2:19  root stylesheet
app:build: 
app:build: [33m[1mDeprecation Warning[0m [[34mimport[0m]: Sass @import rules are deprecated and will be removed in Dart Sass 3.0.0.
app:build: 
app:build: More info and automated migrator: https://sass-lang.com/d/import
app:build: 
app:build: [34m  ‚ï∑[0m
app:build: [34m3 ‚îÇ[0m           @import [31m"@/styles/fonts.scss"[0m;
app:build: [34m  ‚îÇ[0m [31m                  ^^^^^^^^^^^^^^^^^^^^^[0m
app:build: [34m  ‚ïµ[0m
app:build:     src/pages/FlyTalksApplyPage/ConfirmationPopup/ConfirmationPopup.module.scss 3:19  root stylesheet
app:build: 
app:build: [33m[1mDeprecation Warning[0m [[34mimport[0m]: Sass @import rules are deprecated and will be removed in Dart Sass 3.0.0.
app:build: 
app:build: More info and automated migrator: https://sass-lang.com/d/import
app:build: 
app:build: [34m  ‚ï∑[0m
app:build: [34m4 ‚îÇ[0m           @import [31m"@/styles/breakpoints.scss"[0m;
app:build: [34m  ‚îÇ[0m [31m                  ^^^^^^^^^^^^^^^^^^^^^^^^^^^[0m
app:build: [34m  ‚ïµ[0m
app:build:     src/pages/FlyTalksApplyPage/ConfirmationPopup/ConfirmationPopup.module.scss 4:19  root stylesheet
app:build: 
app:build: [33m[1mDeprecation Warning[0m [[34mimport[0m]: Sass @import rules are deprecated and will be removed in Dart Sass 3.0.0.
app:build: 
app:build: More info and automated migrator: https://sass-lang.com/d/import
app:build: 
app:build: [34m  ‚ï∑[0m
app:build: [34m5 ‚îÇ[0m           @import [31m"@/styles/mixins.scss"[0m;
app:build: [34m  ‚îÇ[0m [31m                  ^^^^^^^^^^^^^^^^^^^^^^[0m
app:build: [34m  ‚ïµ[0m
app:build:     src/pages/FlyTalksApplyPage/ConfirmationPopup/ConfirmationPopup.module.scss 5:19  root stylesheet
app:build: 
app:build: [33m[1mDeprecation Warning[0m [[34mimport[0m]: Sass @import rules are deprecated and will be removed in Dart Sass 3.0.0.
app:build: 
app:build: More info and automated migrator: https://sass-lang.com/d/import
app:build: 
app:build: [34m  ‚ï∑[0m
app:build: [34m6 ‚îÇ[0m           @import [31m"@/styles/consts.scss"[0m;
app:build: [34m  ‚îÇ[0m [31m                  ^^^^^^^^^^^^^^^^^^^^^^[0m
app:build: [34m  ‚ïµ[0m
app:build:     src/pages/FlyTalksApplyPage/ConfirmationPopup/ConfirmationPopup.module.scss 6:19  root stylesheet
app:build: 
app:build: [33m[1mDeprecation Warning[0m [[34mlegacy-js-api[0m]: The legacy JS API is deprecated and will be removed in Dart Sass 2.0.0.
app:build: 
app:build: More info: https://sass-lang.com/d/legacy-js-api
app:build: 
app:build: [33m[1mDeprecation Warning[0m [[34mimport[0m]: Sass @import rules are deprecated and will be removed in Dart Sass 3.0.0.
app:build: 
app:build: More info and automated migrator: https://sass-lang.com/d/import
app:build: 
app:build: [34m  ‚ï∑[0m
app:build: [34m2 ‚îÇ[0m           @import [31m"@/styles/colors.scss"[0m;
app:build: [34m  ‚îÇ[0m [31m                  ^^^^^^^^^^^^^^^^^^^^^^[0m
app:build: [34m  ‚ïµ[0m
app:build:     src/components/SettingsButton/SettingsButton.module.scss 2:19  root stylesheet
app:build: 
app:build: [33m[1mDeprecation Warning[0m [[34mimport[0m]: Sass @import rules are deprecated and will be removed in Dart Sass 3.0.0.
app:build: 
app:build: More info and automated migrator: https://sass-lang.com/d/import
app:build: 
app:build: [34m  ‚ï∑[0m
app:build: [34m3 ‚îÇ[0m           @import [31m"@/styles/fonts.scss"[0m;
app:build: [34m  ‚îÇ[0m [31m                  ^^^^^^^^^^^^^^^^^^^^^[0m
app:build: [34m  ‚ïµ[0m
app:build:     src/components/SettingsButton/SettingsButton.module.scss 3:19  root stylesheet
app:build: 
app:build: [33m[1mDeprecation Warning[0m [[34mimport[0m]: Sass @import rules are deprecated and will be removed in Dart Sass 3.0.0.
app:build: 
app:build: More info and automated migrator: https://sass-lang.com/d/import
app:build: 
app:build: [34m  ‚ï∑[0m
app:build: [34m4 ‚îÇ[0m           @import [31m"@/styles/breakpoints.scss"[0m;
app:build: [34m  ‚îÇ[0m [31m                  ^^^^^^^^^^^^^^^^^^^^^^^^^^^[0m
app:build: [34m  ‚ïµ[0m
app:build:     src/components/SettingsButton/SettingsButton.module.scss 4:19  root stylesheet
app:build: 
app:build: [33m[1mDeprecation Warning[0m [[34mimport[0m]: Sass @import rules are deprecated and will be removed in Dart Sass 3.0.0.
app:build: 
app:build: More info and automated migrator: https://sass-lang.com/d/import
app:build: 
app:build: [34m  ‚ï∑[0m
app:build: [34m5 ‚îÇ[0m           @import [31m"@/styles/mixins.scss"[0m;
app:build: [34m  ‚îÇ[0m [31m                  ^^^^^^^^^^^^^^^^^^^^^^[0m
app:build: [34m  ‚ïµ[0m
app:build:     src/components/SettingsButton/SettingsButton.module.scss 5:19  root stylesheet
app:build: 
app:build: [33m[1mDeprecation Warning[0m [[34mimport[0m]: Sass @import rules are deprecated and will be removed in Dart Sass 3.0.0.
app:build: 
app:build: More info and automated migrator: https://sass-lang.com/d/import
app:build: 
app:build: [34m  ‚ï∑[0m
app:build: [34m6 ‚îÇ[0m           @import [31m"@/styles/consts.scss"[0m;
app:build: [34m  ‚îÇ[0m [31m                  ^^^^^^^^^^^^^^^^^^^^^^[0m
app:build: [34m  ‚ïµ[0m
app:build:     src/components/SettingsButton/SettingsButton.module.scss 6:19  root stylesheet
app:build: 
app:build: [33m[1mDeprecation Warning[0m [[34mlegacy-js-api[0m]: The legacy JS API is deprecated and will be removed in Dart Sass 2.0.0.
app:build: 
app:build: More info: https://sass-lang.com/d/legacy-js-api
app:build: 
app:build: [33m[1mDeprecation Warning[0m [[34mimport[0m]: Sass @import rules are deprecated and will be removed in Dart Sass 3.0.0.
app:build: 
app:build: More info and automated migrator: https://sass-lang.com/d/import
app:build: 
app:build: [34m  ‚ï∑[0m
app:build: [34m2 ‚îÇ[0m           @import [31m"@/styles/colors.scss"[0m;
app:build: [34m  ‚îÇ[0m [31m                  ^^^^^^^^^^^^^^^^^^^^^^[0m
app:build: [34m  ‚ïµ[0m
app:build:     src/components/AvatarOptionsGrid/AvatarOptionsGrid.module.scss 2:19  root stylesheet
app:build: 
app:build: [33m[1mDeprecation Warning[0m [[34mimport[0m]: Sass @import rules are deprecated and will be removed in Dart Sass 3.0.0.
app:build: 
app:build: More info and automated migrator: https://sass-lang.com/d/import
app:build: 
app:build: [34m  ‚ï∑[0m
app:build: [34m3 ‚îÇ[0m           @import [31m"@/styles/fonts.scss"[0m;
app:build: [34m  ‚îÇ[0m [31m                  ^^^^^^^^^^^^^^^^^^^^^[0m
app:build: [34m  ‚ïµ[0m
app:build:     src/components/AvatarOptionsGrid/AvatarOptionsGrid.module.scss 3:19  root stylesheet
app:build: 
app:build: [33m[1mDeprecation Warning[0m [[34mimport[0m]: Sass @import rules are deprecated and will be removed in Dart Sass 3.0.0.
app:build: 
app:build: More info and automated migrator: https://sass-lang.com/d/import
app:build: 
app:build: [34m  ‚ï∑[0m
app:build: [34m4 ‚îÇ[0m           @import [31m"@/styles/breakpoints.scss"[0m;
app:build: [34m  ‚îÇ[0m [31m                  ^^^^^^^^^^^^^^^^^^^^^^^^^^^[0m
app:build: [34m  ‚ïµ[0m
app:build:     src/components/AvatarOptionsGrid/AvatarOptionsGrid.module.scss 4:19  root stylesheet
app:build: 
app:build: [33m[1mDeprecation Warning[0m [[34mimport[0m]: Sass @import rules are deprecated and will be removed in Dart Sass 3.0.0.
app:build: 
app:build: More info and automated migrator: https://sass-lang.com/d/import
app:build: 
app:build: [34m  ‚ï∑[0m
app:build: [34m5 ‚îÇ[0m           @import [31m"@/styles/mixins.scss"[0m;
app:build: [34m  ‚îÇ[0m [31m                  ^^^^^^^^^^^^^^^^^^^^^^[0m
app:build: [34m  ‚ïµ[0m
app:build:     src/components/AvatarOptionsGrid/AvatarOptionsGrid.module.scss 5:19  root stylesheet
app:build: 
app:build: [33m[1mDeprecation Warning[0m [[34mimport[0m]: Sass @import rules are deprecated and will be removed in Dart Sass 3.0.0.
app:build: 
app:build: More info and automated migrator: https://sass-lang.com/d/import
app:build: 
app:build: [34m  ‚ï∑[0m
app:build: [34m6 ‚îÇ[0m           @import [31m"@/styles/consts.scss"[0m;
app:build: [34m  ‚îÇ[0m [31m                  ^^^^^^^^^^^^^^^^^^^^^^[0m
app:build: [34m  ‚ïµ[0m
app:build:     src/components/AvatarOptionsGrid/AvatarOptionsGrid.module.scss 6:19  root stylesheet
app:build: 
app:build: [33m[1mDeprecation Warning[0m [[34mlegacy-js-api[0m]: The legacy JS API is deprecated and will be removed in Dart Sass 2.0.0.
app:build: 
app:build: More info: https://sass-lang.com/d/legacy-js-api
app:build: 
app:build: [33m[1mDeprecation Warning[0m [[34mimport[0m]: Sass @import rules are deprecated and will be removed in Dart Sass 3.0.0.
app:build: 
app:build: More info and automated migrator: https://sass-lang.com/d/import
app:build: 
app:build: [34m  ‚ï∑[0m
app:build: [34m2 ‚îÇ[0m           @import [31m"@/styles/colors.scss"[0m;
app:build: [34m  ‚îÇ[0m [31m                  ^^^^^^^^^^^^^^^^^^^^^^[0m
app:build: [34m  ‚ïµ[0m
app:build:     src/components/SelectInput/SelectInput.module.scss 2:19  root stylesheet
app:build: 
app:build: [33m[1mDeprecation Warning[0m [[34mimport[0m]: Sass @import rules are deprecated and will be removed in Dart Sass 3.0.0.
app:build: 
app:build: More info and automated migrator: https://sass-lang.com/d/import
app:build: 
app:build: [34m  ‚ï∑[0m
app:build: [34m3 ‚îÇ[0m           @import [31m"@/styles/fonts.scss"[0m;
app:build: [34m  ‚îÇ[0m [31m                  ^^^^^^^^^^^^^^^^^^^^^[0m
app:build: [34m  ‚ïµ[0m
app:build:     src/components/SelectInput/SelectInput.module.scss 3:19  root stylesheet
app:build: 
app:build: [33m[1mDeprecation Warning[0m [[34mimport[0m]: Sass @import rules are deprecated and will be removed in Dart Sass 3.0.0.
app:build: 
app:build: More info and automated migrator: https://sass-lang.com/d/import
app:build: 
app:build: [34m  ‚ï∑[0m
app:build: [34m4 ‚îÇ[0m           @import [31m"@/styles/breakpoints.scss"[0m;
app:build: [34m  ‚îÇ[0m [31m                  ^^^^^^^^^^^^^^^^^^^^^^^^^^^[0m
app:build: [34m  ‚ïµ[0m
app:build:     src/components/SelectInput/SelectInput.module.scss 4:19  root stylesheet
app:build: 
app:build: [33m[1mDeprecation Warning[0m [[34mimport[0m]: Sass @import rules are deprecated and will be removed in Dart Sass 3.0.0.
app:build: 
app:build: More info and automated migrator: https://sass-lang.com/d/import
app:build: 
app:build: [34m  ‚ï∑[0m
app:build: [34m5 ‚îÇ[0m           @import [31m"@/styles/mixins.scss"[0m;
app:build: [34m  ‚îÇ[0m [31m                  ^^^^^^^^^^^^^^^^^^^^^^[0m
app:build: [34m  ‚ïµ[0m
app:build:     src/components/SelectInput/SelectInput.module.scss 5:19  root stylesheet
app:build: 
app:build: [33m[1mDeprecation Warning[0m [[34mimport[0m]: Sass @import rules are deprecated and will be removed in Dart Sass 3.0.0.
app:build: 
app:build: More info and automated migrator: https://sass-lang.com/d/import
app:build: 
app:build: [34m  ‚ï∑[0m
app:build: [34m6 ‚îÇ[0m           @import [31m"@/styles/consts.scss"[0m;
app:build: [34m  ‚îÇ[0m [31m                  ^^^^^^^^^^^^^^^^^^^^^^[0m
app:build: [34m  ‚ïµ[0m
app:build:     src/components/SelectInput/SelectInput.module.scss 6:19  root stylesheet
app:build: 
app:build: [33m[1mDeprecation Warning[0m [[34mlegacy-js-api[0m]: The legacy JS API is deprecated and will be removed in Dart Sass 2.0.0.
app:build: 
app:build: More info: https://sass-lang.com/d/legacy-js-api
app:build: 
app:build: [33m[1mDeprecation Warning[0m [[34mimport[0m]: Sass @import rules are deprecated and will be removed in Dart Sass 3.0.0.
app:build: 
app:build: More info and automated migrator: https://sass-lang.com/d/import
app:build: 
app:build: [34m  ‚ï∑[0m
app:build: [34m2 ‚îÇ[0m           @import [31m"@/styles/colors.scss"[0m;
app:build: [34m  ‚îÇ[0m [31m                  ^^^^^^^^^^^^^^^^^^^^^^[0m
app:build: [34m  ‚ïµ[0m
app:build:     src/components/FileInput/FileInput.module.scss 2:19  root stylesheet
app:build: 
app:build: [33m[1mDeprecation Warning[0m [[34mimport[0m]: Sass @import rules are deprecated and will be removed in Dart Sass 3.0.0.
app:build: 
app:build: More info and automated migrator: https://sass-lang.com/d/import
app:build: 
app:build: [34m  ‚ï∑[0m
app:build: [34m3 ‚îÇ[0m           @import [31m"@/styles/fonts.scss"[0m;
app:build: [34m  ‚îÇ[0m [31m                  ^^^^^^^^^^^^^^^^^^^^^[0m
app:build: [34m  ‚ïµ[0m
app:build:     src/components/FileInput/FileInput.module.scss 3:19  root stylesheet
app:build: 
app:build: [33m[1mDeprecation Warning[0m [[34mimport[0m]: Sass @import rules are deprecated and will be removed in Dart Sass 3.0.0.
app:build: 
app:build: More info and automated migrator: https://sass-lang.com/d/import
app:build: 
app:build: [34m  ‚ï∑[0m
app:build: [34m4 ‚îÇ[0m           @import [31m"@/styles/breakpoints.scss"[0m;
app:build: [34m  ‚îÇ[0m [31m                  ^^^^^^^^^^^^^^^^^^^^^^^^^^^[0m
app:build: [34m  ‚ïµ[0m
app:build:     src/components/FileInput/FileInput.module.scss 4:19  root stylesheet
app:build: 
app:build: [33m[1mDeprecation Warning[0m [[34mimport[0m]: Sass @import rules are deprecated and will be removed in Dart Sass 3.0.0.
app:build: 
app:build: More info and automated migrator: https://sass-lang.com/d/import
app:build: 
app:build: [34m  ‚ï∑[0m
app:build: [34m5 ‚îÇ[0m           @import [31m"@/styles/mixins.scss"[0m;
app:build: [34m  ‚îÇ[0m [31m                  ^^^^^^^^^^^^^^^^^^^^^^[0m
app:build: [34m  ‚ïµ[0m
app:build:     src/components/FileInput/FileInput.module.scss 5:19  root stylesheet
app:build: 
app:build: [33m[1mDeprecation Warning[0m [[34mimport[0m]: Sass @import rules are deprecated and will be removed in Dart Sass 3.0.0.
app:build: 
app:build: More info and automated migrator: https://sass-lang.com/d/import
app:build: 
app:build: [34m  ‚ï∑[0m
app:build: [34m6 ‚îÇ[0m           @import [31m"@/styles/consts.scss"[0m;
app:build: [34m  ‚îÇ[0m [31m                  ^^^^^^^^^^^^^^^^^^^^^^[0m
app:build: [34m  ‚ïµ[0m
app:build:     src/components/FileInput/FileInput.module.scss 6:19  root stylesheet
app:build: 
app:build: [33m[1mDeprecation Warning[0m [[34mlegacy-js-api[0m]: The legacy JS API is deprecated and will be removed in Dart Sass 2.0.0.
app:build: 
app:build: More info: https://sass-lang.com/d/legacy-js-api
app:build: 
app:build: [33m[1mDeprecation Warning[0m [[34mimport[0m]: Sass @import rules are deprecated and will be removed in Dart Sass 3.0.0.
app:build: 
app:build: More info and automated migrator: https://sass-lang.com/d/import
app:build: 
app:build: [34m  ‚ï∑[0m
app:build: [34m2 ‚îÇ[0m           @import [31m"@/styles/colors.scss"[0m;
app:build: [34m  ‚îÇ[0m [31m                  ^^^^^^^^^^^^^^^^^^^^^^[0m
app:build: [34m  ‚ïµ[0m
app:build:     src/components/RecommendedCompany/RecommendedCompany.module.scss 2:19  root stylesheet
app:build: 
app:build: [33m[1mDeprecation Warning[0m [[34mimport[0m]: Sass @import rules are deprecated and will be removed in Dart Sass 3.0.0.
app:build: 
app:build: More info and automated migrator: https://sass-lang.com/d/import
app:build: 
app:build: [34m  ‚ï∑[0m
app:build: [34m3 ‚îÇ[0m           @import [31m"@/styles/fonts.scss"[0m;
app:build: [34m  ‚îÇ[0m [31m                  ^^^^^^^^^^^^^^^^^^^^^[0m
app:build: [34m  ‚ïµ[0m
app:build:     src/components/RecommendedCompany/RecommendedCompany.module.scss 3:19  root stylesheet
app:build: 
app:build: [33m[1mDeprecation Warning[0m [[34mimport[0m]: Sass @import rules are deprecated and will be removed in Dart Sass 3.0.0.
app:build: 
app:build: More info and automated migrator: https://sass-lang.com/d/import
app:build: 
app:build: [34m  ‚ï∑[0m
app:build: [34m4 ‚îÇ[0m           @import [31m"@/styles/breakpoints.scss"[0m;
app:build: [34m  ‚îÇ[0m [31m                  ^^^^^^^^^^^^^^^^^^^^^^^^^^^[0m
app:build: [34m  ‚ïµ[0m
app:build:     src/components/RecommendedCompany/RecommendedCompany.module.scss 4:19  root stylesheet
app:build: 
app:build: [33m[1mDeprecation Warning[0m [[34mimport[0m]: Sass @import rules are deprecated and will be removed in Dart Sass 3.0.0.
app:build: 
app:build: More info and automated migrator: https://sass-lang.com/d/import
app:build: 
app:build: [34m  ‚ï∑[0m
app:build: [34m5 ‚îÇ[0m           @import [31m"@/styles/mixins.scss"[0m;
app:build: [34m  ‚îÇ[0m [31m                  ^^^^^^^^^^^^^^^^^^^^^^[0m
app:build: [34m  ‚ïµ[0m
app:build:     src/components/RecommendedCompany/RecommendedCompany.module.scss 5:19  root stylesheet
app:build: 
app:build: [33m[1mDeprecation Warning[0m [[34mimport[0m]: Sass @import rules are deprecated and will be removed in Dart Sass 3.0.0.
app:build: 
app:build: More info and automated migrator: https://sass-lang.com/d/import
app:build: 
app:build: [34m  ‚ï∑[0m
app:build: [34m6 ‚îÇ[0m           @import [31m"@/styles/consts.scss"[0m;
app:build: [34m  ‚îÇ[0m [31m                  ^^^^^^^^^^^^^^^^^^^^^^[0m
app:build: [34m  ‚ïµ[0m
app:build:     src/components/RecommendedCompany/RecommendedCompany.module.scss 6:19  root stylesheet
app:build: 
app:build: [33m[1mDeprecation Warning[0m [[34mlegacy-js-api[0m]: The legacy JS API is deprecated and will be removed in Dart Sass 2.0.0.
app:build: 
app:build: More info: https://sass-lang.com/d/legacy-js-api
app:build: 
app:build: [33m[1mDeprecation Warning[0m [[34mimport[0m]: Sass @import rules are deprecated and will be removed in Dart Sass 3.0.0.
app:build: 
app:build: More info and automated migrator: https://sass-lang.com/d/import
app:build: 
app:build: [34m  ‚ï∑[0m
app:build: [34m2 ‚îÇ[0m           @import [31m"@/styles/colors.scss"[0m;
app:build: [34m  ‚îÇ[0m [31m                  ^^^^^^^^^^^^^^^^^^^^^^[0m
app:build: [34m  ‚ïµ[0m
app:build:     src/components/AvatarPreview/AvatarPreview.module.scss 2:19  root stylesheet
app:build: 
app:build: [33m[1mDeprecation Warning[0m [[34mimport[0m]: Sass @import rules are deprecated and will be removed in Dart Sass 3.0.0.
app:build: 
app:build: More info and automated migrator: https://sass-lang.com/d/import
app:build: 
app:build: [34m  ‚ï∑[0m
app:build: [34m3 ‚îÇ[0m           @import [31m"@/styles/fonts.scss"[0m;
app:build: [34m  ‚îÇ[0m [31m                  ^^^^^^^^^^^^^^^^^^^^^[0m
app:build: [34m  ‚ïµ[0m
app:build:     src/components/AvatarPreview/AvatarPreview.module.scss 3:19  root stylesheet
app:build: 
app:build: [33m[1mDeprecation Warning[0m [[34mimport[0m]: Sass @import rules are deprecated and will be removed in Dart Sass 3.0.0.
app:build: 
app:build: More info and automated migrator: https://sass-lang.com/d/import
app:build: 
app:build: [34m  ‚ï∑[0m
app:build: [34m4 ‚îÇ[0m           @import [31m"@/styles/breakpoints.scss"[0m;
app:build: [34m  ‚îÇ[0m [31m                  ^^^^^^^^^^^^^^^^^^^^^^^^^^^[0m
app:build: [34m  ‚ïµ[0m
app:build:     src/components/AvatarPreview/AvatarPreview.module.scss 4:19  root stylesheet
app:build: 
app:build: [33m[1mDeprecation Warning[0m [[34mimport[0m]: Sass @import rules are deprecated and will be removed in Dart Sass 3.0.0.
app:build: 
app:build: More info and automated migrator: https://sass-lang.com/d/import
app:build: 
app:build: [34m  ‚ï∑[0m
app:build: [34m5 ‚îÇ[0m           @import [31m"@/styles/mixins.scss"[0m;
app:build: [34m  ‚îÇ[0m [31m                  ^^^^^^^^^^^^^^^^^^^^^^[0m
app:build: [34m  ‚ïµ[0m
app:build:     src/components/AvatarPreview/AvatarPreview.module.scss 5:19  root stylesheet
app:build: 
app:build: [33m[1mDeprecation Warning[0m [[34mimport[0m]: Sass @import rules are deprecated and will be removed in Dart Sass 3.0.0.
app:build: 
app:build: More info and automated migrator: https://sass-lang.com/d/import
app:build: 
app:build: [34m  ‚ï∑[0m
app:build: [34m6 ‚îÇ[0m           @import [31m"@/styles/consts.scss"[0m;
app:build: [34m  ‚îÇ[0m [31m                  ^^^^^^^^^^^^^^^^^^^^^^[0m
app:build: [34m  ‚ïµ[0m
app:build:     src/components/AvatarPreview/AvatarPreview.module.scss 6:19  root stylesheet
app:build: 
app:build: [33m[1mDeprecation Warning[0m [[34mlegacy-js-api[0m]: The legacy JS API is deprecated and will be removed in Dart Sass 2.0.0.
app:build: 
app:build: More info: https://sass-lang.com/d/legacy-js-api
app:build: 
app:build: [33m[1mDeprecation Warning[0m [[34mimport[0m]: Sass @import rules are deprecated and will be removed in Dart Sass 3.0.0.
app:build: 
app:build: More info and automated migrator: https://sass-lang.com/d/import
app:build: 
app:build: [34m  ‚ï∑[0m
app:build: [34m2 ‚îÇ[0m           @import [31m"@/styles/colors.scss"[0m;
app:build: [34m  ‚îÇ[0m [31m                  ^^^^^^^^^^^^^^^^^^^^^^[0m
app:build: [34m  ‚ïµ[0m
app:build:     src/components/InterestCardsSection/InterestCard/InterestCard.module.scss 2:19  root stylesheet
app:build: 
app:build: [33m[1mDeprecation Warning[0m [[34mimport[0m]: Sass @import rules are deprecated and will be removed in Dart Sass 3.0.0.
app:build: 
app:build: More info and automated migrator: https://sass-lang.com/d/import
app:build: 
app:build: [34m  ‚ï∑[0m
app:build: [34m3 ‚îÇ[0m           @import [31m"@/styles/fonts.scss"[0m;
app:build: [34m  ‚îÇ[0m [31m                  ^^^^^^^^^^^^^^^^^^^^^[0m
app:build: [34m  ‚ïµ[0m
app:build:     src/components/InterestCardsSection/InterestCard/InterestCard.module.scss 3:19  root stylesheet
app:build: 
app:build: [33m[1mDeprecation Warning[0m [[34mimport[0m]: Sass @import rules are deprecated and will be removed in Dart Sass 3.0.0.
app:build: 
app:build: More info and automated migrator: https://sass-lang.com/d/import
app:build: 
app:build: [34m  ‚ï∑[0m
app:build: [34m4 ‚îÇ[0m           @import [31m"@/styles/breakpoints.scss"[0m;
app:build: [34m  ‚îÇ[0m [31m                  ^^^^^^^^^^^^^^^^^^^^^^^^^^^[0m
app:build: [34m  ‚ïµ[0m
app:build:     src/components/InterestCardsSection/InterestCard/InterestCard.module.scss 4:19  root stylesheet
app:build: 
app:build: [33m[1mDeprecation Warning[0m [[34mimport[0m]: Sass @import rules are deprecated and will be removed in Dart Sass 3.0.0.
app:build: 
app:build: More info and automated migrator: https://sass-lang.com/d/import
app:build: 
app:build: [34m  ‚ï∑[0m
app:build: [34m5 ‚îÇ[0m           @import [31m"@/styles/mixins.scss"[0m;
app:build: [34m  ‚îÇ[0m [31m                  ^^^^^^^^^^^^^^^^^^^^^^[0m
app:build: [34m  ‚ïµ[0m
app:build:     src/components/InterestCardsSection/InterestCard/InterestCard.module.scss 5:19  root stylesheet
app:build: 
app:build: [33m[1mDeprecation Warning[0m [[34mimport[0m]: Sass @import rules are deprecated and will be removed in Dart Sass 3.0.0.
app:build: 
app:build: More info and automated migrator: https://sass-lang.com/d/import
app:build: 
app:build: [34m  ‚ï∑[0m
app:build: [34m6 ‚îÇ[0m           @import [31m"@/styles/consts.scss"[0m;
app:build: [34m  ‚îÇ[0m [31m                  ^^^^^^^^^^^^^^^^^^^^^^[0m
app:build: [34m  ‚ïµ[0m
app:build:     src/components/InterestCardsSection/InterestCard/InterestCard.module.scss 6:19  root stylesheet
app:build: 
app:build: [33m[1mDeprecation Warning[0m [[34mlegacy-js-api[0m]: The legacy JS API is deprecated and will be removed in Dart Sass 2.0.0.
app:build: 
app:build: More info: https://sass-lang.com/d/legacy-js-api
app:build: 
app:build: [33m[1mDeprecation Warning[0m [[34mimport[0m]: Sass @import rules are deprecated and will be removed in Dart Sass 3.0.0.
app:build: 
app:build: More info and automated migrator: https://sass-lang.com/d/import
app:build: 
app:build: [34m  ‚ï∑[0m
app:build: [34m2 ‚îÇ[0m           @import [31m"@/styles/colors.scss"[0m;
app:build: [34m  ‚îÇ[0m [31m                  ^^^^^^^^^^^^^^^^^^^^^^[0m
app:build: [34m  ‚ïµ[0m
app:build:     src/layout/PopupLayout/PopupLayout.module.scss 2:19  root stylesheet
app:build: 
app:build: [33m[1mDeprecation Warning[0m [[34mimport[0m]: Sass @import rules are deprecated and will be removed in Dart Sass 3.0.0.
app:build: 
app:build: More info and automated migrator: https://sass-lang.com/d/import
app:build: 
app:build: [34m  ‚ï∑[0m
app:build: [34m3 ‚îÇ[0m           @import [31m"@/styles/fonts.scss"[0m;
app:build: [34m  ‚îÇ[0m [31m                  ^^^^^^^^^^^^^^^^^^^^^[0m
app:build: [34m  ‚ïµ[0m
app:build:     src/layout/PopupLayout/PopupLayout.module.scss 3:19  root stylesheet
app:build: 
app:build: [33m[1mDeprecation Warning[0m [[34mimport[0m]: Sass @import rules are deprecated and will be removed in Dart Sass 3.0.0.
app:build: 
app:build: More info and automated migrator: https://sass-lang.com/d/import
app:build: 
app:build: [34m  ‚ï∑[0m
app:build: [34m4 ‚îÇ[0m           @import [31m"@/styles/breakpoints.scss"[0m;
app:build: [34m  ‚îÇ[0m [31m                  ^^^^^^^^^^^^^^^^^^^^^^^^^^^[0m
app:build: [34m  ‚ïµ[0m
app:build:     src/layout/PopupLayout/PopupLayout.module.scss 4:19  root stylesheet
app:build: 
app:build: [33m[1mDeprecation Warning[0m [[34mimport[0m]: Sass @import rules are deprecated and will be removed in Dart Sass 3.0.0.
app:build: 
app:build: More info and automated migrator: https://sass-lang.com/d/import
app:build: 
app:build: [34m  ‚ï∑[0m
app:build: [34m5 ‚îÇ[0m           @import [31m"@/styles/mixins.scss"[0m;
app:build: [34m  ‚îÇ[0m [31m                  ^^^^^^^^^^^^^^^^^^^^^^[0m
app:build: [34m  ‚ïµ[0m
app:build:     src/layout/PopupLayout/PopupLayout.module.scss 5:19  root stylesheet
app:build: 
app:build: [33m[1mDeprecation Warning[0m [[34mimport[0m]: Sass @import rules are deprecated and will be removed in Dart Sass 3.0.0.
app:build: 
app:build: More info and automated migrator: https://sass-lang.com/d/import
app:build: 
app:build: [34m  ‚ï∑[0m
app:build: [34m6 ‚îÇ[0m           @import [31m"@/styles/consts.scss"[0m;
app:build: [34m  ‚îÇ[0m [31m                  ^^^^^^^^^^^^^^^^^^^^^^[0m
app:build: [34m  ‚ïµ[0m
app:build:     src/layout/PopupLayout/PopupLayout.module.scss 6:19  root stylesheet
app:build: 
app:build: [2K[1Gtransforming (466) [2msrc/assets/images/avatars/nft.png[22m[33m[1mDeprecation Warning[0m [[34mlegacy-js-api[0m]: The legacy JS API is deprecated and will be removed in Dart Sass 2.0.0.
app:build: 
app:build: More info: https://sass-lang.com/d/legacy-js-api
app:build: 
app:build: [33m[1mDeprecation Warning[0m [[34mimport[0m]: Sass @import rules are deprecated and will be removed in Dart Sass 3.0.0.
app:build: 
app:build: More info and automated migrator: https://sass-lang.com/d/import
app:build: 
app:build: [34m  ‚ï∑[0m
app:build: [34m2 ‚îÇ[0m           @import [31m"@/styles/colors.scss"[0m;
app:build: [34m  ‚îÇ[0m [31m                  ^^^^^^^^^^^^^^^^^^^^^^[0m
app:build: [34m  ‚ïµ[0m
app:build:     src/components/ClickableTag/ClickableTag.module.scss 2:19  root stylesheet
app:build: 
app:build: [33m[1mDeprecation Warning[0m [[34mimport[0m]: Sass @import rules are deprecated and will be removed in Dart Sass 3.0.0.
app:build: 
app:build: More info and automated migrator: https://sass-lang.com/d/import
app:build: 
app:build: [34m  ‚ï∑[0m
app:build: [34m3 ‚îÇ[0m           @import [31m"@/styles/fonts.scss"[0m;
app:build: [34m  ‚îÇ[0m [31m                  ^^^^^^^^^^^^^^^^^^^^^[0m
app:build: [34m  ‚ïµ[0m
app:build:     src/components/ClickableTag/ClickableTag.module.scss 3:19  root stylesheet
app:build: 
app:build: [33m[1mDeprecation Warning[0m [[34mimport[0m]: Sass @import rules are deprecated and will be removed in Dart Sass 3.0.0.
app:build: 
app:build: More info and automated migrator: https://sass-lang.com/d/import
app:build: 
app:build: [34m  ‚ï∑[0m
app:build: [34m4 ‚îÇ[0m           @import [31m"@/styles/breakpoints.scss"[0m;
app:build: [34m  ‚îÇ[0m [31m                  ^^^^^^^^^^^^^^^^^^^^^^^^^^^[0m
app:build: [34m  ‚ïµ[0m
app:build:     src/components/ClickableTag/ClickableTag.module.scss 4:19  root stylesheet
app:build: 
app:build: [33m[1mDeprecation Warning[0m [[34mimport[0m]: Sass @import rules are deprecated and will be removed in Dart Sass 3.0.0.
app:build: 
app:build: More info and automated migrator: https://sass-lang.com/d/import
app:build: 
app:build: [34m  ‚ï∑[0m
app:build: [34m5 ‚îÇ[0m           @import [31m"@/styles/mixins.scss"[0m;
app:build: [34m  ‚îÇ[0m [31m                  ^^^^^^^^^^^^^^^^^^^^^^[0m
app:build: [34m  ‚ïµ[0m
app:build:     src/components/ClickableTag/ClickableTag.module.scss 5:19  root stylesheet
app:build: 
app:build: [33m[1mDeprecation Warning[0m [[34mimport[0m]: Sass @import rules are deprecated and will be removed in Dart Sass 3.0.0.
app:build: 
app:build: More info and automated migrator: https://sass-lang.com/d/import
app:build: 
app:build: [34m  ‚ï∑[0m
app:build: [34m6 ‚îÇ[0m           @import [31m"@/styles/consts.scss"[0m;
app:build: [34m  ‚îÇ[0m [31m                  ^^^^^^^^^^^^^^^^^^^^^^[0m
app:build: [34m  ‚ïµ[0m
app:build:     src/components/ClickableTag/ClickableTag.module.scss 6:19  root stylesheet
app:build: 
app:build: [33m[1mDeprecation Warning[0m [[34mlegacy-js-api[0m]: The legacy JS API is deprecated and will be removed in Dart Sass 2.0.0.
app:build: 
app:build: More info: https://sass-lang.com/d/legacy-js-api
app:build: 
app:build: [33m[1mDeprecation Warning[0m [[34mimport[0m]: Sass @import rules are deprecated and will be removed in Dart Sass 3.0.0.
app:build: 
app:build: More info and automated migrator: https://sass-lang.com/d/import
app:build: 
app:build: [34m  ‚ï∑[0m
app:build: [34m2 ‚îÇ[0m           @import [31m"@/styles/colors.scss"[0m;
app:build: [34m  ‚îÇ[0m [31m                  ^^^^^^^^^^^^^^^^^^^^^^[0m
app:build: [34m  ‚ïµ[0m
app:build:     src/components/ClickableTagGroup/ClickableTagGroup.module.scss 2:19  root stylesheet
app:build: 
app:build: [33m[1mDeprecation Warning[0m [[34mimport[0m]: Sass @import rules are deprecated and will be removed in Dart Sass 3.0.0.
app:build: 
app:build: More info and automated migrator: https://sass-lang.com/d/import
app:build: 
app:build: [34m  ‚ï∑[0m
app:build: [34m3 ‚îÇ[0m           @import [31m"@/styles/fonts.scss"[0m;
app:build: [34m  ‚îÇ[0m [31m                  ^^^^^^^^^^^^^^^^^^^^^[0m
app:build: [34m  ‚ïµ[0m
app:build:     src/components/ClickableTagGroup/ClickableTagGroup.module.scss 3:19  root stylesheet
app:build: 
app:build: [33m[1mDeprecation Warning[0m [[34mimport[0m]: Sass @import rules are deprecated and will be removed in Dart Sass 3.0.0.
app:build: 
app:build: More info and automated migrator: https://sass-lang.com/d/import
app:build: 
app:build: [34m  ‚ï∑[0m
app:build: [34m4 ‚îÇ[0m           @import [31m"@/styles/breakpoints.scss"[0m;
app:build: [34m  ‚îÇ[0m [31m                  ^^^^^^^^^^^^^^^^^^^^^^^^^^^[0m
app:build: [34m  ‚ïµ[0m
app:build:     src/components/ClickableTagGroup/ClickableTagGroup.module.scss 4:19  root stylesheet
app:build: 
app:build: [33m[1mDeprecation Warning[0m [[34mimport[0m]: Sass @import rules are deprecated and will be removed in Dart Sass 3.0.0.
app:build: 
app:build: More info and automated migrator: https://sass-lang.com/d/import
app:build: 
app:build: [34m  ‚ï∑[0m
app:build: [34m5 ‚îÇ[0m           @import [31m"@/styles/mixins.scss"[0m;
app:build: [34m  ‚îÇ[0m [31m                  ^^^^^^^^^^^^^^^^^^^^^^[0m
app:build: [34m  ‚ïµ[0m
app:build:     src/components/ClickableTagGroup/ClickableTagGroup.module.scss 5:19  root stylesheet
app:build: 
app:build: [33m[1mDeprecation Warning[0m [[34mimport[0m]: Sass @import rules are deprecated and will be removed in Dart Sass 3.0.0.
app:build: 
app:build: More info and automated migrator: https://sass-lang.com/d/import
app:build: 
app:build: [34m  ‚ï∑[0m
app:build: [34m6 ‚îÇ[0m           @import [31m"@/styles/consts.scss"[0m;
app:build: [34m  ‚îÇ[0m [31m                  ^^^^^^^^^^^^^^^^^^^^^^[0m
app:build: [34m  ‚ïµ[0m
app:build:     src/components/ClickableTagGroup/ClickableTagGroup.module.scss 6:19  root stylesheet
app:build: 
app:build: [33m[1mDeprecation Warning[0m [[34mlegacy-js-api[0m]: The legacy JS API is deprecated and will be removed in Dart Sass 2.0.0.
app:build: 
app:build: More info: https://sass-lang.com/d/legacy-js-api
app:build: 
app:build: [33m[1mDeprecation Warning[0m [[34mimport[0m]: Sass @import rules are deprecated and will be removed in Dart Sass 3.0.0.
app:build: 
app:build: More info and automated migrator: https://sass-lang.com/d/import
app:build: 
app:build: [34m  ‚ï∑[0m
app:build: [34m2 ‚îÇ[0m           @import [31m"@/styles/colors.scss"[0m;
app:build: [34m  ‚îÇ[0m [31m                  ^^^^^^^^^^^^^^^^^^^^^^[0m
app:build: [34m  ‚ïµ[0m
app:build:     src/pages/ShoppingPage/sections/ShoppingWelcome/ShoppingWelcome.module.scss 2:19  root stylesheet
app:build: 
app:build: [33m[1mDeprecation Warning[0m [[34mimport[0m]: Sass @import rules are deprecated and will be removed in Dart Sass 3.0.0.
app:build: 
app:build: More info and automated migrator: https://sass-lang.com/d/import
app:build: 
app:build: [34m  ‚ï∑[0m
app:build: [34m3 ‚îÇ[0m           @import [31m"@/styles/fonts.scss"[0m;
app:build: [34m  ‚îÇ[0m [31m                  ^^^^^^^^^^^^^^^^^^^^^[0m
app:build: [34m  ‚ïµ[0m
app:build:     src/pages/ShoppingPage/sections/ShoppingWelcome/ShoppingWelcome.module.scss 3:19  root stylesheet
app:build: 
app:build: [33m[1mDeprecation Warning[0m [[34mimport[0m]: Sass @import rules are deprecated and will be removed in Dart Sass 3.0.0.
app:build: 
app:build: More info and automated migrator: https://sass-lang.com/d/import
app:build: 
app:build: [34m  ‚ï∑[0m
app:build: [34m4 ‚îÇ[0m           @import [31m"@/styles/breakpoints.scss"[0m;
app:build: [34m  ‚îÇ[0m [31m                  ^^^^^^^^^^^^^^^^^^^^^^^^^^^[0m
app:build: [34m  ‚ïµ[0m
app:build:     src/pages/ShoppingPage/sections/ShoppingWelcome/ShoppingWelcome.module.scss 4:19  root stylesheet
app:build: 
app:build: [33m[1mDeprecation Warning[0m [[34mimport[0m]: Sass @import rules are deprecated and will be removed in Dart Sass 3.0.0.
app:build: 
app:build: More info and automated migrator: https://sass-lang.com/d/import
app:build: 
app:build: [34m  ‚ï∑[0m
app:build: [34m5 ‚îÇ[0m           @import [31m"@/styles/mixins.scss"[0m;
app:build: [34m  ‚îÇ[0m [31m                  ^^^^^^^^^^^^^^^^^^^^^^[0m
app:build: [34m  ‚ïµ[0m
app:build:     src/pages/ShoppingPage/sections/ShoppingWelcome/ShoppingWelcome.module.scss 5:19  root stylesheet
app:build: 
app:build: [33m[1mDeprecation Warning[0m [[34mimport[0m]: Sass @import rules are deprecated and will be removed in Dart Sass 3.0.0.
app:build: 
app:build: More info and automated migrator: https://sass-lang.com/d/import
app:build: 
app:build: [34m  ‚ï∑[0m
app:build: [34m6 ‚îÇ[0m           @import [31m"@/styles/consts.scss"[0m;
app:build: [34m  ‚îÇ[0m [31m                  ^^^^^^^^^^^^^^^^^^^^^^[0m
app:build: [34m  ‚ïµ[0m
app:build:     src/pages/ShoppingPage/sections/ShoppingWelcome/ShoppingWelcome.module.scss 6:19  root stylesheet
app:build: 
app:build: [33m[1mDeprecation Warning[0m [[34mlegacy-js-api[0m]: The legacy JS API is deprecated and will be removed in Dart Sass 2.0.0.
app:build: 
app:build: More info: https://sass-lang.com/d/legacy-js-api
app:build: 
app:build: [33m[1mDeprecation Warning[0m [[34mimport[0m]: Sass @import rules are deprecated and will be removed in Dart Sass 3.0.0.
app:build: 
app:build: More info and automated migrator: https://sass-lang.com/d/import
app:build: 
app:build: [34m  ‚ï∑[0m
app:build: [34m2 ‚îÇ[0m           @import [31m"@/styles/colors.scss"[0m;
app:build: [34m  ‚îÇ[0m [31m                  ^^^^^^^^^^^^^^^^^^^^^^[0m
app:build: [34m  ‚ïµ[0m
app:build:     src/pages/ProfileLeaderboardPage/sections/TopRanking/TopRanking.module.scss 2:19  root stylesheet
app:build: 
app:build: [33m[1mDeprecation Warning[0m [[34mimport[0m]: Sass @import rules are deprecated and will be removed in Dart Sass 3.0.0.
app:build: 
app:build: More info and automated migrator: https://sass-lang.com/d/import
app:build: 
app:build: [34m  ‚ï∑[0m
app:build: [34m3 ‚îÇ[0m           @import [31m"@/styles/fonts.scss"[0m;
app:build: [34m  ‚îÇ[0m [31m                  ^^^^^^^^^^^^^^^^^^^^^[0m
app:build: [34m  ‚ïµ[0m
app:build:     src/pages/ProfileLeaderboardPage/sections/TopRanking/TopRanking.module.scss 3:19  root stylesheet
app:build: 
app:build: [33m[1mDeprecation Warning[0m [[34mimport[0m]: Sass @import rules are deprecated and will be removed in Dart Sass 3.0.0.
app:build: 
app:build: More info and automated migrator: https://sass-lang.com/d/import
app:build: 
app:build: [34m  ‚ï∑[0m
app:build: [34m4 ‚îÇ[0m           @import [31m"@/styles/breakpoints.scss"[0m;
app:build: [34m  ‚îÇ[0m [31m                  ^^^^^^^^^^^^^^^^^^^^^^^^^^^[0m
app:build: [34m  ‚ïµ[0m
app:build:     src/pages/ProfileLeaderboardPage/sections/TopRanking/TopRanking.module.scss 4:19  root stylesheet
app:build: 
app:build: [33m[1mDeprecation Warning[0m [[34mimport[0m]: Sass @import rules are deprecated and will be removed in Dart Sass 3.0.0.
app:build: 
app:build: More info and automated migrator: https://sass-lang.com/d/import
app:build: 
app:build: [34m  ‚ï∑[0m
app:build: [34m5 ‚îÇ[0m           @import [31m"@/styles/mixins.scss"[0m;
app:build: [34m  ‚îÇ[0m [31m                  ^^^^^^^^^^^^^^^^^^^^^^[0m
app:build: [34m  ‚ïµ[0m
app:build:     src/pages/ProfileLeaderboardPage/sections/TopRanking/TopRanking.module.scss 5:19  root stylesheet
app:build: 
app:build: [33m[1mDeprecation Warning[0m [[34mimport[0m]: Sass @import rules are deprecated and will be removed in Dart Sass 3.0.0.
app:build: 
app:build: More info and automated migrator: https://sass-lang.com/d/import
app:build: 
app:build: [34m  ‚ï∑[0m
app:build: [34m6 ‚îÇ[0m           @import [31m"@/styles/consts.scss"[0m;
app:build: [34m  ‚îÇ[0m [31m                  ^^^^^^^^^^^^^^^^^^^^^^[0m
app:build: [34m  ‚ïµ[0m
app:build:     src/pages/ProfileLeaderboardPage/sections/TopRanking/TopRanking.module.scss 6:19  root stylesheet
app:build: 
app:build: [33m[1mDeprecation Warning[0m [[34mlegacy-js-api[0m]: The legacy JS API is deprecated and will be removed in Dart Sass 2.0.0.
app:build: 
app:build: More info: https://sass-lang.com/d/legacy-js-api
app:build: 
app:build: [33m[1mDeprecation Warning[0m [[34mimport[0m]: Sass @import rules are deprecated and will be removed in Dart Sass 3.0.0.
app:build: 
app:build: More info and automated migrator: https://sass-lang.com/d/import
app:build: 
app:build: [34m  ‚ï∑[0m
app:build: [34m2 ‚îÇ[0m           @import [31m"@/styles/colors.scss"[0m;
app:build: [34m  ‚îÇ[0m [31m                  ^^^^^^^^^^^^^^^^^^^^^^[0m
app:build: [34m  ‚ïµ[0m
app:build:     src/components/ScheduleCard/ScheduleCard.module.scss 2:19  root stylesheet
app:build: 
app:build: [33m[1mDeprecation Warning[0m [[34mimport[0m]: Sass @import rules are deprecated and will be removed in Dart Sass 3.0.0.
app:build: 
app:build: More info and automated migrator: https://sass-lang.com/d/import
app:build: 
app:build: [34m  ‚ï∑[0m
app:build: [34m3 ‚îÇ[0m           @import [31m"@/styles/fonts.scss"[0m;
app:build: [34m  ‚îÇ[0m [31m                  ^^^^^^^^^^^^^^^^^^^^^[0m
app:build: [34m  ‚ïµ[0m
app:build:     src/components/ScheduleCard/ScheduleCard.module.scss 3:19  root stylesheet
app:build: 
app:build: [33m[1mDeprecation Warning[0m [[34mimport[0m]: Sass @import rules are deprecated and will be removed in Dart Sass 3.0.0.
app:build: 
app:build: More info and automated migrator: https://sass-lang.com/d/import
app:build: 
app:build: [34m  ‚ï∑[0m
app:build: [34m4 ‚îÇ[0m           @import [31m"@/styles/breakpoints.scss"[0m;
app:build: [34m  ‚îÇ[0m [31m                  ^^^^^^^^^^^^^^^^^^^^^^^^^^^[0m
app:build: [34m  ‚ïµ[0m
app:build:     src/components/ScheduleCard/ScheduleCard.module.scss 4:19  root stylesheet
app:build: 
app:build: [33m[1mDeprecation Warning[0m [[34mimport[0m]: Sass @import rules are deprecated and will be removed in Dart Sass 3.0.0.
app:build: 
app:build: More info and automated migrator: https://sass-lang.com/d/import
app:build: 
app:build: [34m  ‚ï∑[0m
app:build: [34m5 ‚îÇ[0m           @import [31m"@/styles/mixins.scss"[0m;
app:build: [34m  ‚îÇ[0m [31m                  ^^^^^^^^^^^^^^^^^^^^^^[0m
app:build: [34m  ‚ïµ[0m
app:build:     src/components/ScheduleCard/ScheduleCard.module.scss 5:19  root stylesheet
app:build: 
app:build: [33m[1mDeprecation Warning[0m [[34mimport[0m]: Sass @import rules are deprecated and will be removed in Dart Sass 3.0.0.
app:build: 
app:build: More info and automated migrator: https://sass-lang.com/d/import
app:build: 
app:build: [34m  ‚ï∑[0m
app:build: [34m6 ‚îÇ[0m           @import [31m"@/styles/consts.scss"[0m;
app:build: [34m  ‚îÇ[0m [31m                  ^^^^^^^^^^^^^^^^^^^^^^[0m
app:build: [34m  ‚ïµ[0m
app:build:     src/components/ScheduleCard/ScheduleCard.module.scss 6:19  root stylesheet
app:build: 
app:build: [33m[1mDeprecation Warning[0m [[34mlegacy-js-api[0m]: The legacy JS API is deprecated and will be removed in Dart Sass 2.0.0.
app:build: 
app:build: More info: https://sass-lang.com/d/legacy-js-api
app:build: 
app:build: [33m[1mDeprecation Warning[0m [[34mimport[0m]: Sass @import rules are deprecated and will be removed in Dart Sass 3.0.0.
app:build: 
app:build: More info and automated migrator: https://sass-lang.com/d/import
app:build: 
app:build: [34m  ‚ï∑[0m
app:build: [34m2 ‚îÇ[0m           @import [31m"@/styles/colors.scss"[0m;
app:build: [34m  ‚îÇ[0m [31m                  ^^^^^^^^^^^^^^^^^^^^^^[0m
app:build: [34m  ‚ïµ[0m
app:build:     src/pages/ShoppingPage/sections/ShoppingHeader/ShoppingHeader.module.scss 2:19  root stylesheet
app:build: 
app:build: [33m[1mDeprecation Warning[0m [[34mimport[0m]: Sass @import rules are deprecated and will be removed in Dart Sass 3.0.0.
app:build: 
app:build: More info and automated migrator: https://sass-lang.com/d/import
app:build: 
app:build: [34m  ‚ï∑[0m
app:build: [34m3 ‚îÇ[0m           @import [31m"@/styles/fonts.scss"[0m;
app:build: [34m  ‚îÇ[0m [31m                  ^^^^^^^^^^^^^^^^^^^^^[0m
app:build: [34m  ‚ïµ[0m
app:build:     src/pages/ShoppingPage/sections/ShoppingHeader/ShoppingHeader.module.scss 3:19  root stylesheet
app:build: 
app:build: [33m[1mDeprecation Warning[0m [[34mimport[0m]: Sass @import rules are deprecated and will be removed in Dart Sass 3.0.0.
app:build: 
app:build: More info and automated migrator: https://sass-lang.com/d/import
app:build: 
app:build: [34m  ‚ï∑[0m
app:build: [34m4 ‚îÇ[0m           @import [31m"@/styles/breakpoints.scss"[0m;
app:build: [34m  ‚îÇ[0m [31m                  ^^^^^^^^^^^^^^^^^^^^^^^^^^^[0m
app:build: [34m  ‚ïµ[0m
app:build:     src/pages/ShoppingPage/sections/ShoppingHeader/ShoppingHeader.module.scss 4:19  root stylesheet
app:build: 
app:build: [33m[1mDeprecation Warning[0m [[34mimport[0m]: Sass @import rules are deprecated and will be removed in Dart Sass 3.0.0.
app:build: 
app:build: More info and automated migrator: https://sass-lang.com/d/import
app:build: 
app:build: [34m  ‚ï∑[0m
app:build: [34m5 ‚îÇ[0m           @import [31m"@/styles/mixins.scss"[0m;
app:build: [34m  ‚îÇ[0m [31m                  ^^^^^^^^^^^^^^^^^^^^^^[0m
app:build: [34m  ‚ïµ[0m
app:build:     src/pages/ShoppingPage/sections/ShoppingHeader/ShoppingHeader.module.scss 5:19  root stylesheet
app:build: 
app:build: [33m[1mDeprecation Warning[0m [[34mimport[0m]: Sass @import rules are deprecated and will be removed in Dart Sass 3.0.0.
app:build: 
app:build: More info and automated migrator: https://sass-lang.com/d/import
app:build: 
app:build: [34m  ‚ï∑[0m
app:build: [34m6 ‚îÇ[0m           @import [31m"@/styles/consts.scss"[0m;
app:build: [34m  ‚îÇ[0m [31m                  ^^^^^^^^^^^^^^^^^^^^^^[0m
app:build: [34m  ‚ïµ[0m
app:build:     src/pages/ShoppingPage/sections/ShoppingHeader/ShoppingHeader.module.scss 6:19  root stylesheet
app:build: 
app:build: [33m[1mDeprecation Warning[0m [[34mlegacy-js-api[0m]: The legacy JS API is deprecated and will be removed in Dart Sass 2.0.0.
app:build: 
app:build: More info: https://sass-lang.com/d/legacy-js-api
app:build: 
app:build: [33m[1mDeprecation Warning[0m [[34mimport[0m]: Sass @import rules are deprecated and will be removed in Dart Sass 3.0.0.
app:build: 
app:build: More info and automated migrator: https://sass-lang.com/d/import
app:build: 
app:build: [34m  ‚ï∑[0m
app:build: [34m2 ‚îÇ[0m           @import [31m"@/styles/colors.scss"[0m;
app:build: [34m  ‚îÇ[0m [31m                  ^^^^^^^^^^^^^^^^^^^^^^[0m
app:build: [34m  ‚ïµ[0m
app:build:     src/pages/ShoppingPage/sections/ShoppingItems/ShoppingItems.module.scss 2:19  root stylesheet
app:build: 
app:build: [33m[1mDeprecation Warning[0m [[34mimport[0m]: Sass @import rules are deprecated and will be removed in Dart Sass 3.0.0.
app:build: 
app:build: More info and automated migrator: https://sass-lang.com/d/import
app:build: 
app:build: [34m  ‚ï∑[0m
app:build: [34m3 ‚îÇ[0m           @import [31m"@/styles/fonts.scss"[0m;
app:build: [34m  ‚îÇ[0m [31m                  ^^^^^^^^^^^^^^^^^^^^^[0m
app:build: [34m  ‚ïµ[0m
app:build:     src/pages/ShoppingPage/sections/ShoppingItems/ShoppingItems.module.scss 3:19  root stylesheet
app:build: 
app:build: [33m[1mDeprecation Warning[0m [[34mimport[0m]: Sass @import rules are deprecated and will be removed in Dart Sass 3.0.0.
app:build: 
app:build: More info and automated migrator: https://sass-lang.com/d/import
app:build: 
app:build: [34m  ‚ï∑[0m
app:build: [34m4 ‚îÇ[0m           @import [31m"@/styles/breakpoints.scss"[0m;
app:build: [34m  ‚îÇ[0m [31m                  ^^^^^^^^^^^^^^^^^^^^^^^^^^^[0m
app:build: [34m  ‚ïµ[0m
app:build:     src/pages/ShoppingPage/sections/ShoppingItems/ShoppingItems.module.scss 4:19  root stylesheet
app:build: 
app:build: [33m[1mDeprecation Warning[0m [[34mimport[0m]: Sass @import rules are deprecated and will be removed in Dart Sass 3.0.0.
app:build: 
app:build: More info and automated migrator: https://sass-lang.com/d/import
app:build: 
app:build: [34m  ‚ï∑[0m
app:build: [34m5 ‚îÇ[0m           @import [31m"@/styles/mixins.scss"[0m;
app:build: [34m  ‚îÇ[0m [31m                  ^^^^^^^^^^^^^^^^^^^^^^[0m
app:build: [34m  ‚ïµ[0m
app:build:     src/pages/ShoppingPage/sections/ShoppingItems/ShoppingItems.module.scss 5:19  root stylesheet
app:build: 
app:build: [33m[1mDeprecation Warning[0m [[34mimport[0m]: Sass @import rules are deprecated and will be removed in Dart Sass 3.0.0.
app:build: 
app:build: More info and automated migrator: https://sass-lang.com/d/import
app:build: 
app:build: [34m  ‚ï∑[0m
app:build: [34m6 ‚îÇ[0m           @import [31m"@/styles/consts.scss"[0m;
app:build: [34m  ‚îÇ[0m [31m                  ^^^^^^^^^^^^^^^^^^^^^^[0m
app:build: [34m  ‚ïµ[0m
app:build:     src/pages/ShoppingPage/sections/ShoppingItems/ShoppingItems.module.scss 6:19  root stylesheet
app:build: 
app:build: [33m[1mDeprecation Warning[0m [[34mlegacy-js-api[0m]: The legacy JS API is deprecated and will be removed in Dart Sass 2.0.0.
app:build: 
app:build: More info: https://sass-lang.com/d/legacy-js-api
app:build: 
app:build: [33m[1mDeprecation Warning[0m [[34mimport[0m]: Sass @import rules are deprecated and will be removed in Dart Sass 3.0.0.
app:build: 
app:build: More info and automated migrator: https://sass-lang.com/d/import
app:build: 
app:build: [34m  ‚ï∑[0m
app:build: [34m2 ‚îÇ[0m           @import [31m"@/styles/colors.scss"[0m;
app:build: [34m  ‚îÇ[0m [31m                  ^^^^^^^^^^^^^^^^^^^^^^[0m
app:build: [34m  ‚ïµ[0m
app:build:     src/pages/Home/sections/EventsSection/EventsSection.module.scss 2:19  root stylesheet
app:build: 
app:build: [33m[1mDeprecation Warning[0m [[34mimport[0m]: Sass @import rules are deprecated and will be removed in Dart Sass 3.0.0.
app:build: 
app:build: More info and automated migrator: https://sass-lang.com/d/import
app:build: 
app:build: [34m  ‚ï∑[0m
app:build: [34m3 ‚îÇ[0m           @import [31m"@/styles/fonts.scss"[0m;
app:build: [34m  ‚îÇ[0m [31m                  ^^^^^^^^^^^^^^^^^^^^^[0m
app:build: [34m  ‚ïµ[0m
app:build:     src/pages/Home/sections/EventsSection/EventsSection.module.scss 3:19  root stylesheet
app:build: 
app:build: [33m[1mDeprecation Warning[0m [[34mimport[0m]: Sass @import rules are deprecated and will be removed in Dart Sass 3.0.0.
app:build: 
app:build: More info and automated migrator: https://sass-lang.com/d/import
app:build: 
app:build: [34m  ‚ï∑[0m
app:build: [34m4 ‚îÇ[0m           @import [31m"@/styles/breakpoints.scss"[0m;
app:build: [34m  ‚îÇ[0m [31m                  ^^^^^^^^^^^^^^^^^^^^^^^^^^^[0m
app:build: [34m  ‚ïµ[0m
app:build:     src/pages/Home/sections/EventsSection/EventsSection.module.scss 4:19  root stylesheet
app:build: 
app:build: [33m[1mDeprecation Warning[0m [[34mimport[0m]: Sass @import rules are deprecated and will be removed in Dart Sass 3.0.0.
app:build: 
app:build: More info and automated migrator: https://sass-lang.com/d/import
app:build: 
app:build: [34m  ‚ï∑[0m
app:build: [34m5 ‚îÇ[0m           @import [31m"@/styles/mixins.scss"[0m;
app:build: [34m  ‚îÇ[0m [31m                  ^^^^^^^^^^^^^^^^^^^^^^[0m
app:build: [34m  ‚ïµ[0m
app:build:     src/pages/Home/sections/EventsSection/EventsSection.module.scss 5:19  root stylesheet
app:build: 
app:build: [33m[1mDeprecation Warning[0m [[34mimport[0m]: Sass @import rules are deprecated and will be removed in Dart Sass 3.0.0.
app:build: 
app:build: More info and automated migrator: https://sass-lang.com/d/import
app:build: 
app:build: [34m  ‚ï∑[0m
app:build: [34m6 ‚îÇ[0m           @import [31m"@/styles/consts.scss"[0m;
app:build: [34m  ‚îÇ[0m [31m                  ^^^^^^^^^^^^^^^^^^^^^^[0m
app:build: [34m  ‚ïµ[0m
app:build:     src/pages/Home/sections/EventsSection/EventsSection.module.scss 6:19  root stylesheet
app:build: 
app:build: [33m[1mDeprecation Warning[0m [[34mlegacy-js-api[0m]: The legacy JS API is deprecated and will be removed in Dart Sass 2.0.0.
app:build: 
app:build: More info: https://sass-lang.com/d/legacy-js-api
app:build: 
app:build: [33m[1mDeprecation Warning[0m [[34mimport[0m]: Sass @import rules are deprecated and will be removed in Dart Sass 3.0.0.
app:build: 
app:build: More info and automated migrator: https://sass-lang.com/d/import
app:build: 
app:build: [34m  ‚ï∑[0m
app:build: [34m2 ‚îÇ[0m           @import [31m"@/styles/colors.scss"[0m;
app:build: [34m  ‚îÇ[0m [31m                  ^^^^^^^^^^^^^^^^^^^^^^[0m
app:build: [34m  ‚ïµ[0m
app:build:     src/pages/SettingsPage/sections/SettingsHeader/SettingsHeader.module.scss 2:19  root stylesheet
app:build: 
app:build: [33m[1mDeprecation Warning[0m [[34mimport[0m]: Sass @import rules are deprecated and will be removed in Dart Sass 3.0.0.
app:build: 
app:build: More info and automated migrator: https://sass-lang.com/d/import
app:build: 
app:build: [34m  ‚ï∑[0m
app:build: [34m3 ‚îÇ[0m           @import [31m"@/styles/fonts.scss"[0m;
app:build: [34m  ‚îÇ[0m [31m                  ^^^^^^^^^^^^^^^^^^^^^[0m
app:build: [34m  ‚ïµ[0m
app:build:     src/pages/SettingsPage/sections/SettingsHeader/SettingsHeader.module.scss 3:19  root stylesheet
app:build: 
app:build: [33m[1mDeprecation Warning[0m [[34mimport[0m]: Sass @import rules are deprecated and will be removed in Dart Sass 3.0.0.
app:build: 
app:build: More info and automated migrator: https://sass-lang.com/d/import
app:build: 
app:build: [34m  ‚ï∑[0m
app:build: [34m4 ‚îÇ[0m           @import [31m"@/styles/breakpoints.scss"[0m;
app:build: [34m  ‚îÇ[0m [31m                  ^^^^^^^^^^^^^^^^^^^^^^^^^^^[0m
app:build: [34m  ‚ïµ[0m
app:build:     src/pages/SettingsPage/sections/SettingsHeader/SettingsHeader.module.scss 4:19  root stylesheet
app:build: 
app:build: [33m[1mDeprecation Warning[0m [[34mimport[0m]: Sass @import rules are deprecated and will be removed in Dart Sass 3.0.0.
app:build: 
app:build: More info and automated migrator: https://sass-lang.com/d/import
app:build: 
app:build: [34m  ‚ï∑[0m
app:build: [34m5 ‚îÇ[0m           @import [31m"@/styles/mixins.scss"[0m;
app:build: [34m  ‚îÇ[0m [31m                  ^^^^^^^^^^^^^^^^^^^^^^[0m
app:build: [34m  ‚ïµ[0m
app:build:     src/pages/SettingsPage/sections/SettingsHeader/SettingsHeader.module.scss 5:19  root stylesheet
app:build: 
app:build: [33m[1mDeprecation Warning[0m [[34mimport[0m]: Sass @import rules are deprecated and will be removed in Dart Sass 3.0.0.
app:build: 
app:build: More info and automated migrator: https://sass-lang.com/d/import
app:build: 
app:build: [34m  ‚ï∑[0m
app:build: [34m6 ‚îÇ[0m           @import [31m"@/styles/consts.scss"[0m;
app:build: [34m  ‚îÇ[0m [31m                  ^^^^^^^^^^^^^^^^^^^^^^[0m
app:build: [34m  ‚ïµ[0m
app:build:     src/pages/SettingsPage/sections/SettingsHeader/SettingsHeader.module.scss 6:19  root stylesheet
app:build: 
app:build: [33m[1mDeprecation Warning[0m [[34mlegacy-js-api[0m]: The legacy JS API is deprecated and will be removed in Dart Sass 2.0.0.
app:build: 
app:build: More info: https://sass-lang.com/d/legacy-js-api
app:build: 
app:build: [33m[1mDeprecation Warning[0m [[34mimport[0m]: Sass @import rules are deprecated and will be removed in Dart Sass 3.0.0.
app:build: 
app:build: More info and automated migrator: https://sass-lang.com/d/import
app:build: 
app:build: [34m  ‚ï∑[0m
app:build: [34m2 ‚îÇ[0m           @import [31m"@/styles/colors.scss"[0m;
app:build: [34m  ‚îÇ[0m [31m                  ^^^^^^^^^^^^^^^^^^^^^^[0m
app:build: [34m  ‚ïµ[0m
app:build:     src/pages/SettingsPage/popups/DeleteAccountPopup/DeleteAccountPopup.module.scss 2:19  root stylesheet
app:build: 
app:build: [33m[1mDeprecation Warning[0m [[34mimport[0m]: Sass @import rules are deprecated and will be removed in Dart Sass 3.0.0.
app:build: 
app:build: More info and automated migrator: https://sass-lang.com/d/import
app:build: 
app:build: [34m  ‚ï∑[0m
app:build: [34m3 ‚îÇ[0m           @import [31m"@/styles/fonts.scss"[0m;
app:build: [34m  ‚îÇ[0m [31m                  ^^^^^^^^^^^^^^^^^^^^^[0m
app:build: [34m  ‚ïµ[0m
app:build:     src/pages/SettingsPage/popups/DeleteAccountPopup/DeleteAccountPopup.module.scss 3:19  root stylesheet
app:build: 
app:build: [33m[1mDeprecation Warning[0m [[34mimport[0m]: Sass @import rules are deprecated and will be removed in Dart Sass 3.0.0.
app:build: 
app:build: More info and automated migrator: https://sass-lang.com/d/import
app:build: 
app:build: [34m  ‚ï∑[0m
app:build: [34m4 ‚îÇ[0m           @import [31m"@/styles/breakpoints.scss"[0m;
app:build: [34m  ‚îÇ[0m [31m                  ^^^^^^^^^^^^^^^^^^^^^^^^^^^[0m
app:build: [34m  ‚ïµ[0m
app:build:     src/pages/SettingsPage/popups/DeleteAccountPopup/DeleteAccountPopup.module.scss 4:19  root stylesheet
app:build: 
app:build: [33m[1mDeprecation Warning[0m [[34mimport[0m]: Sass @import rules are deprecated and will be removed in Dart Sass 3.0.0.
app:build: 
app:build: More info and automated migrator: https://sass-lang.com/d/import
app:build: 
app:build: [34m  ‚ï∑[0m
app:build: [34m5 ‚îÇ[0m           @import [31m"@/styles/mixins.scss"[0m;
app:build: [34m  ‚îÇ[0m [31m                  ^^^^^^^^^^^^^^^^^^^^^^[0m
app:build: [34m  ‚ïµ[0m
app:build:     src/pages/SettingsPage/popups/DeleteAccountPopup/DeleteAccountPopup.module.scss 5:19  root stylesheet
app:build: 
app:build: [33m[1mDeprecation Warning[0m [[34mimport[0m]: Sass @import rules are deprecated and will be removed in Dart Sass 3.0.0.
app:build: 
app:build: More info and automated migrator: https://sass-lang.com/d/import
app:build: 
app:build: [34m  ‚ï∑[0m
app:build: [34m6 ‚îÇ[0m           @import [31m"@/styles/consts.scss"[0m;
app:build: [34m  ‚îÇ[0m [31m                  ^^^^^^^^^^^^^^^^^^^^^^[0m
app:build: [34m  ‚ïµ[0m
app:build:     src/pages/SettingsPage/popups/DeleteAccountPopup/DeleteAccountPopup.module.scss 6:19  root stylesheet
app:build: 
app:build: [33m[1mDeprecation Warning[0m [[34mlegacy-js-api[0m]: The legacy JS API is deprecated and will be removed in Dart Sass 2.0.0.
app:build: 
app:build: More info: https://sass-lang.com/d/legacy-js-api
app:build: 
app:build: [33m[1mDeprecation Warning[0m [[34mimport[0m]: Sass @import rules are deprecated and will be removed in Dart Sass 3.0.0.
app:build: 
app:build: More info and automated migrator: https://sass-lang.com/d/import
app:build: 
app:build: [34m  ‚ï∑[0m
app:build: [34m2 ‚îÇ[0m           @import [31m"@/styles/colors.scss"[0m;
app:build: [34m  ‚îÇ[0m [31m                  ^^^^^^^^^^^^^^^^^^^^^^[0m
app:build: [34m  ‚ïµ[0m
app:build:     src/pages/SchedulePage/popups/CalendarLinkPopup/CalendarLinkPopup.module.scss 2:19  root stylesheet
app:build: 
app:build: [33m[1mDeprecation Warning[0m [[34mimport[0m]: Sass @import rules are deprecated and will be removed in Dart Sass 3.0.0.
app:build: 
app:build: More info and automated migrator: https://sass-lang.com/d/import
app:build: 
app:build: [34m  ‚ï∑[0m
app:build: [34m3 ‚îÇ[0m           @import [31m"@/styles/fonts.scss"[0m;
app:build: [34m  ‚îÇ[0m [31m                  ^^^^^^^^^^^^^^^^^^^^^[0m
app:build: [34m  ‚ïµ[0m
app:build:     src/pages/SchedulePage/popups/CalendarLinkPopup/CalendarLinkPopup.module.scss 3:19  root stylesheet
app:build: 
app:build: [33m[1mDeprecation Warning[0m [[34mimport[0m]: Sass @import rules are deprecated and will be removed in Dart Sass 3.0.0.
app:build: 
app:build: More info and automated migrator: https://sass-lang.com/d/import
app:build: 
app:build: [34m  ‚ï∑[0m
app:build: [34m4 ‚îÇ[0m           @import [31m"@/styles/breakpoints.scss"[0m;
app:build: [34m  ‚îÇ[0m [31m                  ^^^^^^^^^^^^^^^^^^^^^^^^^^^[0m
app:build: [34m  ‚ïµ[0m
app:build:     src/pages/SchedulePage/popups/CalendarLinkPopup/CalendarLinkPopup.module.scss 4:19  root stylesheet
app:build: 
app:build: [33m[1mDeprecation Warning[0m [[34mimport[0m]: Sass @import rules are deprecated and will be removed in Dart Sass 3.0.0.
app:build: 
app:build: More info and automated migrator: https://sass-lang.com/d/import
app:build: 
app:build: [34m  ‚ï∑[0m
app:build: [34m5 ‚îÇ[0m           @import [31m"@/styles/mixins.scss"[0m;
app:build: [34m  ‚îÇ[0m [31m                  ^^^^^^^^^^^^^^^^^^^^^^[0m
app:build: [34m  ‚ïµ[0m
app:build:     src/pages/SchedulePage/popups/CalendarLinkPopup/CalendarLinkPopup.module.scss 5:19  root stylesheet
app:build: 
app:build: [33m[1mDeprecation Warning[0m [[34mimport[0m]: Sass @import rules are deprecated and will be removed in Dart Sass 3.0.0.
app:build: 
app:build: More info and automated migrator: https://sass-lang.com/d/import
app:build: 
app:build: [34m  ‚ï∑[0m
app:build: [34m6 ‚îÇ[0m           @import [31m"@/styles/consts.scss"[0m;
app:build: [34m  ‚îÇ[0m [31m                  ^^^^^^^^^^^^^^^^^^^^^^[0m
app:build: [34m  ‚ïµ[0m
app:build:     src/pages/SchedulePage/popups/CalendarLinkPopup/CalendarLinkPopup.module.scss 6:19  root stylesheet
app:build: 
app:build: [33m[1mDeprecation Warning[0m [[34mlegacy-js-api[0m]: The legacy JS API is deprecated and will be removed in Dart Sass 2.0.0.
app:build: 
app:build: More info: https://sass-lang.com/d/legacy-js-api
app:build: 
app:build: [33m[1mDeprecation Warning[0m [[34mimport[0m]: Sass @import rules are deprecated and will be removed in Dart Sass 3.0.0.
app:build: 
app:build: More info and automated migrator: https://sass-lang.com/d/import
app:build: 
app:build: [34m  ‚ï∑[0m
app:build: [34m2 ‚îÇ[0m           @import [31m"@/styles/colors.scss"[0m;
app:build: [34m  ‚îÇ[0m [31m                  ^^^^^^^^^^^^^^^^^^^^^^[0m
app:build: [34m  ‚ïµ[0m
app:build:     src/pages/ProfileLeaderboardPage/sections/LeaderboardTable/LeaderboardTable.module.scss 2:19  root stylesheet
app:build: 
app:build: [33m[1mDeprecation Warning[0m [[34mimport[0m]: Sass @import rules are deprecated and will be removed in Dart Sass 3.0.0.
app:build: 
app:build: More info and automated migrator: https://sass-lang.com/d/import
app:build: 
app:build: [34m  ‚ï∑[0m
app:build: [34m3 ‚îÇ[0m           @import [31m"@/styles/fonts.scss"[0m;
app:build: [34m  ‚îÇ[0m [31m                  ^^^^^^^^^^^^^^^^^^^^^[0m
app:build: [34m  ‚ïµ[0m
app:build:     src/pages/ProfileLeaderboardPage/sections/LeaderboardTable/LeaderboardTable.module.scss 3:19  root stylesheet
app:build: 
app:build: [33m[1mDeprecation Warning[0m [[34mimport[0m]: Sass @import rules are deprecated and will be removed in Dart Sass 3.0.0.
app:build: 
app:build: More info and automated migrator: https://sass-lang.com/d/import
app:build: 
app:build: [34m  ‚ï∑[0m
app:build: [34m4 ‚îÇ[0m           @import [31m"@/styles/breakpoints.scss"[0m;
app:build: [34m  ‚îÇ[0m [31m                  ^^^^^^^^^^^^^^^^^^^^^^^^^^^[0m
app:build: [34m  ‚ïµ[0m
app:build:     src/pages/ProfileLeaderboardPage/sections/LeaderboardTable/LeaderboardTable.module.scss 4:19  root stylesheet
app:build: 
app:build: [33m[1mDeprecation Warning[0m [[34mimport[0m]: Sass @import rules are deprecated and will be removed in Dart Sass 3.0.0.
app:build: 
app:build: More info and automated migrator: https://sass-lang.com/d/import
app:build: 
app:build: [34m  ‚ï∑[0m
app:build: [34m5 ‚îÇ[0m           @import [31m"@/styles/mixins.scss"[0m;
app:build: [34m  ‚îÇ[0m [31m                  ^^^^^^^^^^^^^^^^^^^^^^[0m
app:build: [34m  ‚ïµ[0m
app:build:     src/pages/ProfileLeaderboardPage/sections/LeaderboardTable/LeaderboardTable.module.scss 5:19  root stylesheet
app:build: 
app:build: [33m[1mDeprecation Warning[0m [[34mimport[0m]: Sass @import rules are deprecated and will be removed in Dart Sass 3.0.0.
app:build: 
app:build: More info and automated migrator: https://sass-lang.com/d/import
app:build: 
app:build: [34m  ‚ï∑[0m
app:build: [34m6 ‚îÇ[0m           @import [31m"@/styles/consts.scss"[0m;
app:build: [34m  ‚îÇ[0m [31m                  ^^^^^^^^^^^^^^^^^^^^^^[0m
app:build: [34m  ‚ïµ[0m
app:build:     src/pages/ProfileLeaderboardPage/sections/LeaderboardTable/LeaderboardTable.module.scss 6:19  root stylesheet
app:build: 
app:build: [33m[1mDeprecation Warning[0m [[34mlegacy-js-api[0m]: The legacy JS API is deprecated and will be removed in Dart Sass 2.0.0.
app:build: 
app:build: More info: https://sass-lang.com/d/legacy-js-api
app:build: 
app:build: [33m[1mDeprecation Warning[0m [[34mimport[0m]: Sass @import rules are deprecated and will be removed in Dart Sass 3.0.0.
app:build: 
app:build: More info and automated migrator: https://sass-lang.com/d/import
app:build: 
app:build: [34m  ‚ï∑[0m
app:build: [34m2 ‚îÇ[0m           @import [31m"@/styles/colors.scss"[0m;
app:build: [34m  ‚îÇ[0m [31m                  ^^^^^^^^^^^^^^^^^^^^^^[0m
app:build: [34m  ‚ïµ[0m
app:build:     src/pages/SettingsPage/sections/ChangePassword/ChangePassword.module.scss 2:19  root stylesheet
app:build: 
app:build: [33m[1mDeprecation Warning[0m [[34mimport[0m]: Sass @import rules are deprecated and will be removed in Dart Sass 3.0.0.
app:build: 
app:build: More info and automated migrator: https://sass-lang.com/d/import
app:build: 
app:build: [34m  ‚ï∑[0m
app:build: [34m3 ‚îÇ[0m           @import [31m"@/styles/fonts.scss"[0m;
app:build: [34m  ‚îÇ[0m [31m                  ^^^^^^^^^^^^^^^^^^^^^[0m
app:build: [34m  ‚ïµ[0m
app:build:     src/pages/SettingsPage/sections/ChangePassword/ChangePassword.module.scss 3:19  root stylesheet
app:build: 
app:build: [33m[1mDeprecation Warning[0m [[34mimport[0m]: Sass @import rules are deprecated and will be removed in Dart Sass 3.0.0.
app:build: 
app:build: More info and automated migrator: https://sass-lang.com/d/import
app:build: 
app:build: [34m  ‚ï∑[0m
app:build: [34m4 ‚îÇ[0m           @import [31m"@/styles/breakpoints.scss"[0m;
app:build: [34m  ‚îÇ[0m [31m                  ^^^^^^^^^^^^^^^^^^^^^^^^^^^[0m
app:build: [34m  ‚ïµ[0m
app:build:     src/pages/SettingsPage/sections/ChangePassword/ChangePassword.module.scss 4:19  root stylesheet
app:build: 
app:build: [33m[1mDeprecation Warning[0m [[34mimport[0m]: Sass @import rules are deprecated and will be removed in Dart Sass 3.0.0.
app:build: 
app:build: More info and automated migrator: https://sass-lang.com/d/import
app:build: 
app:build: [34m  ‚ï∑[0m
app:build: [34m5 ‚îÇ[0m           @import [31m"@/styles/mixins.scss"[0m;
app:build: [34m  ‚îÇ[0m [31m                  ^^^^^^^^^^^^^^^^^^^^^^[0m
app:build: [34m  ‚ïµ[0m
app:build:     src/pages/SettingsPage/sections/ChangePassword/ChangePassword.module.scss 5:19  root stylesheet
app:build: 
app:build: [33m[1mDeprecation Warning[0m [[34mimport[0m]: Sass @import rules are deprecated and will be removed in Dart Sass 3.0.0.
app:build: 
app:build: More info and automated migrator: https://sass-lang.com/d/import
app:build: 
app:build: [34m  ‚ï∑[0m
app:build: [34m6 ‚îÇ[0m           @import [31m"@/styles/consts.scss"[0m;
app:build: [34m  ‚îÇ[0m [31m                  ^^^^^^^^^^^^^^^^^^^^^^[0m
app:build: [34m  ‚ïµ[0m
app:build:     src/pages/SettingsPage/sections/ChangePassword/ChangePassword.module.scss 6:19  root stylesheet
app:build: 
app:build: [33m[1mDeprecation Warning[0m [[34mlegacy-js-api[0m]: The legacy JS API is deprecated and will be removed in Dart Sass 2.0.0.
app:build: 
app:build: More info: https://sass-lang.com/d/legacy-js-api
app:build: 
app:build: [33m[1mDeprecation Warning[0m [[34mimport[0m]: Sass @import rules are deprecated and will be removed in Dart Sass 3.0.0.
app:build: 
app:build: More info and automated migrator: https://sass-lang.com/d/import
app:build: 
app:build: [34m  ‚ï∑[0m
app:build: [34m2 ‚îÇ[0m           @import [31m"@/styles/colors.scss"[0m;
app:build: [34m  ‚îÇ[0m [31m                  ^^^^^^^^^^^^^^^^^^^^^^[0m
app:build: [34m  ‚ïµ[0m
app:build:     src/pages/SettingsPage/sections/EditProfileSection/EditProfileSection.module.scss 2:19  root stylesheet
app:build: 
app:build: [33m[1mDeprecation Warning[0m [[34mimport[0m]: Sass @import rules are deprecated and will be removed in Dart Sass 3.0.0.
app:build: 
app:build: More info and automated migrator: https://sass-lang.com/d/import
app:build: 
app:build: [34m  ‚ï∑[0m
app:build: [34m3 ‚îÇ[0m           @import [31m"@/styles/fonts.scss"[0m;
app:build: [34m  ‚îÇ[0m [31m                  ^^^^^^^^^^^^^^^^^^^^^[0m
app:build: [34m  ‚ïµ[0m
app:build:     src/pages/SettingsPage/sections/EditProfileSection/EditProfileSection.module.scss 3:19  root stylesheet
app:build: 
app:build: [33m[1mDeprecation Warning[0m [[34mimport[0m]: Sass @import rules are deprecated and will be removed in Dart Sass 3.0.0.
app:build: 
app:build: More info and automated migrator: https://sass-lang.com/d/import
app:build: 
app:build: [34m  ‚ï∑[0m
app:build: [34m4 ‚îÇ[0m           @import [31m"@/styles/breakpoints.scss"[0m;
app:build: [34m  ‚îÇ[0m [31m                  ^^^^^^^^^^^^^^^^^^^^^^^^^^^[0m
app:build: [34m  ‚ïµ[0m
app:build:     src/pages/SettingsPage/sections/EditProfileSection/EditProfileSection.module.scss 4:19  root stylesheet
app:build: 
app:build: [33m[1mDeprecation Warning[0m [[34mimport[0m]: Sass @import rules are deprecated and will be removed in Dart Sass 3.0.0.
app:build: 
app:build: More info and automated migrator: https://sass-lang.com/d/import
app:build: 
app:build: [34m  ‚ï∑[0m
app:build: [34m5 ‚îÇ[0m           @import [31m"@/styles/mixins.scss"[0m;
app:build: [34m  ‚îÇ[0m [31m                  ^^^^^^^^^^^^^^^^^^^^^^[0m
app:build: [34m  ‚ïµ[0m
app:build:     src/pages/SettingsPage/sections/EditProfileSection/EditProfileSection.module.scss 5:19  root stylesheet
app:build: 
app:build: [33m[1mDeprecation Warning[0m [[34mimport[0m]: Sass @import rules are deprecated and will be removed in Dart Sass 3.0.0.
app:build: 
app:build: More info and automated migrator: https://sass-lang.com/d/import
app:build: 
app:build: [34m  ‚ï∑[0m
app:build: [34m6 ‚îÇ[0m           @import [31m"@/styles/consts.scss"[0m;
app:build: [34m  ‚îÇ[0m [31m                  ^^^^^^^^^^^^^^^^^^^^^^[0m
app:build: [34m  ‚ïµ[0m
app:build:     src/pages/SettingsPage/sections/EditProfileSection/EditProfileSection.module.scss 6:19  root stylesheet
app:build: 
app:build: [2K[1Gtransforming (501) [2m../../node_modules/class-validator/esm5/validation-schema/ValidationSchemaToMetadataTransformer.js[22m[2K[1G[2K[1G[2K[1Gtransforming (660) [2msrc/components/Dropdown/index.ts[22m[33m[1mDeprecation Warning[0m [[34mlegacy-js-api[0m]: The legacy JS API is deprecated and will be removed in Dart Sass 2.0.0.
app:build: 
app:build: More info: https://sass-lang.com/d/legacy-js-api
app:build: 
app:build: [33m[1mDeprecation Warning[0m [[34mimport[0m]: Sass @import rules are deprecated and will be removed in Dart Sass 3.0.0.
app:build: 
app:build: More info and automated migrator: https://sass-lang.com/d/import
app:build: 
app:build: [34m  ‚ï∑[0m
app:build: [34m2 ‚îÇ[0m           @import [31m"@/styles/colors.scss"[0m;
app:build: [34m  ‚îÇ[0m [31m                  ^^^^^^^^^^^^^^^^^^^^^^[0m
app:build: [34m  ‚ïµ[0m
app:build:     src/components/RegistrationForms/FourthStepRegistrationForm/FourthStepRegistrationForm.module.scss 2:19  root stylesheet
app:build: 
app:build: [33m[1mDeprecation Warning[0m [[34mimport[0m]: Sass @import rules are deprecated and will be removed in Dart Sass 3.0.0.
app:build: 
app:build: More info and automated migrator: https://sass-lang.com/d/import
app:build: 
app:build: [34m  ‚ï∑[0m
app:build: [34m3 ‚îÇ[0m           @import [31m"@/styles/fonts.scss"[0m;
app:build: [34m  ‚îÇ[0m [31m                  ^^^^^^^^^^^^^^^^^^^^^[0m
app:build: [34m  ‚ïµ[0m
app:build:     src/components/RegistrationForms/FourthStepRegistrationForm/FourthStepRegistrationForm.module.scss 3:19  root stylesheet
app:build: 
app:build: [33m[1mDeprecation Warning[0m [[34mimport[0m]: Sass @import rules are deprecated and will be removed in Dart Sass 3.0.0.
app:build: 
app:build: More info and automated migrator: https://sass-lang.com/d/import
app:build: 
app:build: [34m  ‚ï∑[0m
app:build: [34m4 ‚îÇ[0m           @import [31m"@/styles/breakpoints.scss"[0m;
app:build: [34m  ‚îÇ[0m [31m                  ^^^^^^^^^^^^^^^^^^^^^^^^^^^[0m
app:build: [34m  ‚ïµ[0m
app:build:     src/components/RegistrationForms/FourthStepRegistrationForm/FourthStepRegistrationForm.module.scss 4:19  root stylesheet
app:build: 
app:build: [33m[1mDeprecation Warning[0m [[34mimport[0m]: Sass @import rules are deprecated and will be removed in Dart Sass 3.0.0.
app:build: 
app:build: More info and automated migrator: https://sass-lang.com/d/import
app:build: 
app:build: [34m  ‚ï∑[0m
app:build: [34m5 ‚îÇ[0m           @import [31m"@/styles/mixins.scss"[0m;
app:build: [34m  ‚îÇ[0m [31m                  ^^^^^^^^^^^^^^^^^^^^^^[0m
app:build: [34m  ‚ïµ[0m
app:build:     src/components/RegistrationForms/FourthStepRegistrationForm/FourthStepRegistrationForm.module.scss 5:19  root stylesheet
app:build: 
app:build: [33m[1mDeprecation Warning[0m [[34mimport[0m]: Sass @import rules are deprecated and will be removed in Dart Sass 3.0.0.
app:build: 
app:build: More info and automated migrator: https://sass-lang.com/d/import
app:build: 
app:build: [34m  ‚ï∑[0m
app:build: [34m6 ‚îÇ[0m           @import [31m"@/styles/consts.scss"[0m;
app:build: [34m  ‚îÇ[0m [31m                  ^^^^^^^^^^^^^^^^^^^^^^[0m
app:build: [34m  ‚ïµ[0m
app:build:     src/components/RegistrationForms/FourthStepRegistrationForm/FourthStepRegistrationForm.module.scss 6:19  root stylesheet
app:build: 
app:build: [33m[1mDeprecation Warning[0m [[34mlegacy-js-api[0m]: The legacy JS API is deprecated and will be removed in Dart Sass 2.0.0.
app:build: 
app:build: More info: https://sass-lang.com/d/legacy-js-api
app:build: 
app:build: [33m[1mDeprecation Warning[0m [[34mimport[0m]: Sass @import rules are deprecated and will be removed in Dart Sass 3.0.0.
app:build: 
app:build: More info and automated migrator: https://sass-lang.com/d/import
app:build: 
app:build: [34m  ‚ï∑[0m
app:build: [34m2 ‚îÇ[0m           @import [31m"@/styles/colors.scss"[0m;
app:build: [34m  ‚îÇ[0m [31m                  ^^^^^^^^^^^^^^^^^^^^^^[0m
app:build: [34m  ‚ïµ[0m
app:build:     src/components/RegistrationForms/FirstStepRegistrationForm/FirstStepRegistrationForm.module.scss 2:19  root stylesheet
app:build: 
app:build: [33m[1mDeprecation Warning[0m [[34mimport[0m]: Sass @import rules are deprecated and will be removed in Dart Sass 3.0.0.
app:build: 
app:build: More info and automated migrator: https://sass-lang.com/d/import
app:build: 
app:build: [34m  ‚ï∑[0m
app:build: [34m3 ‚îÇ[0m           @import [31m"@/styles/fonts.scss"[0m;
app:build: [34m  ‚îÇ[0m [31m                  ^^^^^^^^^^^^^^^^^^^^^[0m
app:build: [34m  ‚ïµ[0m
app:build:     src/components/RegistrationForms/FirstStepRegistrationForm/FirstStepRegistrationForm.module.scss 3:19  root stylesheet
app:build: 
app:build: [33m[1mDeprecation Warning[0m [[34mimport[0m]: Sass @import rules are deprecated and will be removed in Dart Sass 3.0.0.
app:build: 
app:build: More info and automated migrator: https://sass-lang.com/d/import
app:build: 
app:build: [34m  ‚ï∑[0m
app:build: [34m4 ‚îÇ[0m           @import [31m"@/styles/breakpoints.scss"[0m;
app:build: [34m  ‚îÇ[0m [31m                  ^^^^^^^^^^^^^^^^^^^^^^^^^^^[0m
app:build: [34m  ‚ïµ[0m
app:build:     src/components/RegistrationForms/FirstStepRegistrationForm/FirstStepRegistrationForm.module.scss 4:19  root stylesheet
app:build: 
app:build: [33m[1mDeprecation Warning[0m [[34mimport[0m]: Sass @import rules are deprecated and will be removed in Dart Sass 3.0.0.
app:build: 
app:build: More info and automated migrator: https://sass-lang.com/d/import
app:build: 
app:build: [34m  ‚ï∑[0m
app:build: [34m5 ‚îÇ[0m           @import [31m"@/styles/mixins.scss"[0m;
app:build: [34m  ‚îÇ[0m [31m                  ^^^^^^^^^^^^^^^^^^^^^^[0m
app:build: [34m  ‚ïµ[0m
app:build:     src/components/RegistrationForms/FirstStepRegistrationForm/FirstStepRegistrationForm.module.scss 5:19  root stylesheet
app:build: 
app:build: [33m[1mDeprecation Warning[0m [[34mimport[0m]: Sass @import rules are deprecated and will be removed in Dart Sass 3.0.0.
app:build: 
app:build: More info and automated migrator: https://sass-lang.com/d/import
app:build: 
app:build: [34m  ‚ï∑[0m
app:build: [34m6 ‚îÇ[0m           @import [31m"@/styles/consts.scss"[0m;
app:build: [34m  ‚îÇ[0m [31m                  ^^^^^^^^^^^^^^^^^^^^^^[0m
app:build: [34m  ‚ïµ[0m
app:build:     src/components/RegistrationForms/FirstStepRegistrationForm/FirstStepRegistrationForm.module.scss 6:19  root stylesheet
app:build: 
app:build: [33m[1mDeprecation Warning[0m [[34mlegacy-js-api[0m]: The legacy JS API is deprecated and will be removed in Dart Sass 2.0.0.
app:build: 
app:build: More info: https://sass-lang.com/d/legacy-js-api
app:build: 
app:build: [33m[1mDeprecation Warning[0m [[34mimport[0m]: Sass @import rules are deprecated and will be removed in Dart Sass 3.0.0.
app:build: 
app:build: More info and automated migrator: https://sass-lang.com/d/import
app:build: 
app:build: [34m  ‚ï∑[0m
app:build: [34m2 ‚îÇ[0m           @import [31m"@/styles/colors.scss"[0m;
app:build: [34m  ‚îÇ[0m [31m                  ^^^^^^^^^^^^^^^^^^^^^^[0m
app:build: [34m  ‚ïµ[0m
app:build:     src/components/ProgressBar/ProgressBar.module.scss 2:19  root stylesheet
app:build: 
app:build: [33m[1mDeprecation Warning[0m [[34mimport[0m]: Sass @import rules are deprecated and will be removed in Dart Sass 3.0.0.
app:build: 
app:build: More info and automated migrator: https://sass-lang.com/d/import
app:build: 
app:build: [34m  ‚ï∑[0m
app:build: [34m3 ‚îÇ[0m           @import [31m"@/styles/fonts.scss"[0m;
app:build: [34m  ‚îÇ[0m [31m                  ^^^^^^^^^^^^^^^^^^^^^[0m
app:build: [34m  ‚ïµ[0m
app:build:     src/components/ProgressBar/ProgressBar.module.scss 3:19  root stylesheet
app:build: 
app:build: [33m[1mDeprecation Warning[0m [[34mimport[0m]: Sass @import rules are deprecated and will be removed in Dart Sass 3.0.0.
app:build: 
app:build: More info and automated migrator: https://sass-lang.com/d/import
app:build: 
app:build: [34m  ‚ï∑[0m
app:build: [34m4 ‚îÇ[0m           @import [31m"@/styles/breakpoints.scss"[0m;
app:build: [34m  ‚îÇ[0m [31m                  ^^^^^^^^^^^^^^^^^^^^^^^^^^^[0m
app:build: [34m  ‚ïµ[0m
app:build:     src/components/ProgressBar/ProgressBar.module.scss 4:19  root stylesheet
app:build: 
app:build: [33m[1mDeprecation Warning[0m [[34mimport[0m]: Sass @import rules are deprecated and will be removed in Dart Sass 3.0.0.
app:build: 
app:build: More info and automated migrator: https://sass-lang.com/d/import
app:build: 
app:build: [34m  ‚ï∑[0m
app:build: [34m5 ‚îÇ[0m           @import [31m"@/styles/mixins.scss"[0m;
app:build: [34m  ‚îÇ[0m [31m                  ^^^^^^^^^^^^^^^^^^^^^^[0m
app:build: [34m  ‚ïµ[0m
app:build:     src/components/ProgressBar/ProgressBar.module.scss 5:19  root stylesheet
app:build: 
app:build: [33m[1mDeprecation Warning[0m [[34mimport[0m]: Sass @import rules are deprecated and will be removed in Dart Sass 3.0.0.
app:build: 
app:build: More info and automated migrator: https://sass-lang.com/d/import
app:build: 
app:build: [34m  ‚ï∑[0m
app:build: [34m6 ‚îÇ[0m           @import [31m"@/styles/consts.scss"[0m;
app:build: [34m  ‚îÇ[0m [31m                  ^^^^^^^^^^^^^^^^^^^^^^[0m
app:build: [34m  ‚ïµ[0m
app:build:     src/components/ProgressBar/ProgressBar.module.scss 6:19  root stylesheet
app:build: 
app:build: [33m[1mDeprecation Warning[0m [[34mlegacy-js-api[0m]: The legacy JS API is deprecated and will be removed in Dart Sass 2.0.0.
app:build: 
app:build: More info: https://sass-lang.com/d/legacy-js-api
app:build: 
app:build: [33m[1mDeprecation Warning[0m [[34mimport[0m]: Sass @import rules are deprecated and will be removed in Dart Sass 3.0.0.
app:build: 
app:build: More info and automated migrator: https://sass-lang.com/d/import
app:build: 
app:build: [34m  ‚ï∑[0m
app:build: [34m2 ‚îÇ[0m           @import [31m"@/styles/colors.scss"[0m;
app:build: [34m  ‚îÇ[0m [31m                  ^^^^^^^^^^^^^^^^^^^^^^[0m
app:build: [34m  ‚ïµ[0m
app:build:     src/components/AuthFooter/AuthFooter.module.scss 2:19  root stylesheet
app:build: 
app:build: [33m[1mDeprecation Warning[0m [[34mimport[0m]: Sass @import rules are deprecated and will be removed in Dart Sass 3.0.0.
app:build: 
app:build: More info and automated migrator: https://sass-lang.com/d/import
app:build: 
app:build: [34m  ‚ï∑[0m
app:build: [34m3 ‚îÇ[0m           @import [31m"@/styles/fonts.scss"[0m;
app:build: [34m  ‚îÇ[0m [31m                  ^^^^^^^^^^^^^^^^^^^^^[0m
app:build: [34m  ‚ïµ[0m
app:build:     src/components/AuthFooter/AuthFooter.module.scss 3:19  root stylesheet
app:build: 
app:build: [33m[1mDeprecation Warning[0m [[34mimport[0m]: Sass @import rules are deprecated and will be removed in Dart Sass 3.0.0.
app:build: 
app:build: More info and automated migrator: https://sass-lang.com/d/import
app:build: 
app:build: [34m  ‚ï∑[0m
app:build: [34m4 ‚îÇ[0m           @import [31m"@/styles/breakpoints.scss"[0m;
app:build: [34m  ‚îÇ[0m [31m                  ^^^^^^^^^^^^^^^^^^^^^^^^^^^[0m
app:build: [34m  ‚ïµ[0m
app:build:     src/components/AuthFooter/AuthFooter.module.scss 4:19  root stylesheet
app:build: 
app:build: [33m[1mDeprecation Warning[0m [[34mimport[0m]: Sass @import rules are deprecated and will be removed in Dart Sass 3.0.0.
app:build: 
app:build: More info and automated migrator: https://sass-lang.com/d/import
app:build: 
app:build: [34m  ‚ï∑[0m
app:build: [34m5 ‚îÇ[0m           @import [31m"@/styles/mixins.scss"[0m;
app:build: [34m  ‚îÇ[0m [31m                  ^^^^^^^^^^^^^^^^^^^^^^[0m
app:build: [34m  ‚ïµ[0m
app:build:     src/components/AuthFooter/AuthFooter.module.scss 5:19  root stylesheet
app:build: 
app:build: [33m[1mDeprecation Warning[0m [[34mimport[0m]: Sass @import rules are deprecated and will be removed in Dart Sass 3.0.0.
app:build: 
app:build: More info and automated migrator: https://sass-lang.com/d/import
app:build: 
app:build: [34m  ‚ï∑[0m
app:build: [34m6 ‚îÇ[0m           @import [31m"@/styles/consts.scss"[0m;
app:build: [34m  ‚îÇ[0m [31m                  ^^^^^^^^^^^^^^^^^^^^^^[0m
app:build: [34m  ‚ïµ[0m
app:build:     src/components/AuthFooter/AuthFooter.module.scss 6:19  root stylesheet
app:build: 
app:build: [33m[1mDeprecation Warning[0m [[34mlegacy-js-api[0m]: The legacy JS API is deprecated and will be removed in Dart Sass 2.0.0.
app:build: 
app:build: More info: https://sass-lang.com/d/legacy-js-api
app:build: 
app:build: [33m[1mDeprecation Warning[0m [[34mimport[0m]: Sass @import rules are deprecated and will be removed in Dart Sass 3.0.0.
app:build: 
app:build: More info and automated migrator: https://sass-lang.com/d/import
app:build: 
app:build: [34m  ‚ï∑[0m
app:build: [34m2 ‚îÇ[0m           @import [31m"@/styles/colors.scss"[0m;
app:build: [34m  ‚îÇ[0m [31m                  ^^^^^^^^^^^^^^^^^^^^^^[0m
app:build: [34m  ‚ïµ[0m
app:build:     src/components/RegistrationForms/AvatarPickerRegistrationForm/AvatarPickerRegistrationForm.module.scss 2:19  root stylesheet
app:build: 
app:build: [33m[1mDeprecation Warning[0m [[34mimport[0m]: Sass @import rules are deprecated and will be removed in Dart Sass 3.0.0.
app:build: 
app:build: More info and automated migrator: https://sass-lang.com/d/import
app:build: 
app:build: [34m  ‚ï∑[0m
app:build: [34m3 ‚îÇ[0m           @import [31m"@/styles/fonts.scss"[0m;
app:build: [34m  ‚îÇ[0m [31m                  ^^^^^^^^^^^^^^^^^^^^^[0m
app:build: [34m  ‚ïµ[0m
app:build:     src/components/RegistrationForms/AvatarPickerRegistrationForm/AvatarPickerRegistrationForm.module.scss 3:19  root stylesheet
app:build: 
app:build: [33m[1mDeprecation Warning[0m [[34mimport[0m]: Sass @import rules are deprecated and will be removed in Dart Sass 3.0.0.
app:build: 
app:build: More info and automated migrator: https://sass-lang.com/d/import
app:build: 
app:build: [34m  ‚ï∑[0m
app:build: [34m4 ‚îÇ[0m           @import [31m"@/styles/breakpoints.scss"[0m;
app:build: [34m  ‚îÇ[0m [31m                  ^^^^^^^^^^^^^^^^^^^^^^^^^^^[0m
app:build: [34m  ‚ïµ[0m
app:build:     src/components/RegistrationForms/AvatarPickerRegistrationForm/AvatarPickerRegistrationForm.module.scss 4:19  root stylesheet
app:build: 
app:build: [33m[1mDeprecation Warning[0m [[34mimport[0m]: Sass @import rules are deprecated and will be removed in Dart Sass 3.0.0.
app:build: 
app:build: More info and automated migrator: https://sass-lang.com/d/import
app:build: 
app:build: [34m  ‚ï∑[0m
app:build: [34m5 ‚îÇ[0m           @import [31m"@/styles/mixins.scss"[0m;
app:build: [34m  ‚îÇ[0m [31m                  ^^^^^^^^^^^^^^^^^^^^^^[0m
app:build: [34m  ‚ïµ[0m
app:build:     src/components/RegistrationForms/AvatarPickerRegistrationForm/AvatarPickerRegistrationForm.module.scss 5:19  root stylesheet
app:build: 
app:build: [33m[1mDeprecation Warning[0m [[34mimport[0m]: Sass @import rules are deprecated and will be removed in Dart Sass 3.0.0.
app:build: 
app:build: More info and automated migrator: https://sass-lang.com/d/import
app:build: 
app:build: [34m  ‚ï∑[0m
app:build: [34m6 ‚îÇ[0m           @import [31m"@/styles/consts.scss"[0m;
app:build: [34m  ‚îÇ[0m [31m                  ^^^^^^^^^^^^^^^^^^^^^^[0m
app:build: [34m  ‚ïµ[0m
app:build:     src/components/RegistrationForms/AvatarPickerRegistrationForm/AvatarPickerRegistrationForm.module.scss 6:19  root stylesheet
app:build: 
app:build: [33m[1mDeprecation Warning[0m [[34mlegacy-js-api[0m]: The legacy JS API is deprecated and will be removed in Dart Sass 2.0.0.
app:build: 
app:build: More info: https://sass-lang.com/d/legacy-js-api
app:build: 
app:build: [33m[1mDeprecation Warning[0m [[34mimport[0m]: Sass @import rules are deprecated and will be removed in Dart Sass 3.0.0.
app:build: 
app:build: More info and automated migrator: https://sass-lang.com/d/import
app:build: 
app:build: [34m  ‚ï∑[0m
app:build: [34m2 ‚îÇ[0m           @import [31m"@/styles/colors.scss"[0m;
app:build: [34m  ‚îÇ[0m [31m                  ^^^^^^^^^^^^^^^^^^^^^^[0m
app:build: [34m  ‚ïµ[0m
app:build:     src/components/RegistrationForms/SecondStepRegistrationForm/SecondStepRegistrationForm.module.scss 2:19  root stylesheet
app:build: 
app:build: [33m[1mDeprecation Warning[0m [[34mimport[0m]: Sass @import rules are deprecated and will be removed in Dart Sass 3.0.0.
app:build: 
app:build: More info and automated migrator: https://sass-lang.com/d/import
app:build: 
app:build: [34m  ‚ï∑[0m
app:build: [34m3 ‚îÇ[0m           @import [31m"@/styles/fonts.scss"[0m;
app:build: [34m  ‚îÇ[0m [31m                  ^^^^^^^^^^^^^^^^^^^^^[0m
app:build: [34m  ‚ïµ[0m
app:build:     src/components/RegistrationForms/SecondStepRegistrationForm/SecondStepRegistrationForm.module.scss 3:19  root stylesheet
app:build: 
app:build: [33m[1mDeprecation Warning[0m [[34mimport[0m]: Sass @import rules are deprecated and will be removed in Dart Sass 3.0.0.
app:build: 
app:build: More info and automated migrator: https://sass-lang.com/d/import
app:build: 
app:build: [34m  ‚ï∑[0m
app:build: [34m4 ‚îÇ[0m           @import [31m"@/styles/breakpoints.scss"[0m;
app:build: [34m  ‚îÇ[0m [31m                  ^^^^^^^^^^^^^^^^^^^^^^^^^^^[0m
app:build: [34m  ‚ïµ[0m
app:build:     src/components/RegistrationForms/SecondStepRegistrationForm/SecondStepRegistrationForm.module.scss 4:19  root stylesheet
app:build: 
app:build: [33m[1mDeprecation Warning[0m [[34mimport[0m]: Sass @import rules are deprecated and will be removed in Dart Sass 3.0.0.
app:build: 
app:build: More info and automated migrator: https://sass-lang.com/d/import
app:build: 
app:build: [34m  ‚ï∑[0m
app:build: [34m5 ‚îÇ[0m           @import [31m"@/styles/mixins.scss"[0m;
app:build: [34m  ‚îÇ[0m [31m                  ^^^^^^^^^^^^^^^^^^^^^^[0m
app:build: [34m  ‚ïµ[0m
app:build:     src/components/RegistrationForms/SecondStepRegistrationForm/SecondStepRegistrationForm.module.scss 5:19  root stylesheet
app:build: 
app:build: [33m[1mDeprecation Warning[0m [[34mimport[0m]: Sass @import rules are deprecated and will be removed in Dart Sass 3.0.0.
app:build: 
app:build: More info and automated migrator: https://sass-lang.com/d/import
app:build: 
app:build: [34m  ‚ï∑[0m
app:build: [34m6 ‚îÇ[0m           @import [31m"@/styles/consts.scss"[0m;
app:build: [34m  ‚îÇ[0m [31m                  ^^^^^^^^^^^^^^^^^^^^^^[0m
app:build: [34m  ‚ïµ[0m
app:build:     src/components/RegistrationForms/SecondStepRegistrationForm/SecondStepRegistrationForm.module.scss 6:19  root stylesheet
app:build: 
app:build: [33m[1mDeprecation Warning[0m [[34mlegacy-js-api[0m]: The legacy JS API is deprecated and will be removed in Dart Sass 2.0.0.
app:build: 
app:build: More info: https://sass-lang.com/d/legacy-js-api
app:build: 
app:build: [33m[1mDeprecation Warning[0m [[34mimport[0m]: Sass @import rules are deprecated and will be removed in Dart Sass 3.0.0.
app:build: 
app:build: More info and automated migrator: https://sass-lang.com/d/import
app:build: 
app:build: [34m  ‚ï∑[0m
app:build: [34m2 ‚îÇ[0m           @import [31m"@/styles/colors.scss"[0m;
app:build: [34m  ‚îÇ[0m [31m                  ^^^^^^^^^^^^^^^^^^^^^^[0m
app:build: [34m  ‚ïµ[0m
app:build:     src/components/Notification/Notification.module.scss 2:19  root stylesheet
app:build: 
app:build: [33m[1mDeprecation Warning[0m [[34mimport[0m]: Sass @import rules are deprecated and will be removed in Dart Sass 3.0.0.
app:build: 
app:build: More info and automated migrator: https://sass-lang.com/d/import
app:build: 
app:build: [34m  ‚ï∑[0m
app:build: [34m3 ‚îÇ[0m           @import [31m"@/styles/fonts.scss"[0m;
app:build: [34m  ‚îÇ[0m [31m                  ^^^^^^^^^^^^^^^^^^^^^[0m
app:build: [34m  ‚ïµ[0m
app:build:     src/components/Notification/Notification.module.scss 3:19  root stylesheet
app:build: 
app:build: [33m[1mDeprecation Warning[0m [[34mimport[0m]: Sass @import rules are deprecated and will be removed in Dart Sass 3.0.0.
app:build: 
app:build: More info and automated migrator: https://sass-lang.com/d/import
app:build: 
app:build: [34m  ‚ï∑[0m
app:build: [34m4 ‚îÇ[0m           @import [31m"@/styles/breakpoints.scss"[0m;
app:build: [34m  ‚îÇ[0m [31m                  ^^^^^^^^^^^^^^^^^^^^^^^^^^^[0m
app:build: [34m  ‚ïµ[0m
app:build:     src/components/Notification/Notification.module.scss 4:19  root stylesheet
app:build: 
app:build: [33m[1mDeprecation Warning[0m [[34mimport[0m]: Sass @import rules are deprecated and will be removed in Dart Sass 3.0.0.
app:build: 
app:build: More info and automated migrator: https://sass-lang.com/d/import
app:build: 
app:build: [34m  ‚ï∑[0m
app:build: [34m5 ‚îÇ[0m           @import [31m"@/styles/mixins.scss"[0m;
app:build: [34m  ‚îÇ[0m [31m                  ^^^^^^^^^^^^^^^^^^^^^^[0m
app:build: [34m  ‚ïµ[0m
app:build:     src/components/Notification/Notification.module.scss 5:19  root stylesheet
app:build: 
app:build: [33m[1mDeprecation Warning[0m [[34mimport[0m]: Sass @import rules are deprecated and will be removed in Dart Sass 3.0.0.
app:build: 
app:build: More info and automated migrator: https://sass-lang.com/d/import
app:build: 
app:build: [34m  ‚ï∑[0m
app:build: [34m6 ‚îÇ[0m           @import [31m"@/styles/consts.scss"[0m;
app:build: [34m  ‚îÇ[0m [31m                  ^^^^^^^^^^^^^^^^^^^^^^[0m
app:build: [34m  ‚ïµ[0m
app:build:     src/components/Notification/Notification.module.scss 6:19  root stylesheet
app:build: 
app:build: [33m[1mDeprecation Warning[0m [[34mlegacy-js-api[0m]: The legacy JS API is deprecated and will be removed in Dart Sass 2.0.0.
app:build: 
app:build: More info: https://sass-lang.com/d/legacy-js-api
app:build: 
app:build: [33m[1mDeprecation Warning[0m [[34mimport[0m]: Sass @import rules are deprecated and will be removed in Dart Sass 3.0.0.
app:build: 
app:build: More info and automated migrator: https://sass-lang.com/d/import
app:build: 
app:build: [34m  ‚ï∑[0m
app:build: [34m2 ‚îÇ[0m           @import [31m"@/styles/colors.scss"[0m;
app:build: [34m  ‚îÇ[0m [31m                  ^^^^^^^^^^^^^^^^^^^^^^[0m
app:build: [34m  ‚ïµ[0m
app:build:     src/components/NewLevelPopup/NewLevelPopup.module.scss 2:19  root stylesheet
app:build: 
app:build: [33m[1mDeprecation Warning[0m [[34mimport[0m]: Sass @import rules are deprecated and will be removed in Dart Sass 3.0.0.
app:build: 
app:build: More info and automated migrator: https://sass-lang.com/d/import
app:build: 
app:build: [34m  ‚ï∑[0m
app:build: [34m3 ‚îÇ[0m           @import [31m"@/styles/fonts.scss"[0m;
app:build: [34m  ‚îÇ[0m [31m                  ^^^^^^^^^^^^^^^^^^^^^[0m
app:build: [34m  ‚ïµ[0m
app:build:     src/components/NewLevelPopup/NewLevelPopup.module.scss 3:19  root stylesheet
app:build: 
app:build: [33m[1mDeprecation Warning[0m [[34mimport[0m]: Sass @import rules are deprecated and will be removed in Dart Sass 3.0.0.
app:build: 
app:build: More info and automated migrator: https://sass-lang.com/d/import
app:build: 
app:build: [34m  ‚ï∑[0m
app:build: [34m4 ‚îÇ[0m           @import [31m"@/styles/breakpoints.scss"[0m;
app:build: [34m  ‚îÇ[0m [31m                  ^^^^^^^^^^^^^^^^^^^^^^^^^^^[0m
app:build: [34m  ‚ïµ[0m
app:build:     src/components/NewLevelPopup/NewLevelPopup.module.scss 4:19  root stylesheet
app:build: 
app:build: [33m[1mDeprecation Warning[0m [[34mimport[0m]: Sass @import rules are deprecated and will be removed in Dart Sass 3.0.0.
app:build: 
app:build: More info and automated migrator: https://sass-lang.com/d/import
app:build: 
app:build: [34m  ‚ï∑[0m
app:build: [34m5 ‚îÇ[0m           @import [31m"@/styles/mixins.scss"[0m;
app:build: [34m  ‚îÇ[0m [31m                  ^^^^^^^^^^^^^^^^^^^^^^[0m
app:build: [34m  ‚ïµ[0m
app:build:     src/components/NewLevelPopup/NewLevelPopup.module.scss 5:19  root stylesheet
app:build: 
app:build: [33m[1mDeprecation Warning[0m [[34mimport[0m]: Sass @import rules are deprecated and will be removed in Dart Sass 3.0.0.
app:build: 
app:build: More info and automated migrator: https://sass-lang.com/d/import
app:build: 
app:build: [34m  ‚ï∑[0m
app:build: [34m6 ‚îÇ[0m           @import [31m"@/styles/consts.scss"[0m;
app:build: [34m  ‚îÇ[0m [31m                  ^^^^^^^^^^^^^^^^^^^^^^[0m
app:build: [34m  ‚ïµ[0m
app:build:     src/components/NewLevelPopup/NewLevelPopup.module.scss 6:19  root stylesheet
app:build: 
app:build: [33m[1mDeprecation Warning[0m [[34mlegacy-js-api[0m]: The legacy JS API is deprecated and will be removed in Dart Sass 2.0.0.
app:build: 
app:build: More info: https://sass-lang.com/d/legacy-js-api
app:build: 
app:build: [33m[1mDeprecation Warning[0m [[34mimport[0m]: Sass @import rules are deprecated and will be removed in Dart Sass 3.0.0.
app:build: 
app:build: More info and automated migrator: https://sass-lang.com/d/import
app:build: 
app:build: [34m  ‚ï∑[0m
app:build: [34m2 ‚îÇ[0m           @import [31m"@/styles/colors.scss"[0m;
app:build: [34m  ‚îÇ[0m [31m                  ^^^^^^^^^^^^^^^^^^^^^^[0m
app:build: [34m  ‚ïµ[0m
app:build:     src/components/FloorPlan/BoothButton/BoothButton.module.scss 2:19  root stylesheet
app:build: 
app:build: [33m[1mDeprecation Warning[0m [[34mimport[0m]: Sass @import rules are deprecated and will be removed in Dart Sass 3.0.0.
app:build: 
app:build: More info and automated migrator: https://sass-lang.com/d/import
app:build: 
app:build: [34m  ‚ï∑[0m
app:build: [34m3 ‚îÇ[0m           @import [31m"@/styles/fonts.scss"[0m;
app:build: [34m  ‚îÇ[0m [31m                  ^^^^^^^^^^^^^^^^^^^^^[0m
app:build: [34m  ‚ïµ[0m
app:build:     src/components/FloorPlan/BoothButton/BoothButton.module.scss 3:19  root stylesheet
app:build: 
app:build: [33m[1mDeprecation Warning[0m [[34mimport[0m]: Sass @import rules are deprecated and will be removed in Dart Sass 3.0.0.
app:build: 
app:build: More info and automated migrator: https://sass-lang.com/d/import
app:build: 
app:build: [34m  ‚ï∑[0m
app:build: [34m4 ‚îÇ[0m           @import [31m"@/styles/breakpoints.scss"[0m;
app:build: [34m  ‚îÇ[0m [31m                  ^^^^^^^^^^^^^^^^^^^^^^^^^^^[0m
app:build: [34m  ‚ïµ[0m
app:build:     src/components/FloorPlan/BoothButton/BoothButton.module.scss 4:19  root stylesheet
app:build: 
app:build: [33m[1mDeprecation Warning[0m [[34mimport[0m]: Sass @import rules are deprecated and will be removed in Dart Sass 3.0.0.
app:build: 
app:build: More info and automated migrator: https://sass-lang.com/d/import
app:build: 
app:build: [34m  ‚ï∑[0m
app:build: [34m5 ‚îÇ[0m           @import [31m"@/styles/mixins.scss"[0m;
app:build: [34m  ‚îÇ[0m [31m                  ^^^^^^^^^^^^^^^^^^^^^^[0m
app:build: [34m  ‚ïµ[0m
app:build:     src/components/FloorPlan/BoothButton/BoothButton.module.scss 5:19  root stylesheet
app:build: 
app:build: [33m[1mDeprecation Warning[0m [[34mimport[0m]: Sass @import rules are deprecated and will be removed in Dart Sass 3.0.0.
app:build: 
app:build: More info and automated migrator: https://sass-lang.com/d/import
app:build: 
app:build: [34m  ‚ï∑[0m
app:build: [34m6 ‚îÇ[0m           @import [31m"@/styles/consts.scss"[0m;
app:build: [34m  ‚îÇ[0m [31m                  ^^^^^^^^^^^^^^^^^^^^^^[0m
app:build: [34m  ‚ïµ[0m
app:build:     src/components/FloorPlan/BoothButton/BoothButton.module.scss 6:19  root stylesheet
app:build: 
app:build: [33m[1mDeprecation Warning[0m [[34mlegacy-js-api[0m]: The legacy JS API is deprecated and will be removed in Dart Sass 2.0.0.
app:build: 
app:build: More info: https://sass-lang.com/d/legacy-js-api
app:build: 
app:build: [33m[1mDeprecation Warning[0m [[34mimport[0m]: Sass @import rules are deprecated and will be removed in Dart Sass 3.0.0.
app:build: 
app:build: More info and automated migrator: https://sass-lang.com/d/import
app:build: 
app:build: [34m  ‚ï∑[0m
app:build: [34m2 ‚îÇ[0m           @import [31m"@/styles/colors.scss"[0m;
app:build: [34m  ‚îÇ[0m [31m                  ^^^^^^^^^^^^^^^^^^^^^^[0m
app:build: [34m  ‚ïµ[0m
app:build:     src/components/PointModifierPopup/PointModifierPopup.module.scss 2:19  root stylesheet
app:build: 
app:build: [33m[1mDeprecation Warning[0m [[34mimport[0m]: Sass @import rules are deprecated and will be removed in Dart Sass 3.0.0.
app:build: 
app:build: More info and automated migrator: https://sass-lang.com/d/import
app:build: 
app:build: [34m  ‚ï∑[0m
app:build: [34m3 ‚îÇ[0m           @import [31m"@/styles/fonts.scss"[0m;
app:build: [34m  ‚îÇ[0m [31m                  ^^^^^^^^^^^^^^^^^^^^^[0m
app:build: [34m  ‚ïµ[0m
app:build:     src/components/PointModifierPopup/PointModifierPopup.module.scss 3:19  root stylesheet
app:build: 
app:build: [33m[1mDeprecation Warning[0m [[34mimport[0m]: Sass @import rules are deprecated and will be removed in Dart Sass 3.0.0.
app:build: 
app:build: More info and automated migrator: https://sass-lang.com/d/import
app:build: 
app:build: [34m  ‚ï∑[0m
app:build: [34m4 ‚îÇ[0m           @import [31m"@/styles/breakpoints.scss"[0m;
app:build: [34m  ‚îÇ[0m [31m                  ^^^^^^^^^^^^^^^^^^^^^^^^^^^[0m
app:build: [34m  ‚ïµ[0m
app:build:     src/components/PointModifierPopup/PointModifierPopup.module.scss 4:19  root stylesheet
app:build: 
app:build: [33m[1mDeprecation Warning[0m [[34mimport[0m]: Sass @import rules are deprecated and will be removed in Dart Sass 3.0.0.
app:build: 
app:build: More info and automated migrator: https://sass-lang.com/d/import
app:build: 
app:build: [34m  ‚ï∑[0m
app:build: [34m5 ‚îÇ[0m           @import [31m"@/styles/mixins.scss"[0m;
app:build: [34m  ‚îÇ[0m [31m                  ^^^^^^^^^^^^^^^^^^^^^^[0m
app:build: [34m  ‚ïµ[0m
app:build:     src/components/PointModifierPopup/PointModifierPopup.module.scss 5:19  root stylesheet
app:build: 
app:build: [33m[1mDeprecation Warning[0m [[34mimport[0m]: Sass @import rules are deprecated and will be removed in Dart Sass 3.0.0.
app:build: 
app:build: More info and automated migrator: https://sass-lang.com/d/import
app:build: 
app:build: [34m  ‚ï∑[0m
app:build: [34m6 ‚îÇ[0m           @import [31m"@/styles/consts.scss"[0m;
app:build: [34m  ‚îÇ[0m [31m                  ^^^^^^^^^^^^^^^^^^^^^^[0m
app:build: [34m  ‚ïµ[0m
app:build:     src/components/PointModifierPopup/PointModifierPopup.module.scss 6:19  root stylesheet
app:build: 
app:build: [33m[1mDeprecation Warning[0m [[34mlegacy-js-api[0m]: The legacy JS API is deprecated and will be removed in Dart Sass 2.0.0.
app:build: 
app:build: More info: https://sass-lang.com/d/legacy-js-api
app:build: 
app:build: [33m[1mDeprecation Warning[0m [[34mimport[0m]: Sass @import rules are deprecated and will be removed in Dart Sass 3.0.0.
app:build: 
app:build: More info and automated migrator: https://sass-lang.com/d/import
app:build: 
app:build: [34m  ‚ï∑[0m
app:build: [34m2 ‚îÇ[0m           @import [31m"@/styles/colors.scss"[0m;
app:build: [34m  ‚îÇ[0m [31m                  ^^^^^^^^^^^^^^^^^^^^^^[0m
app:build: [34m  ‚ïµ[0m
app:build:     src/components/CodeInput/CodeInput.module.scss 2:19  root stylesheet
app:build: 
app:build: [33m[1mDeprecation Warning[0m [[34mimport[0m]: Sass @import rules are deprecated and will be removed in Dart Sass 3.0.0.
app:build: 
app:build: More info and automated migrator: https://sass-lang.com/d/import
app:build: 
app:build: [34m  ‚ï∑[0m
app:build: [34m3 ‚îÇ[0m           @import [31m"@/styles/fonts.scss"[0m;
app:build: [34m  ‚îÇ[0m [31m                  ^^^^^^^^^^^^^^^^^^^^^[0m
app:build: [34m  ‚ïµ[0m
app:build:     src/components/CodeInput/CodeInput.module.scss 3:19  root stylesheet
app:build: 
app:build: [33m[1mDeprecation Warning[0m [[34mimport[0m]: Sass @import rules are deprecated and will be removed in Dart Sass 3.0.0.
app:build: 
app:build: More info and automated migrator: https://sass-lang.com/d/import
app:build: 
app:build: [34m  ‚ï∑[0m
app:build: [34m4 ‚îÇ[0m           @import [31m"@/styles/breakpoints.scss"[0m;
app:build: [34m  ‚îÇ[0m [31m                  ^^^^^^^^^^^^^^^^^^^^^^^^^^^[0m
app:build: [34m  ‚ïµ[0m
app:build:     src/components/CodeInput/CodeInput.module.scss 4:19  root stylesheet
app:build: 
app:build: [33m[1mDeprecation Warning[0m [[34mimport[0m]: Sass @import rules are deprecated and will be removed in Dart Sass 3.0.0.
app:build: 
app:build: More info and automated migrator: https://sass-lang.com/d/import
app:build: 
app:build: [34m  ‚ï∑[0m
app:build: [34m5 ‚îÇ[0m           @import [31m"@/styles/mixins.scss"[0m;
app:build: [34m  ‚îÇ[0m [31m                  ^^^^^^^^^^^^^^^^^^^^^^[0m
app:build: [34m  ‚ïµ[0m
app:build:     src/components/CodeInput/CodeInput.module.scss 5:19  root stylesheet
app:build: 
app:build: [33m[1mDeprecation Warning[0m [[34mimport[0m]: Sass @import rules are deprecated and will be removed in Dart Sass 3.0.0.
app:build: 
app:build: More info and automated migrator: https://sass-lang.com/d/import
app:build: 
app:build: [34m  ‚ï∑[0m
app:build: [34m6 ‚îÇ[0m           @import [31m"@/styles/consts.scss"[0m;
app:build: [34m  ‚îÇ[0m [31m                  ^^^^^^^^^^^^^^^^^^^^^^[0m
app:build: [34m  ‚ïµ[0m
app:build:     src/components/CodeInput/CodeInput.module.scss 6:19  root stylesheet
app:build: 
app:build: [33m[1mDeprecation Warning[0m [[34mlegacy-js-api[0m]: The legacy JS API is deprecated and will be removed in Dart Sass 2.0.0.
app:build: 
app:build: More info: https://sass-lang.com/d/legacy-js-api
app:build: 
app:build: [33m[1mDeprecation Warning[0m [[34mimport[0m]: Sass @import rules are deprecated and will be removed in Dart Sass 3.0.0.
app:build: 
app:build: More info and automated migrator: https://sass-lang.com/d/import
app:build: 
app:build: [34m  ‚ï∑[0m
app:build: [34m2 ‚îÇ[0m           @import [31m"@/styles/colors.scss"[0m;
app:build: [34m  ‚îÇ[0m [31m                  ^^^^^^^^^^^^^^^^^^^^^^[0m
app:build: [34m  ‚ïµ[0m
app:build:     src/components/Header/HeaderCard/HeaderCard.module.scss 2:19  root stylesheet
app:build: 
app:build: [33m[1mDeprecation Warning[0m [[34mimport[0m]: Sass @import rules are deprecated and will be removed in Dart Sass 3.0.0.
app:build: 
app:build: More info and automated migrator: https://sass-lang.com/d/import
app:build: 
app:build: [34m  ‚ï∑[0m
app:build: [34m3 ‚îÇ[0m           @import [31m"@/styles/fonts.scss"[0m;
app:build: [34m  ‚îÇ[0m [31m                  ^^^^^^^^^^^^^^^^^^^^^[0m
app:build: [34m  ‚ïµ[0m
app:build:     src/components/Header/HeaderCard/HeaderCard.module.scss 3:19  root stylesheet
app:build: 
app:build: [33m[1mDeprecation Warning[0m [[34mimport[0m]: Sass @import rules are deprecated and will be removed in Dart Sass 3.0.0.
app:build: 
app:build: More info and automated migrator: https://sass-lang.com/d/import
app:build: 
app:build: [34m  ‚ï∑[0m
app:build: [34m4 ‚îÇ[0m           @import [31m"@/styles/breakpoints.scss"[0m;
app:build: [34m  ‚îÇ[0m [31m                  ^^^^^^^^^^^^^^^^^^^^^^^^^^^[0m
app:build: [34m  ‚ïµ[0m
app:build:     src/components/Header/HeaderCard/HeaderCard.module.scss 4:19  root stylesheet
app:build: 
app:build: [33m[1mDeprecation Warning[0m [[34mimport[0m]: Sass @import rules are deprecated and will be removed in Dart Sass 3.0.0.
app:build: 
app:build: More info and automated migrator: https://sass-lang.com/d/import
app:build: 
app:build: [34m  ‚ï∑[0m
app:build: [34m5 ‚îÇ[0m           @import [31m"@/styles/mixins.scss"[0m;
app:build: [34m  ‚îÇ[0m [31m                  ^^^^^^^^^^^^^^^^^^^^^^[0m
app:build: [34m  ‚ïµ[0m
app:build:     src/components/Header/HeaderCard/HeaderCard.module.scss 5:19  root stylesheet
app:build: 
app:build: [33m[1mDeprecation Warning[0m [[34mimport[0m]: Sass @import rules are deprecated and will be removed in Dart Sass 3.0.0.
app:build: 
app:build: More info and automated migrator: https://sass-lang.com/d/import
app:build: 
app:build: [34m  ‚ï∑[0m
app:build: [34m6 ‚îÇ[0m           @import [31m"@/styles/consts.scss"[0m;
app:build: [34m  ‚îÇ[0m [31m                  ^^^^^^^^^^^^^^^^^^^^^^[0m
app:build: [34m  ‚ïµ[0m
app:build:     src/components/Header/HeaderCard/HeaderCard.module.scss 6:19  root stylesheet
app:build: 
app:build: [33m[1mDeprecation Warning[0m [[34mlegacy-js-api[0m]: The legacy JS API is deprecated and will be removed in Dart Sass 2.0.0.
app:build: 
app:build: More info: https://sass-lang.com/d/legacy-js-api
app:build: 
app:build: [33m[1mDeprecation Warning[0m [[34mimport[0m]: Sass @import rules are deprecated and will be removed in Dart Sass 3.0.0.
app:build: 
app:build: More info and automated migrator: https://sass-lang.com/d/import
app:build: 
app:build: [34m  ‚ï∑[0m
app:build: [34m2 ‚îÇ[0m           @import [31m"@/styles/colors.scss"[0m;
app:build: [34m  ‚îÇ[0m [31m                  ^^^^^^^^^^^^^^^^^^^^^^[0m
app:build: [34m  ‚ïµ[0m
app:build:     src/pages/SchedulePage/popups/WorkshopConfirmPopup/WorkshopConfirmPopup.module.scss 2:19  root stylesheet
app:build: 
app:build: [33m[1mDeprecation Warning[0m [[34mimport[0m]: Sass @import rules are deprecated and will be removed in Dart Sass 3.0.0.
app:build: 
app:build: More info and automated migrator: https://sass-lang.com/d/import
app:build: 
app:build: [34m  ‚ï∑[0m
app:build: [34m3 ‚îÇ[0m           @import [31m"@/styles/fonts.scss"[0m;
app:build: [34m  ‚îÇ[0m [31m                  ^^^^^^^^^^^^^^^^^^^^^[0m
app:build: [34m  ‚ïµ[0m
app:build:     src/pages/SchedulePage/popups/WorkshopConfirmPopup/WorkshopConfirmPopup.module.scss 3:19  root stylesheet
app:build: 
app:build: [33m[1mDeprecation Warning[0m [[34mimport[0m]: Sass @import rules are deprecated and will be removed in Dart Sass 3.0.0.
app:build: 
app:build: More info and automated migrator: https://sass-lang.com/d/import
app:build: 
app:build: [34m  ‚ï∑[0m
app:build: [34m4 ‚îÇ[0m           @import [31m"@/styles/breakpoints.scss"[0m;
app:build: [34m  ‚îÇ[0m [31m                  ^^^^^^^^^^^^^^^^^^^^^^^^^^^[0m
app:build: [34m  ‚ïµ[0m
app:build:     src/pages/SchedulePage/popups/WorkshopConfirmPopup/WorkshopConfirmPopup.module.scss 4:19  root stylesheet
app:build: 
app:build: [33m[1mDeprecation Warning[0m [[34mimport[0m]: Sass @import rules are deprecated and will be removed in Dart Sass 3.0.0.
app:build: 
app:build: More info and automated migrator: https://sass-lang.com/d/import
app:build: 
app:build: [34m  ‚ï∑[0m
app:build: [34m5 ‚îÇ[0m           @import [31m"@/styles/mixins.scss"[0m;
app:build: [34m  ‚îÇ[0m [31m                  ^^^^^^^^^^^^^^^^^^^^^^[0m
app:build: [34m  ‚ïµ[0m
app:build:     src/pages/SchedulePage/popups/WorkshopConfirmPopup/WorkshopConfirmPopup.module.scss 5:19  root stylesheet
app:build: 
app:build: [33m[1mDeprecation Warning[0m [[34mimport[0m]: Sass @import rules are deprecated and will be removed in Dart Sass 3.0.0.
app:build: 
app:build: More info and automated migrator: https://sass-lang.com/d/import
app:build: 
app:build: [34m  ‚ï∑[0m
app:build: [34m6 ‚îÇ[0m           @import [31m"@/styles/consts.scss"[0m;
app:build: [34m  ‚îÇ[0m [31m                  ^^^^^^^^^^^^^^^^^^^^^^[0m
app:build: [34m  ‚ïµ[0m
app:build:     src/pages/SchedulePage/popups/WorkshopConfirmPopup/WorkshopConfirmPopup.module.scss 6:19  root stylesheet
app:build: 
app:build: [2K[1Gtransforming (685) [2m../../node_modules/axios/lib/helpers/buildURL.js[22m[33m[1mDeprecation Warning[0m [[34mlegacy-js-api[0m]: The legacy JS API is deprecated and will be removed in Dart Sass 2.0.0.
app:build: 
app:build: More info: https://sass-lang.com/d/legacy-js-api
app:build: 
app:build: [33m[1mDeprecation Warning[0m [[34mimport[0m]: Sass @import rules are deprecated and will be removed in Dart Sass 3.0.0.
app:build: 
app:build: More info and automated migrator: https://sass-lang.com/d/import
app:build: 
app:build: [34m  ‚ï∑[0m
app:build: [34m2 ‚îÇ[0m           @import [31m"@/styles/colors.scss"[0m;
app:build: [34m  ‚îÇ[0m [31m                  ^^^^^^^^^^^^^^^^^^^^^^[0m
app:build: [34m  ‚ïµ[0m
app:build:     src/pages/ShoppingPage/popups/CartPopup/CartPopup.module.scss 2:19  root stylesheet
app:build: 
app:build: [33m[1mDeprecation Warning[0m [[34mimport[0m]: Sass @import rules are deprecated and will be removed in Dart Sass 3.0.0.
app:build: 
app:build: More info and automated migrator: https://sass-lang.com/d/import
app:build: 
app:build: [34m  ‚ï∑[0m
app:build: [34m3 ‚îÇ[0m           @import [31m"@/styles/fonts.scss"[0m;
app:build: [34m  ‚îÇ[0m [31m                  ^^^^^^^^^^^^^^^^^^^^^[0m
app:build: [34m  ‚ïµ[0m
app:build:     src/pages/ShoppingPage/popups/CartPopup/CartPopup.module.scss 3:19  root stylesheet
app:build: 
app:build: [33m[1mDeprecation Warning[0m [[34mimport[0m]: Sass @import rules are deprecated and will be removed in Dart Sass 3.0.0.
app:build: 
app:build: More info and automated migrator: https://sass-lang.com/d/import
app:build: 
app:build: [34m  ‚ï∑[0m
app:build: [34m4 ‚îÇ[0m           @import [31m"@/styles/breakpoints.scss"[0m;
app:build: [34m  ‚îÇ[0m [31m                  ^^^^^^^^^^^^^^^^^^^^^^^^^^^[0m
app:build: [34m  ‚ïµ[0m
app:build:     src/pages/ShoppingPage/popups/CartPopup/CartPopup.module.scss 4:19  root stylesheet
app:build: 
app:build: [33m[1mDeprecation Warning[0m [[34mimport[0m]: Sass @import rules are deprecated and will be removed in Dart Sass 3.0.0.
app:build: 
app:build: More info and automated migrator: https://sass-lang.com/d/import
app:build: 
app:build: [34m  ‚ï∑[0m
app:build: [34m5 ‚îÇ[0m           @import [31m"@/styles/mixins.scss"[0m;
app:build: [34m  ‚îÇ[0m [31m                  ^^^^^^^^^^^^^^^^^^^^^^[0m
app:build: [34m  ‚ïµ[0m
app:build:     src/pages/ShoppingPage/popups/CartPopup/CartPopup.module.scss 5:19  root stylesheet
app:build: 
app:build: [33m[1mDeprecation Warning[0m [[34mimport[0m]: Sass @import rules are deprecated and will be removed in Dart Sass 3.0.0.
app:build: 
app:build: More info and automated migrator: https://sass-lang.com/d/import
app:build: 
app:build: [34m  ‚ï∑[0m
app:build: [34m6 ‚îÇ[0m           @import [31m"@/styles/consts.scss"[0m;
app:build: [34m  ‚îÇ[0m [31m                  ^^^^^^^^^^^^^^^^^^^^^^[0m
app:build: [34m  ‚ïµ[0m
app:build:     src/pages/ShoppingPage/popups/CartPopup/CartPopup.module.scss 6:19  root stylesheet
app:build: 
app:build: [2K[1Gtransforming (707) [2msrc/components/MessageToast/MessageToast.module.scss[22m[33m[1mDeprecation Warning[0m [[34mlegacy-js-api[0m]: The legacy JS API is deprecated and will be removed in Dart Sass 2.0.0.
app:build: 
app:build: More info: https://sass-lang.com/d/legacy-js-api
app:build: 
app:build: [33m[1mDeprecation Warning[0m [[34mimport[0m]: Sass @import rules are deprecated and will be removed in Dart Sass 3.0.0.
app:build: 
app:build: More info and automated migrator: https://sass-lang.com/d/import
app:build: 
app:build: [34m  ‚ï∑[0m
app:build: [34m2 ‚îÇ[0m           @import [31m"@/styles/colors.scss"[0m;
app:build: [34m  ‚îÇ[0m [31m                  ^^^^^^^^^^^^^^^^^^^^^^[0m
app:build: [34m  ‚ïµ[0m
app:build:     src/components/SearchBar/SearchBar.module.scss 2:19  root stylesheet
app:build: 
app:build: [33m[1mDeprecation Warning[0m [[34mimport[0m]: Sass @import rules are deprecated and will be removed in Dart Sass 3.0.0.
app:build: 
app:build: More info and automated migrator: https://sass-lang.com/d/import
app:build: 
app:build: [34m  ‚ï∑[0m
app:build: [34m3 ‚îÇ[0m           @import [31m"@/styles/fonts.scss"[0m;
app:build: [34m  ‚îÇ[0m [31m                  ^^^^^^^^^^^^^^^^^^^^^[0m
app:build: [34m  ‚ïµ[0m
app:build:     src/components/SearchBar/SearchBar.module.scss 3:19  root stylesheet
app:build: 
app:build: [33m[1mDeprecation Warning[0m [[34mimport[0m]: Sass @import rules are deprecated and will be removed in Dart Sass 3.0.0.
app:build: 
app:build: More info and automated migrator: https://sass-lang.com/d/import
app:build: 
app:build: [34m  ‚ï∑[0m
app:build: [34m4 ‚îÇ[0m           @import [31m"@/styles/breakpoints.scss"[0m;
app:build: [34m  ‚îÇ[0m [31m                  ^^^^^^^^^^^^^^^^^^^^^^^^^^^[0m
app:build: [34m  ‚ïµ[0m
app:build:     src/components/SearchBar/SearchBar.module.scss 4:19  root stylesheet
app:build: 
app:build: [33m[1mDeprecation Warning[0m [[34mimport[0m]: Sass @import rules are deprecated and will be removed in Dart Sass 3.0.0.
app:build: 
app:build: More info and automated migrator: https://sass-lang.com/d/import
app:build: 
app:build: [34m  ‚ï∑[0m
app:build: [34m5 ‚îÇ[0m           @import [31m"@/styles/mixins.scss"[0m;
app:build: [34m  ‚îÇ[0m [31m                  ^^^^^^^^^^^^^^^^^^^^^^[0m
app:build: [34m  ‚ïµ[0m
app:build:     src/components/SearchBar/SearchBar.module.scss 5:19  root stylesheet
app:build: 
app:build: [33m[1mDeprecation Warning[0m [[34mimport[0m]: Sass @import rules are deprecated and will be removed in Dart Sass 3.0.0.
app:build: 
app:build: More info and automated migrator: https://sass-lang.com/d/import
app:build: 
app:build: [34m  ‚ï∑[0m
app:build: [34m6 ‚îÇ[0m           @import [31m"@/styles/consts.scss"[0m;
app:build: [34m  ‚îÇ[0m [31m                  ^^^^^^^^^^^^^^^^^^^^^^[0m
app:build: [34m  ‚ïµ[0m
app:build:     src/components/SearchBar/SearchBar.module.scss 6:19  root stylesheet
app:build: 
app:build: [33m[1mDeprecation Warning[0m [[34mlegacy-js-api[0m]: The legacy JS API is deprecated and will be removed in Dart Sass 2.0.0.
app:build: 
app:build: More info: https://sass-lang.com/d/legacy-js-api
app:build: 
app:build: [33m[1mDeprecation Warning[0m [[34mimport[0m]: Sass @import rules are deprecated and will be removed in Dart Sass 3.0.0.
app:build: 
app:build: More info and automated migrator: https://sass-lang.com/d/import
app:build: 
app:build: [34m  ‚ï∑[0m
app:build: [34m2 ‚îÇ[0m           @import [31m"@/styles/colors.scss"[0m;
app:build: [34m  ‚îÇ[0m [31m                  ^^^^^^^^^^^^^^^^^^^^^^[0m
app:build: [34m  ‚ïµ[0m
app:build:     src/pages/Home/popups/DesktopNotificationsPopup/DesktopNotificationsPopup.module.scss 2:19  root stylesheet
app:build: 
app:build: [33m[1mDeprecation Warning[0m [[34mimport[0m]: Sass @import rules are deprecated and will be removed in Dart Sass 3.0.0.
app:build: 
app:build: More info and automated migrator: https://sass-lang.com/d/import
app:build: 
app:build: [34m  ‚ï∑[0m
app:build: [34m3 ‚îÇ[0m           @import [31m"@/styles/fonts.scss"[0m;
app:build: [34m  ‚îÇ[0m [31m                  ^^^^^^^^^^^^^^^^^^^^^[0m
app:build: [34m  ‚ïµ[0m
app:build:     src/pages/Home/popups/DesktopNotificationsPopup/DesktopNotificationsPopup.module.scss 3:19  root stylesheet
app:build: 
app:build: [33m[1mDeprecation Warning[0m [[34mimport[0m]: Sass @import rules are deprecated and will be removed in Dart Sass 3.0.0.
app:build: 
app:build: More info and automated migrator: https://sass-lang.com/d/import
app:build: 
app:build: [34m  ‚ï∑[0m
app:build: [34m4 ‚îÇ[0m           @import [31m"@/styles/breakpoints.scss"[0m;
app:build: [34m  ‚îÇ[0m [31m                  ^^^^^^^^^^^^^^^^^^^^^^^^^^^[0m
app:build: [34m  ‚ïµ[0m
app:build:     src/pages/Home/popups/DesktopNotificationsPopup/DesktopNotificationsPopup.module.scss 4:19  root stylesheet
app:build: 
app:build: [33m[1mDeprecation Warning[0m [[34mimport[0m]: Sass @import rules are deprecated and will be removed in Dart Sass 3.0.0.
app:build: 
app:build: More info and automated migrator: https://sass-lang.com/d/import
app:build: 
app:build: [34m  ‚ï∑[0m
app:build: [34m5 ‚îÇ[0m           @import [31m"@/styles/mixins.scss"[0m;
app:build: [34m  ‚îÇ[0m [31m                  ^^^^^^^^^^^^^^^^^^^^^^[0m
app:build: [34m  ‚ïµ[0m
app:build:     src/pages/Home/popups/DesktopNotificationsPopup/DesktopNotificationsPopup.module.scss 5:19  root stylesheet
app:build: 
app:build: [33m[1mDeprecation Warning[0m [[34mimport[0m]: Sass @import rules are deprecated and will be removed in Dart Sass 3.0.0.
app:build: 
app:build: More info and automated migrator: https://sass-lang.com/d/import
app:build: 
app:build: [34m  ‚ï∑[0m
app:build: [34m6 ‚îÇ[0m           @import [31m"@/styles/consts.scss"[0m;
app:build: [34m  ‚îÇ[0m [31m                  ^^^^^^^^^^^^^^^^^^^^^^[0m
app:build: [34m  ‚ïµ[0m
app:build:     src/pages/Home/popups/DesktopNotificationsPopup/DesktopNotificationsPopup.module.scss 6:19  root stylesheet
app:build: 
app:build: [33m[1mDeprecation Warning[0m [[34mlegacy-js-api[0m]: The legacy JS API is deprecated and will be removed in Dart Sass 2.0.0.
app:build: 
app:build: More info: https://sass-lang.com/d/legacy-js-api
app:build: 
app:build: [33m[1mDeprecation Warning[0m [[34mimport[0m]: Sass @import rules are deprecated and will be removed in Dart Sass 3.0.0.
app:build: 
app:build: More info and automated migrator: https://sass-lang.com/d/import
app:build: 
app:build: [34m  ‚ï∑[0m
app:build: [34m2 ‚îÇ[0m           @import [31m"@/styles/colors.scss"[0m;
app:build: [34m  ‚îÇ[0m [31m                  ^^^^^^^^^^^^^^^^^^^^^^[0m
app:build: [34m  ‚ïµ[0m
app:build:     src/components/Header/NotificationBell/NotificationBell.module.scss 2:19  root stylesheet
app:build: 
app:build: [33m[1mDeprecation Warning[0m [[34mimport[0m]: Sass @import rules are deprecated and will be removed in Dart Sass 3.0.0.
app:build: 
app:build: More info and automated migrator: https://sass-lang.com/d/import
app:build: 
app:build: [34m  ‚ï∑[0m
app:build: [34m3 ‚îÇ[0m           @import [31m"@/styles/fonts.scss"[0m;
app:build: [34m  ‚îÇ[0m [31m                  ^^^^^^^^^^^^^^^^^^^^^[0m
app:build: [34m  ‚ïµ[0m
app:build:     src/components/Header/NotificationBell/NotificationBell.module.scss 3:19  root stylesheet
app:build: 
app:build: [33m[1mDeprecation Warning[0m [[34mimport[0m]: Sass @import rules are deprecated and will be removed in Dart Sass 3.0.0.
app:build: 
app:build: More info and automated migrator: https://sass-lang.com/d/import
app:build: 
app:build: [34m  ‚ï∑[0m
app:build: [34m4 ‚îÇ[0m           @import [31m"@/styles/breakpoints.scss"[0m;
app:build: [34m  ‚îÇ[0m [31m                  ^^^^^^^^^^^^^^^^^^^^^^^^^^^[0m
app:build: [34m  ‚ïµ[0m
app:build:     src/components/Header/NotificationBell/NotificationBell.module.scss 4:19  root stylesheet
app:build: 
app:build: [33m[1mDeprecation Warning[0m [[34mimport[0m]: Sass @import rules are deprecated and will be removed in Dart Sass 3.0.0.
app:build: 
app:build: More info and automated migrator: https://sass-lang.com/d/import
app:build: 
app:build: [34m  ‚ï∑[0m
app:build: [34m5 ‚îÇ[0m           @import [31m"@/styles/mixins.scss"[0m;
app:build: [34m  ‚îÇ[0m [31m                  ^^^^^^^^^^^^^^^^^^^^^^[0m
app:build: [34m  ‚ïµ[0m
app:build:     src/components/Header/NotificationBell/NotificationBell.module.scss 5:19  root stylesheet
app:build: 
app:build: [33m[1mDeprecation Warning[0m [[34mimport[0m]: Sass @import rules are deprecated and will be removed in Dart Sass 3.0.0.
app:build: 
app:build: More info and automated migrator: https://sass-lang.com/d/import
app:build: 
app:build: [34m  ‚ï∑[0m
app:build: [34m6 ‚îÇ[0m           @import [31m"@/styles/consts.scss"[0m;
app:build: [34m  ‚îÇ[0m [31m                  ^^^^^^^^^^^^^^^^^^^^^^[0m
app:build: [34m  ‚ïµ[0m
app:build:     src/components/Header/NotificationBell/NotificationBell.module.scss 6:19  root stylesheet
app:build: 
app:build: [33m[1mDeprecation Warning[0m [[34mlegacy-js-api[0m]: The legacy JS API is deprecated and will be removed in Dart Sass 2.0.0.
app:build: 
app:build: More info: https://sass-lang.com/d/legacy-js-api
app:build: 
app:build: [33m[1mDeprecation Warning[0m [[34mimport[0m]: Sass @import rules are deprecated and will be removed in Dart Sass 3.0.0.
app:build: 
app:build: More info and automated migrator: https://sass-lang.com/d/import
app:build: 
app:build: [34m  ‚ï∑[0m
app:build: [34m2 ‚îÇ[0m           @import [31m"@/styles/colors.scss"[0m;
app:build: [34m  ‚îÇ[0m [31m                  ^^^^^^^^^^^^^^^^^^^^^^[0m
app:build: [34m  ‚ïµ[0m
app:build:     src/components/InterestProgressBar/InterestProgressBar.module.scss 2:19  root stylesheet
app:build: 
app:build: [33m[1mDeprecation Warning[0m [[34mimport[0m]: Sass @import rules are deprecated and will be removed in Dart Sass 3.0.0.
app:build: 
app:build: More info and automated migrator: https://sass-lang.com/d/import
app:build: 
app:build: [34m  ‚ï∑[0m
app:build: [34m3 ‚îÇ[0m           @import [31m"@/styles/fonts.scss"[0m;
app:build: [34m  ‚îÇ[0m [31m                  ^^^^^^^^^^^^^^^^^^^^^[0m
app:build: [34m  ‚ïµ[0m
app:build:     src/components/InterestProgressBar/InterestProgressBar.module.scss 3:19  root stylesheet
app:build: 
app:build: [33m[1mDeprecation Warning[0m [[34mimport[0m]: Sass @import rules are deprecated and will be removed in Dart Sass 3.0.0.
app:build: 
app:build: More info and automated migrator: https://sass-lang.com/d/import
app:build: 
app:build: [34m  ‚ï∑[0m
app:build: [34m4 ‚îÇ[0m           @import [31m"@/styles/breakpoints.scss"[0m;
app:build: [34m  ‚îÇ[0m [31m                  ^^^^^^^^^^^^^^^^^^^^^^^^^^^[0m
app:build: [34m  ‚ïµ[0m
app:build:     src/components/InterestProgressBar/InterestProgressBar.module.scss 4:19  root stylesheet
app:build: 
app:build: [33m[1mDeprecation Warning[0m [[34mimport[0m]: Sass @import rules are deprecated and will be removed in Dart Sass 3.0.0.
app:build: 
app:build: More info and automated migrator: https://sass-lang.com/d/import
app:build: 
app:build: [34m  ‚ï∑[0m
app:build: [34m5 ‚îÇ[0m           @import [31m"@/styles/mixins.scss"[0m;
app:build: [34m  ‚îÇ[0m [31m                  ^^^^^^^^^^^^^^^^^^^^^^[0m
app:build: [34m  ‚ïµ[0m
app:build:     src/components/InterestProgressBar/InterestProgressBar.module.scss 5:19  root stylesheet
app:build: 
app:build: [33m[1mDeprecation Warning[0m [[34mimport[0m]: Sass @import rules are deprecated and will be removed in Dart Sass 3.0.0.
app:build: 
app:build: More info and automated migrator: https://sass-lang.com/d/import
app:build: 
app:build: [34m  ‚ï∑[0m
app:build: [34m6 ‚îÇ[0m           @import [31m"@/styles/consts.scss"[0m;
app:build: [34m  ‚îÇ[0m [31m                  ^^^^^^^^^^^^^^^^^^^^^^[0m
app:build: [34m  ‚ïµ[0m
app:build:     src/components/InterestProgressBar/InterestProgressBar.module.scss 6:19  root stylesheet
app:build: 
app:build: [33m[1mDeprecation Warning[0m [[34mlegacy-js-api[0m]: The legacy JS API is deprecated and will be removed in Dart Sass 2.0.0.
app:build: 
app:build: More info: https://sass-lang.com/d/legacy-js-api
app:build: 
app:build: [33m[1mDeprecation Warning[0m [[34mimport[0m]: Sass @import rules are deprecated and will be removed in Dart Sass 3.0.0.
app:build: 
app:build: More info and automated migrator: https://sass-lang.com/d/import
app:build: 
app:build: [34m  ‚ï∑[0m
app:build: [34m2 ‚îÇ[0m           @import [31m"@/styles/colors.scss"[0m;
app:build: [34m  ‚îÇ[0m [31m                  ^^^^^^^^^^^^^^^^^^^^^^[0m
app:build: [34m  ‚ïµ[0m
app:build:     src/components/JobOfferButton/JobOfferButton.module.scss 2:19  root stylesheet
app:build: 
app:build: [33m[1mDeprecation Warning[0m [[34mimport[0m]: Sass @import rules are deprecated and will be removed in Dart Sass 3.0.0.
app:build: 
app:build: More info and automated migrator: https://sass-lang.com/d/import
app:build: 
app:build: [34m  ‚ï∑[0m
app:build: [34m3 ‚îÇ[0m           @import [31m"@/styles/fonts.scss"[0m;
app:build: [34m  ‚îÇ[0m [31m                  ^^^^^^^^^^^^^^^^^^^^^[0m
app:build: [34m  ‚ïµ[0m
app:build:     src/components/JobOfferButton/JobOfferButton.module.scss 3:19  root stylesheet
app:build: 
app:build: [33m[1mDeprecation Warning[0m [[34mimport[0m]: Sass @import rules are deprecated and will be removed in Dart Sass 3.0.0.
app:build: 
app:build: More info and automated migrator: https://sass-lang.com/d/import
app:build: 
app:build: [34m  ‚ï∑[0m
app:build: [34m4 ‚îÇ[0m           @import [31m"@/styles/breakpoints.scss"[0m;
app:build: [34m  ‚îÇ[0m [31m                  ^^^^^^^^^^^^^^^^^^^^^^^^^^^[0m
app:build: [34m  ‚ïµ[0m
app:build:     src/components/JobOfferButton/JobOfferButton.module.scss 4:19  root stylesheet
app:build: 
app:build: [33m[1mDeprecation Warning[0m [[34mimport[0m]: Sass @import rules are deprecated and will be removed in Dart Sass 3.0.0.
app:build: 
app:build: More info and automated migrator: https://sass-lang.com/d/import
app:build: 
app:build: [34m  ‚ï∑[0m
app:build: [34m5 ‚îÇ[0m           @import [31m"@/styles/mixins.scss"[0m;
app:build: [34m  ‚îÇ[0m [31m                  ^^^^^^^^^^^^^^^^^^^^^^[0m
app:build: [34m  ‚ïµ[0m
app:build:     src/components/JobOfferButton/JobOfferButton.module.scss 5:19  root stylesheet
app:build: 
app:build: [33m[1mDeprecation Warning[0m [[34mimport[0m]: Sass @import rules are deprecated and will be removed in Dart Sass 3.0.0.
app:build: 
app:build: More info and automated migrator: https://sass-lang.com/d/import
app:build: 
app:build: [34m  ‚ï∑[0m
app:build: [34m6 ‚îÇ[0m           @import [31m"@/styles/consts.scss"[0m;
app:build: [34m  ‚îÇ[0m [31m                  ^^^^^^^^^^^^^^^^^^^^^^[0m
app:build: [34m  ‚ïµ[0m
app:build:     src/components/JobOfferButton/JobOfferButton.module.scss 6:19  root stylesheet
app:build: 
app:build: [33m[1mDeprecation Warning[0m [[34mlegacy-js-api[0m]: The legacy JS API is deprecated and will be removed in Dart Sass 2.0.0.
app:build: 
app:build: More info: https://sass-lang.com/d/legacy-js-api
app:build: 
app:build: [33m[1mDeprecation Warning[0m [[34mimport[0m]: Sass @import rules are deprecated and will be removed in Dart Sass 3.0.0.
app:build: 
app:build: More info and automated migrator: https://sass-lang.com/d/import
app:build: 
app:build: [34m  ‚ï∑[0m
app:build: [34m2 ‚îÇ[0m           @import [31m"@/styles/colors.scss"[0m;
app:build: [34m  ‚îÇ[0m [31m                  ^^^^^^^^^^^^^^^^^^^^^^[0m
app:build: [34m  ‚ïµ[0m
app:build:     src/components/TopCompany/TopCompany.module.scss 2:19  root stylesheet
app:build: 
app:build: [33m[1mDeprecation Warning[0m [[34mimport[0m]: Sass @import rules are deprecated and will be removed in Dart Sass 3.0.0.
app:build: 
app:build: More info and automated migrator: https://sass-lang.com/d/import
app:build: 
app:build: [34m  ‚ï∑[0m
app:build: [34m3 ‚îÇ[0m           @import [31m"@/styles/fonts.scss"[0m;
app:build: [34m  ‚îÇ[0m [31m                  ^^^^^^^^^^^^^^^^^^^^^[0m
app:build: [34m  ‚ïµ[0m
app:build:     src/components/TopCompany/TopCompany.module.scss 3:19  root stylesheet
app:build: 
app:build: [33m[1mDeprecation Warning[0m [[34mimport[0m]: Sass @import rules are deprecated and will be removed in Dart Sass 3.0.0.
app:build: 
app:build: More info and automated migrator: https://sass-lang.com/d/import
app:build: 
app:build: [34m  ‚ï∑[0m
app:build: [34m4 ‚îÇ[0m           @import [31m"@/styles/breakpoints.scss"[0m;
app:build: [34m  ‚îÇ[0m [31m                  ^^^^^^^^^^^^^^^^^^^^^^^^^^^[0m
app:build: [34m  ‚ïµ[0m
app:build:     src/components/TopCompany/TopCompany.module.scss 4:19  root stylesheet
app:build: 
app:build: [33m[1mDeprecation Warning[0m [[34mimport[0m]: Sass @import rules are deprecated and will be removed in Dart Sass 3.0.0.
app:build: 
app:build: More info and automated migrator: https://sass-lang.com/d/import
app:build: 
app:build: [34m  ‚ï∑[0m
app:build: [34m5 ‚îÇ[0m           @import [31m"@/styles/mixins.scss"[0m;
app:build: [34m  ‚îÇ[0m [31m                  ^^^^^^^^^^^^^^^^^^^^^^[0m
app:build: [34m  ‚ïµ[0m
app:build:     src/components/TopCompany/TopCompany.module.scss 5:19  root stylesheet
app:build: 
app:build: [33m[1mDeprecation Warning[0m [[34mimport[0m]: Sass @import rules are deprecated and will be removed in Dart Sass 3.0.0.
app:build: 
app:build: More info and automated migrator: https://sass-lang.com/d/import
app:build: 
app:build: [34m  ‚ï∑[0m
app:build: [34m6 ‚îÇ[0m           @import [31m"@/styles/consts.scss"[0m;
app:build: [34m  ‚îÇ[0m [31m                  ^^^^^^^^^^^^^^^^^^^^^^[0m
app:build: [34m  ‚ïµ[0m
app:build:     src/components/TopCompany/TopCompany.module.scss 6:19  root stylesheet
app:build: 
app:build: [33m[1mDeprecation Warning[0m [[34mlegacy-js-api[0m]: The legacy JS API is deprecated and will be removed in Dart Sass 2.0.0.
app:build: 
app:build: More info: https://sass-lang.com/d/legacy-js-api
app:build: 
app:build: [33m[1mDeprecation Warning[0m [[34mimport[0m]: Sass @import rules are deprecated and will be removed in Dart Sass 3.0.0.
app:build: 
app:build: More info and automated migrator: https://sass-lang.com/d/import
app:build: 
app:build: [34m  ‚ï∑[0m
app:build: [34m2 ‚îÇ[0m           @import [31m"@/styles/colors.scss"[0m;
app:build: [34m  ‚îÇ[0m [31m                  ^^^^^^^^^^^^^^^^^^^^^^[0m
app:build: [34m  ‚ïµ[0m
app:build:     src/components/ImageWrapper/ImageWrapper.module.scss 2:19  root stylesheet
app:build: 
app:build: [33m[1mDeprecation Warning[0m [[34mimport[0m]: Sass @import rules are deprecated and will be removed in Dart Sass 3.0.0.
app:build: 
app:build: More info and automated migrator: https://sass-lang.com/d/import
app:build: 
app:build: [34m  ‚ï∑[0m
app:build: [34m3 ‚îÇ[0m           @import [31m"@/styles/fonts.scss"[0m;
app:build: [34m  ‚îÇ[0m [31m                  ^^^^^^^^^^^^^^^^^^^^^[0m
app:build: [34m  ‚ïµ[0m
app:build:     src/components/ImageWrapper/ImageWrapper.module.scss 3:19  root stylesheet
app:build: 
app:build: [33m[1mDeprecation Warning[0m [[34mimport[0m]: Sass @import rules are deprecated and will be removed in Dart Sass 3.0.0.
app:build: 
app:build: More info and automated migrator: https://sass-lang.com/d/import
app:build: 
app:build: [34m  ‚ï∑[0m
app:build: [34m4 ‚îÇ[0m           @import [31m"@/styles/breakpoints.scss"[0m;
app:build: [34m  ‚îÇ[0m [31m                  ^^^^^^^^^^^^^^^^^^^^^^^^^^^[0m
app:build: [34m  ‚ïµ[0m
app:build:     src/components/ImageWrapper/ImageWrapper.module.scss 4:19  root stylesheet
app:build: 
app:build: [33m[1mDeprecation Warning[0m [[34mimport[0m]: Sass @import rules are deprecated and will be removed in Dart Sass 3.0.0.
app:build: 
app:build: More info and automated migrator: https://sass-lang.com/d/import
app:build: 
app:build: [34m  ‚ï∑[0m
app:build: [34m5 ‚îÇ[0m           @import [31m"@/styles/mixins.scss"[0m;
app:build: [34m  ‚îÇ[0m [31m                  ^^^^^^^^^^^^^^^^^^^^^^[0m
app:build: [34m  ‚ïµ[0m
app:build:     src/components/ImageWrapper/ImageWrapper.module.scss 5:19  root stylesheet
app:build: 
app:build: [33m[1mDeprecation Warning[0m [[34mimport[0m]: Sass @import rules are deprecated and will be removed in Dart Sass 3.0.0.
app:build: 
app:build: More info and automated migrator: https://sass-lang.com/d/import
app:build: 
app:build: [34m  ‚ï∑[0m
app:build: [34m6 ‚îÇ[0m           @import [31m"@/styles/consts.scss"[0m;
app:build: [34m  ‚îÇ[0m [31m                  ^^^^^^^^^^^^^^^^^^^^^^[0m
app:build: [34m  ‚ïµ[0m
app:build:     src/components/ImageWrapper/ImageWrapper.module.scss 6:19  root stylesheet
app:build: 
app:build: [33m[1mDeprecation Warning[0m [[34mlegacy-js-api[0m]: The legacy JS API is deprecated and will be removed in Dart Sass 2.0.0.
app:build: 
app:build: More info: https://sass-lang.com/d/legacy-js-api
app:build: 
app:build: [33m[1mDeprecation Warning[0m [[34mimport[0m]: Sass @import rules are deprecated and will be removed in Dart Sass 3.0.0.
app:build: 
app:build: More info and automated migrator: https://sass-lang.com/d/import
app:build: 
app:build: [34m  ‚ï∑[0m
app:build: [34m2 ‚îÇ[0m           @import [31m"@/styles/colors.scss"[0m;
app:build: [34m  ‚îÇ[0m [31m                  ^^^^^^^^^^^^^^^^^^^^^^[0m
app:build: [34m  ‚ïµ[0m
app:build:     src/components/Header/HeaderCardsWrapper/HeaderCardsWrapper.module.scss 2:19  root stylesheet
app:build: 
app:build: [33m[1mDeprecation Warning[0m [[34mimport[0m]: Sass @import rules are deprecated and will be removed in Dart Sass 3.0.0.
app:build: 
app:build: More info and automated migrator: https://sass-lang.com/d/import
app:build: 
app:build: [34m  ‚ï∑[0m
app:build: [34m3 ‚îÇ[0m           @import [31m"@/styles/fonts.scss"[0m;
app:build: [34m  ‚îÇ[0m [31m                  ^^^^^^^^^^^^^^^^^^^^^[0m
app:build: [34m  ‚ïµ[0m
app:build:     src/components/Header/HeaderCardsWrapper/HeaderCardsWrapper.module.scss 3:19  root stylesheet
app:build: 
app:build: [33m[1mDeprecation Warning[0m [[34mimport[0m]: Sass @import rules are deprecated and will be removed in Dart Sass 3.0.0.
app:build: 
app:build: More info and automated migrator: https://sass-lang.com/d/import
app:build: 
app:build: [34m  ‚ï∑[0m
app:build: [34m4 ‚îÇ[0m           @import [31m"@/styles/breakpoints.scss"[0m;
app:build: [34m  ‚îÇ[0m [31m                  ^^^^^^^^^^^^^^^^^^^^^^^^^^^[0m
app:build: [34m  ‚ïµ[0m
app:build:     src/components/Header/HeaderCardsWrapper/HeaderCardsWrapper.module.scss 4:19  root stylesheet
app:build: 
app:build: [33m[1mDeprecation Warning[0m [[34mimport[0m]: Sass @import rules are deprecated and will be removed in Dart Sass 3.0.0.
app:build: 
app:build: More info and automated migrator: https://sass-lang.com/d/import
app:build: 
app:build: [34m  ‚ï∑[0m
app:build: [34m5 ‚îÇ[0m           @import [31m"@/styles/mixins.scss"[0m;
app:build: [34m  ‚îÇ[0m [31m                  ^^^^^^^^^^^^^^^^^^^^^^[0m
app:build: [34m  ‚ïµ[0m
app:build:     src/components/Header/HeaderCardsWrapper/HeaderCardsWrapper.module.scss 5:19  root stylesheet
app:build: 
app:build: [33m[1mDeprecation Warning[0m [[34mimport[0m]: Sass @import rules are deprecated and will be removed in Dart Sass 3.0.0.
app:build: 
app:build: More info and automated migrator: https://sass-lang.com/d/import
app:build: 
app:build: [34m  ‚ï∑[0m
app:build: [34m6 ‚îÇ[0m           @import [31m"@/styles/consts.scss"[0m;
app:build: [34m  ‚îÇ[0m [31m                  ^^^^^^^^^^^^^^^^^^^^^^[0m
app:build: [34m  ‚ïµ[0m
app:build:     src/components/Header/HeaderCardsWrapper/HeaderCardsWrapper.module.scss 6:19  root stylesheet
app:build: 
app:build: [33m[1mDeprecation Warning[0m [[34mlegacy-js-api[0m]: The legacy JS API is deprecated and will be removed in Dart Sass 2.0.0.
app:build: 
app:build: More info: https://sass-lang.com/d/legacy-js-api
app:build: 
app:build: [33m[1mDeprecation Warning[0m [[34mimport[0m]: Sass @import rules are deprecated and will be removed in Dart Sass 3.0.0.
app:build: 
app:build: More info and automated migrator: https://sass-lang.com/d/import
app:build: 
app:build: [34m  ‚ï∑[0m
app:build: [34m2 ‚îÇ[0m           @import [31m"@/styles/colors.scss"[0m;
app:build: [34m  ‚îÇ[0m [31m                  ^^^^^^^^^^^^^^^^^^^^^^[0m
app:build: [34m  ‚ïµ[0m
app:build:     src/components/Dropdown/Dropdown.module.scss 2:19  root stylesheet
app:build: 
app:build: [33m[1mDeprecation Warning[0m [[34mimport[0m]: Sass @import rules are deprecated and will be removed in Dart Sass 3.0.0.
app:build: 
app:build: More info and automated migrator: https://sass-lang.com/d/import
app:build: 
app:build: [34m  ‚ï∑[0m
app:build: [34m3 ‚îÇ[0m           @import [31m"@/styles/fonts.scss"[0m;
app:build: [34m  ‚îÇ[0m [31m                  ^^^^^^^^^^^^^^^^^^^^^[0m
app:build: [34m  ‚ïµ[0m
app:build:     src/components/Dropdown/Dropdown.module.scss 3:19  root stylesheet
app:build: 
app:build: [33m[1mDeprecation Warning[0m [[34mimport[0m]: Sass @import rules are deprecated and will be removed in Dart Sass 3.0.0.
app:build: 
app:build: More info and automated migrator: https://sass-lang.com/d/import
app:build: 
app:build: [34m  ‚ï∑[0m
app:build: [34m4 ‚îÇ[0m           @import [31m"@/styles/breakpoints.scss"[0m;
app:build: [34m  ‚îÇ[0m [31m                  ^^^^^^^^^^^^^^^^^^^^^^^^^^^[0m
app:build: [34m  ‚ïµ[0m
app:build:     src/components/Dropdown/Dropdown.module.scss 4:19  root stylesheet
app:build: 
app:build: [33m[1mDeprecation Warning[0m [[34mimport[0m]: Sass @import rules are deprecated and will be removed in Dart Sass 3.0.0.
app:build: 
app:build: More info and automated migrator: https://sass-lang.com/d/import
app:build: 
app:build: [34m  ‚ï∑[0m
app:build: [34m5 ‚îÇ[0m           @import [31m"@/styles/mixins.scss"[0m;
app:build: [34m  ‚îÇ[0m [31m                  ^^^^^^^^^^^^^^^^^^^^^^[0m
app:build: [34m  ‚ïµ[0m
app:build:     src/components/Dropdown/Dropdown.module.scss 5:19  root stylesheet
app:build: 
app:build: [33m[1mDeprecation Warning[0m [[34mimport[0m]: Sass @import rules are deprecated and will be removed in Dart Sass 3.0.0.
app:build: 
app:build: More info and automated migrator: https://sass-lang.com/d/import
app:build: 
app:build: [34m  ‚ï∑[0m
app:build: [34m6 ‚îÇ[0m           @import [31m"@/styles/consts.scss"[0m;
app:build: [34m  ‚îÇ[0m [31m                  ^^^^^^^^^^^^^^^^^^^^^^[0m
app:build: [34m  ‚ïµ[0m
app:build:     src/components/Dropdown/Dropdown.module.scss 6:19  root stylesheet
app:build: 
app:build: [33m[1mDeprecation Warning[0m [[34mlegacy-js-api[0m]: The legacy JS API is deprecated and will be removed in Dart Sass 2.0.0.
app:build: 
app:build: More info: https://sass-lang.com/d/legacy-js-api
app:build: 
app:build: [33m[1mDeprecation Warning[0m [[34mimport[0m]: Sass @import rules are deprecated and will be removed in Dart Sass 3.0.0.
app:build: 
app:build: More info and automated migrator: https://sass-lang.com/d/import
app:build: 
app:build: [34m  ‚ï∑[0m
app:build: [34m2 ‚îÇ[0m           @import [31m"@/styles/colors.scss"[0m;
app:build: [34m  ‚îÇ[0m [31m                  ^^^^^^^^^^^^^^^^^^^^^^[0m
app:build: [34m  ‚ïµ[0m
app:build:     src/components/StarRating/StarRating.module.scss 2:19  root stylesheet
app:build: 
app:build: [33m[1mDeprecation Warning[0m [[34mimport[0m]: Sass @import rules are deprecated and will be removed in Dart Sass 3.0.0.
app:build: 
app:build: More info and automated migrator: https://sass-lang.com/d/import
app:build: 
app:build: [34m  ‚ï∑[0m
app:build: [34m3 ‚îÇ[0m           @import [31m"@/styles/fonts.scss"[0m;
app:build: [34m  ‚îÇ[0m [31m                  ^^^^^^^^^^^^^^^^^^^^^[0m
app:build: [34m  ‚ïµ[0m
app:build:     src/components/StarRating/StarRating.module.scss 3:19  root stylesheet
app:build: 
app:build: [33m[1mDeprecation Warning[0m [[34mimport[0m]: Sass @import rules are deprecated and will be removed in Dart Sass 3.0.0.
app:build: 
app:build: More info and automated migrator: https://sass-lang.com/d/import
app:build: 
app:build: [34m  ‚ï∑[0m
app:build: [34m4 ‚îÇ[0m           @import [31m"@/styles/breakpoints.scss"[0m;
app:build: [34m  ‚îÇ[0m [31m                  ^^^^^^^^^^^^^^^^^^^^^^^^^^^[0m
app:build: [34m  ‚ïµ[0m
app:build:     src/components/StarRating/StarRating.module.scss 4:19  root stylesheet
app:build: 
app:build: [33m[1mDeprecation Warning[0m [[34mimport[0m]: Sass @import rules are deprecated and will be removed in Dart Sass 3.0.0.
app:build: 
app:build: More info and automated migrator: https://sass-lang.com/d/import
app:build: 
app:build: [34m  ‚ï∑[0m
app:build: [34m5 ‚îÇ[0m           @import [31m"@/styles/mixins.scss"[0m;
app:build: [34m  ‚îÇ[0m [31m                  ^^^^^^^^^^^^^^^^^^^^^^[0m
app:build: [34m  ‚ïµ[0m
app:build:     src/components/StarRating/StarRating.module.scss 5:19  root stylesheet
app:build: 
app:build: [33m[1mDeprecation Warning[0m [[34mimport[0m]: Sass @import rules are deprecated and will be removed in Dart Sass 3.0.0.
app:build: 
app:build: More info and automated migrator: https://sass-lang.com/d/import
app:build: 
app:build: [34m  ‚ï∑[0m
app:build: [34m6 ‚îÇ[0m           @import [31m"@/styles/consts.scss"[0m;
app:build: [34m  ‚îÇ[0m [31m                  ^^^^^^^^^^^^^^^^^^^^^^[0m
app:build: [34m  ‚ïµ[0m
app:build:     src/components/StarRating/StarRating.module.scss 6:19  root stylesheet
app:build: 
app:build: [33m[1mDeprecation Warning[0m [[34mlegacy-js-api[0m]: The legacy JS API is deprecated and will be removed in Dart Sass 2.0.0.
app:build: 
app:build: More info: https://sass-lang.com/d/legacy-js-api
app:build: 
app:build: [33m[1mDeprecation Warning[0m [[34mimport[0m]: Sass @import rules are deprecated and will be removed in Dart Sass 3.0.0.
app:build: 
app:build: More info and automated migrator: https://sass-lang.com/d/import
app:build: 
app:build: [34m  ‚ï∑[0m
app:build: [34m2 ‚îÇ[0m           @import [31m"@/styles/colors.scss"[0m;
app:build: [34m  ‚îÇ[0m [31m                  ^^^^^^^^^^^^^^^^^^^^^^[0m
app:build: [34m  ‚ïµ[0m
app:build:     src/components/FlyTalksGroup/FlyTalksGroup.module.scss 2:19  root stylesheet
app:build: 
app:build: [33m[1mDeprecation Warning[0m [[34mimport[0m]: Sass @import rules are deprecated and will be removed in Dart Sass 3.0.0.
app:build: 
app:build: More info and automated migrator: https://sass-lang.com/d/import
app:build: 
app:build: [34m  ‚ï∑[0m
app:build: [34m3 ‚îÇ[0m           @import [31m"@/styles/fonts.scss"[0m;
app:build: [34m  ‚îÇ[0m [31m                  ^^^^^^^^^^^^^^^^^^^^^[0m
app:build: [34m  ‚ïµ[0m
app:build:     src/components/FlyTalksGroup/FlyTalksGroup.module.scss 3:19  root stylesheet
app:build: 
app:build: [33m[1mDeprecation Warning[0m [[34mimport[0m]: Sass @import rules are deprecated and will be removed in Dart Sass 3.0.0.
app:build: 
app:build: More info and automated migrator: https://sass-lang.com/d/import
app:build: 
app:build: [34m  ‚ï∑[0m
app:build: [34m4 ‚îÇ[0m           @import [31m"@/styles/breakpoints.scss"[0m;
app:build: [34m  ‚îÇ[0m [31m                  ^^^^^^^^^^^^^^^^^^^^^^^^^^^[0m
app:build: [34m  ‚ïµ[0m
app:build:     src/components/FlyTalksGroup/FlyTalksGroup.module.scss 4:19  root stylesheet
app:build: 
app:build: [33m[1mDeprecation Warning[0m [[34mimport[0m]: Sass @import rules are deprecated and will be removed in Dart Sass 3.0.0.
app:build: 
app:build: More info and automated migrator: https://sass-lang.com/d/import
app:build: 
app:build: [34m  ‚ï∑[0m
app:build: [34m5 ‚îÇ[0m           @import [31m"@/styles/mixins.scss"[0m;
app:build: [34m  ‚îÇ[0m [31m                  ^^^^^^^^^^^^^^^^^^^^^^[0m
app:build: [34m  ‚ïµ[0m
app:build:     src/components/FlyTalksGroup/FlyTalksGroup.module.scss 5:19  root stylesheet
app:build: 
app:build: [33m[1mDeprecation Warning[0m [[34mimport[0m]: Sass @import rules are deprecated and will be removed in Dart Sass 3.0.0.
app:build: 
app:build: More info and automated migrator: https://sass-lang.com/d/import
app:build: 
app:build: [34m  ‚ï∑[0m
app:build: [34m6 ‚îÇ[0m           @import [31m"@/styles/consts.scss"[0m;
app:build: [34m  ‚îÇ[0m [31m                  ^^^^^^^^^^^^^^^^^^^^^^[0m
app:build: [34m  ‚ïµ[0m
app:build:     src/components/FlyTalksGroup/FlyTalksGroup.module.scss 6:19  root stylesheet
app:build: 
app:build: [2K[1Gtransforming (758) [2m../../node_modules/validator/lib/isAscii.js[22m[33m[1mDeprecation Warning[0m [[34mlegacy-js-api[0m]: The legacy JS API is deprecated and will be removed in Dart Sass 2.0.0.
app:build: 
app:build: More info: https://sass-lang.com/d/legacy-js-api
app:build: 
app:build: [33m[1mDeprecation Warning[0m [[34mimport[0m]: Sass @import rules are deprecated and will be removed in Dart Sass 3.0.0.
app:build: 
app:build: More info and automated migrator: https://sass-lang.com/d/import
app:build: 
app:build: [34m  ‚ï∑[0m
app:build: [34m2 ‚îÇ[0m           @import [31m"@/styles/colors.scss"[0m;
app:build: [34m  ‚îÇ[0m [31m                  ^^^^^^^^^^^^^^^^^^^^^^[0m
app:build: [34m  ‚ïµ[0m
app:build:     src/components/NavigateHomeButton/NavigateHomeButton.module.scss 2:19  root stylesheet
app:build: 
app:build: [33m[1mDeprecation Warning[0m [[34mimport[0m]: Sass @import rules are deprecated and will be removed in Dart Sass 3.0.0.
app:build: 
app:build: More info and automated migrator: https://sass-lang.com/d/import
app:build: 
app:build: [34m  ‚ï∑[0m
app:build: [34m3 ‚îÇ[0m           @import [31m"@/styles/fonts.scss"[0m;
app:build: [34m  ‚îÇ[0m [31m                  ^^^^^^^^^^^^^^^^^^^^^[0m
app:build: [34m  ‚ïµ[0m
app:build:     src/components/NavigateHomeButton/NavigateHomeButton.module.scss 3:19  root stylesheet
app:build: 
app:build: [33m[1mDeprecation Warning[0m [[34mimport[0m]: Sass @import rules are deprecated and will be removed in Dart Sass 3.0.0.
app:build: 
app:build: More info and automated migrator: https://sass-lang.com/d/import
app:build: 
app:build: [34m  ‚ï∑[0m
app:build: [34m4 ‚îÇ[0m           @import [31m"@/styles/breakpoints.scss"[0m;
app:build: [34m  ‚îÇ[0m [31m                  ^^^^^^^^^^^^^^^^^^^^^^^^^^^[0m
app:build: [34m  ‚ïµ[0m
app:build:     src/components/NavigateHomeButton/NavigateHomeButton.module.scss 4:19  root stylesheet
app:build: 
app:build: [33m[1mDeprecation Warning[0m [[34mimport[0m]: Sass @import rules are deprecated and will be removed in Dart Sass 3.0.0.
app:build: 
app:build: More info and automated migrator: https://sass-lang.com/d/import
app:build: 
app:build: [34m  ‚ï∑[0m
app:build: [34m5 ‚îÇ[0m           @import [31m"@/styles/mixins.scss"[0m;
app:build: [34m  ‚îÇ[0m [31m                  ^^^^^^^^^^^^^^^^^^^^^^[0m
app:build: [34m  ‚ïµ[0m
app:build:     src/components/NavigateHomeButton/NavigateHomeButton.module.scss 5:19  root stylesheet
app:build: 
app:build: [33m[1mDeprecation Warning[0m [[34mimport[0m]: Sass @import rules are deprecated and will be removed in Dart Sass 3.0.0.
app:build: 
app:build: More info and automated migrator: https://sass-lang.com/d/import
app:build: 
app:build: [34m  ‚ï∑[0m
app:build: [34m6 ‚îÇ[0m           @import [31m"@/styles/consts.scss"[0m;
app:build: [34m  ‚îÇ[0m [31m                  ^^^^^^^^^^^^^^^^^^^^^^[0m
app:build: [34m  ‚ïµ[0m
app:build:     src/components/NavigateHomeButton/NavigateHomeButton.module.scss 6:19  root stylesheet
app:build: 
app:build: [33m[1mDeprecation Warning[0m [[34mlegacy-js-api[0m]: The legacy JS API is deprecated and will be removed in Dart Sass 2.0.0.
app:build: 
app:build: More info: https://sass-lang.com/d/legacy-js-api
app:build: 
app:build: [33m[1mDeprecation Warning[0m [[34mimport[0m]: Sass @import rules are deprecated and will be removed in Dart Sass 3.0.0.
app:build: 
app:build: More info and automated migrator: https://sass-lang.com/d/import
app:build: 
app:build: [34m  ‚ï∑[0m
app:build: [34m2 ‚îÇ[0m           @import [31m"@/styles/colors.scss"[0m;
app:build: [34m  ‚îÇ[0m [31m                  ^^^^^^^^^^^^^^^^^^^^^^[0m
app:build: [34m  ‚ïµ[0m
app:build:     src/components/ErrorMessage/ErrorMessage.module.scss 2:19  root stylesheet
app:build: 
app:build: [33m[1mDeprecation Warning[0m [[34mimport[0m]: Sass @import rules are deprecated and will be removed in Dart Sass 3.0.0.
app:build: 
app:build: More info and automated migrator: https://sass-lang.com/d/import
app:build: 
app:build: [34m  ‚ï∑[0m
app:build: [34m3 ‚îÇ[0m           @import [31m"@/styles/fonts.scss"[0m;
app:build: [34m  ‚îÇ[0m [31m                  ^^^^^^^^^^^^^^^^^^^^^[0m
app:build: [34m  ‚ïµ[0m
app:build:     src/components/ErrorMessage/ErrorMessage.module.scss 3:19  root stylesheet
app:build: 
app:build: [33m[1mDeprecation Warning[0m [[34mimport[0m]: Sass @import rules are deprecated and will be removed in Dart Sass 3.0.0.
app:build: 
app:build: More info and automated migrator: https://sass-lang.com/d/import
app:build: 
app:build: [34m  ‚ï∑[0m
app:build: [34m4 ‚îÇ[0m           @import [31m"@/styles/breakpoints.scss"[0m;
app:build: [34m  ‚îÇ[0m [31m                  ^^^^^^^^^^^^^^^^^^^^^^^^^^^[0m
app:build: [34m  ‚ïµ[0m
app:build:     src/components/ErrorMessage/ErrorMessage.module.scss 4:19  root stylesheet
app:build: 
app:build: [33m[1mDeprecation Warning[0m [[34mimport[0m]: Sass @import rules are deprecated and will be removed in Dart Sass 3.0.0.
app:build: 
app:build: More info and automated migrator: https://sass-lang.com/d/import
app:build: 
app:build: [34m  ‚ï∑[0m
app:build: [34m5 ‚îÇ[0m           @import [31m"@/styles/mixins.scss"[0m;
app:build: [34m  ‚îÇ[0m [31m                  ^^^^^^^^^^^^^^^^^^^^^^[0m
app:build: [34m  ‚ïµ[0m
app:build:     src/components/ErrorMessage/ErrorMessage.module.scss 5:19  root stylesheet
app:build: 
app:build: [33m[1mDeprecation Warning[0m [[34mimport[0m]: Sass @import rules are deprecated and will be removed in Dart Sass 3.0.0.
app:build: 
app:build: More info and automated migrator: https://sass-lang.com/d/import
app:build: 
app:build: [34m  ‚ï∑[0m
app:build: [34m6 ‚îÇ[0m           @import [31m"@/styles/consts.scss"[0m;
app:build: [34m  ‚îÇ[0m [31m                  ^^^^^^^^^^^^^^^^^^^^^^[0m
app:build: [34m  ‚ïµ[0m
app:build:     src/components/ErrorMessage/ErrorMessage.module.scss 6:19  root stylesheet
app:build: 
app:build: [33m[1mDeprecation Warning[0m [[34mlegacy-js-api[0m]: The legacy JS API is deprecated and will be removed in Dart Sass 2.0.0.
app:build: 
app:build: More info: https://sass-lang.com/d/legacy-js-api
app:build: 
app:build: [33m[1mDeprecation Warning[0m [[34mimport[0m]: Sass @import rules are deprecated and will be removed in Dart Sass 3.0.0.
app:build: 
app:build: More info and automated migrator: https://sass-lang.com/d/import
app:build: 
app:build: [34m  ‚ï∑[0m
app:build: [34m2 ‚îÇ[0m           @import [31m"@/styles/colors.scss"[0m;
app:build: [34m  ‚îÇ[0m [31m                  ^^^^^^^^^^^^^^^^^^^^^^[0m
app:build: [34m  ‚ïµ[0m
app:build:     src/pages/CompaniesPage/popups/JobOfferPopup/JobOfferPopup.module.scss 2:19  root stylesheet
app:build: 
app:build: [33m[1mDeprecation Warning[0m [[34mimport[0m]: Sass @import rules are deprecated and will be removed in Dart Sass 3.0.0.
app:build: 
app:build: More info and automated migrator: https://sass-lang.com/d/import
app:build: 
app:build: [34m  ‚ï∑[0m
app:build: [34m3 ‚îÇ[0m           @import [31m"@/styles/fonts.scss"[0m;
app:build: [34m  ‚îÇ[0m [31m                  ^^^^^^^^^^^^^^^^^^^^^[0m
app:build: [34m  ‚ïµ[0m
app:build:     src/pages/CompaniesPage/popups/JobOfferPopup/JobOfferPopup.module.scss 3:19  root stylesheet
app:build: 
app:build: [33m[1mDeprecation Warning[0m [[34mimport[0m]: Sass @import rules are deprecated and will be removed in Dart Sass 3.0.0.
app:build: 
app:build: More info and automated migrator: https://sass-lang.com/d/import
app:build: 
app:build: [34m  ‚ï∑[0m
app:build: [34m4 ‚îÇ[0m           @import [31m"@/styles/breakpoints.scss"[0m;
app:build: [34m  ‚îÇ[0m [31m                  ^^^^^^^^^^^^^^^^^^^^^^^^^^^[0m
app:build: [34m  ‚ïµ[0m
app:build:     src/pages/CompaniesPage/popups/JobOfferPopup/JobOfferPopup.module.scss 4:19  root stylesheet
app:build: 
app:build: [33m[1mDeprecation Warning[0m [[34mimport[0m]: Sass @import rules are deprecated and will be removed in Dart Sass 3.0.0.
app:build: 
app:build: More info and automated migrator: https://sass-lang.com/d/import
app:build: 
app:build: [34m  ‚ï∑[0m
app:build: [34m5 ‚îÇ[0m           @import [31m"@/styles/mixins.scss"[0m;
app:build: [34m  ‚îÇ[0m [31m                  ^^^^^^^^^^^^^^^^^^^^^^[0m
app:build: [34m  ‚ïµ[0m
app:build:     src/pages/CompaniesPage/popups/JobOfferPopup/JobOfferPopup.module.scss 5:19  root stylesheet
app:build: 
app:build: [33m[1mDeprecation Warning[0m [[34mimport[0m]: Sass @import rules are deprecated and will be removed in Dart Sass 3.0.0.
app:build: 
app:build: More info and automated migrator: https://sass-lang.com/d/import
app:build: 
app:build: [34m  ‚ï∑[0m
app:build: [34m6 ‚îÇ[0m           @import [31m"@/styles/consts.scss"[0m;
app:build: [34m  ‚îÇ[0m [31m                  ^^^^^^^^^^^^^^^^^^^^^^[0m
app:build: [34m  ‚ïµ[0m
app:build:     src/pages/CompaniesPage/popups/JobOfferPopup/JobOfferPopup.module.scss 6:19  root stylesheet
app:build: 
app:build: [33m[1mDeprecation Warning[0m [[34mlegacy-js-api[0m]: The legacy JS API is deprecated and will be removed in Dart Sass 2.0.0.
app:build: 
app:build: More info: https://sass-lang.com/d/legacy-js-api
app:build: 
app:build: [33m[1mDeprecation Warning[0m [[34mimport[0m]: Sass @import rules are deprecated and will be removed in Dart Sass 3.0.0.
app:build: 
app:build: More info and automated migrator: https://sass-lang.com/d/import
app:build: 
app:build: [34m  ‚ï∑[0m
app:build: [34m2 ‚îÇ[0m           @import [31m"@/styles/colors.scss"[0m;
app:build: [34m  ‚îÇ[0m [31m                  ^^^^^^^^^^^^^^^^^^^^^^[0m
app:build: [34m  ‚ïµ[0m
app:build:     src/components/LeaderboardTableRow/LeaderboardTableRow.module.scss 2:19  root stylesheet
app:build: 
app:build: [33m[1mDeprecation Warning[0m [[34mimport[0m]: Sass @import rules are deprecated and will be removed in Dart Sass 3.0.0.
app:build: 
app:build: More info and automated migrator: https://sass-lang.com/d/import
app:build: 
app:build: [34m  ‚ï∑[0m
app:build: [34m3 ‚îÇ[0m           @import [31m"@/styles/fonts.scss"[0m;
app:build: [34m  ‚îÇ[0m [31m                  ^^^^^^^^^^^^^^^^^^^^^[0m
app:build: [34m  ‚ïµ[0m
app:build:     src/components/LeaderboardTableRow/LeaderboardTableRow.module.scss 3:19  root stylesheet
app:build: 
app:build: [33m[1mDeprecation Warning[0m [[34mimport[0m]: Sass @import rules are deprecated and will be removed in Dart Sass 3.0.0.
app:build: 
app:build: More info and automated migrator: https://sass-lang.com/d/import
app:build: 
app:build: [34m  ‚ï∑[0m
app:build: [34m4 ‚îÇ[0m           @import [31m"@/styles/breakpoints.scss"[0m;
app:build: [34m  ‚îÇ[0m [31m                  ^^^^^^^^^^^^^^^^^^^^^^^^^^^[0m
app:build: [34m  ‚ïµ[0m
app:build:     src/components/LeaderboardTableRow/LeaderboardTableRow.module.scss 4:19  root stylesheet
app:build: 
app:build: [33m[1mDeprecation Warning[0m [[34mimport[0m]: Sass @import rules are deprecated and will be removed in Dart Sass 3.0.0.
app:build: 
app:build: More info and automated migrator: https://sass-lang.com/d/import
app:build: 
app:build: [34m  ‚ï∑[0m
app:build: [34m5 ‚îÇ[0m           @import [31m"@/styles/mixins.scss"[0m;
app:build: [34m  ‚îÇ[0m [31m                  ^^^^^^^^^^^^^^^^^^^^^^[0m
app:build: [34m  ‚ïµ[0m
app:build:     src/components/LeaderboardTableRow/LeaderboardTableRow.module.scss 5:19  root stylesheet
app:build: 
app:build: [33m[1mDeprecation Warning[0m [[34mimport[0m]: Sass @import rules are deprecated and will be removed in Dart Sass 3.0.0.
app:build: 
app:build: More info and automated migrator: https://sass-lang.com/d/import
app:build: 
app:build: [34m  ‚ï∑[0m
app:build: [34m6 ‚îÇ[0m           @import [31m"@/styles/consts.scss"[0m;
app:build: [34m  ‚îÇ[0m [31m                  ^^^^^^^^^^^^^^^^^^^^^^[0m
app:build: [34m  ‚ïµ[0m
app:build:     src/components/LeaderboardTableRow/LeaderboardTableRow.module.scss 6:19  root stylesheet
app:build: 
app:build: [33m[1mDeprecation Warning[0m [[34mlegacy-js-api[0m]: The legacy JS API is deprecated and will be removed in Dart Sass 2.0.0.
app:build: 
app:build: More info: https://sass-lang.com/d/legacy-js-api
app:build: 
app:build: [33m[1mDeprecation Warning[0m [[34mimport[0m]: Sass @import rules are deprecated and will be removed in Dart Sass 3.0.0.
app:build: 
app:build: More info and automated migrator: https://sass-lang.com/d/import
app:build: 
app:build: [34m  ‚ï∑[0m
app:build: [34m2 ‚îÇ[0m           @import [31m"@/styles/colors.scss"[0m;
app:build: [34m  ‚îÇ[0m [31m                  ^^^^^^^^^^^^^^^^^^^^^^[0m
app:build: [34m  ‚ïµ[0m
app:build:     src/components/ClipboardPaster/ClipboardPaster.module.scss 2:19  root stylesheet
app:build: 
app:build: [33m[1mDeprecation Warning[0m [[34mimport[0m]: Sass @import rules are deprecated and will be removed in Dart Sass 3.0.0.
app:build: 
app:build: More info and automated migrator: https://sass-lang.com/d/import
app:build: 
app:build: [34m  ‚ï∑[0m
app:build: [34m3 ‚îÇ[0m           @import [31m"@/styles/fonts.scss"[0m;
app:build: [34m  ‚îÇ[0m [31m                  ^^^^^^^^^^^^^^^^^^^^^[0m
app:build: [34m  ‚ïµ[0m
app:build:     src/components/ClipboardPaster/ClipboardPaster.module.scss 3:19  root stylesheet
app:build: 
app:build: [33m[1mDeprecation Warning[0m [[34mimport[0m]: Sass @import rules are deprecated and will be removed in Dart Sass 3.0.0.
app:build: 
app:build: More info and automated migrator: https://sass-lang.com/d/import
app:build: 
app:build: [34m  ‚ï∑[0m
app:build: [34m4 ‚îÇ[0m           @import [31m"@/styles/breakpoints.scss"[0m;
app:build: [34m  ‚îÇ[0m [31m                  ^^^^^^^^^^^^^^^^^^^^^^^^^^^[0m
app:build: [34m  ‚ïµ[0m
app:build:     src/components/ClipboardPaster/ClipboardPaster.module.scss 4:19  root stylesheet
app:build: 
app:build: [33m[1mDeprecation Warning[0m [[34mimport[0m]: Sass @import rules are deprecated and will be removed in Dart Sass 3.0.0.
app:build: 
app:build: More info and automated migrator: https://sass-lang.com/d/import
app:build: 
app:build: [34m  ‚ï∑[0m
app:build: [34m5 ‚îÇ[0m           @import [31m"@/styles/mixins.scss"[0m;
app:build: [34m  ‚îÇ[0m [31m                  ^^^^^^^^^^^^^^^^^^^^^^[0m
app:build: [34m  ‚ïµ[0m
app:build:     src/components/ClipboardPaster/ClipboardPaster.module.scss 5:19  root stylesheet
app:build: 
app:build: [33m[1mDeprecation Warning[0m [[34mimport[0m]: Sass @import rules are deprecated and will be removed in Dart Sass 3.0.0.
app:build: 
app:build: More info and automated migrator: https://sass-lang.com/d/import
app:build: 
app:build: [34m  ‚ï∑[0m
app:build: [34m6 ‚îÇ[0m           @import [31m"@/styles/consts.scss"[0m;
app:build: [34m  ‚îÇ[0m [31m                  ^^^^^^^^^^^^^^^^^^^^^^[0m
app:build: [34m  ‚ïµ[0m
app:build:     src/components/ClipboardPaster/ClipboardPaster.module.scss 6:19  root stylesheet
app:build: 
app:build: [33m[1mDeprecation Warning[0m [[34mlegacy-js-api[0m]: The legacy JS API is deprecated and will be removed in Dart Sass 2.0.0.
app:build: 
app:build: More info: https://sass-lang.com/d/legacy-js-api
app:build: 
app:build: [33m[1mDeprecation Warning[0m [[34mimport[0m]: Sass @import rules are deprecated and will be removed in Dart Sass 3.0.0.
app:build: 
app:build: More info and automated migrator: https://sass-lang.com/d/import
app:build: 
app:build: [34m  ‚ï∑[0m
app:build: [34m2 ‚îÇ[0m           @import [31m"@/styles/colors.scss"[0m;
app:build: [34m  ‚îÇ[0m [31m                  ^^^^^^^^^^^^^^^^^^^^^^[0m
app:build: [34m  ‚ïµ[0m
app:build:     src/components/ShoppingItem/ShoppingItem.module.scss 2:19  root stylesheet
app:build: 
app:build: [33m[1mDeprecation Warning[0m [[34mimport[0m]: Sass @import rules are deprecated and will be removed in Dart Sass 3.0.0.
app:build: 
app:build: More info and automated migrator: https://sass-lang.com/d/import
app:build: 
app:build: [34m  ‚ï∑[0m
app:build: [34m3 ‚îÇ[0m           @import [31m"@/styles/fonts.scss"[0m;
app:build: [34m  ‚îÇ[0m [31m                  ^^^^^^^^^^^^^^^^^^^^^[0m
app:build: [34m  ‚ïµ[0m
app:build:     src/components/ShoppingItem/ShoppingItem.module.scss 3:19  root stylesheet
app:build: 
app:build: [33m[1mDeprecation Warning[0m [[34mimport[0m]: Sass @import rules are deprecated and will be removed in Dart Sass 3.0.0.
app:build: 
app:build: More info and automated migrator: https://sass-lang.com/d/import
app:build: 
app:build: [34m  ‚ï∑[0m
app:build: [34m4 ‚îÇ[0m           @import [31m"@/styles/breakpoints.scss"[0m;
app:build: [34m  ‚îÇ[0m [31m                  ^^^^^^^^^^^^^^^^^^^^^^^^^^^[0m
app:build: [34m  ‚ïµ[0m
app:build:     src/components/ShoppingItem/ShoppingItem.module.scss 4:19  root stylesheet
app:build: 
app:build: [33m[1mDeprecation Warning[0m [[34mimport[0m]: Sass @import rules are deprecated and will be removed in Dart Sass 3.0.0.
app:build: 
app:build: More info and automated migrator: https://sass-lang.com/d/import
app:build: 
app:build: [34m  ‚ï∑[0m
app:build: [34m5 ‚îÇ[0m           @import [31m"@/styles/mixins.scss"[0m;
app:build: [34m  ‚îÇ[0m [31m                  ^^^^^^^^^^^^^^^^^^^^^^[0m
app:build: [34m  ‚ïµ[0m
app:build:     src/components/ShoppingItem/ShoppingItem.module.scss 5:19  root stylesheet
app:build: 
app:build: [33m[1mDeprecation Warning[0m [[34mimport[0m]: Sass @import rules are deprecated and will be removed in Dart Sass 3.0.0.
app:build: 
app:build: More info and automated migrator: https://sass-lang.com/d/import
app:build: 
app:build: [34m  ‚ï∑[0m
app:build: [34m6 ‚îÇ[0m           @import [31m"@/styles/consts.scss"[0m;
app:build: [34m  ‚îÇ[0m [31m                  ^^^^^^^^^^^^^^^^^^^^^^[0m
app:build: [34m  ‚ïµ[0m
app:build:     src/components/ShoppingItem/ShoppingItem.module.scss 6:19  root stylesheet
app:build: 
app:build: [33m[1mDeprecation Warning[0m [[34mlegacy-js-api[0m]: The legacy JS API is deprecated and will be removed in Dart Sass 2.0.0.
app:build: 
app:build: More info: https://sass-lang.com/d/legacy-js-api
app:build: 
app:build: [33m[1mDeprecation Warning[0m [[34mimport[0m]: Sass @import rules are deprecated and will be removed in Dart Sass 3.0.0.
app:build: 
app:build: More info and automated migrator: https://sass-lang.com/d/import
app:build: 
app:build: [34m  ‚ï∑[0m
app:build: [34m2 ‚îÇ[0m           @import [31m"@/styles/colors.scss"[0m;
app:build: [34m  ‚îÇ[0m [31m                  ^^^^^^^^^^^^^^^^^^^^^^[0m
app:build: [34m  ‚ïµ[0m
app:build:     src/components/CompactScheduleCard/CompactScheduleCard.module.scss 2:19  root stylesheet
app:build: 
app:build: [33m[1mDeprecation Warning[0m [[34mimport[0m]: Sass @import rules are deprecated and will be removed in Dart Sass 3.0.0.
app:build: 
app:build: More info and automated migrator: https://sass-lang.com/d/import
app:build: 
app:build: [34m  ‚ï∑[0m
app:build: [34m3 ‚îÇ[0m           @import [31m"@/styles/fonts.scss"[0m;
app:build: [34m  ‚îÇ[0m [31m                  ^^^^^^^^^^^^^^^^^^^^^[0m
app:build: [34m  ‚ïµ[0m
app:build:     src/components/CompactScheduleCard/CompactScheduleCard.module.scss 3:19  root stylesheet
app:build: 
app:build: [33m[1mDeprecation Warning[0m [[34mimport[0m]: Sass @import rules are deprecated and will be removed in Dart Sass 3.0.0.
app:build: 
app:build: More info and automated migrator: https://sass-lang.com/d/import
app:build: 
app:build: [34m  ‚ï∑[0m
app:build: [34m4 ‚îÇ[0m           @import [31m"@/styles/breakpoints.scss"[0m;
app:build: [34m  ‚îÇ[0m [31m                  ^^^^^^^^^^^^^^^^^^^^^^^^^^^[0m
app:build: [34m  ‚ïµ[0m
app:build:     src/components/CompactScheduleCard/CompactScheduleCard.module.scss 4:19  root stylesheet
app:build: 
app:build: [33m[1mDeprecation Warning[0m [[34mimport[0m]: Sass @import rules are deprecated and will be removed in Dart Sass 3.0.0.
app:build: 
app:build: More info and automated migrator: https://sass-lang.com/d/import
app:build: 
app:build: [34m  ‚ï∑[0m
app:build: [34m5 ‚îÇ[0m           @import [31m"@/styles/mixins.scss"[0m;
app:build: [34m  ‚îÇ[0m [31m                  ^^^^^^^^^^^^^^^^^^^^^^[0m
app:build: [34m  ‚ïµ[0m
app:build:     src/components/CompactScheduleCard/CompactScheduleCard.module.scss 5:19  root stylesheet
app:build: 
app:build: [33m[1mDeprecation Warning[0m [[34mimport[0m]: Sass @import rules are deprecated and will be removed in Dart Sass 3.0.0.
app:build: 
app:build: More info and automated migrator: https://sass-lang.com/d/import
app:build: 
app:build: [34m  ‚ï∑[0m
app:build: [34m6 ‚îÇ[0m           @import [31m"@/styles/consts.scss"[0m;
app:build: [34m  ‚îÇ[0m [31m                  ^^^^^^^^^^^^^^^^^^^^^^[0m
app:build: [34m  ‚ïµ[0m
app:build:     src/components/CompactScheduleCard/CompactScheduleCard.module.scss 6:19  root stylesheet
app:build: 
app:build: [2K[1Gtransforming (967) [2msrc/components/LevelUpBadge/LevelUpBadge.tsx[22m[33m[1mDeprecation Warning[0m [[34mlegacy-js-api[0m]: The legacy JS API is deprecated and will be removed in Dart Sass 2.0.0.
app:build: 
app:build: More info: https://sass-lang.com/d/legacy-js-api
app:build: 
app:build: [33m[1mDeprecation Warning[0m [[34mimport[0m]: Sass @import rules are deprecated and will be removed in Dart Sass 3.0.0.
app:build: 
app:build: More info and automated migrator: https://sass-lang.com/d/import
app:build: 
app:build: [34m  ‚ï∑[0m
app:build: [34m2 ‚îÇ[0m           @import [31m"@/styles/colors.scss"[0m;
app:build: [34m  ‚îÇ[0m [31m                  ^^^^^^^^^^^^^^^^^^^^^^[0m
app:build: [34m  ‚ïµ[0m
app:build:     src/pages/ShoppingPage/popups/TransactionsPopup/TransactionsPopup.module.scss 2:19  root stylesheet
app:build: 
app:build: [33m[1mDeprecation Warning[0m [[34mimport[0m]: Sass @import rules are deprecated and will be removed in Dart Sass 3.0.0.
app:build: 
app:build: More info and automated migrator: https://sass-lang.com/d/import
app:build: 
app:build: [34m  ‚ï∑[0m
app:build: [34m3 ‚îÇ[0m           @import [31m"@/styles/fonts.scss"[0m;
app:build: [34m  ‚îÇ[0m [31m                  ^^^^^^^^^^^^^^^^^^^^^[0m
app:build: [34m  ‚ïµ[0m
app:build:     src/pages/ShoppingPage/popups/TransactionsPopup/TransactionsPopup.module.scss 3:19  root stylesheet
app:build: 
app:build: [33m[1mDeprecation Warning[0m [[34mimport[0m]: Sass @import rules are deprecated and will be removed in Dart Sass 3.0.0.
app:build: 
app:build: More info and automated migrator: https://sass-lang.com/d/import
app:build: 
app:build: [34m  ‚ï∑[0m
app:build: [34m4 ‚îÇ[0m           @import [31m"@/styles/breakpoints.scss"[0m;
app:build: [34m  ‚îÇ[0m [31m                  ^^^^^^^^^^^^^^^^^^^^^^^^^^^[0m
app:build: [34m  ‚ïµ[0m
app:build:     src/pages/ShoppingPage/popups/TransactionsPopup/TransactionsPopup.module.scss 4:19  root stylesheet
app:build: 
app:build: [33m[1mDeprecation Warning[0m [[34mimport[0m]: Sass @import rules are deprecated and will be removed in Dart Sass 3.0.0.
app:build: 
app:build: More info and automated migrator: https://sass-lang.com/d/import
app:build: 
app:build: [34m  ‚ï∑[0m
app:build: [34m5 ‚îÇ[0m           @import [31m"@/styles/mixins.scss"[0m;
app:build: [34m  ‚îÇ[0m [31m                  ^^^^^^^^^^^^^^^^^^^^^^[0m
app:build: [34m  ‚ïµ[0m
app:build:     src/pages/ShoppingPage/popups/TransactionsPopup/TransactionsPopup.module.scss 5:19  root stylesheet
app:build: 
app:build: [33m[1mDeprecation Warning[0m [[34mimport[0m]: Sass @import rules are deprecated and will be removed in Dart Sass 3.0.0.
app:build: 
app:build: More info and automated migrator: https://sass-lang.com/d/import
app:build: 
app:build: [34m  ‚ï∑[0m
app:build: [34m6 ‚îÇ[0m           @import [31m"@/styles/consts.scss"[0m;
app:build: [34m  ‚îÇ[0m [31m                  ^^^^^^^^^^^^^^^^^^^^^^[0m
app:build: [34m  ‚ïµ[0m
app:build:     src/pages/ShoppingPage/popups/TransactionsPopup/TransactionsPopup.module.scss 6:19  root stylesheet
app:build: 
app:build: [33m[1mDeprecation Warning[0m [[34mlegacy-js-api[0m]: The legacy JS API is deprecated and will be removed in Dart Sass 2.0.0.
app:build: 
app:build: More info: https://sass-lang.com/d/legacy-js-api
app:build: 
app:build: [33m[1mDeprecation Warning[0m [[34mimport[0m]: Sass @import rules are deprecated and will be removed in Dart Sass 3.0.0.
app:build: 
app:build: More info and automated migrator: https://sass-lang.com/d/import
app:build: 
app:build: [34m  ‚ï∑[0m
app:build: [34m2 ‚îÇ[0m           @import [31m"@/styles/colors.scss"[0m;
app:build: [34m  ‚îÇ[0m [31m                  ^^^^^^^^^^^^^^^^^^^^^^[0m
app:build: [34m  ‚ïµ[0m
app:build:     src/components/Checkbox/Checkbox.module.scss 2:19  root stylesheet
app:build: 
app:build: [33m[1mDeprecation Warning[0m [[34mimport[0m]: Sass @import rules are deprecated and will be removed in Dart Sass 3.0.0.
app:build: 
app:build: More info and automated migrator: https://sass-lang.com/d/import
app:build: 
app:build: [34m  ‚ï∑[0m
app:build: [34m3 ‚îÇ[0m           @import [31m"@/styles/fonts.scss"[0m;
app:build: [34m  ‚îÇ[0m [31m                  ^^^^^^^^^^^^^^^^^^^^^[0m
app:build: [34m  ‚ïµ[0m
app:build:     src/components/Checkbox/Checkbox.module.scss 3:19  root stylesheet
app:build: 
app:build: [33m[1mDeprecation Warning[0m [[34mimport[0m]: Sass @import rules are deprecated and will be removed in Dart Sass 3.0.0.
app:build: 
app:build: More info and automated migrator: https://sass-lang.com/d/import
app:build: 
app:build: [34m  ‚ï∑[0m
app:build: [34m4 ‚îÇ[0m           @import [31m"@/styles/breakpoints.scss"[0m;
app:build: [34m  ‚îÇ[0m [31m                  ^^^^^^^^^^^^^^^^^^^^^^^^^^^[0m
app:build: [34m  ‚ïµ[0m
app:build:     src/components/Checkbox/Checkbox.module.scss 4:19  root stylesheet
app:build: 
app:build: [33m[1mDeprecation Warning[0m [[34mimport[0m]: Sass @import rules are deprecated and will be removed in Dart Sass 3.0.0.
app:build: 
app:build: More info and automated migrator: https://sass-lang.com/d/import
app:build: 
app:build: [34m  ‚ï∑[0m
app:build: [34m5 ‚îÇ[0m           @import [31m"@/styles/mixins.scss"[0m;
app:build: [34m  ‚îÇ[0m [31m                  ^^^^^^^^^^^^^^^^^^^^^^[0m
app:build: [34m  ‚ïµ[0m
app:build:     src/components/Checkbox/Checkbox.module.scss 5:19  root stylesheet
app:build: 
app:build: [33m[1mDeprecation Warning[0m [[34mimport[0m]: Sass @import rules are deprecated and will be removed in Dart Sass 3.0.0.
app:build: 
app:build: More info and automated migrator: https://sass-lang.com/d/import
app:build: 
app:build: [34m  ‚ï∑[0m
app:build: [34m6 ‚îÇ[0m           @import [31m"@/styles/consts.scss"[0m;
app:build: [34m  ‚îÇ[0m [31m                  ^^^^^^^^^^^^^^^^^^^^^^[0m
app:build: [34m  ‚ïµ[0m
app:build:     src/components/Checkbox/Checkbox.module.scss 6:19  root stylesheet
app:build: 
app:build: [2K[1Gtransforming (983) [2m../../node_modules/validator/lib/isInt.js[22m[33m[1mDeprecation Warning[0m [[34mlegacy-js-api[0m]: The legacy JS API is deprecated and will be removed in Dart Sass 2.0.0.
app:build: 
app:build: More info: https://sass-lang.com/d/legacy-js-api
app:build: 
app:build: [33m[1mDeprecation Warning[0m [[34mimport[0m]: Sass @import rules are deprecated and will be removed in Dart Sass 3.0.0.
app:build: 
app:build: More info and automated migrator: https://sass-lang.com/d/import
app:build: 
app:build: [34m  ‚ï∑[0m
app:build: [34m2 ‚îÇ[0m           @import [31m"@/styles/colors.scss"[0m;
app:build: [34m  ‚îÇ[0m [31m                  ^^^^^^^^^^^^^^^^^^^^^^[0m
app:build: [34m  ‚ïµ[0m
app:build:     src/components/ProgressBar/ProgressBarTab/ProgressBarTab.module.scss 2:19  root stylesheet
app:build: 
app:build: [33m[1mDeprecation Warning[0m [[34mimport[0m]: Sass @import rules are deprecated and will be removed in Dart Sass 3.0.0.
app:build: 
app:build: More info and automated migrator: https://sass-lang.com/d/import
app:build: 
app:build: [34m  ‚ï∑[0m
app:build: [34m3 ‚îÇ[0m           @import [31m"@/styles/fonts.scss"[0m;
app:build: [34m  ‚îÇ[0m [31m                  ^^^^^^^^^^^^^^^^^^^^^[0m
app:build: [34m  ‚ïµ[0m
app:build:     src/components/ProgressBar/ProgressBarTab/ProgressBarTab.module.scss 3:19  root stylesheet
app:build: 
app:build: [33m[1mDeprecation Warning[0m [[34mimport[0m]: Sass @import rules are deprecated and will be removed in Dart Sass 3.0.0.
app:build: 
app:build: More info and automated migrator: https://sass-lang.com/d/import
app:build: 
app:build: [34m  ‚ï∑[0m
app:build: [34m4 ‚îÇ[0m           @import [31m"@/styles/breakpoints.scss"[0m;
app:build: [34m  ‚îÇ[0m [31m                  ^^^^^^^^^^^^^^^^^^^^^^^^^^^[0m
app:build: [34m  ‚ïµ[0m
app:build:     src/components/ProgressBar/ProgressBarTab/ProgressBarTab.module.scss 4:19  root stylesheet
app:build: 
app:build: [33m[1mDeprecation Warning[0m [[34mimport[0m]: Sass @import rules are deprecated and will be removed in Dart Sass 3.0.0.
app:build: 
app:build: More info and automated migrator: https://sass-lang.com/d/import
app:build: 
app:build: [34m  ‚ï∑[0m
app:build: [34m5 ‚îÇ[0m           @import [31m"@/styles/mixins.scss"[0m;
app:build: [34m  ‚îÇ[0m [31m                  ^^^^^^^^^^^^^^^^^^^^^^[0m
app:build: [34m  ‚ïµ[0m
app:build:     src/components/ProgressBar/ProgressBarTab/ProgressBarTab.module.scss 5:19  root stylesheet
app:build: 
app:build: [33m[1mDeprecation Warning[0m [[34mimport[0m]: Sass @import rules are deprecated and will be removed in Dart Sass 3.0.0.
app:build: 
app:build: More info and automated migrator: https://sass-lang.com/d/import
app:build: 
app:build: [34m  ‚ï∑[0m
app:build: [34m6 ‚îÇ[0m           @import [31m"@/styles/consts.scss"[0m;
app:build: [34m  ‚îÇ[0m [31m                  ^^^^^^^^^^^^^^^^^^^^^^[0m
app:build: [34m  ‚ïµ[0m
app:build:     src/components/ProgressBar/ProgressBarTab/ProgressBarTab.module.scss 6:19  root stylesheet
app:build: 
app:build: [33m[1mDeprecation Warning[0m [[34mlegacy-js-api[0m]: The legacy JS API is deprecated and will be removed in Dart Sass 2.0.0.
app:build: 
app:build: More info: https://sass-lang.com/d/legacy-js-api
app:build: 
app:build: [33m[1mDeprecation Warning[0m [[34mimport[0m]: Sass @import rules are deprecated and will be removed in Dart Sass 3.0.0.
app:build: 
app:build: More info and automated migrator: https://sass-lang.com/d/import
app:build: 
app:build: [34m  ‚ï∑[0m
app:build: [34m2 ‚îÇ[0m           @import [31m"@/styles/colors.scss"[0m;
app:build: [34m  ‚îÇ[0m [31m                  ^^^^^^^^^^^^^^^^^^^^^^[0m
app:build: [34m  ‚ïµ[0m
app:build:     src/components/RegistrationForms/CheckboxFieldsWrapper/CheckboxFieldsWrapper.module.scss 2:19  root stylesheet
app:build: 
app:build: [33m[1mDeprecation Warning[0m [[34mimport[0m]: Sass @import rules are deprecated and will be removed in Dart Sass 3.0.0.
app:build: 
app:build: More info and automated migrator: https://sass-lang.com/d/import
app:build: 
app:build: [34m  ‚ï∑[0m
app:build: [34m3 ‚îÇ[0m           @import [31m"@/styles/fonts.scss"[0m;
app:build: [34m  ‚îÇ[0m [31m                  ^^^^^^^^^^^^^^^^^^^^^[0m
app:build: [34m  ‚ïµ[0m
app:build:     src/components/RegistrationForms/CheckboxFieldsWrapper/CheckboxFieldsWrapper.module.scss 3:19  root stylesheet
app:build: 
app:build: [33m[1mDeprecation Warning[0m [[34mimport[0m]: Sass @import rules are deprecated and will be removed in Dart Sass 3.0.0.
app:build: 
app:build: More info and automated migrator: https://sass-lang.com/d/import
app:build: 
app:build: [34m  ‚ï∑[0m
app:build: [34m4 ‚îÇ[0m           @import [31m"@/styles/breakpoints.scss"[0m;
app:build: [34m  ‚îÇ[0m [31m                  ^^^^^^^^^^^^^^^^^^^^^^^^^^^[0m
app:build: [34m  ‚ïµ[0m
app:build:     src/components/RegistrationForms/CheckboxFieldsWrapper/CheckboxFieldsWrapper.module.scss 4:19  root stylesheet
app:build: 
app:build: [33m[1mDeprecation Warning[0m [[34mimport[0m]: Sass @import rules are deprecated and will be removed in Dart Sass 3.0.0.
app:build: 
app:build: More info and automated migrator: https://sass-lang.com/d/import
app:build: 
app:build: [34m  ‚ï∑[0m
app:build: [34m5 ‚îÇ[0m           @import [31m"@/styles/mixins.scss"[0m;
app:build: [34m  ‚îÇ[0m [31m                  ^^^^^^^^^^^^^^^^^^^^^^[0m
app:build: [34m  ‚ïµ[0m
app:build:     src/components/RegistrationForms/CheckboxFieldsWrapper/CheckboxFieldsWrapper.module.scss 5:19  root stylesheet
app:build: 
app:build: [33m[1mDeprecation Warning[0m [[34mimport[0m]: Sass @import rules are deprecated and will be removed in Dart Sass 3.0.0.
app:build: 
app:build: More info and automated migrator: https://sass-lang.com/d/import
app:build: 
app:build: [34m  ‚ï∑[0m
app:build: [34m6 ‚îÇ[0m           @import [31m"@/styles/consts.scss"[0m;
app:build: [34m  ‚îÇ[0m [31m                  ^^^^^^^^^^^^^^^^^^^^^^[0m
app:build: [34m  ‚ïµ[0m
app:build:     src/components/RegistrationForms/CheckboxFieldsWrapper/CheckboxFieldsWrapper.module.scss 6:19  root stylesheet
app:build: 
app:build: [2K[1Gtransforming (1053) [2msrc/assets/images/circular-rays.svg[22m[33m[1mDeprecation Warning[0m [[34mlegacy-js-api[0m]: The legacy JS API is deprecated and will be removed in Dart Sass 2.0.0.
app:build: 
app:build: More info: https://sass-lang.com/d/legacy-js-api
app:build: 
app:build: [33m[1mDeprecation Warning[0m [[34mimport[0m]: Sass @import rules are deprecated and will be removed in Dart Sass 3.0.0.
app:build: 
app:build: More info and automated migrator: https://sass-lang.com/d/import
app:build: 
app:build: [34m  ‚ï∑[0m
app:build: [34m2 ‚îÇ[0m           @import [31m"@/styles/colors.scss"[0m;
app:build: [34m  ‚îÇ[0m [31m                  ^^^^^^^^^^^^^^^^^^^^^^[0m
app:build: [34m  ‚ïµ[0m
app:build:     src/components/LevelUpBadge/LevelUpBadge.module.scss 2:19  root stylesheet
app:build: 
app:build: [33m[1mDeprecation Warning[0m [[34mimport[0m]: Sass @import rules are deprecated and will be removed in Dart Sass 3.0.0.
app:build: 
app:build: More info and automated migrator: https://sass-lang.com/d/import
app:build: 
app:build: [34m  ‚ï∑[0m
app:build: [34m3 ‚îÇ[0m           @import [31m"@/styles/fonts.scss"[0m;
app:build: [34m  ‚îÇ[0m [31m                  ^^^^^^^^^^^^^^^^^^^^^[0m
app:build: [34m  ‚ïµ[0m
app:build:     src/components/LevelUpBadge/LevelUpBadge.module.scss 3:19  root stylesheet
app:build: 
app:build: [33m[1mDeprecation Warning[0m [[34mimport[0m]: Sass @import rules are deprecated and will be removed in Dart Sass 3.0.0.
app:build: 
app:build: More info and automated migrator: https://sass-lang.com/d/import
app:build: 
app:build: [34m  ‚ï∑[0m
app:build: [34m4 ‚îÇ[0m           @import [31m"@/styles/breakpoints.scss"[0m;
app:build: [34m  ‚îÇ[0m [31m                  ^^^^^^^^^^^^^^^^^^^^^^^^^^^[0m
app:build: [34m  ‚ïµ[0m
app:build:     src/components/LevelUpBadge/LevelUpBadge.module.scss 4:19  root stylesheet
app:build: 
app:build: [33m[1mDeprecation Warning[0m [[34mimport[0m]: Sass @import rules are deprecated and will be removed in Dart Sass 3.0.0.
app:build: 
app:build: More info and automated migrator: https://sass-lang.com/d/import
app:build: 
app:build: [34m  ‚ï∑[0m
app:build: [34m5 ‚îÇ[0m           @import [31m"@/styles/mixins.scss"[0m;
app:build: [34m  ‚îÇ[0m [31m                  ^^^^^^^^^^^^^^^^^^^^^^[0m
app:build: [34m  ‚ïµ[0m
app:build:     src/components/LevelUpBadge/LevelUpBadge.module.scss 5:19  root stylesheet
app:build: 
app:build: [33m[1mDeprecation Warning[0m [[34mimport[0m]: Sass @import rules are deprecated and will be removed in Dart Sass 3.0.0.
app:build: 
app:build: More info and automated migrator: https://sass-lang.com/d/import
app:build: 
app:build: [34m  ‚ï∑[0m
app:build: [34m6 ‚îÇ[0m           @import [31m"@/styles/consts.scss"[0m;
app:build: [34m  ‚îÇ[0m [31m                  ^^^^^^^^^^^^^^^^^^^^^^[0m
app:build: [34m  ‚ïµ[0m
app:build:     src/components/LevelUpBadge/LevelUpBadge.module.scss 6:19  root stylesheet
app:build: 
app:build: [33m[1mDeprecation Warning[0m [[34mlegacy-js-api[0m]: The legacy JS API is deprecated and will be removed in Dart Sass 2.0.0.
app:build: 
app:build: More info: https://sass-lang.com/d/legacy-js-api
app:build: 
app:build: [33m[1mDeprecation Warning[0m [[34mimport[0m]: Sass @import rules are deprecated and will be removed in Dart Sass 3.0.0.
app:build: 
app:build: More info and automated migrator: https://sass-lang.com/d/import
app:build: 
app:build: [34m  ‚ï∑[0m
app:build: [34m2 ‚îÇ[0m           @import [31m"@/styles/colors.scss"[0m;
app:build: [34m  ‚îÇ[0m [31m                  ^^^^^^^^^^^^^^^^^^^^^^[0m
app:build: [34m  ‚ïµ[0m
app:build:     src/components/MessageDuck/MessageDuck.module.scss 2:19  root stylesheet
app:build: 
app:build: [33m[1mDeprecation Warning[0m [[34mimport[0m]: Sass @import rules are deprecated and will be removed in Dart Sass 3.0.0.
app:build: 
app:build: More info and automated migrator: https://sass-lang.com/d/import
app:build: 
app:build: [34m  ‚ï∑[0m
app:build: [34m3 ‚îÇ[0m           @import [31m"@/styles/fonts.scss"[0m;
app:build: [34m  ‚îÇ[0m [31m                  ^^^^^^^^^^^^^^^^^^^^^[0m
app:build: [34m  ‚ïµ[0m
app:build:     src/components/MessageDuck/MessageDuck.module.scss 3:19  root stylesheet
app:build: 
app:build: [33m[1mDeprecation Warning[0m [[34mimport[0m]: Sass @import rules are deprecated and will be removed in Dart Sass 3.0.0.
app:build: 
app:build: More info and automated migrator: https://sass-lang.com/d/import
app:build: 
app:build: [34m  ‚ï∑[0m
app:build: [34m4 ‚îÇ[0m           @import [31m"@/styles/breakpoints.scss"[0m;
app:build: [34m  ‚îÇ[0m [31m                  ^^^^^^^^^^^^^^^^^^^^^^^^^^^[0m
app:build: [34m  ‚ïµ[0m
app:build:     src/components/MessageDuck/MessageDuck.module.scss 4:19  root stylesheet
app:build: 
app:build: [33m[1mDeprecation Warning[0m [[34mimport[0m]: Sass @import rules are deprecated and will be removed in Dart Sass 3.0.0.
app:build: 
app:build: More info and automated migrator: https://sass-lang.com/d/import
app:build: 
app:build: [34m  ‚ï∑[0m
app:build: [34m5 ‚îÇ[0m           @import [31m"@/styles/mixins.scss"[0m;
app:build: [34m  ‚îÇ[0m [31m                  ^^^^^^^^^^^^^^^^^^^^^^[0m
app:build: [34m  ‚ïµ[0m
app:build:     src/components/MessageDuck/MessageDuck.module.scss 5:19  root stylesheet
app:build: 
app:build: [33m[1mDeprecation Warning[0m [[34mimport[0m]: Sass @import rules are deprecated and will be removed in Dart Sass 3.0.0.
app:build: 
app:build: More info and automated migrator: https://sass-lang.com/d/import
app:build: 
app:build: [34m  ‚ï∑[0m
app:build: [34m6 ‚îÇ[0m           @import [31m"@/styles/consts.scss"[0m;
app:build: [34m  ‚îÇ[0m [31m                  ^^^^^^^^^^^^^^^^^^^^^^[0m
app:build: [34m  ‚ïµ[0m
app:build:     src/components/MessageDuck/MessageDuck.module.scss 6:19  root stylesheet
app:build: 
app:build: [2K[1Gtransforming (1094) [2msrc/assets/images/duck-cool.png[22m[33m[1mDeprecation Warning[0m [[34mlegacy-js-api[0m]: The legacy JS API is deprecated and will be removed in Dart Sass 2.0.0.
app:build: 
app:build: More info: https://sass-lang.com/d/legacy-js-api
app:build: 
app:build: [33m[1mDeprecation Warning[0m [[34mimport[0m]: Sass @import rules are deprecated and will be removed in Dart Sass 3.0.0.
app:build: 
app:build: More info and automated migrator: https://sass-lang.com/d/import
app:build: 
app:build: [34m  ‚ï∑[0m
app:build: [34m2 ‚îÇ[0m           @import [31m"@/styles/colors.scss"[0m;
app:build: [34m  ‚îÇ[0m [31m                  ^^^^^^^^^^^^^^^^^^^^^^[0m
app:build: [34m  ‚ïµ[0m
app:build:     src/pages/ShoppingPage/popups/ShoppingDonePopup/ShoppingDonePopup.module.scss 2:19  root stylesheet
app:build: 
app:build: [33m[1mDeprecation Warning[0m [[34mimport[0m]: Sass @import rules are deprecated and will be removed in Dart Sass 3.0.0.
app:build: 
app:build: More info and automated migrator: https://sass-lang.com/d/import
app:build: 
app:build: [34m  ‚ï∑[0m
app:build: [34m3 ‚îÇ[0m           @import [31m"@/styles/fonts.scss"[0m;
app:build: [34m  ‚îÇ[0m [31m                  ^^^^^^^^^^^^^^^^^^^^^[0m
app:build: [34m  ‚ïµ[0m
app:build:     src/pages/ShoppingPage/popups/ShoppingDonePopup/ShoppingDonePopup.module.scss 3:19  root stylesheet
app:build: 
app:build: [33m[1mDeprecation Warning[0m [[34mimport[0m]: Sass @import rules are deprecated and will be removed in Dart Sass 3.0.0.
app:build: 
app:build: More info and automated migrator: https://sass-lang.com/d/import
app:build: 
app:build: [34m  ‚ï∑[0m
app:build: [34m4 ‚îÇ[0m           @import [31m"@/styles/breakpoints.scss"[0m;
app:build: [34m  ‚îÇ[0m [31m                  ^^^^^^^^^^^^^^^^^^^^^^^^^^^[0m
app:build: [34m  ‚ïµ[0m
app:build:     src/pages/ShoppingPage/popups/ShoppingDonePopup/ShoppingDonePopup.module.scss 4:19  root stylesheet
app:build: 
app:build: [33m[1mDeprecation Warning[0m [[34mimport[0m]: Sass @import rules are deprecated and will be removed in Dart Sass 3.0.0.
app:build: 
app:build: More info and automated migrator: https://sass-lang.com/d/import
app:build: 
app:build: [34m  ‚ï∑[0m
app:build: [34m5 ‚îÇ[0m           @import [31m"@/styles/mixins.scss"[0m;
app:build: [34m  ‚îÇ[0m [31m                  ^^^^^^^^^^^^^^^^^^^^^^[0m
app:build: [34m  ‚ïµ[0m
app:build:     src/pages/ShoppingPage/popups/ShoppingDonePopup/ShoppingDonePopup.module.scss 5:19  root stylesheet
app:build: 
app:build: [33m[1mDeprecation Warning[0m [[34mimport[0m]: Sass @import rules are deprecated and will be removed in Dart Sass 3.0.0.
app:build: 
app:build: More info and automated migrator: https://sass-lang.com/d/import
app:build: 
app:build: [34m  ‚ï∑[0m
app:build: [34m6 ‚îÇ[0m           @import [31m"@/styles/consts.scss"[0m;
app:build: [34m  ‚îÇ[0m [31m                  ^^^^^^^^^^^^^^^^^^^^^^[0m
app:build: [34m  ‚ïµ[0m
app:build:     src/pages/ShoppingPage/popups/ShoppingDonePopup/ShoppingDonePopup.module.scss 6:19  root stylesheet
app:build: 
app:build: [33m[1mDeprecation Warning[0m [[34mlegacy-js-api[0m]: The legacy JS API is deprecated and will be removed in Dart Sass 2.0.0.
app:build: 
app:build: More info: https://sass-lang.com/d/legacy-js-api
app:build: 
app:build: [33m[1mDeprecation Warning[0m [[34mimport[0m]: Sass @import rules are deprecated and will be removed in Dart Sass 3.0.0.
app:build: 
app:build: More info and automated migrator: https://sass-lang.com/d/import
app:build: 
app:build: [34m  ‚ï∑[0m
app:build: [34m2 ‚îÇ[0m           @import [31m"@/styles/colors.scss"[0m;
app:build: [34m  ‚îÇ[0m [31m                  ^^^^^^^^^^^^^^^^^^^^^^[0m
app:build: [34m  ‚ïµ[0m
app:build:     src/pages/ShoppingPage/popups/ConfirmPopup/ConfirmPopup.module.scss 2:19  root stylesheet
app:build: 
app:build: [33m[1mDeprecation Warning[0m [[34mimport[0m]: Sass @import rules are deprecated and will be removed in Dart Sass 3.0.0.
app:build: 
app:build: More info and automated migrator: https://sass-lang.com/d/import
app:build: 
app:build: [34m  ‚ï∑[0m
app:build: [34m3 ‚îÇ[0m           @import [31m"@/styles/fonts.scss"[0m;
app:build: [34m  ‚îÇ[0m [31m                  ^^^^^^^^^^^^^^^^^^^^^[0m
app:build: [34m  ‚ïµ[0m
app:build:     src/pages/ShoppingPage/popups/ConfirmPopup/ConfirmPopup.module.scss 3:19  root stylesheet
app:build: 
app:build: [33m[1mDeprecation Warning[0m [[34mimport[0m]: Sass @import rules are deprecated and will be removed in Dart Sass 3.0.0.
app:build: 
app:build: More info and automated migrator: https://sass-lang.com/d/import
app:build: 
app:build: [34m  ‚ï∑[0m
app:build: [34m4 ‚îÇ[0m           @import [31m"@/styles/breakpoints.scss"[0m;
app:build: [34m  ‚îÇ[0m [31m                  ^^^^^^^^^^^^^^^^^^^^^^^^^^^[0m
app:build: [34m  ‚ïµ[0m
app:build:     src/pages/ShoppingPage/popups/ConfirmPopup/ConfirmPopup.module.scss 4:19  root stylesheet
app:build: 
app:build: [33m[1mDeprecation Warning[0m [[34mimport[0m]: Sass @import rules are deprecated and will be removed in Dart Sass 3.0.0.
app:build: 
app:build: More info and automated migrator: https://sass-lang.com/d/import
app:build: 
app:build: [34m  ‚ï∑[0m
app:build: [34m5 ‚îÇ[0m           @import [31m"@/styles/mixins.scss"[0m;
app:build: [34m  ‚îÇ[0m [31m                  ^^^^^^^^^^^^^^^^^^^^^^[0m
app:build: [34m  ‚ïµ[0m
app:build:     src/pages/ShoppingPage/popups/ConfirmPopup/ConfirmPopup.module.scss 5:19  root stylesheet
app:build: 
app:build: [33m[1mDeprecation Warning[0m [[34mimport[0m]: Sass @import rules are deprecated and will be removed in Dart Sass 3.0.0.
app:build: 
app:build: More info and automated migrator: https://sass-lang.com/d/import
app:build: 
app:build: [34m  ‚ï∑[0m
app:build: [34m6 ‚îÇ[0m           @import [31m"@/styles/consts.scss"[0m;
app:build: [34m  ‚îÇ[0m [31m                  ^^^^^^^^^^^^^^^^^^^^^^[0m
app:build: [34m  ‚ïµ[0m
app:build:     src/pages/ShoppingPage/popups/ConfirmPopup/ConfirmPopup.module.scss 6:19  root stylesheet
app:build: 
app:build: [2K[1Gtransforming (1108) [2msrc/assets/icons/bin-delete.svg[22m[33m[1mDeprecation Warning[0m [[34mlegacy-js-api[0m]: The legacy JS API is deprecated and will be removed in Dart Sass 2.0.0.
app:build: 
app:build: More info: https://sass-lang.com/d/legacy-js-api
app:build: 
app:build: [33m[1mDeprecation Warning[0m [[34mimport[0m]: Sass @import rules are deprecated and will be removed in Dart Sass 3.0.0.
app:build: 
app:build: More info and automated migrator: https://sass-lang.com/d/import
app:build: 
app:build: [34m  ‚ï∑[0m
app:build: [34m2 ‚îÇ[0m           @import [31m"@/styles/colors.scss"[0m;
app:build: [34m  ‚îÇ[0m [31m                  ^^^^^^^^^^^^^^^^^^^^^^[0m
app:build: [34m  ‚ïµ[0m
app:build:     src/components/CartItem/CartItem.module.scss 2:19  root stylesheet
app:build: 
app:build: [33m[1mDeprecation Warning[0m [[34mimport[0m]: Sass @import rules are deprecated and will be removed in Dart Sass 3.0.0.
app:build: 
app:build: More info and automated migrator: https://sass-lang.com/d/import
app:build: 
app:build: [34m  ‚ï∑[0m
app:build: [34m3 ‚îÇ[0m           @import [31m"@/styles/fonts.scss"[0m;
app:build: [34m  ‚îÇ[0m [31m                  ^^^^^^^^^^^^^^^^^^^^^[0m
app:build: [34m  ‚ïµ[0m
app:build:     src/components/CartItem/CartItem.module.scss 3:19  root stylesheet
app:build: 
app:build: [33m[1mDeprecation Warning[0m [[34mimport[0m]: Sass @import rules are deprecated and will be removed in Dart Sass 3.0.0.
app:build: 
app:build: More info and automated migrator: https://sass-lang.com/d/import
app:build: 
app:build: [34m  ‚ï∑[0m
app:build: [34m4 ‚îÇ[0m           @import [31m"@/styles/breakpoints.scss"[0m;
app:build: [34m  ‚îÇ[0m [31m                  ^^^^^^^^^^^^^^^^^^^^^^^^^^^[0m
app:build: [34m  ‚ïµ[0m
app:build:     src/components/CartItem/CartItem.module.scss 4:19  root stylesheet
app:build: 
app:build: [33m[1mDeprecation Warning[0m [[34mimport[0m]: Sass @import rules are deprecated and will be removed in Dart Sass 3.0.0.
app:build: 
app:build: More info and automated migrator: https://sass-lang.com/d/import
app:build: 
app:build: [34m  ‚ï∑[0m
app:build: [34m5 ‚îÇ[0m           @import [31m"@/styles/mixins.scss"[0m;
app:build: [34m  ‚îÇ[0m [31m                  ^^^^^^^^^^^^^^^^^^^^^^[0m
app:build: [34m  ‚ïµ[0m
app:build:     src/components/CartItem/CartItem.module.scss 5:19  root stylesheet
app:build: 
app:build: [33m[1mDeprecation Warning[0m [[34mimport[0m]: Sass @import rules are deprecated and will be removed in Dart Sass 3.0.0.
app:build: 
app:build: More info and automated migrator: https://sass-lang.com/d/import
app:build: 
app:build: [34m  ‚ï∑[0m
app:build: [34m6 ‚îÇ[0m           @import [31m"@/styles/consts.scss"[0m;
app:build: [34m  ‚îÇ[0m [31m                  ^^^^^^^^^^^^^^^^^^^^^^[0m
app:build: [34m  ‚ïµ[0m
app:build:     src/components/CartItem/CartItem.module.scss 6:19  root stylesheet
app:build: 
app:build: [33m[1mDeprecation Warning[0m [[34mlegacy-js-api[0m]: The legacy JS API is deprecated and will be removed in Dart Sass 2.0.0.
app:build: 
app:build: More info: https://sass-lang.com/d/legacy-js-api
app:build: 
app:build: [33m[1mDeprecation Warning[0m [[34mimport[0m]: Sass @import rules are deprecated and will be removed in Dart Sass 3.0.0.
app:build: 
app:build: More info and automated migrator: https://sass-lang.com/d/import
app:build: 
app:build: [34m  ‚ï∑[0m
app:build: [34m2 ‚îÇ[0m           @import [31m"@/styles/colors.scss"[0m;
app:build: [34m  ‚îÇ[0m [31m                  ^^^^^^^^^^^^^^^^^^^^^^[0m
app:build: [34m  ‚ïµ[0m
app:build:     src/components/Accreditation/Accreditation.module.scss 2:19  root stylesheet
app:build: 
app:build: [33m[1mDeprecation Warning[0m [[34mimport[0m]: Sass @import rules are deprecated and will be removed in Dart Sass 3.0.0.
app:build: 
app:build: More info and automated migrator: https://sass-lang.com/d/import
app:build: 
app:build: [34m  ‚ï∑[0m
app:build: [34m3 ‚îÇ[0m           @import [31m"@/styles/fonts.scss"[0m;
app:build: [34m  ‚îÇ[0m [31m                  ^^^^^^^^^^^^^^^^^^^^^[0m
app:build: [34m  ‚ïµ[0m
app:build:     src/components/Accreditation/Accreditation.module.scss 3:19  root stylesheet
app:build: 
app:build: [33m[1mDeprecation Warning[0m [[34mimport[0m]: Sass @import rules are deprecated and will be removed in Dart Sass 3.0.0.
app:build: 
app:build: More info and automated migrator: https://sass-lang.com/d/import
app:build: 
app:build: [34m  ‚ï∑[0m
app:build: [34m4 ‚îÇ[0m           @import [31m"@/styles/breakpoints.scss"[0m;
app:build: [34m  ‚îÇ[0m [31m                  ^^^^^^^^^^^^^^^^^^^^^^^^^^^[0m
app:build: [34m  ‚ïµ[0m
app:build:     src/components/Accreditation/Accreditation.module.scss 4:19  root stylesheet
app:build: 
app:build: [33m[1mDeprecation Warning[0m [[34mimport[0m]: Sass @import rules are deprecated and will be removed in Dart Sass 3.0.0.
app:build: 
app:build: More info and automated migrator: https://sass-lang.com/d/import
app:build: 
app:build: [34m  ‚ï∑[0m
app:build: [34m5 ‚îÇ[0m           @import [31m"@/styles/mixins.scss"[0m;
app:build: [34m  ‚îÇ[0m [31m                  ^^^^^^^^^^^^^^^^^^^^^^[0m
app:build: [34m  ‚ïµ[0m
app:build:     src/components/Accreditation/Accreditation.module.scss 5:19  root stylesheet
app:build: 
app:build: [33m[1mDeprecation Warning[0m [[34mimport[0m]: Sass @import rules are deprecated and will be removed in Dart Sass 3.0.0.
app:build: 
app:build: More info and automated migrator: https://sass-lang.com/d/import
app:build: 
app:build: [34m  ‚ï∑[0m
app:build: [34m6 ‚îÇ[0m           @import [31m"@/styles/consts.scss"[0m;
app:build: [34m  ‚îÇ[0m [31m                  ^^^^^^^^^^^^^^^^^^^^^^[0m
app:build: [34m  ‚ïµ[0m
app:build:     src/components/Accreditation/Accreditation.module.scss 6:19  root stylesheet
app:build: 
app:build: [33m[1mDeprecation Warning[0m [[34mlegacy-js-api[0m]: The legacy JS API is deprecated and will be removed in Dart Sass 2.0.0.
app:build: 
app:build: More info: https://sass-lang.com/d/legacy-js-api
app:build: 
app:build: [33m[1mDeprecation Warning[0m [[34mimport[0m]: Sass @import rules are deprecated and will be removed in Dart Sass 3.0.0.
app:build: 
app:build: More info and automated migrator: https://sass-lang.com/d/import
app:build: 
app:build: [34m  ‚ï∑[0m
app:build: [34m2 ‚îÇ[0m           @import [31m"@/styles/colors.scss"[0m;
app:build: [34m  ‚îÇ[0m [31m                  ^^^^^^^^^^^^^^^^^^^^^^[0m
app:build: [34m  ‚ïµ[0m
app:build:     src/components/TransactionItem/TransactionItem.module.scss 2:19  root stylesheet
app:build: 
app:build: [33m[1mDeprecation Warning[0m [[34mimport[0m]: Sass @import rules are deprecated and will be removed in Dart Sass 3.0.0.
app:build: 
app:build: More info and automated migrator: https://sass-lang.com/d/import
app:build: 
app:build: [34m  ‚ï∑[0m
app:build: [34m3 ‚îÇ[0m           @import [31m"@/styles/fonts.scss"[0m;
app:build: [34m  ‚îÇ[0m [31m                  ^^^^^^^^^^^^^^^^^^^^^[0m
app:build: [34m  ‚ïµ[0m
app:build:     src/components/TransactionItem/TransactionItem.module.scss 3:19  root stylesheet
app:build: 
app:build: [33m[1mDeprecation Warning[0m [[34mimport[0m]: Sass @import rules are deprecated and will be removed in Dart Sass 3.0.0.
app:build: 
app:build: More info and automated migrator: https://sass-lang.com/d/import
app:build: 
app:build: [34m  ‚ï∑[0m
app:build: [34m4 ‚îÇ[0m           @import [31m"@/styles/breakpoints.scss"[0m;
app:build: [34m  ‚îÇ[0m [31m                  ^^^^^^^^^^^^^^^^^^^^^^^^^^^[0m
app:build: [34m  ‚ïµ[0m
app:build:     src/components/TransactionItem/TransactionItem.module.scss 4:19  root stylesheet
app:build: 
app:build: [33m[1mDeprecation Warning[0m [[34mimport[0m]: Sass @import rules are deprecated and will be removed in Dart Sass 3.0.0.
app:build: 
app:build: More info and automated migrator: https://sass-lang.com/d/import
app:build: 
app:build: [34m  ‚ï∑[0m
app:build: [34m5 ‚îÇ[0m           @import [31m"@/styles/mixins.scss"[0m;
app:build: [34m  ‚îÇ[0m [31m                  ^^^^^^^^^^^^^^^^^^^^^^[0m
app:build: [34m  ‚ïµ[0m
app:build:     src/components/TransactionItem/TransactionItem.module.scss 5:19  root stylesheet
app:build: 
app:build: [33m[1mDeprecation Warning[0m [[34mimport[0m]: Sass @import rules are deprecated and will be removed in Dart Sass 3.0.0.
app:build: 
app:build: More info and automated migrator: https://sass-lang.com/d/import
app:build: 
app:build: [34m  ‚ï∑[0m
app:build: [34m6 ‚îÇ[0m           @import [31m"@/styles/consts.scss"[0m;
app:build: [34m  ‚îÇ[0m [31m                  ^^^^^^^^^^^^^^^^^^^^^^[0m
app:build: [34m  ‚ïµ[0m
app:build:     src/components/TransactionItem/TransactionItem.module.scss 6:19  root stylesheet
app:build: 
app:build: [2K[1Gtransforming (1161) [2msrc/components/AlertSection/AlertSection.tsx[22m[33m[1mDeprecation Warning[0m [[34mlegacy-js-api[0m]: The legacy JS API is deprecated and will be removed in Dart Sass 2.0.0.
app:build: 
app:build: More info: https://sass-lang.com/d/legacy-js-api
app:build: 
app:build: [33m[1mDeprecation Warning[0m [[34mimport[0m]: Sass @import rules are deprecated and will be removed in Dart Sass 3.0.0.
app:build: 
app:build: More info and automated migrator: https://sass-lang.com/d/import
app:build: 
app:build: [34m  ‚ï∑[0m
app:build: [34m2 ‚îÇ[0m           @import [31m"@/styles/colors.scss"[0m;
app:build: [34m  ‚îÇ[0m [31m                  ^^^^^^^^^^^^^^^^^^^^^^[0m
app:build: [34m  ‚ïµ[0m
app:build:     src/components/AlertSection/AlertSection.module.scss 2:19  root stylesheet
app:build: 
app:build: [33m[1mDeprecation Warning[0m [[34mimport[0m]: Sass @import rules are deprecated and will be removed in Dart Sass 3.0.0.
app:build: 
app:build: More info and automated migrator: https://sass-lang.com/d/import
app:build: 
app:build: [34m  ‚ï∑[0m
app:build: [34m3 ‚îÇ[0m           @import [31m"@/styles/fonts.scss"[0m;
app:build: [34m  ‚îÇ[0m [31m                  ^^^^^^^^^^^^^^^^^^^^^[0m
app:build: [34m  ‚ïµ[0m
app:build:     src/components/AlertSection/AlertSection.module.scss 3:19  root stylesheet
app:build: 
app:build: [33m[1mDeprecation Warning[0m [[34mimport[0m]: Sass @import rules are deprecated and will be removed in Dart Sass 3.0.0.
app:build: 
app:build: More info and automated migrator: https://sass-lang.com/d/import
app:build: 
app:build: [34m  ‚ï∑[0m
app:build: [34m4 ‚îÇ[0m           @import [31m"@/styles/breakpoints.scss"[0m;
app:build: [34m  ‚îÇ[0m [31m                  ^^^^^^^^^^^^^^^^^^^^^^^^^^^[0m
app:build: [34m  ‚ïµ[0m
app:build:     src/components/AlertSection/AlertSection.module.scss 4:19  root stylesheet
app:build: 
app:build: [33m[1mDeprecation Warning[0m [[34mimport[0m]: Sass @import rules are deprecated and will be removed in Dart Sass 3.0.0.
app:build: 
app:build: More info and automated migrator: https://sass-lang.com/d/import
app:build: 
app:build: [34m  ‚ï∑[0m
app:build: [34m5 ‚îÇ[0m           @import [31m"@/styles/mixins.scss"[0m;
app:build: [34m  ‚îÇ[0m [31m                  ^^^^^^^^^^^^^^^^^^^^^^[0m
app:build: [34m  ‚ïµ[0m
app:build:     src/components/AlertSection/AlertSection.module.scss 5:19  root stylesheet
app:build: 
app:build: [33m[1mDeprecation Warning[0m [[34mimport[0m]: Sass @import rules are deprecated and will be removed in Dart Sass 3.0.0.
app:build: 
app:build: More info and automated migrator: https://sass-lang.com/d/import
app:build: 
app:build: [34m  ‚ï∑[0m
app:build: [34m6 ‚îÇ[0m           @import [31m"@/styles/consts.scss"[0m;
app:build: [34m  ‚îÇ[0m [31m                  ^^^^^^^^^^^^^^^^^^^^^^[0m
app:build: [34m  ‚ïµ[0m
app:build:     src/components/AlertSection/AlertSection.module.scss 6:19  root stylesheet
app:build: 
app:build: [2K[1Gtransforming (1182) [2msrc/assets/icons/warn.svg[22m[33m[1mDeprecation Warning[0m [[34mlegacy-js-api[0m]: The legacy JS API is deprecated and will be removed in Dart Sass 2.0.0.
app:build: 
app:build: More info: https://sass-lang.com/d/legacy-js-api
app:build: 
app:build: [33m[1mDeprecation Warning[0m [[34mimport[0m]: Sass @import rules are deprecated and will be removed in Dart Sass 3.0.0.
app:build: 
app:build: More info and automated migrator: https://sass-lang.com/d/import
app:build: 
app:build: [34m  ‚ï∑[0m
app:build: [34m2 ‚îÇ[0m           @import [31m"@/styles/colors.scss"[0m;
app:build: [34m  ‚îÇ[0m [31m                  ^^^^^^^^^^^^^^^^^^^^^^[0m
app:build: [34m  ‚ïµ[0m
app:build:     src/components/RecieptText/RecieptText.module.scss 2:19  root stylesheet
app:build: 
app:build: [33m[1mDeprecation Warning[0m [[34mimport[0m]: Sass @import rules are deprecated and will be removed in Dart Sass 3.0.0.
app:build: 
app:build: More info and automated migrator: https://sass-lang.com/d/import
app:build: 
app:build: [34m  ‚ï∑[0m
app:build: [34m3 ‚îÇ[0m           @import [31m"@/styles/fonts.scss"[0m;
app:build: [34m  ‚îÇ[0m [31m                  ^^^^^^^^^^^^^^^^^^^^^[0m
app:build: [34m  ‚ïµ[0m
app:build:     src/components/RecieptText/RecieptText.module.scss 3:19  root stylesheet
app:build: 
app:build: [33m[1mDeprecation Warning[0m [[34mimport[0m]: Sass @import rules are deprecated and will be removed in Dart Sass 3.0.0.
app:build: 
app:build: More info and automated migrator: https://sass-lang.com/d/import
app:build: 
app:build: [34m  ‚ï∑[0m
app:build: [34m4 ‚îÇ[0m           @import [31m"@/styles/breakpoints.scss"[0m;
app:build: [34m  ‚îÇ[0m [31m                  ^^^^^^^^^^^^^^^^^^^^^^^^^^^[0m
app:build: [34m  ‚ïµ[0m
app:build:     src/components/RecieptText/RecieptText.module.scss 4:19  root stylesheet
app:build: 
app:build: [33m[1mDeprecation Warning[0m [[34mimport[0m]: Sass @import rules are deprecated and will be removed in Dart Sass 3.0.0.
app:build: 
app:build: More info and automated migrator: https://sass-lang.com/d/import
app:build: 
app:build: [34m  ‚ï∑[0m
app:build: [34m5 ‚îÇ[0m           @import [31m"@/styles/mixins.scss"[0m;
app:build: [34m  ‚îÇ[0m [31m                  ^^^^^^^^^^^^^^^^^^^^^^[0m
app:build: [34m  ‚ïµ[0m
app:build:     src/components/RecieptText/RecieptText.module.scss 5:19  root stylesheet
app:build: 
app:build: [33m[1mDeprecation Warning[0m [[34mimport[0m]: Sass @import rules are deprecated and will be removed in Dart Sass 3.0.0.
app:build: 
app:build: More info and automated migrator: https://sass-lang.com/d/import
app:build: 
app:build: [34m  ‚ï∑[0m
app:build: [34m6 ‚îÇ[0m           @import [31m"@/styles/consts.scss"[0m;
app:build: [34m  ‚îÇ[0m [31m                  ^^^^^^^^^^^^^^^^^^^^^^[0m
app:build: [34m  ‚ïµ[0m
app:build:     src/components/RecieptText/RecieptText.module.scss 6:19  root stylesheet
app:build: 
app:build: [33m[1mDeprecation Warning[0m [[34mlegacy-js-api[0m]: The legacy JS API is deprecated and will be removed in Dart Sass 2.0.0.
app:build: 
app:build: More info: https://sass-lang.com/d/legacy-js-api
app:build: 
app:build: [33m[1mDeprecation Warning[0m [[34mimport[0m]: Sass @import rules are deprecated and will be removed in Dart Sass 3.0.0.
app:build: 
app:build: More info and automated migrator: https://sass-lang.com/d/import
app:build: 
app:build: [34m  ‚ï∑[0m
app:build: [34m2 ‚îÇ[0m           @import [31m"@/styles/colors.scss"[0m;
app:build: [34m  ‚îÇ[0m [31m                  ^^^^^^^^^^^^^^^^^^^^^^[0m
app:build: [34m  ‚ïµ[0m
app:build:     src/pages/ShoppingPage/popups/TransactionPopup/TransactionPopup.module.scss 2:19  root stylesheet
app:build: 
app:build: [33m[1mDeprecation Warning[0m [[34mimport[0m]: Sass @import rules are deprecated and will be removed in Dart Sass 3.0.0.
app:build: 
app:build: More info and automated migrator: https://sass-lang.com/d/import
app:build: 
app:build: [34m  ‚ï∑[0m
app:build: [34m3 ‚îÇ[0m           @import [31m"@/styles/fonts.scss"[0m;
app:build: [34m  ‚îÇ[0m [31m                  ^^^^^^^^^^^^^^^^^^^^^[0m
app:build: [34m  ‚ïµ[0m
app:build:     src/pages/ShoppingPage/popups/TransactionPopup/TransactionPopup.module.scss 3:19  root stylesheet
app:build: 
app:build: [33m[1mDeprecation Warning[0m [[34mimport[0m]: Sass @import rules are deprecated and will be removed in Dart Sass 3.0.0.
app:build: 
app:build: More info and automated migrator: https://sass-lang.com/d/import
app:build: 
app:build: [34m  ‚ï∑[0m
app:build: [34m4 ‚îÇ[0m           @import [31m"@/styles/breakpoints.scss"[0m;
app:build: [34m  ‚îÇ[0m [31m                  ^^^^^^^^^^^^^^^^^^^^^^^^^^^[0m
app:build: [34m  ‚ïµ[0m
app:build:     src/pages/ShoppingPage/popups/TransactionPopup/TransactionPopup.module.scss 4:19  root stylesheet
app:build: 
app:build: [33m[1mDeprecation Warning[0m [[34mimport[0m]: Sass @import rules are deprecated and will be removed in Dart Sass 3.0.0.
app:build: 
app:build: More info and automated migrator: https://sass-lang.com/d/import
app:build: 
app:build: [34m  ‚ï∑[0m
app:build: [34m5 ‚îÇ[0m           @import [31m"@/styles/mixins.scss"[0m;
app:build: [34m  ‚îÇ[0m [31m                  ^^^^^^^^^^^^^^^^^^^^^^[0m
app:build: [34m  ‚ïµ[0m
app:build:     src/pages/ShoppingPage/popups/TransactionPopup/TransactionPopup.module.scss 5:19  root stylesheet
app:build: 
app:build: [33m[1mDeprecation Warning[0m [[34mimport[0m]: Sass @import rules are deprecated and will be removed in Dart Sass 3.0.0.
app:build: 
app:build: More info and automated migrator: https://sass-lang.com/d/import
app:build: 
app:build: [34m  ‚ï∑[0m
app:build: [34m6 ‚îÇ[0m           @import [31m"@/styles/consts.scss"[0m;
app:build: [34m  ‚îÇ[0m [31m                  ^^^^^^^^^^^^^^^^^^^^^^[0m
app:build: [34m  ‚ïµ[0m
app:build:     src/pages/ShoppingPage/popups/TransactionPopup/TransactionPopup.module.scss 6:19  root stylesheet
app:build: 
app:build: [2K[1Gtransforming (1198) [2msrc/components/AlertSection/AlertSection.module.scss[22m[2K[1G[2K[1G[2K[1G[2K[1G[2K[1G[2K[1G[32m‚úì[39m 1201 modules transformed.
app:build: [2K[1Grendering chunks (1)...[2K[1G[2K[1Gcomputing gzip size (0)...[2K[1Gcomputing gzip size (1)...[2K[1Gcomputing gzip size (2)...[2K[1Gcomputing gzip size (3)...[2K[1Gcomputing gzip size (4)...[2K[1Gcomputing gzip size (5)...[2K[1Gcomputing gzip size (6)...[2K[1Gcomputing gzip size (7)...[2K[1Gcomputing gzip size (8)...[2K[1Gcomputing gzip size (9)...[2K[1Gcomputing gzip size (10)...[2K[1Gcomputing gzip size (11)...[2K[1G[2mdist/[22m[32mindex.html                                          [39m[1m[2m     0.54 kB[22m[1m[22m[2m ‚îÇ gzip:      0.34 kB[22m
app:build: [2mdist/[22m[2massets/[22m[32mbasketball-zCSSzf_R.png                      [39m[1m[2m     4.21 kB[22m[1m[22m
app:build: [2mdist/[22m[2massets/[22m[32mripped-papper-mobile-pMqDUWbg.png            [39m[1m[2m     4.31 kB[22m[1m[22m
app:build: [2mdist/[22m[2massets/[22m[32mcats-D364zJKS.png                            [39m[1m[2m     4.47 kB[22m[1m[22m
app:build: [2mdist/[22m[2massets/[22m[32msunflower-CJegGtHD.png                       [39m[1m[2m     5.14 kB[22m[1m[22m
app:build: [2mdist/[22m[2massets/[22m[32mripped-paper-DKqd4sW_.png                    [39m[1m[2m     5.21 kB[22m[1m[22m
app:build: [2mdist/[22m[2massets/[22m[32mscarf-jbFnB6xt.png                           [39m[1m[2m     5.80 kB[22m[1m[22m
app:build: [2mdist/[22m[2massets/[22m[32mcrying-Cezd4vVU.png                          [39m[1m[2m     5.82 kB[22m[1m[22m
app:build: [2mdist/[22m[2massets/[22m[32mtattoo-DqA48GG6.png                          [39m[1m[2m     5.83 kB[22m[1m[22m
app:build: [2mdist/[22m[2massets/[22m[32mnose_ring-COG95ylG.png                       [39m[1m[2m     5.85 kB[22m[1m[22m
app:build: [2mdist/[22m[2massets/[22m[32mmole-D1YPvJe7.png                            [39m[1m[2m     5.86 kB[22m[1m[22m
app:build: [2mdist/[22m[2massets/[22m[32mmustache-BpA1PKhe.png                        [39m[1m[2m     6.29 kB[22m[1m[22m
app:build: [2mdist/[22m[2massets/[22m[32mangry-BgAzTcIi.png                           [39m[1m[2m     6.35 kB[22m[1m[22m
app:build: [2mdist/[22m[2massets/[22m[32mlogo-BZ3XjxD8.svg                            [39m[1m[2m     6.38 kB[22m[1m[22m[2m ‚îÇ gzip:      2.61 kB[22m
app:build: [2mdist/[22m[2massets/[22m[32mdump-days-logo-DzFrRwlg.svg                  [39m[1m[2m     6.38 kB[22m[1m[22m[2m ‚îÇ gzip:      2.60 kB[22m
app:build: [2mdist/[22m[2massets/[22m[32meyelashes-oorWlzuy.png                       [39m[1m[2m     6.38 kB[22m[1m[22m
app:build: [2mdist/[22m[2massets/[22m[32mfesb-pozadina-desktop-YGC1OTtI.png           [39m[1m[2m     8.86 kB[22m[1m[22m
app:build: [2mdist/[22m[2massets/[22m[32mgold-medal-e2r5ZKzg.png                      [39m[1m[2m     8.94 kB[22m[1m[22m
app:build: [2mdist/[22m[2massets/[22m[32mnose_ring-CPGLQSv0.png                       [39m[1m[2m     8.98 kB[22m[1m[22m
app:build: [2mdist/[22m[2massets/[22m[32mflower-CX-d5xZT.png                          [39m[1m[2m     9.29 kB[22m[1m[22m
app:build: [2mdist/[22m[2massets/[22m[32menterCodeIcon-BZwUhn8E.png                   [39m[1m[2m     9.97 kB[22m[1m[22m
app:build: [2mdist/[22m[2massets/[22m[32mcrown-xQPGOcHx.png                           [39m[1m[2m    10.39 kB[22m[1m[22m
app:build: [2mdist/[22m[2massets/[22m[32msunglasses-Bk7OHEuT.png                      [39m[1m[2m    10.44 kB[22m[1m[22m
app:build: [2mdist/[22m[2massets/[22m[32msad-emoji-CQM3KvAa.png                       [39m[1m[2m    12.10 kB[22m[1m[22m
app:build: [2mdist/[22m[2massets/[22m[32mwarn-B9ML7c0C.svg                            [39m[1m[2m    12.56 kB[22m[1m[22m[2m ‚îÇ gzip:      9.34 kB[22m
app:build: [2mdist/[22m[2massets/[22m[32mcoffee-mug-9_VjuHeS.png                      [39m[1m[2m    13.08 kB[22m[1m[22m
app:build: [2mdist/[22m[2massets/[22m[32msilver-medal-BJxQeaRv.png                    [39m[1m[2m    14.28 kB[22m[1m[22m
app:build: [2mdist/[22m[2massets/[22m[32msunflower-CW7lNSAx.png                       [39m[1m[2m    14.29 kB[22m[1m[22m
app:build: [2mdist/[22m[2massets/[22m[32mplaceholder-CRDsqZ-q.png                     [39m[1m[2m    14.98 kB[22m[1m[22m
app:build: [2mdist/[22m[2massets/[22m[32mheadphones-BzalvgrN.png                      [39m[1m[2m    16.04 kB[22m[1m[22m
app:build: [2mdist/[22m[2massets/[22m[32msprite-BCCIN8jy.svg                          [39m[1m[2m    16.74 kB[22m[1m[22m[2m ‚îÇ gzip:      3.39 kB[22m
app:build: [2mdist/[22m[2massets/[22m[32mt-shirt-pqwtCZXw.png                         [39m[1m[2m    17.44 kB[22m[1m[22m
app:build: [2mdist/[22m[2massets/[22m[32mmacbook-CZ-49qfK.png                         [39m[1m[2m    17.84 kB[22m[1m[22m
app:build: [2mdist/[22m[2massets/[22m[32mtemp-avatar-CJcFyzdx.png                     [39m[1m[2m    18.30 kB[22m[1m[22m
app:build: [2mdist/[22m[2massets/[22m[32mgamerica-M4TifaLk.png                        [39m[1m[2m    19.25 kB[22m[1m[22m
app:build: [2mdist/[22m[2massets/[22m[32mninja-B6hcgBA5.png                           [39m[1m[2m    19.39 kB[22m[1m[22m
app:build: [2mdist/[22m[2massets/[22m[32mberet-CErjuvCl.png                           [39m[1m[2m    19.81 kB[22m[1m[22m
app:build: [2mdist/[22m[2massets/[22m[32mchain-DQow6Lwn.png                           [39m[1m[2m    20.86 kB[22m[1m[22m
app:build: [2mdist/[22m[2massets/[22m[32mprogramerka-BNJoFrnC.png                     [39m[1m[2m    20.94 kB[22m[1m[22m
app:build: [2mdist/[22m[2massets/[22m[32mbronze-medal-CjMx8C5S.png                    [39m[1m[2m    21.37 kB[22m[1m[22m
app:build: [2mdist/[22m[2massets/[22m[32mdesignerica-wVs_Bbk7.png                     [39m[1m[2m    21.43 kB[22m[1m[22m
app:build: [2mdist/[22m[2massets/[22m[32mmarketing-DH8PdzmU.png                       [39m[1m[2m    21.52 kB[22m[1m[22m
app:build: [2mdist/[22m[2massets/[22m[32mpoduzetnica-DrXH48oE.png                     [39m[1m[2m    22.14 kB[22m[1m[22m
app:build: [2mdist/[22m[2massets/[22m[32mmole-B_T6CKlL.png                            [39m[1m[2m    22.17 kB[22m[1m[22m
app:build: [2mdist/[22m[2massets/[22m[32mmultimedijasica-C6AmWTt_.png                 [39m[1m[2m    23.09 kB[22m[1m[22m
app:build: [2mdist/[22m[2massets/[22m[32maccreditation-ripped-paper-Dn2Ms94p.png      [39m[1m[2m    29.37 kB[22m[1m[22m
app:build: [2mdist/[22m[2massets/[22m[32mangel-Du_7MeXk.png                           [39m[1m[2m    32.17 kB[22m[1m[22m
app:build: [2mdist/[22m[2massets/[22m[32mduck-BiJyz3GA.png                            [39m[1m[2m    34.74 kB[22m[1m[22m
app:build: [2mdist/[22m[2massets/[22m[32mduck-goodbye-BwtDPfJv.png                    [39m[1m[2m    35.70 kB[22m[1m[22m
app:build: [2mdist/[22m[2massets/[22m[32mmustache-DvHSS1G6.png                        [39m[1m[2m    35.76 kB[22m[1m[22m
app:build: [2mdist/[22m[2massets/[22m[32mgray-DTRMmHN4.png                            [39m[1m[2m    37.11 kB[22m[1m[22m
app:build: [2mdist/[22m[2massets/[22m[32mdumbell-D3ubZxud.png                         [39m[1m[2m    37.18 kB[22m[1m[22m
app:build: [2mdist/[22m[2massets/[22m[32mbadge-silver-BKUToAuj.png                    [39m[1m[2m    37.25 kB[22m[1m[22m
app:build: [2mdist/[22m[2massets/[22m[32mduck-cool-BY-z73nL.png                       [39m[1m[2m    38.80 kB[22m[1m[22m
app:build: [2mdist/[22m[2massets/[22m[32mbrown-C1M2Gbpi.png                           [39m[1m[2m    40.26 kB[22m[1m[22m
app:build: [2mdist/[22m[2massets/[22m[32mconfirm-email-slavicia-desktop-BkjA5wPy.png  [39m[1m[2m    43.27 kB[22m[1m[22m
app:build: [2mdist/[22m[2massets/[22m[32morange-8aHFnmnJ.png                          [39m[1m[2m    44.77 kB[22m[1m[22m
app:build: [2mdist/[22m[2massets/[22m[32mbasketball-DQe-Y1Pf.png                      [39m[1m[2m    45.29 kB[22m[1m[22m
app:build: [2mdist/[22m[2massets/[22m[32mscarf-RV0H7ozz.png                           [39m[1m[2m    45.73 kB[22m[1m[22m
app:build: [2mdist/[22m[2massets/[22m[32mgreen-C9w4ADto.png                           [39m[1m[2m    46.48 kB[22m[1m[22m
app:build: [2mdist/[22m[2massets/[22m[32mbadge-bronze-CrHUvGPA.png                    [39m[1m[2m    49.62 kB[22m[1m[22m
app:build: [2mdist/[22m[2massets/[22m[32mpurple-DR25E-3V.png                          [39m[1m[2m    50.08 kB[22m[1m[22m
app:build: [2mdist/[22m[2massets/[22m[32mred-fz65dQqq.png                             [39m[1m[2m    50.15 kB[22m[1m[22m
app:build: [2mdist/[22m[2massets/[22m[32mPPNeueMachina-PlainMedium-BQW-WYnX.woff2     [39m[1m[2m    50.19 kB[22m[1m[22m
app:build: [2mdist/[22m[2massets/[22m[32mblue-CXT3I1ia.png                            [39m[1m[2m    50.80 kB[22m[1m[22m
app:build: [2mdist/[22m[2massets/[22m[32mcats-1sr-4Y1g.png                            [39m[1m[2m    51.41 kB[22m[1m[22m
app:build: [2mdist/[22m[2massets/[22m[32mbadge-gold-DLuH65mH.png                      [39m[1m[2m    53.80 kB[22m[1m[22m
app:build: [2mdist/[22m[2massets/[22m[32mLucida_Sans_Typewriter_Regular-DcV1UizE.ttf  [39m[1m[2m    55.98 kB[22m[1m[22m
app:build: [2mdist/[22m[2massets/[22m[32mdefault-BWzUjWAA.png                         [39m[1m[2m    60.67 kB[22m[1m[22m
app:build: [2mdist/[22m[2massets/[22m[32mduck-shop-welcome-CFFLA4sq.png               [39m[1m[2m    61.07 kB[22m[1m[22m
app:build: [2mdist/[22m[2massets/[22m[32mduck-image-desktop-Cndh9_q1.png              [39m[1m[2m    70.93 kB[22m[1m[22m
app:build: [2mdist/[22m[2massets/[22m[32mPPNeueMontrealMono-Medium-FDf26RJi.woff2     [39m[1m[2m    72.52 kB[22m[1m[22m
app:build: [2mdist/[22m[2massets/[22m[32mtShirtIcon-BVGORTaE.png                      [39m[1m[2m    82.97 kB[22m[1m[22m
app:build: [2mdist/[22m[2massets/[22m[32maccreditationIcon-B7D868Lp.png               [39m[1m[2m    90.44 kB[22m[1m[22m
app:build: [2mdist/[22m[2massets/[22m[32mtransactions-icon-0PC35Ah2.svg               [39m[1m[2m    95.46 kB[22m[1m[22m[2m ‚îÇ gzip:     70.32 kB[22m
app:build: [2mdist/[22m[2massets/[22m[32mduck-empty-sign-DLHU1-qn.png                 [39m[1m[2m    97.09 kB[22m[1m[22m
app:build: [2mdist/[22m[2massets/[22m[32mconfirm-email-slavica-mobile-BYjgwFoQ.png    [39m[1m[2m   106.16 kB[22m[1m[22m
app:build: [2mdist/[22m[2massets/[22m[32mmagla-BbmLbYJ_.png                           [39m[1m[2m   114.54 kB[22m[1m[22m
app:build: [2mdist/[22m[2massets/[22m[32mInter_18pt-Regular-CIgEDuSg.woff2            [39m[1m[2m   116.17 kB[22m[1m[22m
app:build: [2mdist/[22m[2massets/[22m[32mInter_18pt-Bold-BfpcrGOA.woff2               [39m[1m[2m   118.81 kB[22m[1m[22m
app:build: [2mdist/[22m[2massets/[22m[32mInter_18pt-SemiBold-C4vMYQNj.woff2           [39m[1m[2m   118.90 kB[22m[1m[22m
app:build: [2mdist/[22m[2massets/[22m[32mpodium-BjTg_PBx.png                          [39m[1m[2m   138.25 kB[22m[1m[22m
app:build: [2mdist/[22m[2massets/[22m[32mcrumbled-paper-texture-DvMpQefM.png          [39m[1m[2m   199.47 kB[22m[1m[22m
app:build: [2mdist/[22m[2massets/[22m[32mshopping-cart-icon-CtTeaJ0H.svg              [39m[1m[2m   211.14 kB[22m[1m[22m[2m ‚îÇ gzip:    157.14 kB[22m
app:build: [2mdist/[22m[2massets/[22m[32mnew-level-badge-olSmohMq.png                 [39m[1m[2m   224.23 kB[22m[1m[22m
app:build: [2mdist/[22m[2massets/[22m[32mfloor-plan-base-hb9cgkgZ.svg                 [39m[1m[2m   317.20 kB[22m[1m[22m[2m ‚îÇ gzip:    182.19 kB[22m
app:build: [2mdist/[22m[2massets/[22m[32mduck-fly-talks-confirmation-C8rdpPlq.png     [39m[1m[2m   524.27 kB[22m[1m[22m
app:build: [2mdist/[22m[2massets/[22m[32mfesb-BQVUhKKK.png                            [39m[1m[2m   583.39 kB[22m[1m[22m
app:build: [2mdist/[22m[2massets/[22m[32maccreditaion-paper-texture-BRYrOHaK.png      [39m[1m[2m   668.13 kB[22m[1m[22m
app:build: [2mdist/[22m[2massets/[22m[32mfly-talks-duck-DikXjLr1.png                  [39m[1m[2m   728.73 kB[22m[1m[22m
app:build: [2mdist/[22m[2massets/[22m[32mnft-DmrlVWH3.png                             [39m[1m[2m   732.97 kB[22m[1m[22m
app:build: [2mdist/[22m[2massets/[22m[32mleaderboard-duck-DlKQBlU-.png                [39m[1m[2m 1,071.29 kB[22m[1m[22m
app:build: [2mdist/[22m[2massets/[22m[32maccreditation-terminal-D-dXI5AJ.png          [39m[1m[2m 1,189.34 kB[22m[1m[22m
app:build: [2mdist/[22m[2massets/[22m[32minfo-light-cNwHx4Qo.svg                      [39m[1m[2m34,146.30 kB[22m[1m[22m[2m ‚îÇ gzip: 25,708.28 kB[22m
app:build: [2mdist/[22m[2massets/[22m[35mindex-GsVr-K23.css                           [39m[1m[2m   438.07 kB[22m[1m[22m[2m ‚îÇ gzip:     35.06 kB[22m
app:build: [2mdist/[22m[2massets/[22m[36mindex-CpQEUZWC.js                            [39m[1m[33m 1,027.32 kB[39m[22m[2m ‚îÇ gzip:    346.67 kB[22m
app:build: [33m
app:build: (!) Some chunks are larger than 500 kB after minification. Consider:
app:build: - Using dynamic import() to code-split the application
app:build: - Use build.rollupOptions.output.manualChunks to improve chunking: https://rollupjs.org/configuration-options/#output-manualchunks
app:build: - Adjust chunk size limit for this warning via build.chunkSizeWarningLimit.[39m
app:build: [32m‚úì built in 6.31s[39m
app:build: [2K[1GDone in 17.43s.
sponsor:build: src/formSteps/BoothPlan/BoothPlan.tsx(14,10): error TS6133: 'displayErrors' is declared but its value is never read.
sponsor:build: src/formSteps/BoothPlan/BoothPlan.tsx(14,25): error TS6133: 'setDisplayErrors' is declared but its value is never read.
sponsor:build: error Command failed with exit code 2.
sponsor:build: info Visit https://yarnpkg.com/en/docs/cli/run for documentation about this command.
sponsor:build: ERROR: command finished with error: command (/home/lukazuljevic/DUMP/ddays-app/apps/sponsor) /tmp/yarn--1766437896018-0.5086249360574051/yarn run build exited (2)
sponsor#build: command (/home/lukazuljevic/DUMP/ddays-app/apps/sponsor) /tmp/yarn--1766437896018-0.5086249360574051/yarn run build exited (2)

 Tasks:    5 successful, 7 total
Cached:    5 cached, 7 total
  Time:    3.417s 
Failed:    sponsor#build

 ERROR  run failed: command  exited (2)
error Command failed with exit code 2.
info Visit https://yarnpkg.com/en/docs/cli/run for documentation about this command.
